2026-07-22T23:03:45Z PAPER: OK pid=69635
2026-07-22T23:03:45Z VEILLE: OK pid=2129
2026-07-22T23:03:45Z DIGEST_LATEST age=45s
2026-07-22T23:03:45Z PAPER_STATE PAPER_V1_20260722_211648_state.json age=79s
2026-07-22T23:03:45Z CHECK_DONE
2026-07-22T23:34:58Z PAPER: OK pid=69635
2026-07-22T23:34:58Z VEILLE: OK pid=2129
2026-07-22T23:34:58Z DIGEST_LATEST age=102s
2026-07-22T23:34:58Z PAPER_STATE PAPER_V1_20260722_211648_state.json age=115s
2026-07-22T23:34:58Z CHECK_DONE
2026-07-23T00:04:55Z PAPER: OK pid=69635
2026-07-23T00:04:55Z VEILLE: OK pid=2129
2026-07-23T00:04:55Z DIGEST_LATEST age=97s
2026-07-23T00:04:55Z PAPER_STATE PAPER_V1_20260722_211648_state.json age=94s
2026-07-23T00:04:55Z CHECK_DONE
2026-07-23T00:35:04Z PAPER: OK pid=69635
2026-07-23T00:35:04Z VEILLE: OK pid=2129
2026-07-23T00:35:04Z DIGEST_LATEST age=219s
2026-07-23T00:35:04Z PAPER_STATE PAPER_V1_20260722_211648_state.json age=104s
2026-07-23T00:35:04Z CHECK_DONE
2026-07-23T01:05:03Z PAPER: OK pid=69635
2026-07-23T01:05:03Z VEILLE: OK pid=2129
2026-07-23T01:05:03Z DIGEST_LATEST age=158s
2026-07-23T01:05:03Z PAPER_STATE PAPER_V1_20260722_211648_state.json age=31s
2026-07-23T01:05:03Z CHECK_DONE
2026-07-23T01:34:55Z PAPER: OK pid=69635
2026-07-23T01:34:55Z VEILLE: OK pid=2129
2026-07-23T01:34:55Z DIGEST_LATEST age=109s
2026-07-23T01:34:56Z PAPER_STATE PAPER_V1_20260722_211648_state.json age=130s
2026-07-23T01:34:56Z CHECK_DONE
2026-07-23T02:04:35Z PAPER: OK pid=69635
2026-07-23T02:04:35Z VEILLE: OK pid=2129
2026-07-23T02:04:35Z DIGEST_LATEST age=101s
2026-07-23T02:04:35Z PAPER_STATE PAPER_V1_20260722_211648_state.json age=94s
2026-07-23T02:04:35Z CHECK_DONE
2026-07-23T02:34:36Z PAPER: OK pid=69635
2026-07-23T02:34:36Z VEILLE: OK pid=2129
2026-07-23T02:34:36Z DIGEST_LATEST age=16s
2026-07-23T02:34:36Z PAPER_STATE PAPER_V1_20260722_211648_state.json age=116s
2026-07-23T02:34:36Z CHECK_DONE
2026-07-23T03:04:34Z PAPER: OK pid=69635
2026-07-23T03:04:34Z VEILLE: OK pid=2129
2026-07-23T03:04:34Z DIGEST_LATEST age=143s
2026-07-23T03:04:34Z PAPER_STATE PAPER_V1_20260722_211648_state.json age=134s
2026-07-23T03:04:34Z CHECK_DONE
2026-07-23T03:34:37Z PAPER: OK pid=69635
2026-07-23T03:34:37Z VEILLE: OK pid=2129
2026-07-23T03:34:37Z DIGEST_LATEST age=172s
2026-07-23T03:34:37Z PAPER_STATE PAPER_V1_20260722_211648_state.json age=153s
2026-07-23T03:34:37Z CHECK_DONE
2026-07-23T04:04:34Z PAPER: OK pid=69635
2026-07-23T04:04:34Z VEILLE: OK pid=2129
2026-07-23T04:04:34Z DIGEST_LATEST age=139s
2026-07-23T04:04:34Z PAPER_STATE PAPER_V1_20260722_211648_state.json age=110s
2026-07-23T04:04:34Z CHECK_DONE
2026-07-23T04:34:35Z PAPER: OK pid=69635
2026-07-23T04:34:35Z VEILLE: OK pid=2129
2026-07-23T04:34:35Z DIGEST_LATEST age=93s
2026-07-23T04:34:35Z PAPER_STATE PAPER_V1_20260722_211648_state.json age=1s
2026-07-23T04:34:35Z CHECK_DONE
2026-07-23T05:04:34Z PAPER: OK pid=69635
2026-07-23T05:04:35Z VEILLE: OK pid=2129
2026-07-23T05:04:35Z DIGEST_LATEST age=163s
2026-07-23T05:04:35Z PAPER_STATE PAPER_V1_20260722_211648_state.json age=120s
2026-07-23T05:04:35Z CHECK_DONE
2026-07-23T05:34:34Z PAPER: OK pid=69635
2026-07-23T05:34:34Z VEILLE: OK pid=2129
2026-07-23T05:34:34Z DIGEST_LATEST age=8s
2026-07-23T05:34:34Z PAPER_STATE PAPER_V1_20260722_211648_state.json age=162s
2026-07-23T05:34:34Z CHECK_DONE
2026-07-23T06:04:34Z PAPER: OK pid=69635
2026-07-23T06:04:34Z VEILLE: OK pid=2129
2026-07-23T06:04:34Z DIGEST_LATEST age=88s
2026-07-23T06:04:34Z PAPER_STATE PAPER_V1_20260722_211648_state.json age=38s
2026-07-23T06:04:34Z CHECK_DONE
2026-07-23T06:11:26Z PAPER: OK pid=69635
2026-07-23T06:11:26Z VEILLE: OK pid=2129
2026-07-23T06:11:26Z DIGEST_LATEST age=76s
2026-07-23T06:11:26Z PAPER_STATE PAPER_V1_20260722_211648_state.json age=5s
2026-07-23T06:11:26Z CHECK_DONE
2026-07-23T06:18:52Z PAPER: OK pid=69635
2026-07-23T06:18:52Z VEILLE: OK pid=2129
2026-07-23T06:18:52Z DIGEST_LATEST age=193s
2026-07-23T06:18:52Z PAPER_STATE PAPER_V1_20260722_211648_state.json age=187s
2026-07-23T06:18:52Z CHECK_DONE
2026-07-23T06:34:36Z PAPER: OK pid=69635
2026-07-23T06:34:36Z VEILLE: OK pid=2129
2026-07-23T06:34:36Z DIGEST_LATEST age=144s
2026-07-23T06:34:36Z PAPER_STATE PAPER_V1_20260722_211648_state.json age=206s
2026-07-23T06:34:36Z CHECK_DONE
2026-07-23T07:04:40Z PAPER: OK pid=69635
2026-07-23T07:04:40Z VEILLE: OK pid=2129
2026-07-23T07:04:40Z DIGEST_LATEST age=223s
2026-07-23T07:04:40Z PAPER_STATE PAPER_V1_20260722_211648_state.json age=19s
2026-07-23T07:04:40Z CHECK_DONE
2026-07-23T07:34:42Z PAPER: OK pid=69635
2026-07-23T07:34:42Z VEILLE: OK pid=2129
2026-07-23T07:34:42Z DIGEST_LATEST age=7s
2026-07-23T07:34:42Z PAPER_STATE PAPER_V1_20260722_211648_state.json age=111s
2026-07-23T07:34:42Z CHECK_DONE
2026-07-23T08:04:42Z PAPER: OK pid=69635
2026-07-23T08:04:42Z VEILLE: OK pid=2129
2026-07-23T08:04:42Z DIGEST_LATEST age=14s
2026-07-23T08:04:42Z PAPER_STATE PAPER_V1_20260722_211648_state.json age=133s
2026-07-23T08:04:42Z CHECK_DONE
2026-07-23T08:34:43Z PAPER: OK pid=69635
2026-07-23T08:34:43Z VEILLE: OK pid=2129
2026-07-23T08:34:43Z DIGEST_LATEST age=86s
2026-07-23T08:34:43Z PAPER_STATE PAPER_V1_20260722_211648_state.json age=101s
2026-07-23T08:34:43Z CHECK_DONE
2026-07-23T09:04:43Z PAPER: OK pid=69635
2026-07-23T09:04:43Z VEILLE: OK pid=2129
2026-07-23T09:04:43Z DIGEST_LATEST age=29s
2026-07-23T09:04:43Z PAPER_STATE PAPER_V1_20260722_211648_state.json age=8s
2026-07-23T09:04:43Z CHECK_DONE
2026-07-23T09:34:56Z PAPER: OK pid=69635
2026-07-23T09:34:56Z VEILLE: OK pid=2129
2026-07-23T09:34:56Z DIGEST_LATEST age=43s
2026-07-23T09:34:56Z PAPER_STATE PAPER_V1_20260722_211648_state.json age=33s
2026-07-23T09:34:56Z CHECK_DONE
2026-07-23T10:04:41Z PAPER: OK pid=69635
2026-07-23T10:04:41Z VEILLE: OK pid=2129
2026-07-23T10:04:41Z DIGEST_LATEST age=48s
2026-07-23T10:04:41Z PAPER_STATE PAPER_V1_20260722_211648_state.json age=19s
2026-07-23T10:04:41Z CHECK_DONE
2026-07-23T10:34:43Z PAPER: OK pid=69635
2026-07-23T10:34:43Z VEILLE: OK pid=2129
2026-07-23T10:34:43Z DIGEST_LATEST age=45s
2026-07-23T10:34:43Z PAPER_STATE PAPER_V1_20260722_211648_state.json age=9s
2026-07-23T10:34:43Z CHECK_DONE
2026-07-23T11:04:48Z PAPER: OK pid=69635
2026-07-23T11:04:48Z VEILLE: OK pid=2129
2026-07-23T11:04:48Z DIGEST_LATEST age=47s
2026-07-23T11:04:48Z PAPER_STATE PAPER_V1_20260722_211648_state.json age=33s
2026-07-23T11:04:48Z CHECK_DONE
2026-07-23T15:45:26Z PAPER: OK pid=69635
2026-07-23T15:45:26Z VEILLE: OK pid=2129
2026-07-23T15:45:26Z DIGEST_LATEST age=17s
2026-07-23T15:45:26Z PAPER_STATE PAPER_V1_20260722_211648_state.json age=21s
2026-07-23T15:45:26Z CHECK_DONE
2026-07-23T21:23:38Z PAPER: OK pid=69635
2026-07-23T21:23:38Z VEILLE: OK pid=2129
2026-07-23T21:23:38Z DIGEST_LATEST age=85s
2026-07-23T21:23:38Z PAPER_STATE PAPER_V1_20260722_211648_state.json age=55s
2026-07-23T21:23:38Z CHECK_DONE
2026-07-23T21:24:00Z PAPER: OK pid=69635
2026-07-23T21:24:00Z VEILLE: OK pid=2129
2026-07-23T21:24:00Z DIGEST_LATEST age=107s
2026-07-23T21:24:00Z PAPER_STATE PAPER_V1_20260722_211648_state.json age=10s
2026-07-23T21:24:00Z CHECK_DONE
