[1;36m--- ACE777 STRICT CLONE FUTURES TESTNET ---[0m
[1;36mLeverage ramp ON:[0m [1;36mstart=13 end=13 cycles=180[0m
[1;32mV8 Resonance ON:[0m [1;36mimpulse_thr=0.96 dt_ms=64 aspiration=1.618@37.8deg void_lock=TRUE shock_exit=TRUE[0m
[1;32mV8 Tension ON:[0m [1;36mwall_drop=6.5% dt_ms=64 filter=2.5 depth=20[0m
[1;36mSymbol=BTCUSDT[0m [1;32mLeverage=13[0m [1;36mBuyUSDT=800 Orders=TRUE[0m
mode=OFF radar_adj=0 mom= conf=0
[1;36m08:39:10[0m [1;32mx13[0m [1;36m#1[0m SKIP tension=[1;36m0.00679212[0m [0m| direction_unclear [1;31mconf=0.0112[0m
mode=OFF radar_adj=0 mom= conf=0
[1;36m08:39:18[0m [1;32mx13[0m [1;36m#2[0m SKIP tension=[1;36m0.00000146[0m [0m| momentum_too_small [1;31mconf=0.0[0m
mode=OFF radar_adj=0 mom= conf=0
[1;36m08:39:28[0m [1;32mx13[0m [1;36m#3[0m SKIP tension=[1;36m0.00000000[0m [0m| momentum_too_small [1;31mconf=0.189[0m
mode=OFF radar_adj=0 mom= conf=0
[1;36m08:39:37[0m [1;32mx13[0m [1;36m#4[0m SKIP [1;33m| tension_stale age=7857ms>800ms (NUAGE)[0m
mode=OFF radar_adj=0 mom= conf=0
[1;36m08:39:46[0m [1;32mx13[0m [1;36m#5[0m SKIP tension=[1;36m0.00001710[0m [0m| momentum_too_small [1;31mconf=0.0[0m
mode=OFF radar_adj=0 mom= conf=0
[1;36m08:39:54[0m [1;32mx13[0m [1;36m#6[0m SKIP tension=[1;36m0.00003914[0m [0m| momentum_too_small [1;31mconf=0.0001[0m
mode=OFF radar_adj=0 mom= conf=0
[1;36m08:40:03[0m [1;32mx13[0m [1;36m#7[0m SKIP tension=[1;36m0.00000000[0m [0m| momentum_too_small [1;31mconf=0.3493[0m
mode=OFF radar_adj=0 mom= conf=0
[1;36m08:40:11[0m [1;32mx13[0m [1;36m#8[0m SKIP tension=[1;36m0.31043431[0m [0m| wall_not_collapsed
mode=OFF radar_adj=0 mom= conf=0
[1;36m08:40:20[0m [1;32mx13[0m [1;36m#9[0m SKIP tension=[1;36m0.56870033[0m [0m| wall_not_collapsed
mode=OFF radar_adj=0 mom= conf=0
[1;36m08:40:28[0m [1;32mx13[0m [1;36m#10[0m SKIP tension=[1;36m0.00000000[0m [0m| momentum_too_small [1;31mconf=0.3249[0m
mode=OFF radar_adj=0 mom= conf=0
[1;36m08:40:37[0m [1;32mx13[0m [1;36m#11[0m SKIP tension=[1;36m0.00000000[0m [0m| momentum_too_small [1;31mconf=0.3249[0m
mode=OFF radar_adj=0 mom= conf=0
[1;36m08:40:46[0m [1;32mx13[0m [1;36m#12[0m SKIP tension=[1;36m0.00001081[0m [0m| momentum_too_small [1;31mconf=0.0[0m
mode=OFF radar_adj=0 mom= conf=0
[1;36m08:40:55[0m [1;32mx13[0m [1;36m#13[0m SKIP tension=[1;36m0.00004459[0m [0m| momentum_too_small [1;31mconf=0.0001[0m
mode=OFF radar_adj=0 mom= conf=0
[1;36m08:41:05[0m [1;32mx13[0m [1;36m#14[0m SKIP tension=[1;32m1.14578847[0m [0m| cold < 2.5 (vortex=OFF)
mode=OFF radar_adj=0 mom= conf=0
[1;36m08:41:14[0m [1;32mx13[0m [1;36m#15[0m SKIP tension=[1;36m0.00002135[0m [0m| momentum_too_small [1;31mconf=0.0[0m
mode=OFF radar_adj=0 mom= conf=0
[1;36m08:41:24[0m [1;32mx13[0m [1;36m#16[0m SKIP tension=[1;36m0.00000000[0m [0m| momentum_too_small [1;31mconf=0.2708[0m
mode=OFF radar_adj=0 mom= conf=0
[1;36m08:41:32[0m [1;32mx13[0m [1;36m#17[0m SKIP tension=[1;36m0.00000511[0m [0m| momentum_too_small [1;31mconf=0.0[0m
mode=OFF radar_adj=0 mom= conf=0
[1;36m08:41:41[0m [1;32mx13[0m [1;36m#18[0m SKIP tension=[1;36m0.00389598[0m [0m| momentum_too_small [1;31mconf=0.0052[0m
mode=OFF radar_adj=0 mom= conf=0
[1;36m08:41:50[0m [1;32mx13[0m [1;36m#19[0m SKIP tension=[1;36m0.39616359[0m [0m| wall_not_collapsed
mode=OFF radar_adj=0 mom= conf=0
[1;36m08:41:59[0m [1;32mx13[0m [1;36m#20[0m SKIP tension=[1;36m0.00000000[0m [0m| momentum_too_small [1;31mconf=0.2708[0m
mode=OFF radar_adj=0 mom= conf=0
[1;36m08:42:08[0m [1;32mx13[0m [1;36m#21[0m SKIP tension=[1;36m0.00029385[0m [0m| momentum_too_small [1;31mconf=0.0004[0m
mode=OFF radar_adj=0 mom= conf=0
[1;36m08:42:17[0m [1;32mx13[0m [1;36m#22[0m SKIP tension=[1;36m0.00001264[0m [0m| momentum_too_small [1;31mconf=0.0[0m
mode=OFF radar_adj=0 mom= conf=0
[1;36m08:42:25[0m [1;32mx13[0m [1;36m#23[0m SKIP tension=[1;36m0.00000455[0m [0m| momentum_too_small [1;31mconf=0.0[0m
mode=OFF radar_adj=0 mom= conf=0
[1;36m08:42:33[0m [1;32mx13[0m [1;36m#24[0m SKIP tension=[1;36m0.00000418[0m [0m| momentum_too_small [1;31mconf=0.0[0m
mode=OFF radar_adj=0 mom= conf=0
[1;36m08:42:42[0m [1;32mx13[0m [1;36m#25[0m SKIP tension=[1;31m2.18731253[0m [0m| cold < 2.5 (vortex=OFF)
mode=OFF radar_adj=0 mom= conf=0
[1;36m08:42:51[0m [1;32mx13[0m [1;36m#26[0m SKIP tension=[1;36m0.00015408[0m [0m| momentum_too_small [1;31mconf=0.0002[0m
mode=OFF radar_adj=0 mom= conf=0
[1;36m08:42:59[0m [1;32mx13[0m [1;36m#27[0m SKIP tension=[1;36m0.00000000[0m [0m| momentum_too_small [1;31mconf=0.2708[0m
mode=OFF radar_adj=0 mom= conf=0
[1;36m08:43:08[0m [1;32mx13[0m [1;36m#28[0m SKIP tension=[1;36m0.04359830[0m [0m| direction_unclear [1;31mconf=0.0562[0m
mode=OFF radar_adj=0 mom= conf=0
[1;36m08:43:16[0m [1;32mx13[0m [1;36m#29[0m SKIP tension=[1;36m0.50381675[0m [0m| spread_too_wide [1;31mconf=0.4198[0m
mode=OFF radar_adj=0 mom= conf=0
[1;36m08:43:25[0m [1;32mx13[0m [1;36m#30[0m SKIP tension=[1;36m0.32611707[0m [0m| spread_too_wide [1;31mconf=0.2718[0m
mode=OFF radar_adj=0 mom= conf=0
[1;36m08:43:33[0m [1;32mx13[0m [1;36m#31[0m SKIP tension=[1;36m0.19620441[0m [0m| direction_unclear [1;31mconf=0.3264[0m
mode=OFF radar_adj=0 mom= conf=0
[1;36m08:43:41[0m [1;32mx13[0m [1;36m#32[0m SKIP tension=[1;36m0.00000000[0m [0m| spread_too_wide [1;31mconf=0.0[0m
mode=OFF radar_adj=0 mom= conf=0
[1;36m08:43:50[0m [1;32mx13[0m [1;36m#33[0m SKIP tension=[1;31m10.88745968[0m [0m| duo no_trigger
mode=OFF radar_adj=0 mom= conf=0
[1;36m08:43:59[0m [1;32mx13[0m [1;36m#34[0m SKIP tension=[1;36m0.00002235[0m [0m| momentum_too_small [1;31mconf=0.0[0m
mode=OFF radar_adj=0 mom= conf=0
[1;36m08:44:09[0m [1;32mx13[0m [1;36m#35[0m SKIP tension=[1;36m0.01449294[0m [0m| spread_too_wide [1;31mconf=0.0121[0m
mode=OFF radar_adj=0 mom= conf=0
[1;36m08:44:18[0m [1;32mx13[0m [1;36m#36[0m SKIP tension=[1;32m1.10290592[0m [0m| spread_too_wide [1;33mconf=0.5[0m
mode=OFF radar_adj=0 mom= conf=0
[1;36m08:44:27[0m [1;32mx13[0m [1;36m#37[0m SKIP tension=[1;31m2.03896824[0m [0m| spread_too_wide [1;33mconf=0.5[0m
mode=OFF radar_adj=0 mom= conf=0
[1;36m08:44:35[0m [1;32mx13[0m [1;36m#38[0m SKIP tension=[1;36m0.30028451[0m [0m| wall_not_collapsed
mode=OFF radar_adj=0 mom= conf=0
[1;36m08:44:44[0m [1;32mx13[0m [1;36m#39[0m SKIP tension=[1;36m0.31246334[0m [0m| spread_too_wide [1;31mconf=0.2604[0m
mode=OFF radar_adj=0 mom= conf=0
[1;36m08:44:53[0m [1;32mx13[0m [1;36m#40[0m SKIP tension=[1;36m0.00000000[0m [0m| momentum_too_small [1;31mconf=0.1765[0m
mode=OFF radar_adj=0 mom= conf=0
[1;36m08:45:01[0m [1;32mx13[0m [1;36m#41[0m SKIP tension=[1;36m0.20342840[0m [0m| wall_not_collapsed
mode=OFF radar_adj=0 mom= conf=0
[1;36m08:45:10[0m [1;32mx13[0m [1;36m#42[0m SKIP tension=[1;36m0.00003553[0m [0m| momentum_too_small [1;31mconf=0.0[0m
mode=OFF radar_adj=0 mom= conf=0
[1;36m08:45:18[0m [1;32mx13[0m [1;36m#43[0m SKIP tension=[1;36m0.31262694[0m [0m| wall_not_collapsed
mode=OFF radar_adj=0 mom= conf=0
[1;36m08:45:28[0m [1;32mx13[0m [1;36m#44[0m SKIP tension=[1;36m0.00000000[0m [0m| momentum_too_small [1;31mconf=0.2681[0m
mode=OFF radar_adj=0 mom= conf=0
[1;36m08:45:37[0m [1;32mx13[0m [1;36m#45[0m SKIP tension=[1;36m0.00003372[0m [0m| momentum_too_small [1;31mconf=0.0[0m
mode=OFF radar_adj=0 mom= conf=0
[1;36m08:45:46[0m [1;32mx13[0m [1;36m#46[0m SKIP tension=[1;32m1.20109108[0m [0m| spread_too_wide [1;33mconf=0.5[0m
mode=OFF radar_adj=0 mom= conf=0
[1;36m08:45:55[0m [1;32mx13[0m [1;36m#47[0m SKIP tension=[1;36m0.00164106[0m [0m| momentum_too_small [1;31mconf=0.002[0m
mode=OFF radar_adj=0 mom= conf=0
[1;36m08:46:03[0m [1;32mx13[0m [1;36m#48[0m SKIP tension=[1;36m0.00004873[0m [0m| momentum_too_small [1;31mconf=0.0001[0m
mode=OFF radar_adj=0 mom= conf=0
[1;36m08:46:12[0m [1;32mx13[0m [1;36m#49[0m SKIP tension=[1;36m0.30052263[0m [0m| wall_not_collapsed
mode=OFF radar_adj=0 mom= conf=0
[1;36m08:46:22[0m [1;32mx13[0m [1;36m#50[0m SKIP tension=[1;36m0.00000000[0m [0m| momentum_too_small [1;31mconf=0.2483[0m
mode=OFF radar_adj=0 mom= conf=0
[1;36m08:46:30[0m [1;32mx13[0m [1;36m#51[0m SKIP tension=[1;36m0.00049034[0m [0m| momentum_too_small [1;31mconf=0.0007[0m
mode=OFF radar_adj=0 mom= conf=0
[1;36m08:46:39[0m [1;32mx13[0m [1;36m#52[0m SKIP tension=[1;36m0.76842390[0m [0m| wall_not_collapsed
mode=OFF radar_adj=0 mom= conf=0
[1;36m08:46:48[0m [1;32mx13[0m [1;36m#53[0m SKIP tension=[1;36m0.00002111[0m [0m| momentum_too_small [1;31mconf=0.0[0m
mode=OFF radar_adj=0 mom= conf=0
[1;36m08:46:56[0m [1;32mx13[0m [1;36m#54[0m SKIP tension=[1;36m0.00156364[0m [0m| momentum_too_small [1;31mconf=0.0026[0m
mode=OFF radar_adj=0 mom= conf=0
[1;36m08:47:05[0m [1;32mx13[0m [1;36m#55[0m SKIP tension=[1;36m0.00004747[0m [0m| momentum_too_small [1;31mconf=0.0001[0m
mode=OFF radar_adj=0 mom= conf=0
[1;36m08:47:14[0m [1;32mx13[0m [1;36m#56[0m SKIP tension=[1;36m0.00042201[0m [0m| momentum_too_small [1;31mconf=0.0007[0m
mode=OFF radar_adj=0 mom= conf=0
[1;36m08:47:23[0m [1;32mx13[0m [1;36m#57[0m SKIP tension=[1;36m0.00191509[0m [0m| momentum_too_small [1;31mconf=0.0032[0m
mode=OFF radar_adj=0 mom= conf=0
[1;36m08:47:31[0m [1;32mx13[0m [1;36m#58[0m SKIP tension=[1;36m0.33253469[0m [0m| wall_not_collapsed
mode=OFF radar_adj=0 mom= conf=0
[1;36m08:47:39[0m [1;32mx13[0m [1;36m#59[0m SKIP tension=[1;36m0.00001031[0m [0m| momentum_too_small [1;31mconf=0.0[0m
mode=OFF radar_adj=0 mom= conf=0
[1;36m08:47:48[0m [1;32mx13[0m [1;36m#60[0m SKIP tension=[1;36m0.00000000[0m [0m| momentum_too_small [1;31mconf=0.3474[0m
mode=OFF radar_adj=0 mom= conf=0
[1;36m08:47:56[0m [1;32mx13[0m [1;36m#61[0m SKIP tension=[1;36m0.00002167[0m [0m| momentum_too_small [1;31mconf=0.0[0m
mode=OFF radar_adj=0 mom= conf=0
[1;36m08:48:05[0m [1;32mx13[0m [1;36m#62[0m SKIP [1;33m| tension_stale age=1844ms>800ms (NUAGE)[0m
mode=OFF radar_adj=0 mom= conf=0
[1;36m08:48:14[0m [1;32mx13[0m [1;36m#63[0m SKIP tension=[1;36m0.03970298[0m [0m| direction_unclear [1;31mconf=0.0609[0m
mode=OFF radar_adj=0 mom= conf=0
[1;36m08:48:24[0m [1;32mx13[0m [1;36m#64[0m SKIP tension=[1;36m0.08947604[0m [0m| direction_unclear [1;31mconf=0.0948[0m
mode=OFF radar_adj=0 mom= conf=0
[1;36m08:48:33[0m [1;32mx13[0m [1;36m#65[0m SKIP tension=[1;36m0.00000000[0m [0m| momentum_too_small [1;31mconf=0.2873[0m
mode=OFF radar_adj=0 mom= conf=0
[1;36m08:48:42[0m [1;32mx13[0m [1;36m#66[0m SKIP tension=[1;36m0.00011588[0m [0m| momentum_too_small [1;31mconf=0.0002[0m
mode=OFF radar_adj=0 mom= conf=0
[1;36m08:48:52[0m [1;32mx13[0m [1;36m#67[0m SKIP [1;33m| tension_stale age=8088ms>800ms (NUAGE)[0m
mode=OFF radar_adj=0 mom= conf=0
[1;36m08:49:06[0m [1;32mx13[0m [1;36m#68[0m SKIP tension=[1;36m0.80112798[0m [0m| wall_not_collapsed
mode=OFF radar_adj=0 mom= conf=0
[1;36m08:49:19[0m [1;32mx13[0m [1;36m#69[0m SKIP tension=[1;36m0.00521190[0m [0m| direction_unclear [1;31mconf=0.0083[0m
mode=OFF radar_adj=0 mom= conf=0
[1;36m08:49:31[0m [1;32mx13[0m [1;36m#70[0m SKIP tension=[1;36m0.00006598[0m [0m| momentum_too_small [1;31mconf=0.0001[0m
mode=OFF radar_adj=0 mom= conf=0
[1;36m08:49:39[0m [1;32mx13[0m [1;36m#71[0m SKIP tension=[1;36m0.00000000[0m [0m| momentum_too_small [1;31mconf=0.278[0m
mode=OFF radar_adj=0 mom= conf=0
[1;36m08:49:48[0m [1;32mx13[0m [1;36m#72[0m SKIP tension=[1;36m0.38130728[0m [0m| wall_not_collapsed
mode=OFF radar_adj=0 mom= conf=0
[1;36m08:49:57[0m [1;32mx13[0m [1;36m#73[0m SKIP tension=[1;31m6.94997184[0m [0m| duo no_trigger
mode=OFF radar_adj=0 mom= conf=0
[1;36m08:50:06[0m [1;32mx13[0m [1;36m#74[0m SKIP tension=[1;36m0.00029850[0m [0m| momentum_too_small [1;31mconf=0.0003[0m
mode=OFF radar_adj=0 mom= conf=0
[1;36m08:50:15[0m [1;32mx13[0m [1;36m#75[0m SKIP tension=[1;36m0.00009099[0m [0m| momentum_too_small [1;31mconf=0.0001[0m
mode=OFF radar_adj=0 mom= conf=0
[1;36m08:50:24[0m [1;32mx13[0m [1;36m#76[0m SKIP tension=[1;36m0.00002086[0m [0m| momentum_too_small [1;31mconf=0.0[0m
mode=OFF radar_adj=0 mom= conf=0
[1;36m08:50:32[0m [1;32mx13[0m [1;36m#77[0m SKIP tension=[1;36m0.27216495[0m [0m| wall_not_collapsed
mode=OFF radar_adj=0 mom= conf=0
[1;36m08:50:41[0m [1;32mx13[0m [1;36m#78[0m SKIP tension=[1;36m0.00000070[0m [0m| momentum_too_small [1;31mconf=0.0[0m
mode=OFF radar_adj=0 mom= conf=0
[1;36m08:50:50[0m [1;32mx13[0m [1;36m#79[0m SKIP tension=[1;36m0.10429473[0m [0m| direction_unclear [1;31mconf=0.0077[0m
mode=OFF radar_adj=0 mom= conf=0
[1;36m08:50:59[0m [1;32mx13[0m [1;36m#80[0m SKIP tension=[1;36m0.00000000[0m [0m| momentum_too_small [1;31mconf=0.2021[0m
mode=OFF radar_adj=0 mom= conf=0
[1;36m08:51:08[0m [1;32mx13[0m [1;36m#81[0m SKIP tension=[1;36m0.00005740[0m [0m| momentum_too_small [1;31mconf=0.0001[0m
mode=OFF radar_adj=0 mom= conf=0
[1;36m08:51:17[0m [1;32mx13[0m [1;36m#82[0m SKIP tension=[1;36m0.00000000[0m [0m| momentum_too_small [1;31mconf=0.2021[0m
mode=OFF radar_adj=0 mom= conf=0
[1;36m08:51:25[0m [1;32mx13[0m [1;36m#83[0m SKIP tension=[1;36m0.00000460[0m [0m| momentum_too_small [1;31mconf=0.0[0m
mode=OFF radar_adj=0 mom= conf=0
[1;36m08:51:39[0m [1;32mx13[0m [1;36m#84[0m SKIP tension=[1;36m0.00000275[0m [0m| momentum_too_small [1;31mconf=0.0[0m
mode=OFF radar_adj=0 mom= conf=0
[1;36m08:51:51[0m [1;32mx13[0m [1;36m#85[0m SKIP tension=[1;32m1.70293281[0m [0m| cold < 2.5 (vortex=OFF)
mode=OFF radar_adj=0 mom= conf=0
[1;36m08:52:00[0m [1;32mx13[0m [1;36m#86[0m SKIP tension=[1;36m0.00000000[0m [0m| momentum_too_small [1;31mconf=0.2397[0m
mode=OFF radar_adj=0 mom= conf=0
[1;36m08:52:08[0m [1;32mx13[0m [1;36m#87[0m SKIP tension=[1;36m0.00017488[0m [0m| momentum_too_small [1;31mconf=0.0002[0m
mode=OFF radar_adj=0 mom= conf=0
[1;36m08:52:17[0m [1;32mx13[0m [1;36m#88[0m SKIP tension=[1;36m0.00000000[0m [0m| momentum_too_small [1;31mconf=0.3143[0m
mode=OFF radar_adj=0 mom= conf=0
[1;36m08:52:27[0m [1;32mx13[0m [1;36m#89[0m SKIP tension=[1;36m0.00000347[0m [0m| momentum_too_small [1;31mconf=0.0[0m
mode=OFF radar_adj=0 mom= conf=0
[1;36m08:52:35[0m [1;32mx13[0m [1;36m#90[0m SKIP tension=[1;36m0.82146349[0m [0m| wall_not_collapsed
mode=OFF radar_adj=0 mom= conf=0
[1;36m08:52:44[0m [1;32mx13[0m [1;36m#91[0m SKIP tension=[1;36m0.00000375[0m [0m| spread_too_wide [1;31mconf=0.0[0m
mode=OFF radar_adj=0 mom= conf=0
[1;36m08:52:53[0m [1;32mx13[0m [1;36m#92[0m SKIP tension=[1;36m0.00004098[0m [0m| spread_too_wide [1;31mconf=0.0[0m
mode=OFF radar_adj=0 mom= conf=0
[1;36m08:53:01[0m [1;32mx13[0m [1;36m#93[0m SKIP tension=[1;36m0.00000612[0m [0m| momentum_too_small [1;31mconf=0.0[0m
mode=OFF radar_adj=0 mom= conf=0
[1;36m08:53:15[0m [1;32mx13[0m [1;36m#94[0m SKIP tension=[1;36m0.00000530[0m [0m| spread_too_wide [1;31mconf=0.0[0m
mode=OFF radar_adj=0 mom= conf=0
[1;36m08:53:27[0m [1;32mx13[0m [1;36m#95[0m SKIP tension=[1;36m0.00000000[0m [0m| spread_too_wide [1;31mconf=0.0[0m
mode=OFF radar_adj=0 mom= conf=0
[1;36m08:53:41[0m [1;32mx13[0m [1;36m#96[0m SKIP tension=[1;36m0.00437950[0m [0m| spread_too_wide [1;31mconf=0.0036[0m
mode=OFF radar_adj=0 mom= conf=0
[1;36m08:53:58[0m [1;32mx13[0m [1;36m#97[0m SKIP tension=[1;36m0.00000344[0m [0m| momentum_too_small [1;31mconf=0.0[0m
mode=OFF radar_adj=0 mom= conf=0
[1;36m08:54:07[0m [1;32mx13[0m [1;36m#98[0m SKIP tension=[1;36m0.06544224[0m [0m| direction_unclear [1;31mconf=0.0104[0m
mode=OFF radar_adj=0 mom= conf=0
[1;36m08:54:17[0m [1;32mx13[0m [1;36m#99[0m SKIP tension=[1;36m0.06547929[0m [0m| direction_unclear [1;31mconf=0.0854[0m
mode=OFF radar_adj=0 mom= conf=0
[1;36m08:54:27[0m [1;32mx13[0m [1;36m#100[0m SKIP tension=[1;36m0.06765581[0m [0m| direction_unclear [1;31mconf=0.0751[0m
mode=OFF radar_adj=0 mom= conf=0
[1;36m08:54:36[0m [1;32mx13[0m [1;36m#101[0m SKIP tension=[1;36m0.00000000[0m [0m| momentum_too_small [1;31mconf=0.2404[0m
mode=OFF radar_adj=0 mom= conf=0
[1;36m08:54:45[0m [1;32mx13[0m [1;36m#102[0m SKIP tension=[1;36m0.00000743[0m [0m| spread_too_wide [1;31mconf=0.0[0m
mode=OFF radar_adj=0 mom= conf=0
[1;36m08:54:53[0m [1;32mx13[0m [1;36m#103[0m SKIP tension=[1;36m0.00000000[0m [0m| momentum_too_small [1;31mconf=0.3493[0m
mode=OFF radar_adj=0 mom= conf=0
[1;36m08:55:02[0m [1;32mx13[0m [1;36m#104[0m SKIP tension=[1;36m0.00001344[0m [0m| spread_too_wide [1;31mconf=0.0[0m
mode=OFF radar_adj=0 mom= conf=0
[1;36m08:55:11[0m [1;32mx13[0m [1;36m#105[0m SKIP tension=[1;36m0.00000660[0m [0m| spread_too_wide [1;31mconf=0.0[0m
mode=OFF radar_adj=0 mom= conf=0
[1;36m08:55:20[0m [1;32mx13[0m [1;36m#106[0m SKIP tension=[1;36m0.01690910[0m [0m| spread_too_wide [1;31mconf=0.0141[0m
mode=OFF radar_adj=0 mom= conf=0
[1;36m08:55:28[0m [1;32mx13[0m [1;36m#107[0m SKIP tension=[1;36m0.00000614[0m [0m| spread_too_wide [1;31mconf=0.0[0m
mode=OFF radar_adj=0 mom= conf=0
[1;36m08:55:37[0m [1;32mx13[0m [1;36m#108[0m SKIP tension=[1;36m0.00000000[0m [0m| momentum_too_small [1;31mconf=0.2331[0m
mode=OFF radar_adj=0 mom= conf=0
[1;36m08:55:47[0m [1;32mx13[0m [1;36m#109[0m SKIP tension=[1;36m0.00000000[0m [0m| momentum_too_small [1;31mconf=0.2331[0m
mode=OFF radar_adj=0 mom= conf=0
[1;36m08:55:56[0m [1;32mx13[0m [1;36m#110[0m SKIP tension=[1;36m0.00002395[0m [0m| spread_too_wide [1;31mconf=0.0[0m
mode=OFF radar_adj=0 mom= conf=0
[1;36m08:56:04[0m [1;32mx13[0m [1;36m#111[0m SKIP tension=[1;36m0.06555836[0m [0m| spread_too_wide [1;31mconf=0.0546[0m
mode=OFF radar_adj=0 mom= conf=0
[1;36m08:56:13[0m [1;32mx13[0m [1;36m#112[0m SKIP tension=[1;36m0.00000000[0m [0m| spread_too_wide [1;31mconf=0.0[0m
mode=OFF radar_adj=0 mom= conf=0
[1;36m08:56:23[0m [1;32mx13[0m [1;36m#113[0m SKIP tension=[1;31m2.93417032[0m [0m| spread_too_wide [1;33mconf=0.5[0m
mode=OFF radar_adj=0 mom= conf=0
[1;36m08:56:32[0m [1;32mx13[0m [1;36m#114[0m SKIP tension=[1;32m1.68566715[0m [0m| spread_too_wide [1;33mconf=0.5[0m
mode=OFF radar_adj=0 mom= conf=0
[1;36m08:56:42[0m [1;32mx13[0m [1;36m#115[0m SKIP tension=[1;36m0.00000433[0m [0m| spread_too_wide [1;31mconf=0.0[0m
mode=OFF radar_adj=0 mom= conf=0
[1;36m08:56:50[0m [1;32mx13[0m [1;36m#116[0m SKIP tension=[1;36m0.00001042[0m [0m| spread_too_wide [1;31mconf=0.0[0m
mode=OFF radar_adj=0 mom= conf=0
[1;36m08:56:59[0m [1;32mx13[0m [1;36m#117[0m SKIP tension=[1;36m0.00003214[0m [0m| spread_too_wide [1;31mconf=0.0[0m
mode=OFF radar_adj=0 mom= conf=0
[1;36m08:57:07[0m [1;32mx13[0m [1;36m#118[0m SKIP tension=[1;36m0.00000000[0m [0m| spread_too_wide [1;31mconf=0.0[0m
mode=OFF radar_adj=0 mom= conf=0
[1;36m08:57:16[0m [1;32mx13[0m [1;36m#119[0m SKIP tension=[1;36m0.00001234[0m [0m| spread_too_wide [1;31mconf=0.0[0m
mode=OFF radar_adj=0 mom= conf=0
[1;36m08:57:24[0m [1;32mx13[0m [1;36m#120[0m SKIP tension=[1;36m0.00011288[0m [0m| spread_too_wide [1;31mconf=0.0001[0m
mode=OFF radar_adj=0 mom= conf=0
[1;36m08:57:33[0m [1;32mx13[0m [1;36m#121[0m SKIP tension=[1;36m0.00000000[0m [0m| spread_too_wide [1;31mconf=0.0[0m
mode=OFF radar_adj=0 mom= conf=0
[1;36m08:57:41[0m [1;32mx13[0m [1;36m#122[0m SKIP tension=[1;36m0.00000716[0m [0m| spread_too_wide [1;31mconf=0.0[0m
mode=OFF radar_adj=0 mom= conf=0
[1;36m08:57:49[0m [1;32mx13[0m [1;36m#123[0m SKIP tension=[1;36m0.49018720[0m [0m| wall_not_collapsed
mode=OFF radar_adj=0 mom= conf=0
[1;36m08:57:58[0m [1;32mx13[0m [1;36m#124[0m SKIP tension=[1;36m0.00000000[0m [0m| spread_too_wide [1;31mconf=0.0[0m
mode=OFF radar_adj=0 mom= conf=0
[1;36m08:58:07[0m [1;32mx13[0m [1;36m#125[0m SKIP tension=[1;36m0.84704890[0m [0m| wall_not_collapsed
mode=OFF radar_adj=0 mom= conf=0
[1;36m08:58:15[0m [1;32mx13[0m [1;36m#126[0m SKIP tension=[1;36m0.46533988[0m [0m| wall_not_collapsed
mode=OFF radar_adj=0 mom= conf=0
[1;36m08:58:24[0m [1;32mx13[0m [1;36m#127[0m SKIP tension=[1;36m0.23661682[0m [0m| spread_too_wide [1;31mconf=0.1972[0m
mode=OFF radar_adj=0 mom= conf=0
[1;36m08:58:33[0m [1;32mx13[0m [1;36m#128[0m SKIP tension=[1;33m0.94918100[0m [0m| wall_not_collapsed
mode=OFF radar_adj=0 mom= conf=0
[1;36m08:58:42[0m [1;32mx13[0m [1;36m#129[0m SKIP tension=[1;36m0.00000000[0m [0m| momentum_too_small [1;31mconf=0.3474[0m
mode=OFF radar_adj=0 mom= conf=0
[1;36m08:58:50[0m [1;32mx13[0m [1;36m#130[0m SKIP tension=[1;33m0.92870525[0m [0m| wall_not_collapsed
mode=OFF radar_adj=0 mom= conf=0
[1;36m08:58:59[0m [1;32mx13[0m [1;36m#131[0m SKIP tension=[1;36m0.00000706[0m [0m| momentum_too_small [1;31mconf=0.0[0m
mode=OFF radar_adj=0 mom= conf=0
[1;36m08:59:07[0m [1;32mx13[0m [1;36m#132[0m SKIP tension=[1;36m0.05818294[0m [0m| spread_too_wide [1;31mconf=0.0485[0m
mode=OFF radar_adj=0 mom= conf=0
[1;36m08:59:15[0m [1;32mx13[0m [1;36m#133[0m SKIP tension=[1;36m0.33409362[0m [0m| wall_not_collapsed
mode=OFF radar_adj=0 mom= conf=0
[1;36m08:59:25[0m [1;32mx13[0m [1;36m#134[0m SKIP tension=[1;36m0.00440039[0m [0m| spread_too_wide [1;31mconf=0.0037[0m
mode=OFF radar_adj=0 mom= conf=0
[1;36m08:59:33[0m [1;32mx13[0m [1;36m#135[0m SKIP tension=[1;36m0.00001182[0m [0m| momentum_too_small [1;31mconf=0.0[0m
mode=OFF radar_adj=0 mom= conf=0
[1;36m08:59:43[0m [1;32mx13[0m [1;36m#136[0m SKIP tension=[1;36m0.00000000[0m [0m| momentum_too_small [1;31mconf=0.2628[0m
mode=OFF radar_adj=0 mom= conf=0
[1;36m08:59:51[0m [1;32mx13[0m [1;36m#137[0m SKIP tension=[1;36m0.00000000[0m [0m| spread_too_wide [1;31mconf=0.0[0m
mode=OFF radar_adj=0 mom= conf=0
[1;36m09:00:00[0m [1;32mx13[0m [1;36m#138[0m SKIP tension=[1;36m0.31742540[0m [0m| spread_too_wide [1;31mconf=0.2645[0m
mode=OFF radar_adj=0 mom= conf=0
[1;36m09:00:08[0m [1;32mx13[0m [1;36m#139[0m SKIP tension=[1;36m0.00071749[0m [0m| momentum_too_small [1;31mconf=0.0009[0m
mode=OFF radar_adj=0 mom= conf=0
[1;36m09:00:17[0m [1;32mx13[0m [1;36m#140[0m SKIP tension=[1;36m0.35547779[0m [0m| wall_not_collapsed
mode=OFF radar_adj=0 mom= conf=0
[1;36m09:00:26[0m [1;32mx13[0m [1;36m#141[0m SKIP tension=[1;33m0.95597761[0m [0m| wall_not_collapsed
mode=OFF radar_adj=0 mom= conf=0
[1;36m09:00:34[0m [1;32mx13[0m [1;36m#142[0m SKIP tension=[1;36m0.00005003[0m [0m| momentum_too_small [1;31mconf=0.0001[0m
mode=OFF radar_adj=0 mom= conf=0
[1;36m09:00:43[0m [1;32mx13[0m [1;36m#143[0m SKIP tension=[1;36m0.00000000[0m [0m| momentum_too_small [1;31mconf=0.3381[0m
mode=OFF radar_adj=0 mom= conf=0
[1;36m09:00:51[0m [1;32mx13[0m [1;36m#144[0m SKIP tension=[1;36m0.00000000[0m [0m| momentum_too_small [1;31mconf=0.2178[0m
mode=OFF radar_adj=0 mom= conf=0
[1;36m09:01:00[0m [1;32mx13[0m [1;36m#145[0m SKIP tension=[1;36m0.00019014[0m [0m| momentum_too_small [1;31mconf=0.0003[0m
mode=OFF radar_adj=0 mom= conf=0
[1;36m09:01:10[0m [1;32mx13[0m [1;36m#146[0m SKIP tension=[1;31m3.04415212[0m [0m| duo no_trigger
mode=OFF radar_adj=0 mom= conf=0
[1;36m09:01:18[0m [1;32mx13[0m [1;36m#147[0m SKIP tension=[1;36m0.00001277[0m [0m| momentum_too_small [1;31mconf=0.0[0m
mode=OFF radar_adj=0 mom= conf=0
[1;36m09:01:27[0m [1;32mx13[0m [1;36m#148[0m SKIP tension=[1;36m0.00008772[0m [0m| momentum_too_small [1;31mconf=0.0001[0m
mode=OFF radar_adj=0 mom= conf=0
[1;36m09:01:36[0m [1;32mx13[0m [1;36m#149[0m SKIP tension=[1;36m0.00000000[0m [0m| momentum_too_small [1;31mconf=0.3242[0m
mode=OFF radar_adj=0 mom= conf=0
[1;36m09:01:44[0m [1;32mx13[0m [1;36m#150[0m SKIP tension=[1;36m0.00000000[0m [0m| momentum_too_small [1;31mconf=0.3335[0m
mode=OFF radar_adj=0 mom= conf=0
[1;36m09:01:53[0m [1;32mx13[0m [1;36m#151[0m SKIP tension=[1;32m1.30265702[0m [0m| cold < 2.5 (vortex=OFF)
mode=OFF radar_adj=0 mom= conf=0
[1;36m09:02:02[0m [1;32mx13[0m [1;36m#152[0m SKIP tension=[1;36m0.01162904[0m [0m| direction_unclear [1;31mconf=0.0178[0m
mode=OFF radar_adj=0 mom= conf=0
[1;36m09:02:12[0m [1;32mx13[0m [1;36m#153[0m SKIP tension=[1;36m0.00009338[0m [0m| momentum_too_small [1;31mconf=0.0001[0m
mode=OFF radar_adj=0 mom= conf=0
[1;36m09:02:22[0m [1;32mx13[0m [1;36m#154[0m SKIP tension=[1;36m0.00000000[0m [0m| momentum_too_small [1;31mconf=0.344[0m
mode=OFF radar_adj=0 mom= conf=0
[1;36m09:02:31[0m [1;32mx13[0m [1;36m#155[0m SKIP tension=[1;36m0.12149129[0m [0m| direction_unclear [1;31mconf=0.1983[0m
mode=OFF radar_adj=0 mom= conf=0
[1;36m09:02:41[0m [1;32mx13[0m [1;36m#156[0m SKIP tension=[1;36m0.00000000[0m [0m| momentum_too_small [1;31mconf=0.3222[0m
mode=OFF radar_adj=0 mom= conf=0
[1;36m09:02:52[0m [1;32mx13[0m [1;36m#157[0m SKIP tension=[1;36m0.00000000[0m [0m| momentum_too_small [1;31mconf=0.3084[0m
mode=OFF radar_adj=0 mom= conf=0
[1;36m09:03:01[0m [1;32mx13[0m [1;36m#158[0m SKIP tension=[1;36m0.66673930[0m [0m| wall_not_collapsed
mode=OFF radar_adj=0 mom= conf=0
[1;36m09:03:10[0m [1;32mx13[0m [1;36m#159[0m SKIP [1;33m| tension_stale age=6449ms>800ms (NUAGE)[0m
mode=OFF radar_adj=0 mom= conf=0
[1;36m09:03:19[0m [1;32mx13[0m [1;36m#160[0m SKIP tension=[1;36m0.30304225[0m [0m| wall_not_collapsed
mode=OFF radar_adj=0 mom= conf=0
[1;36m09:03:28[0m [1;32mx13[0m [1;36m#161[0m SKIP tension=[1;36m0.00001099[0m [0m| momentum_too_small [1;31mconf=0.0[0m
mode=OFF radar_adj=0 mom= conf=0
[1;36m09:03:37[0m [1;32mx13[0m [1;36m#162[0m SKIP tension=[1;32m1.80180026[0m [0m| cold < 2.5 (vortex=OFF)
mode=OFF radar_adj=0 mom= conf=0
[1;36m09:03:46[0m [1;32mx13[0m [1;36m#163[0m SKIP tension=[1;31m2.09807919[0m [0m| cold < 2.5 (vortex=OFF)
mode=OFF radar_adj=0 mom= conf=0
[1;36m09:03:55[0m [1;32mx13[0m [1;36m#164[0m SKIP tension=[1;36m0.00002789[0m [0m| momentum_too_small [1;31mconf=0.0[0m
mode=OFF radar_adj=0 mom= conf=0
[1;36m09:04:03[0m [1;32mx13[0m [1;36m#165[0m SKIP tension=[1;36m0.50266555[0m [0m| wall_not_collapsed
mode=OFF radar_adj=0 mom= conf=0
[1;36m09:04:12[0m [1;32mx13[0m [1;36m#166[0m SKIP tension=[1;32m1.28172235[0m [0m| cold < 2.5 (vortex=OFF)
mode=OFF radar_adj=0 mom= conf=0
[1;36m09:04:21[0m [1;32mx13[0m [1;36m#167[0m SKIP tension=[1;32m1.82550048[0m [0m| cold < 2.5 (vortex=OFF)
mode=OFF radar_adj=0 mom= conf=0
[1;36m09:04:30[0m [1;32mx13[0m [1;36m#168[0m SKIP tension=[1;36m0.00096180[0m [0m| momentum_too_small [1;31mconf=0.0011[0m
mode=OFF radar_adj=0 mom= conf=0
[1;36m09:04:38[0m [1;32mx13[0m [1;36m#169[0m SKIP tension=[1;36m0.48909559[0m [0m| wall_not_collapsed
mode=OFF radar_adj=0 mom= conf=0
[1;36m09:04:47[0m [1;32mx13[0m [1;36m#170[0m SKIP tension=[1;36m0.00000000[0m [0m| momentum_too_small [1;31mconf=0.3474[0m
mode=OFF radar_adj=0 mom= conf=0
[1;36m09:04:56[0m [1;32mx13[0m [1;36m#171[0m SKIP tension=[1;36m0.18695304[0m [0m| direction_unclear [1;31mconf=0.3086[0m
mode=OFF radar_adj=0 mom= conf=0
[1;36m09:05:04[0m [1;32mx13[0m [1;36m#172[0m SKIP tension=[1;36m0.39813219[0m [0m| wall_not_collapsed
mode=OFF radar_adj=0 mom= conf=0
[1;36m09:05:14[0m [1;32mx13[0m [1;36m#173[0m SKIP tension=[1;36m0.00000000[0m [0m| momentum_too_small [1;31mconf=0.3236[0m
mode=OFF radar_adj=0 mom= conf=0
[1;36m09:05:22[0m [1;32mx13[0m [1;36m#174[0m SKIP tension=[1;32m1.07219787[0m [0m| cold < 2.5 (vortex=OFF)
mode=OFF radar_adj=0 mom= conf=0
[1;36m09:05:30[0m [1;32mx13[0m [1;36m#175[0m SKIP tension=[1;36m0.00017226[0m [0m| momentum_too_small [1;31mconf=0.0003[0m
mode=OFF radar_adj=0 mom= conf=0
[1;36m09:05:39[0m [1;32mx13[0m [1;36m#176[0m SKIP tension=[1;36m0.00026632[0m [0m| momentum_too_small [1;31mconf=0.0004[0m
mode=OFF radar_adj=0 mom= conf=0
[1;36m09:05:47[0m [1;32mx13[0m [1;36m#177[0m SKIP tension=[1;36m0.00000000[0m [0m| momentum_too_small [1;31mconf=0.3401[0m
mode=OFF radar_adj=0 mom= conf=0
[1;36m09:05:56[0m [1;32mx13[0m [1;36m#178[0m SKIP tension=[1;31m3.11205667[0m [0m| duo no_trigger
mode=OFF radar_adj=0 mom= conf=0
[1;36m09:06:05[0m [1;32mx13[0m [1;36m#179[0m SKIP tension=[1;36m0.05104844[0m [0m| direction_unclear [1;31mconf=0.0785[0m
mode=OFF radar_adj=0 mom= conf=0
[1;36m09:06:13[0m [1;32mx13[0m [1;36m#180[0m SKIP tension=[1;36m0.79878511[0m [0m| wall_not_collapsed
mode=OFF radar_adj=0 mom= conf=0
[1;36m09:06:23[0m [1;32mx13[0m [1;36m#181[0m SKIP tension=[1;36m0.00000000[0m [0m| momentum_too_small [1;31mconf=0.3434[0m
mode=OFF radar_adj=0 mom= conf=0
[1;36m09:06:32[0m [1;32mx13[0m [1;36m#182[0m SKIP tension=[1;32m1.42386144[0m [0m| cold < 2.5 (vortex=OFF)
mode=OFF radar_adj=0 mom= conf=0
[1;36m09:06:41[0m [1;32mx13[0m [1;36m#183[0m SKIP tension=[1;36m0.00000672[0m [0m| momentum_too_small [1;31mconf=0.0[0m
mode=OFF radar_adj=0 mom= conf=0
[1;36m09:06:49[0m [1;32mx13[0m [1;36m#184[0m SKIP tension=[1;36m0.77164299[0m [0m| wall_not_collapsed
mode=OFF radar_adj=0 mom= conf=0
[1;36m09:06:58[0m [1;32mx13[0m [1;36m#185[0m SKIP tension=[1;36m0.01078248[0m [0m| direction_unclear [1;31mconf=0.0114[0m
mode=OFF radar_adj=0 mom= conf=0
[1;36m09:07:07[0m [1;32mx13[0m [1;36m#186[0m SKIP tension=[1;31m3.22019528[0m [0m| duo no_trigger
mode=OFF radar_adj=0 mom= conf=0
[1;36m09:07:15[0m [1;32mx13[0m [1;36m#187[0m SKIP tension=[1;36m0.00038342[0m [0m| momentum_too_small [1;31mconf=0.0004[0m
mode=OFF radar_adj=0 mom= conf=0
[1;36m09:07:24[0m [1;32mx13[0m [1;36m#188[0m SKIP tension=[1;36m0.00045748[0m [0m| momentum_too_small [1;31mconf=0.0005[0m
mode=OFF radar_adj=0 mom= conf=0
[1;36m09:07:32[0m [1;32mx13[0m [1;36m#189[0m SKIP tension=[1;36m0.00000000[0m [0m| momentum_too_small [1;31mconf=0.2079[0m
mode=OFF radar_adj=0 mom= conf=0
[1;36m09:07:40[0m [1;32mx13[0m [1;36m#190[0m SKIP tension=[1;36m0.00002264[0m [0m| momentum_too_small [1;31mconf=0.0[0m
mode=OFF radar_adj=0 mom= conf=0
[1;36m09:07:49[0m [1;32mx13[0m [1;36m#191[0m SKIP tension=[1;36m0.00000000[0m [0m| momentum_too_small [1;31mconf=0.2594[0m
mode=OFF radar_adj=0 mom= conf=0
[1;36m09:07:58[0m [1;32mx13[0m [1;36m#192[0m SKIP tension=[1;31m3.44686696[0m [0m| duo no_trigger
mode=OFF radar_adj=0 mom= conf=0
[1;36m09:08:07[0m [1;32mx13[0m [1;36m#193[0m SKIP tension=[1;36m0.00000780[0m [0m| momentum_too_small [1;31mconf=0.0[0m
mode=OFF radar_adj=0 mom= conf=0
[1;36m09:08:16[0m [1;32mx13[0m [1;36m#194[0m SKIP tension=[1;36m0.13747346[0m [0m| direction_unclear [1;31mconf=0.1361[0m
mode=OFF radar_adj=0 mom= conf=0
[1;36m09:08:25[0m [1;32mx13[0m [1;36m#195[0m SKIP tension=[1;36m0.00000000[0m [0m| momentum_too_small [1;31mconf=0.3302[0m
mode=OFF radar_adj=0 mom= conf=0
[1;36m09:08:33[0m [1;32mx13[0m [1;36m#196[0m SKIP tension=[1;36m0.00000662[0m [0m| momentum_too_small [1;31mconf=0.0[0m
mode=OFF radar_adj=0 mom= conf=0
[1;36m09:08:41[0m [1;32mx13[0m [1;36m#197[0m SKIP tension=[1;36m0.25296714[0m [0m| wall_not_collapsed
mode=OFF radar_adj=0 mom= conf=0
[1;36m09:08:50[0m [1;32mx13[0m [1;36m#198[0m SKIP tension=[1;36m0.24885128[0m [0m| wall_not_collapsed
mode=OFF radar_adj=0 mom= conf=0
[1;36m09:09:00[0m [1;32mx13[0m [1;36m#199[0m SKIP tension=[1;31m3.23513226[0m [0m| duo no_trigger
mode=OFF radar_adj=0 mom= conf=0
[1;36m09:09:09[0m [1;32mx13[0m [1;36m#200[0m SKIP tension=[1;36m0.00001138[0m [0m| momentum_too_small [1;31mconf=0.0[0m
mode=OFF radar_adj=0 mom= conf=0
[1;36m09:09:18[0m [1;32mx13[0m [1;36m#201[0m SKIP tension=[1;31m3.65922089[0m [0m| duo no_trigger
mode=OFF radar_adj=0 mom= conf=0
[1;36m09:09:26[0m [1;32mx13[0m [1;36m#202[0m SKIP tension=[1;36m0.00000000[0m [0m| momentum_too_small [1;31mconf=0.3288[0m
mode=OFF radar_adj=0 mom= conf=0
[1;36m09:09:35[0m [1;32mx13[0m [1;36m#203[0m SKIP tension=[1;36m0.00000000[0m [0m| momentum_too_small [1;31mconf=0.3288[0m
mode=OFF radar_adj=0 mom= conf=0
[1;36m09:09:44[0m [1;32mx13[0m [1;36m#204[0m SKIP tension=[1;36m0.00005542[0m [0m| momentum_too_small [1;31mconf=0.0001[0m
mode=OFF radar_adj=0 mom= conf=0
[1;36m09:09:53[0m [1;32mx13[0m [1;36m#205[0m SKIP tension=[1;32m1.77851742[0m [0m| cold < 2.5 (vortex=OFF)
mode=OFF radar_adj=0 mom= conf=0
[1;36m09:10:01[0m [1;32mx13[0m [1;36m#206[0m SKIP tension=[1;36m0.00000000[0m [0m| momentum_too_small [1;31mconf=0.3328[0m
mode=OFF radar_adj=0 mom= conf=0
[1;36m09:10:11[0m [1;32mx13[0m [1;36m#207[0m SKIP tension=[1;36m0.02302386[0m [0m| direction_unclear [1;31mconf=0.0365[0m
mode=OFF radar_adj=0 mom= conf=0
[1;36m09:10:20[0m [1;32mx13[0m [1;36m#208[0m SKIP tension=[1;36m0.00001339[0m [0m| momentum_too_small [1;31mconf=0.0[0m
mode=OFF radar_adj=0 mom= conf=0
[1;36m09:10:30[0m [1;32mx13[0m [1;36m#209[0m SKIP tension=[1;31m4.01254120[0m [0m| duo no_trigger
mode=OFF radar_adj=0 mom= conf=0
[1;36m09:10:39[0m [1;32mx13[0m [1;36m#210[0m SKIP tension=[1;36m0.00000000[0m [0m| momentum_too_small [1;31mconf=0.3328[0m
mode=OFF radar_adj=0 mom= conf=0
[1;36m09:10:47[0m [1;32mx13[0m [1;36m#211[0m SKIP tension=[1;36m0.00000000[0m [0m| momentum_too_small [1;31mconf=0.3421[0m
mode=OFF radar_adj=0 mom= conf=0
[1;36m09:10:56[0m [1;32mx13[0m [1;36m#212[0m SKIP tension=[1;32m1.02575511[0m [0m| cold < 2.5 (vortex=OFF)
mode=OFF radar_adj=0 mom= conf=0
[1;36m09:11:06[0m [1;32mx13[0m [1;36m#213[0m SKIP tension=[1;32m1.33603282[0m [0m| cold < 2.5 (vortex=OFF)
mode=OFF radar_adj=0 mom= conf=0
[1;36m09:11:14[0m [1;32mx13[0m [1;36m#214[0m SKIP tension=[1;36m0.30502378[0m [0m| wall_not_collapsed
mode=OFF radar_adj=0 mom= conf=0
[1;36m09:11:24[0m [1;32mx13[0m [1;36m#215[0m SKIP tension=[1;31m4.17261183[0m [0m| duo no_trigger
mode=OFF radar_adj=0 mom= conf=0
[1;36m09:11:33[0m [1;32mx13[0m [1;36m#216[0m SKIP tension=[1;32m1.41585882[0m [0m| cold < 2.5 (vortex=OFF)
mode=OFF radar_adj=0 mom= conf=0
[1;36m09:11:42[0m [1;32mx13[0m [1;36m#217[0m SKIP tension=[1;32m1.75957258[0m [0m| cold < 2.5 (vortex=OFF)
mode=OFF radar_adj=0 mom= conf=0
[1;36m09:11:51[0m [1;32mx13[0m [1;36m#218[0m SKIP tension=[1;31m3.91402677[0m [0m| duo no_trigger
mode=OFF radar_adj=0 mom= conf=0
[1;36m09:12:00[0m [1;32mx13[0m [1;36m#219[0m SKIP tension=[1;36m0.00006285[0m [0m| momentum_too_small [1;31mconf=0.0001[0m
mode=OFF radar_adj=0 mom= conf=0
[1;36m09:12:09[0m [1;32mx13[0m [1;36m#220[0m SKIP tension=[1;36m0.00000000[0m [0m| momentum_too_small [1;31mconf=0.3116[0m
mode=OFF radar_adj=0 mom= conf=0
[1;36m09:12:17[0m [1;32mx13[0m [1;36m#221[0m SKIP tension=[1;36m0.00000000[0m [0m| momentum_too_small [1;31mconf=0.3189[0m
mode=OFF radar_adj=0 mom= conf=0
[1;36m09:12:27[0m [1;32mx13[0m [1;36m#222[0m SKIP tension=[1;36m0.00000404[0m [0m| momentum_too_small [1;31mconf=0.0[0m
mode=OFF radar_adj=0 mom= conf=0
[1;36m09:12:35[0m [1;32mx13[0m [1;36m#223[0m SKIP tension=[1;33m0.85574687[0m [0m| wall_not_collapsed
mode=OFF radar_adj=0 mom= conf=0
[1;36m09:12:43[0m [1;32mx13[0m [1;36m#224[0m SKIP tension=[1;36m0.00002402[0m [0m| momentum_too_small [1;31mconf=0.0[0m
mode=OFF radar_adj=0 mom= conf=0
[1;36m09:12:53[0m [1;32mx13[0m [1;36m#225[0m SKIP tension=[1;32m1.11101582[0m [0m| cold < 2.5 (vortex=OFF)
mode=OFF radar_adj=0 mom= conf=0
[1;36m09:13:01[0m [1;32mx13[0m [1;36m#226[0m SKIP tension=[1;36m0.66705432[0m [0m| wall_not_collapsed
mode=OFF radar_adj=0 mom= conf=0
[1;36m09:13:11[0m [1;32mx13[0m [1;36m#227[0m SKIP tension=[1;32m1.30301502[0m [0m| cold < 2.5 (vortex=OFF)
mode=OFF radar_adj=0 mom= conf=0
[1;36m09:13:20[0m [1;32mx13[0m [1;36m#228[0m SKIP tension=[1;36m0.36890962[0m [0m| wall_not_collapsed
mode=OFF radar_adj=0 mom= conf=0
[1;36m09:13:28[0m [1;32mx13[0m [1;36m#229[0m SKIP tension=[1;36m0.64524881[0m [0m| wall_not_collapsed
mode=OFF radar_adj=0 mom= conf=0
[1;36m09:13:37[0m [1;32mx13[0m [1;36m#230[0m SKIP tension=[1;36m0.00000000[0m [0m| momentum_too_small [1;31mconf=0.348[0m
mode=OFF radar_adj=0 mom= conf=0
[1;36m09:13:50[0m [1;32mx13[0m [1;36m#231[0m SKIP tension=[1;36m0.00004293[0m [0m| momentum_too_small [1;31mconf=0.0001[0m
mode=OFF radar_adj=0 mom= conf=0
[1;36m09:14:04[0m [1;32mx13[0m [1;36m#232[0m SKIP tension=[1;36m0.00000000[0m [0m| momentum_too_small [1;31mconf=0.2938[0m
mode=OFF radar_adj=0 mom= conf=0
[1;36m09:14:16[0m [1;32mx13[0m [1;36m#233[0m SKIP tension=[1;31m2.63043418[0m [0m| duo no_trigger
mode=OFF radar_adj=0 mom= conf=0
[1;36m09:14:24[0m [1;32mx13[0m [1;36m#234[0m SKIP tension=[1;36m0.03658311[0m [0m| direction_unclear [1;31mconf=0.0493[0m
mode=OFF radar_adj=0 mom= conf=0
[1;36m09:14:33[0m [1;32mx13[0m [1;36m#235[0m SKIP tension=[1;36m0.00003583[0m [0m| momentum_too_small [1;31mconf=0.0[0m
mode=OFF radar_adj=0 mom= conf=0
[1;36m09:14:41[0m [1;32mx13[0m [1;36m#236[0m SKIP tension=[1;36m0.00002430[0m [0m| momentum_too_small [1;31mconf=0.0[0m
mode=OFF radar_adj=0 mom= conf=0
[1;36m09:14:51[0m [1;32mx13[0m [1;36m#237[0m SKIP tension=[1;31m2.55504969[0m [0m| duo no_trigger
mode=OFF radar_adj=0 mom= conf=0
[1;36m09:14:59[0m [1;32mx13[0m [1;36m#238[0m SKIP tension=[1;36m0.00025116[0m [0m| momentum_too_small [1;31mconf=0.0003[0m
mode=OFF radar_adj=0 mom= conf=0
[1;36m09:15:07[0m [1;32mx13[0m [1;36m#239[0m SKIP tension=[1;36m0.00007249[0m [0m| momentum_too_small [1;31mconf=0.0001[0m
mode=OFF radar_adj=0 mom= conf=0
[1;36m09:15:16[0m [1;32mx13[0m [1;36m#240[0m SKIP tension=[1;36m0.65446465[0m [0m| wall_not_collapsed
mode=OFF radar_adj=0 mom= conf=0
[1;36m09:15:25[0m [1;32mx13[0m [1;36m#241[0m SKIP tension=[1;36m0.00009794[0m [0m| momentum_too_small [1;31mconf=0.0001[0m
mode=OFF radar_adj=0 mom= conf=0
[1;36m09:15:33[0m [1;32mx13[0m [1;36m#242[0m SKIP tension=[1;33m0.91686270[0m [0m| wall_not_collapsed
mode=OFF radar_adj=0 mom= conf=0
[1;36m09:15:43[0m [1;32mx13[0m [1;36m#243[0m SKIP tension=[1;36m0.00228571[0m [0m| momentum_too_small [1;31mconf=0.0024[0m
mode=OFF radar_adj=0 mom= conf=0
[1;36m09:15:51[0m [1;32mx13[0m [1;36m#244[0m SKIP tension=[1;36m0.00007821[0m [0m| momentum_too_small [1;31mconf=0.0001[0m
mode=OFF radar_adj=0 mom= conf=0
[1;36m09:16:00[0m [1;32mx13[0m [1;36m#245[0m SKIP tension=[1;36m0.00000000[0m [0m| momentum_too_small [1;31mconf=0.2237[0m
mode=OFF radar_adj=0 mom= conf=0
[1;36m09:16:08[0m [1;32mx13[0m [1;36m#246[0m SKIP tension=[1;36m0.00008060[0m [0m| momentum_too_small [1;31mconf=0.0001[0m
mode=OFF radar_adj=0 mom= conf=0
[1;36m09:16:17[0m [1;32mx13[0m [1;36m#247[0m SKIP tension=[1;36m0.08882230[0m [0m| direction_unclear [1;31mconf=0.0946[0m
mode=OFF radar_adj=0 mom= conf=0
[1;36m09:16:25[0m [1;32mx13[0m [1;36m#248[0m SKIP tension=[1;36m0.00006400[0m [0m| momentum_too_small [1;31mconf=0.0001[0m
mode=OFF radar_adj=0 mom= conf=0
[1;36m09:16:34[0m [1;32mx13[0m [1;36m#249[0m SKIP tension=[1;36m0.00008498[0m [0m| momentum_too_small [1;31mconf=0.0001[0m
mode=OFF radar_adj=0 mom= conf=0
[1;36m09:16:43[0m [1;32mx13[0m [1;36m#250[0m SKIP tension=[1;36m0.00001324[0m [0m| spread_too_wide [1;31mconf=0.0[0m
mode=OFF radar_adj=0 mom= conf=0
[1;36m09:16:52[0m [1;32mx13[0m [1;36m#251[0m SKIP tension=[1;36m0.00001772[0m [0m| momentum_too_small [1;31mconf=0.0[0m
mode=OFF radar_adj=0 mom= conf=0
[1;36m09:17:00[0m [1;32mx13[0m [1;36m#252[0m SKIP tension=[1;36m0.00001529[0m [0m| momentum_too_small [1;31mconf=0.0[0m
mode=OFF radar_adj=0 mom= conf=0
[1;36m09:17:09[0m [1;32mx13[0m [1;36m#253[0m SKIP tension=[1;36m0.00002079[0m [0m| momentum_too_small [1;31mconf=0.0[0m
mode=OFF radar_adj=0 mom= conf=0
[1;36m09:17:17[0m [1;32mx13[0m [1;36m#254[0m SKIP tension=[1;36m0.31359626[0m [0m| spread_too_wide [1;31mconf=0.2613[0m
mode=OFF radar_adj=0 mom= conf=0
[1;36m09:17:26[0m [1;32mx13[0m [1;36m#255[0m SKIP tension=[1;36m0.00000000[0m [0m| spread_too_wide [1;31mconf=0.0[0m
mode=OFF radar_adj=0 mom= conf=0
[1;36m09:17:34[0m [1;32mx13[0m [1;36m#256[0m SKIP tension=[1;36m0.27976269[0m [0m| wall_not_collapsed
mode=OFF radar_adj=0 mom= conf=0
[1;36m09:17:43[0m [1;32mx13[0m [1;36m#257[0m SKIP tension=[1;31m4.29088899[0m [0m| duo no_trigger
mode=OFF radar_adj=0 mom= conf=0
[1;36m09:17:52[0m [1;32mx13[0m [1;36m#258[0m SKIP tension=[1;36m0.00000000[0m [0m| momentum_too_small [1;31mconf=0.3441[0m
mode=OFF radar_adj=0 mom= conf=0
[1;36m09:18:00[0m [1;32mx13[0m [1;36m#259[0m SKIP tension=[1;31m7.05956237[0m [0m| duo no_trigger
mode=OFF radar_adj=0 mom= conf=0
[1;36m09:18:09[0m [1;32mx13[0m [1;36m#260[0m SKIP tension=[1;36m0.00460296[0m [0m| momentum_too_small [1;31mconf=0.0076[0m
mode=OFF radar_adj=0 mom= conf=0
[1;36m09:18:18[0m [1;32mx13[0m [1;36m#261[0m SKIP tension=[1;36m0.00000243[0m [0m| momentum_too_small [1;31mconf=0.0[0m
mode=OFF radar_adj=0 mom= conf=0
[1;36m09:18:26[0m [1;32mx13[0m [1;36m#262[0m SKIP tension=[1;36m0.00401271[0m [0m| momentum_too_small [1;31mconf=0.0065[0m
mode=OFF radar_adj=0 mom= conf=0
[1;36m09:18:36[0m [1;32mx13[0m [1;36m#263[0m SKIP tension=[1;36m0.06711252[0m [0m| direction_unclear [1;31mconf=0.1112[0m
mode=OFF radar_adj=0 mom= conf=0
[1;36m09:18:44[0m [1;32mx13[0m [1;36m#264[0m SKIP tension=[1;36m0.00000000[0m [0m| momentum_too_small [1;31mconf=0.348[0m
mode=OFF radar_adj=0 mom= conf=0
[1;36m09:18:52[0m [1;32mx13[0m [1;36m#265[0m SKIP tension=[1;36m0.00000255[0m [0m| momentum_too_small [1;31mconf=0.0[0m
mode=OFF radar_adj=0 mom= conf=0
[1;36m09:19:02[0m [1;32mx13[0m [1;36m#266[0m SKIP tension=[1;36m0.00411616[0m [0m| momentum_too_small [1;31mconf=0.0067[0m
mode=OFF radar_adj=0 mom= conf=0
[1;36m09:19:10[0m [1;32mx13[0m [1;36m#267[0m SKIP tension=[1;36m0.05848033[0m [0m| direction_unclear [1;31mconf=0.0956[0m
mode=OFF radar_adj=0 mom= conf=0
[1;36m09:19:18[0m [1;32mx13[0m [1;36m#268[0m SKIP tension=[1;36m0.26833658[0m [0m| wall_not_collapsed
mode=OFF radar_adj=0 mom= conf=0
[1;36m09:19:27[0m [1;32mx13[0m [1;36m#269[0m SKIP tension=[1;36m0.00000000[0m [0m| momentum_too_small [1;31mconf=0.3374[0m
mode=OFF radar_adj=0 mom= conf=0
[1;36m09:19:36[0m [1;32mx13[0m [1;36m#270[0m SKIP tension=[1;36m0.02175391[0m [0m| direction_unclear [1;31mconf=0.0362[0m
mode=OFF radar_adj=0 mom= conf=0
[1;36m09:19:44[0m [1;32mx13[0m [1;36m#271[0m SKIP tension=[1;36m0.00004130[0m [0m| momentum_too_small [1;31mconf=0.0001[0m
mode=OFF radar_adj=0 mom= conf=0
[1;36m09:19:53[0m [1;32mx13[0m [1;36m#272[0m SKIP tension=[1;36m0.00000000[0m [0m| momentum_too_small [1;31mconf=0.348[0m
mode=OFF radar_adj=0 mom= conf=0
[1;36m09:20:02[0m [1;32mx13[0m [1;36m#273[0m SKIP tension=[1;36m0.36011997[0m [0m| wall_not_collapsed
mode=OFF radar_adj=0 mom= conf=0
[1;36m09:20:10[0m [1;32mx13[0m [1;36m#274[0m SKIP tension=[1;36m0.33586225[0m [0m| wall_not_collapsed
mode=OFF radar_adj=0 mom= conf=0
[1;36m09:20:19[0m [1;32mx13[0m [1;36m#275[0m SKIP tension=[1;36m0.00000741[0m [0m| momentum_too_small [1;31mconf=0.0[0m
mode=OFF radar_adj=0 mom= conf=0
[1;36m09:20:29[0m [1;32mx13[0m [1;36m#276[0m SKIP tension=[1;36m0.00000000[0m [0m| momentum_too_small [1;31mconf=0.3474[0m
mode=OFF radar_adj=0 mom= conf=0
[1;36m09:20:37[0m [1;32mx13[0m [1;36m#277[0m SKIP tension=[1;36m0.00000000[0m [0m| momentum_too_small [1;31mconf=0.3474[0m
mode=OFF radar_adj=0 mom= conf=0
[1;36m09:20:46[0m [1;32mx13[0m [1;36m#278[0m SKIP tension=[1;36m0.00000000[0m [0m| momentum_too_small [1;31mconf=0.3493[0m
mode=OFF radar_adj=0 mom= conf=0
[1;36m09:20:55[0m [1;32mx13[0m [1;36m#279[0m SKIP tension=[1;36m0.00005592[0m [0m| momentum_too_small [1;31mconf=0.0001[0m
mode=OFF radar_adj=0 mom= conf=0
[1;36m09:21:04[0m [1;32mx13[0m [1;36m#280[0m SKIP tension=[1;36m0.00000000[0m [0m| momentum_too_small [1;31mconf=0.346[0m
mode=OFF radar_adj=0 mom= conf=0
[1;36m09:21:12[0m [1;32mx13[0m [1;36m#281[0m SKIP tension=[1;36m0.00350047[0m [0m| momentum_too_small [1;31mconf=0.0058[0m
mode=OFF radar_adj=0 mom= conf=0
[1;36m09:21:20[0m [1;32mx13[0m [1;36m#282[0m SKIP tension=[1;36m0.00007004[0m [0m| momentum_too_small [1;31mconf=0.0001[0m
mode=OFF radar_adj=0 mom= conf=0
[1;36m09:21:29[0m [1;32mx13[0m [1;36m#283[0m SKIP tension=[1;36m0.00002806[0m [0m| momentum_too_small [1;31mconf=0.0[0m
mode=OFF radar_adj=0 mom= conf=0
[1;36m09:21:38[0m [1;32mx13[0m [1;36m#284[0m SKIP tension=[1;36m0.00003632[0m [0m| momentum_too_small [1;31mconf=0.0001[0m
mode=OFF radar_adj=0 mom= conf=0
[1;36m09:21:46[0m [1;32mx13[0m [1;36m#285[0m SKIP tension=[1;36m0.00012866[0m [0m| momentum_too_small [1;31mconf=0.0002[0m
mode=OFF radar_adj=0 mom= conf=0
[1;36m09:21:55[0m [1;32mx13[0m [1;36m#286[0m SKIP tension=[1;36m0.14766001[0m [0m| direction_unclear [1;31mconf=0.2419[0m
mode=OFF radar_adj=0 mom= conf=0
[1;36m09:22:04[0m [1;32mx13[0m [1;36m#287[0m SKIP tension=[1;36m0.00005256[0m [0m| momentum_too_small [1;31mconf=0.0001[0m
mode=OFF radar_adj=0 mom= conf=0
[1;36m09:22:12[0m [1;32mx13[0m [1;36m#288[0m SKIP tension=[1;36m0.00000000[0m [0m| momentum_too_small [1;31mconf=0.2826[0m
mode=OFF radar_adj=0 mom= conf=0
[1;36m09:22:21[0m [1;32mx13[0m [1;36m#289[0m SKIP tension=[1;36m0.00025008[0m [0m| momentum_too_small [1;31mconf=0.0003[0m
mode=OFF radar_adj=0 mom= conf=0
[1;36m09:22:30[0m [1;32mx13[0m [1;36m#290[0m SKIP tension=[1;36m0.01023399[0m [0m| direction_unclear [1;31mconf=0.0138[0m
mode=OFF radar_adj=0 mom= conf=0
[1;36m09:22:39[0m [1;32mx13[0m [1;36m#291[0m SKIP tension=[1;36m0.00000000[0m [0m| momentum_too_small [1;31mconf=0.2687[0m
mode=OFF radar_adj=0 mom= conf=0
[1;36m09:22:47[0m [1;32mx13[0m [1;36m#292[0m SKIP tension=[1;36m0.00003873[0m [0m| momentum_too_small [1;31mconf=0.0[0m
mode=OFF radar_adj=0 mom= conf=0
[1;36m09:22:56[0m [1;32mx13[0m [1;36m#293[0m SKIP tension=[1;36m0.00000000[0m [0m| spread_too_wide [1;31mconf=0.0[0m
mode=OFF radar_adj=0 mom= conf=0
[1;36m09:23:05[0m [1;32mx13[0m [1;36m#294[0m SKIP tension=[1;36m0.00017091[0m [0m| spread_too_wide [1;31mconf=0.0001[0m
mode=OFF radar_adj=0 mom= conf=0
[1;36m09:23:13[0m [1;32mx13[0m [1;36m#295[0m SKIP tension=[1;36m0.00000000[0m [0m| momentum_too_small [1;31mconf=0.2509[0m
mode=OFF radar_adj=0 mom= conf=0
[1;36m09:23:23[0m [1;32mx13[0m [1;36m#296[0m SKIP tension=[1;36m0.00000000[0m [0m| momentum_too_small [1;31mconf=0.1775[0m
mode=OFF radar_adj=0 mom= conf=0
[1;36m09:23:33[0m [1;32mx13[0m [1;36m#297[0m SKIP tension=[1;36m0.00000000[0m [0m| momentum_too_small [1;31mconf=0.1775[0m
mode=OFF radar_adj=0 mom= conf=0
[1;36m09:23:41[0m [1;32mx13[0m [1;36m#298[0m SKIP tension=[1;36m0.00001476[0m [0m| momentum_too_small [1;31mconf=0.0[0m
mode=OFF radar_adj=0 mom= conf=0
[1;36m09:23:50[0m [1;32mx13[0m [1;36m#299[0m SKIP tension=[1;36m0.17561552[0m [0m| spread_too_wide [1;31mconf=0.1463[0m
mode=OFF radar_adj=0 mom= conf=0
[1;36m09:23:59[0m [1;32mx13[0m [1;36m#300[0m SKIP tension=[1;36m0.00084402[0m [0m| spread_too_wide [1;31mconf=0.0007[0m
mode=OFF radar_adj=0 mom= conf=0
[1;36m09:24:07[0m [1;32mx13[0m [1;36m#301[0m SKIP tension=[1;36m0.00000000[0m [0m| spread_too_wide [1;31mconf=0.0[0m
mode=OFF radar_adj=0 mom= conf=0
[1;36m09:24:16[0m [1;32mx13[0m [1;36m#302[0m SKIP tension=[1;36m0.00004930[0m [0m| momentum_too_small [1;31mconf=0.0001[0m
mode=OFF radar_adj=0 mom= conf=0
[1;36m09:24:24[0m [1;32mx13[0m [1;36m#303[0m SKIP tension=[1;36m0.00000672[0m [0m| momentum_too_small [1;31mconf=0.0[0m
mode=OFF radar_adj=0 mom= conf=0
[1;36m09:24:33[0m [1;32mx13[0m [1;36m#304[0m SKIP tension=[1;36m0.01199667[0m [0m| direction_unclear [1;31mconf=0.0178[0m
mode=OFF radar_adj=0 mom= conf=0
[1;36m09:24:41[0m [1;32mx13[0m [1;36m#305[0m SKIP tension=[1;36m0.28982751[0m [0m| wall_not_collapsed
mode=OFF radar_adj=0 mom= conf=0
[1;36m09:24:50[0m [1;32mx13[0m [1;36m#306[0m SKIP tension=[1;36m0.00000000[0m [0m| momentum_too_small [1;31mconf=0.3117[0m
mode=OFF radar_adj=0 mom= conf=0
[1;36m09:24:58[0m [1;32mx13[0m [1;36m#307[0m SKIP tension=[1;36m0.00000000[0m [0m| momentum_too_small [1;31mconf=0.2793[0m
mode=OFF radar_adj=0 mom= conf=0
[1;36m09:25:08[0m [1;32mx13[0m [1;36m#308[0m SKIP tension=[1;36m0.00016698[0m [0m| spread_too_wide [1;31mconf=0.0001[0m
mode=OFF radar_adj=0 mom= conf=0
[1;36m09:25:16[0m [1;32mx13[0m [1;36m#309[0m SKIP tension=[1;36m0.00304322[0m [0m| spread_too_wide [1;31mconf=0.0025[0m
mode=OFF radar_adj=0 mom= conf=0
[1;36m09:25:24[0m [1;32mx13[0m [1;36m#310[0m SKIP tension=[1;36m0.27388699[0m [0m| spread_too_wide [1;31mconf=0.2282[0m
mode=OFF radar_adj=0 mom= conf=0
[1;36m09:25:33[0m [1;32mx13[0m [1;36m#311[0m SKIP tension=[1;36m0.00046323[0m [0m| spread_too_wide [1;31mconf=0.0004[0m
mode=OFF radar_adj=0 mom= conf=0
[1;36m09:25:42[0m [1;32mx13[0m [1;36m#312[0m SKIP tension=[1;36m0.00000000[0m [0m| spread_too_wide [1;31mconf=0.0[0m
mode=OFF radar_adj=0 mom= conf=0
[1;36m09:25:51[0m [1;32mx13[0m [1;36m#313[0m SKIP tension=[1;36m0.00000074[0m [0m| spread_too_wide [1;31mconf=0.0[0m
mode=OFF radar_adj=0 mom= conf=0
[1;36m09:25:59[0m [1;32mx13[0m [1;36m#314[0m SKIP tension=[1;36m0.00000074[0m [0m| momentum_too_small [1;31mconf=0.0[0m
mode=OFF radar_adj=0 mom= conf=0
[1;36m09:26:09[0m [1;32mx13[0m [1;36m#315[0m SKIP tension=[1;36m0.00000000[0m [0m| momentum_too_small [1;31mconf=0.317[0m
mode=OFF radar_adj=0 mom= conf=0
[1;36m09:26:17[0m [1;32mx13[0m [1;36m#316[0m SKIP tension=[1;36m0.00002235[0m [0m| momentum_too_small [1;31mconf=0.0[0m
mode=OFF radar_adj=0 mom= conf=0
[1;36m09:26:26[0m [1;32mx13[0m [1;36m#317[0m SKIP tension=[1;36m0.00002864[0m [0m| momentum_too_small [1;31mconf=0.0[0m
mode=OFF radar_adj=0 mom= conf=0
[1;36m09:26:35[0m [1;32mx13[0m [1;36m#318[0m SKIP tension=[1;36m0.00014608[0m [0m| momentum_too_small [1;31mconf=0.0002[0m
mode=OFF radar_adj=0 mom= conf=0
[1;36m09:26:43[0m [1;32mx13[0m [1;36m#319[0m SKIP tension=[1;36m0.00003876[0m [0m| momentum_too_small [1;31mconf=0.0[0m
mode=OFF radar_adj=0 mom= conf=0
[1;36m09:26:51[0m [1;32mx13[0m [1;36m#320[0m SKIP tension=[1;36m0.01672872[0m [0m| direction_unclear [1;31mconf=0.0192[0m
mode=OFF radar_adj=0 mom= conf=0
[1;36m09:27:00[0m [1;32mx13[0m [1;36m#321[0m SKIP tension=[1;36m0.00000000[0m [0m| momentum_too_small [1;31mconf=0.2416[0m
mode=OFF radar_adj=0 mom= conf=0
[1;36m09:27:08[0m [1;32mx13[0m [1;36m#322[0m SKIP tension=[1;36m0.00000000[0m [0m| momentum_too_small [1;31mconf=0.2416[0m
mode=OFF radar_adj=0 mom= conf=0
[1;36m09:27:16[0m [1;32mx13[0m [1;36m#323[0m SKIP tension=[1;36m0.00000000[0m [0m| momentum_too_small [1;31mconf=0.2416[0m
mode=OFF radar_adj=0 mom= conf=0
[1;36m09:27:25[0m [1;32mx13[0m [1;36m#324[0m SKIP tension=[1;36m0.35700618[0m [0m| wall_not_collapsed
mode=OFF radar_adj=0 mom= conf=0
[1;36m09:27:33[0m [1;32mx13[0m [1;36m#325[0m SKIP tension=[1;36m0.00000000[0m [0m| momentum_too_small [1;31mconf=0.3051[0m
mode=OFF radar_adj=0 mom= conf=0
[1;36m09:27:42[0m [1;32mx13[0m [1;36m#326[0m SKIP tension=[1;32m1.44148664[0m [0m| cold < 2.5 (vortex=OFF)
mode=OFF radar_adj=0 mom= conf=0
[1;36m09:27:50[0m [1;32mx13[0m [1;36m#327[0m SKIP tension=[1;36m0.00003588[0m [0m| momentum_too_small [1;31mconf=0.0001[0m
mode=OFF radar_adj=0 mom= conf=0
[1;36m09:27:58[0m [1;32mx13[0m [1;36m#328[0m SKIP tension=[1;36m0.00000000[0m [0m| momentum_too_small [1;31mconf=0.3289[0m
mode=OFF radar_adj=0 mom= conf=0
[1;36m09:28:06[0m [1;32mx13[0m [1;36m#329[0m SKIP tension=[1;36m0.00000619[0m [0m| momentum_too_small [1;31mconf=0.0[0m
mode=OFF radar_adj=0 mom= conf=0
[1;36m09:28:15[0m [1;32mx13[0m [1;36m#330[0m SKIP tension=[1;36m0.00002252[0m [0m| momentum_too_small [1;31mconf=0.0[0m
mode=OFF radar_adj=0 mom= conf=0
[1;36m09:28:23[0m [1;32mx13[0m [1;36m#331[0m SKIP tension=[1;36m0.42352943[0m [0m| wall_not_collapsed
mode=OFF radar_adj=0 mom= conf=0
[1;36m09:28:32[0m [1;32mx13[0m [1;36m#332[0m SKIP tension=[1;36m0.00000000[0m [0m| momentum_too_small [1;31mconf=0.2152[0m
mode=OFF radar_adj=0 mom= conf=0
[1;36m09:28:40[0m [1;32mx13[0m [1;36m#333[0m SKIP tension=[1;36m0.00000000[0m [0m| momentum_too_small [1;31mconf=0.2152[0m
mode=OFF radar_adj=0 mom= conf=0
[1;36m09:28:49[0m [1;32mx13[0m [1;36m#334[0m SKIP tension=[1;36m0.32448628[0m [0m| wall_not_collapsed
mode=OFF radar_adj=0 mom= conf=0
[1;36m09:28:57[0m [1;32mx13[0m [1;36m#335[0m SKIP tension=[1;36m0.41663328[0m [0m| wall_not_collapsed
mode=OFF radar_adj=0 mom= conf=0
[1;36m09:29:05[0m [1;32mx13[0m [1;36m#336[0m SKIP tension=[1;36m0.00023519[0m [0m| momentum_too_small [1;31mconf=0.0003[0m
mode=OFF radar_adj=0 mom= conf=0
[1;36m09:29:14[0m [1;32mx13[0m [1;36m#337[0m SKIP tension=[1;36m0.00018989[0m [0m| momentum_too_small [1;31mconf=0.0003[0m
mode=OFF radar_adj=0 mom= conf=0
[1;36m09:29:23[0m [1;32mx13[0m [1;36m#338[0m SKIP tension=[1;31m5.29260396[0m [0m| duo no_trigger
mode=OFF radar_adj=0 mom= conf=0
[1;36m09:29:32[0m [1;32mx13[0m [1;36m#339[0m SKIP tension=[1;31m5.68925710[0m [0m| duo no_trigger
mode=OFF radar_adj=0 mom= conf=0
[1;36m09:29:42[0m [1;32mx13[0m [1;36m#340[0m SKIP tension=[1;36m0.00020451[0m [0m| momentum_too_small [1;31mconf=0.0003[0m
mode=OFF radar_adj=0 mom= conf=0
[1;36m09:29:50[0m [1;32mx13[0m [1;36m#341[0m SKIP tension=[1;36m0.00004705[0m [0m| momentum_too_small [1;31mconf=0.0001[0m
mode=OFF radar_adj=0 mom= conf=0
[1;36m09:29:58[0m [1;32mx13[0m [1;36m#342[0m SKIP tension=[1;36m0.00627341[0m [0m| momentum_too_small [1;31mconf=0.0083[0m
mode=OFF radar_adj=0 mom= conf=0
[1;36m09:30:07[0m [1;32mx13[0m [1;36m#343[0m SKIP tension=[1;36m0.00002517[0m [0m| momentum_too_small [1;31mconf=0.0[0m
mode=OFF radar_adj=0 mom= conf=0
[1;36m09:30:16[0m [1;32mx13[0m [1;36m#344[0m SKIP tension=[1;36m0.00292268[0m [0m| momentum_too_small [1;31mconf=0.0039[0m
mode=OFF radar_adj=0 mom= conf=0
[1;36m09:30:24[0m [1;32mx13[0m [1;36m#345[0m SKIP tension=[1;36m0.00000000[0m [0m| momentum_too_small [1;31mconf=0.2793[0m
mode=OFF radar_adj=0 mom= conf=0
[1;36m09:30:32[0m [1;32mx13[0m [1;36m#346[0m SKIP tension=[1;36m0.65636059[0m [0m| wall_not_collapsed
mode=OFF radar_adj=0 mom= conf=0
[1;36m09:30:41[0m [1;32mx13[0m [1;36m#347[0m SKIP tension=[1;36m0.00033693[0m [0m| momentum_too_small [1;31mconf=0.0005[0m
mode=OFF radar_adj=0 mom= conf=0
[1;36m09:30:51[0m [1;32mx13[0m [1;36m#348[0m SKIP tension=[1;36m0.00000000[0m [0m| momentum_too_small [1;31mconf=0.2793[0m
mode=OFF radar_adj=0 mom= conf=0
[1;36m09:30:59[0m [1;32mx13[0m [1;36m#349[0m SKIP tension=[1;36m0.00000000[0m [0m| momentum_too_small [1;31mconf=0.3216[0m
mode=OFF radar_adj=0 mom= conf=0
[1;36m09:31:08[0m [1;32mx13[0m [1;36m#350[0m SKIP tension=[1;36m0.00000321[0m [0m| momentum_too_small [1;31mconf=0.0[0m
mode=OFF radar_adj=0 mom= conf=0
[1;36m09:31:16[0m [1;32mx13[0m [1;36m#351[0m SKIP tension=[1;36m0.00000000[0m [0m| momentum_too_small [1;31mconf=0.278[0m
mode=OFF radar_adj=0 mom= conf=0
[1;36m09:31:24[0m [1;32mx13[0m [1;36m#352[0m SKIP tension=[1;36m0.00000000[0m [0m| momentum_too_small [1;31mconf=0.3031[0m
mode=OFF radar_adj=0 mom= conf=0
[1;36m09:31:33[0m [1;32mx13[0m [1;36m#353[0m SKIP tension=[1;32m1.72620276[0m [0m| cold < 2.5 (vortex=OFF)
mode=OFF radar_adj=0 mom= conf=0
[1;36m09:31:42[0m [1;32mx13[0m [1;36m#354[0m SKIP tension=[1;36m0.00000000[0m [0m| momentum_too_small [1;31mconf=0.2952[0m
mode=OFF radar_adj=0 mom= conf=0
[1;36m09:31:51[0m [1;32mx13[0m [1;36m#355[0m SKIP tension=[1;36m0.08912132[0m [0m| direction_unclear [1;31mconf=0.1253[0m
mode=OFF radar_adj=0 mom= conf=0
shockwave alpha->beta until_cycle=366
[1;33mSWARM shockwave[0m [0m| alpha -> neighbor (shock_inversion_stop)[0m
[1;36mCycle 356[0m [1;32mSOFT anomaly[0m [1;33m| pnl_abs=1.18172000 > 0.02500000[0m
[1;36mentry=09:32:04@66208.40000000[0m [1;32mx13[0m [1;36m#356[0m [1;31mSELL[0m tension=[1;31m5.03650701[0m hold=[1;36m6[0ms sec=[1;36m6[0m [0m| exit=66211.50000000 [1;32mconf=0.9717[0m [1;36mexit_time=09:32:10[0m [1;31mpnl=-1.18172000 bps=-0.46821853 pct=-0.00468219% total=-0.18719000000000013[0m
mode=OFF radar_adj=0 mom= conf=0
[1;36m09:32:21[0m [1;32mx13[0m [1;36m#357[0m SKIP tension=[1;36m0.04811715[0m [0m| direction_unclear [1;31mconf=0.0778[0m
mode=OFF radar_adj=0 mom= conf=0
[1;36m09:32:30[0m [1;32mx13[0m [1;36m#358[0m SKIP tension=[1;36m0.00000000[0m [0m| spread_too_wide [1;31mconf=0.0[0m
mode=OFF radar_adj=0 mom= conf=0
[1;36m09:32:39[0m [1;32mx13[0m [1;36m#359[0m SKIP tension=[1;36m0.00000000[0m [0m| momentum_too_small [1;31mconf=0.3454[0m
mode=OFF radar_adj=0 mom= conf=0
[1;36m09:32:49[0m [1;32mx13[0m [1;36m#360[0m SKIP tension=[1;36m0.69544531[0m [0m| wall_not_collapsed
mode=OFF radar_adj=0 mom= conf=0
[1;36m09:32:57[0m [1;32mx13[0m [1;36m#361[0m SKIP tension=[1;36m0.45554119[0m [0m| wall_not_collapsed
mode=OFF radar_adj=0 mom= conf=0
[1;36m09:33:06[0m [1;32mx13[0m [1;36m#362[0m SKIP tension=[1;32m1.04919839[0m [0m| cold < 2.5 (vortex=OFF)
mode=OFF radar_adj=0 mom= conf=0
[1;36m09:33:16[0m [1;32mx13[0m [1;36m#363[0m SKIP tension=[1;36m0.00000000[0m [0m| momentum_too_small [1;31mconf=0.3434[0m
mode=OFF radar_adj=0 mom= conf=0
[1;36m09:33:25[0m [1;32mx13[0m [1;36m#364[0m SKIP tension=[1;36m0.00000000[0m [0m| momentum_too_small [1;31mconf=0.3434[0m
mode=OFF radar_adj=0 mom= conf=0
[1;36m09:33:33[0m [1;32mx13[0m [1;36m#365[0m SKIP tension=[1;36m0.00000000[0m [0m| momentum_too_small [1;31mconf=0.3434[0m
mode=OFF radar_adj=0 mom= conf=0
[1;36m09:33:43[0m [1;32mx13[0m [1;36m#366[0m SKIP tension=[1;36m0.56115357[0m [0m| wall_not_collapsed
mode=OFF radar_adj=0 mom= conf=0
[1;36m09:33:51[0m [1;32mx13[0m [1;36m#367[0m SKIP tension=[1;32m1.40335795[0m [0m| cold < 2.5 (vortex=OFF)
mode=OFF radar_adj=0 mom= conf=0
[1;36m09:34:00[0m [1;32mx13[0m [1;36m#368[0m SKIP tension=[1;36m0.00000000[0m [0m| momentum_too_small [1;31mconf=0.3493[0m
mode=OFF radar_adj=0 mom= conf=0
[1;36m09:34:09[0m [1;32mx13[0m [1;36m#369[0m SKIP tension=[1;36m0.00002552[0m [0m| momentum_too_small [1;31mconf=0.0[0m
mode=OFF radar_adj=0 mom= conf=0
[1;36m09:34:18[0m [1;32mx13[0m [1;36m#370[0m SKIP tension=[1;31m2.77744426[0m [0m| duo stale_state
mode=OFF radar_adj=0 mom= conf=0
[1;36m09:34:27[0m [1;32mx13[0m [1;36m#371[0m SKIP tension=[1;36m0.00000000[0m [0m| momentum_too_small [1;31mconf=0.3427[0m
mode=OFF radar_adj=0 mom= conf=0
[1;36m09:34:36[0m [1;32mx13[0m [1;36m#372[0m SKIP tension=[1;36m0.00000000[0m [0m| momentum_too_small [1;31mconf=0.3427[0m
mode=OFF radar_adj=0 mom= conf=0
[1;36m09:34:45[0m [1;32mx13[0m [1;36m#373[0m SKIP tension=[1;36m0.00000000[0m [0m| momentum_too_small [1;31mconf=0.3427[0m
mode=OFF radar_adj=0 mom= conf=0
[1;36m09:34:54[0m [1;32mx13[0m [1;36m#374[0m SKIP tension=[1;36m0.00007019[0m [0m| momentum_too_small [1;31mconf=0.0001[0m
mode=OFF radar_adj=0 mom= conf=0
[1;36m09:35:04[0m [1;32mx13[0m [1;36m#375[0m SKIP tension=[1;36m0.39721821[0m [0m| wall_not_collapsed
mode=OFF radar_adj=0 mom= conf=0
[1;36m09:35:13[0m [1;32mx13[0m [1;36m#376[0m SKIP tension=[1;36m0.07648522[0m [0m| direction_unclear [1;31mconf=0.1246[0m
mode=OFF radar_adj=0 mom= conf=0
[1;36m09:35:21[0m [1;32mx13[0m [1;36m#377[0m SKIP tension=[1;36m0.00002837[0m [0m| momentum_too_small [1;31mconf=0.0[0m
mode=OFF radar_adj=0 mom= conf=0
[1;36m09:35:30[0m [1;32mx13[0m [1;36m#378[0m SKIP tension=[1;36m0.00000000[0m [0m| momentum_too_small [1;31mconf=0.3051[0m
mode=OFF radar_adj=0 mom= conf=0
[1;36m09:35:39[0m [1;32mx13[0m [1;36m#379[0m SKIP tension=[1;36m0.04746348[0m [0m| direction_unclear [1;31mconf=0.069[0m
mode=OFF radar_adj=0 mom= conf=0
[1;36m09:35:48[0m [1;32mx13[0m [1;36m#380[0m SKIP tension=[1;36m0.00000000[0m [0m| momentum_too_small [1;31mconf=0.3031[0m
mode=OFF radar_adj=0 mom= conf=0
[1;36m09:35:57[0m [1;32mx13[0m [1;36m#381[0m SKIP tension=[1;36m0.00010862[0m [0m| momentum_too_small [1;31mconf=0.0002[0m
mode=OFF radar_adj=0 mom= conf=0
[1;36m09:36:05[0m [1;32mx13[0m [1;36m#382[0m SKIP tension=[1;36m0.00000000[0m [0m| momentum_too_small [1;31mconf=0.3031[0m
mode=OFF radar_adj=0 mom= conf=0
[1;36m09:36:15[0m [1;32mx13[0m [1;36m#383[0m SKIP tension=[1;31m3.17804382[0m [0m| duo stale_state
mode=OFF radar_adj=0 mom= conf=0
[1;36m09:36:24[0m [1;32mx13[0m [1;36m#384[0m SKIP tension=[1;36m0.00000000[0m [0m| momentum_too_small [1;31mconf=0.3031[0m
mode=OFF radar_adj=0 mom= conf=0
[1;36m09:36:33[0m [1;32mx13[0m [1;36m#385[0m SKIP tension=[1;36m0.63178682[0m [0m| wall_not_collapsed
mode=OFF radar_adj=0 mom= conf=0
[1;36m09:36:42[0m [1;32mx13[0m [1;36m#386[0m SKIP tension=[1;36m0.00000000[0m [0m| momentum_too_small [1;31mconf=0.3031[0m
mode=OFF radar_adj=0 mom= conf=0
[1;36m09:36:51[0m [1;32mx13[0m [1;36m#387[0m SKIP tension=[1;32m1.79607502[0m [0m| cold < 2.5 (vortex=OFF)
mode=OFF radar_adj=0 mom= conf=0
[1;36m09:37:00[0m [1;32mx13[0m [1;36m#388[0m SKIP tension=[1;31m3.32964654[0m [0m| duo stale_state
mode=OFF radar_adj=0 mom= conf=0
[1;36m09:37:10[0m [1;32mx13[0m [1;36m#389[0m SKIP tension=[1;32m1.35052152[0m [0m| cold < 2.5 (vortex=OFF)
mode=OFF radar_adj=0 mom= conf=0
[1;36m09:37:19[0m [1;32mx13[0m [1;36m#390[0m SKIP tension=[1;36m0.00000837[0m [0m| momentum_too_small [1;31mconf=0.0[0m
mode=OFF radar_adj=0 mom= conf=0
[1;36m09:37:28[0m [1;32mx13[0m [1;36m#391[0m SKIP tension=[1;31m5.79865070[0m [0m| duo stale_state
mode=OFF radar_adj=0 mom= conf=0
[1;36m09:37:36[0m [1;32mx13[0m [1;36m#392[0m SKIP tension=[1;36m0.00000000[0m [0m| momentum_too_small [1;31mconf=0.3031[0m
mode=OFF radar_adj=0 mom= conf=0
[1;36m09:37:46[0m [1;32mx13[0m [1;36m#393[0m SKIP tension=[1;31m2.32378648[0m [0m| cold < 2.5 (vortex=OFF)
mode=OFF radar_adj=0 mom= conf=0
[1;36m09:37:54[0m [1;32mx13[0m [1;36m#394[0m SKIP tension=[1;36m0.06046518[0m [0m| direction_unclear [1;31mconf=0.0873[0m
mode=OFF radar_adj=0 mom= conf=0
[1;36m09:38:03[0m [1;32mx13[0m [1;36m#395[0m SKIP tension=[1;36m0.68211846[0m [0m| wall_not_collapsed
mode=OFF radar_adj=0 mom= conf=0
[1;36m09:38:13[0m [1;32mx13[0m [1;36m#396[0m SKIP tension=[1;36m0.00000000[0m [0m| momentum_too_small [1;31mconf=0.3084[0m
mode=OFF radar_adj=0 mom= conf=0
[1;36m09:38:23[0m [1;32mx13[0m [1;36m#397[0m SKIP tension=[1;36m0.00000000[0m [0m| momentum_too_small [1;31mconf=0.3084[0m
mode=OFF radar_adj=0 mom= conf=0
[1;36m09:38:32[0m [1;32mx13[0m [1;36m#398[0m SKIP tension=[1;31m7.79007803[0m [0m| duo stale_state
mode=OFF radar_adj=0 mom= conf=0
[1;36m09:38:41[0m [1;32mx13[0m [1;36m#399[0m SKIP tension=[1;36m0.00009676[0m [0m| momentum_too_small [1;31mconf=0.0001[0m
mode=OFF radar_adj=0 mom= conf=0
[1;36m09:38:49[0m [1;32mx13[0m [1;36m#400[0m SKIP tension=[1;36m0.00000000[0m [0m| momentum_too_small [1;31mconf=0.3084[0m
mode=OFF radar_adj=0 mom= conf=0
[1;36m09:39:00[0m [1;32mx13[0m [1;36m#401[0m SKIP tension=[1;36m0.03169251[0m [0m| direction_unclear [1;31mconf=0.0465[0m
mode=OFF radar_adj=0 mom= conf=0
[1;36m09:39:08[0m [1;32mx13[0m [1;36m#402[0m SKIP tension=[1;36m0.00192422[0m [0m| momentum_too_small [1;31mconf=0.0028[0m
mode=OFF radar_adj=0 mom= conf=0
[1;36m09:39:17[0m [1;32mx13[0m [1;36m#403[0m SKIP tension=[1;32m1.56891212[0m [0m| cold < 2.5 (vortex=OFF)
mode=OFF radar_adj=0 mom= conf=0
[1;36m09:39:26[0m [1;32mx13[0m [1;36m#404[0m SKIP tension=[1;32m1.05768718[0m [0m| cold < 2.5 (vortex=OFF)
mode=OFF radar_adj=0 mom= conf=0
[1;36m09:39:35[0m [1;32mx13[0m [1;36m#405[0m SKIP tension=[1;31m2.76201169[0m [0m| duo stale_state
mode=OFF radar_adj=0 mom= conf=0
[1;36m09:39:45[0m [1;32mx13[0m [1;36m#406[0m SKIP tension=[1;36m0.00000000[0m [0m| momentum_too_small [1;31mconf=0.3084[0m
mode=OFF radar_adj=0 mom= conf=0
[1;36m09:39:57[0m [1;32mx13[0m [1;36m#407[0m SKIP tension=[1;36m0.00000000[0m [0m| momentum_too_small [1;31mconf=0.3447[0m
mode=OFF radar_adj=0 mom= conf=0
[1;36m09:40:06[0m [1;32mx13[0m [1;36m#408[0m SKIP tension=[1;36m0.00046481[0m [0m| momentum_too_small [1;31mconf=0.0008[0m
mode=OFF radar_adj=0 mom= conf=0
[1;36m09:40:14[0m [1;32mx13[0m [1;36m#409[0m SKIP tension=[1;36m0.00025539[0m [0m| momentum_too_small [1;31mconf=0.0004[0m
mode=OFF radar_adj=0 mom= conf=0
[1;36m09:40:23[0m [1;32mx13[0m [1;36m#410[0m SKIP tension=[1;36m0.00093673[0m [0m| momentum_too_small [1;31mconf=0.0015[0m
mode=OFF radar_adj=0 mom= conf=0
[1;36m09:40:32[0m [1;32mx13[0m [1;36m#411[0m SKIP tension=[1;36m0.00000000[0m [0m| momentum_too_small [1;31mconf=0.3322[0m
mode=OFF radar_adj=0 mom= conf=0
[1;36m09:40:41[0m [1;32mx13[0m [1;36m#412[0m SKIP tension=[1;36m0.00000000[0m [0m| momentum_too_small [1;31mconf=0.3322[0m
mode=OFF radar_adj=0 mom= conf=0
[1;36m09:40:50[0m [1;32mx13[0m [1;36m#413[0m SKIP tension=[1;36m0.00000980[0m [0m| momentum_too_small [1;31mconf=0.0[0m
mode=OFF radar_adj=0 mom= conf=0
[1;36m09:40:58[0m [1;32mx13[0m [1;36m#414[0m SKIP tension=[1;36m0.30147426[0m [0m| wall_not_collapsed
mode=OFF radar_adj=0 mom= conf=0
[1;36m09:41:07[0m [1;32mx13[0m [1;36m#415[0m SKIP tension=[1;36m0.34426096[0m [0m| wall_not_collapsed
mode=OFF radar_adj=0 mom= conf=0
[1;36m09:41:16[0m [1;32mx13[0m [1;36m#416[0m SKIP tension=[1;36m0.00000000[0m [0m| momentum_too_small [1;31mconf=0.3322[0m
mode=OFF radar_adj=0 mom= conf=0
[1;36m09:41:25[0m [1;32mx13[0m [1;36m#417[0m SKIP tension=[1;31m4.22728934[0m [0m| duo stale_state
mode=OFF radar_adj=0 mom= conf=0
[1;36m09:41:35[0m [1;32mx13[0m [1;36m#418[0m SKIP tension=[1;36m0.01551964[0m [0m| direction_unclear [1;31mconf=0.0245[0m
mode=OFF radar_adj=0 mom= conf=0
[1;36m09:41:43[0m [1;32mx13[0m [1;36m#419[0m SKIP tension=[1;36m0.23620729[0m [0m| wall_not_collapsed
mode=OFF radar_adj=0 mom= conf=0
[1;36m09:41:52[0m [1;32mx13[0m [1;36m#420[0m SKIP tension=[1;36m0.02085720[0m [0m| direction_unclear [1;31mconf=0.033[0m
mode=OFF radar_adj=0 mom= conf=0
[1;36m09:42:01[0m [1;32mx13[0m [1;36m#421[0m SKIP tension=[1;36m0.00004823[0m [0m| momentum_too_small [1;31mconf=0.0001[0m
mode=OFF radar_adj=0 mom= conf=0
[1;36m09:42:09[0m [1;32mx13[0m [1;36m#422[0m SKIP tension=[1;36m0.46730979[0m [0m| wall_not_collapsed
mode=OFF radar_adj=0 mom= conf=0
[1;36m09:42:18[0m [1;32mx13[0m [1;36m#423[0m SKIP tension=[1;36m0.00000000[0m [0m| momentum_too_small [1;31mconf=0.3322[0m
mode=OFF radar_adj=0 mom= conf=0
[1;36m09:42:26[0m [1;32mx13[0m [1;36m#424[0m SKIP tension=[1;36m0.00000000[0m [0m| momentum_too_small [1;31mconf=0.3157[0m
mode=OFF radar_adj=0 mom= conf=0
[1;36m09:42:35[0m [1;32mx13[0m [1;36m#425[0m SKIP tension=[1;36m0.00000000[0m [0m| momentum_too_small [1;31mconf=0.315[0m
mode=OFF radar_adj=0 mom= conf=0
[1;36m09:42:44[0m [1;32mx13[0m [1;36m#426[0m SKIP tension=[1;36m0.02048716[0m [0m| direction_unclear [1;31mconf=0.0305[0m
mode=OFF radar_adj=0 mom= conf=0
[1;36m09:42:54[0m [1;32mx13[0m [1;36m#427[0m SKIP tension=[1;31m2.16344564[0m [0m| cold < 2.5 (vortex=OFF)
mode=OFF radar_adj=0 mom= conf=0
[1;36m09:43:03[0m [1;32mx13[0m [1;36m#428[0m SKIP tension=[1;36m0.00254137[0m [0m| momentum_too_small [1;31mconf=0.0038[0m
mode=OFF radar_adj=0 mom= conf=0
[1;36m09:43:12[0m [1;32mx13[0m [1;36m#429[0m SKIP tension=[1;32m1.27521687[0m [0m| cold < 2.5 (vortex=OFF)
mode=OFF radar_adj=0 mom= conf=0
[1;36m09:43:21[0m [1;32mx13[0m [1;36m#430[0m SKIP tension=[1;31m5.86974646[0m [0m| duo stale_state
mode=OFF radar_adj=0 mom= conf=0
[1;36m09:43:29[0m [1;32mx13[0m [1;36m#431[0m SKIP tension=[1;36m0.17545984[0m [0m| direction_unclear [1;31mconf=0.2533[0m
mode=OFF radar_adj=0 mom= conf=0
[1;36m09:43:38[0m [1;32mx13[0m [1;36m#432[0m SKIP tension=[1;36m0.00150418[0m [0m| momentum_too_small [1;31mconf=0.0022[0m
mode=OFF radar_adj=0 mom= conf=0
[1;36m09:43:48[0m [1;32mx13[0m [1;36m#433[0m SKIP tension=[1;36m0.00000000[0m [0m| momentum_too_small [1;31mconf=0.3031[0m
mode=OFF radar_adj=0 mom= conf=0
[1;36m09:43:57[0m [1;32mx13[0m [1;36m#434[0m SKIP tension=[1;36m0.00001612[0m [0m| momentum_too_small [1;31mconf=0.0[0m
mode=OFF radar_adj=0 mom= conf=0
[1;36m09:44:06[0m [1;32mx13[0m [1;36m#435[0m SKIP tension=[1;36m0.60280759[0m [0m| wall_not_collapsed
mode=OFF radar_adj=0 mom= conf=0
[1;36m09:44:15[0m [1;32mx13[0m [1;36m#436[0m SKIP tension=[1;36m0.39948287[0m [0m| wall_not_collapsed
mode=OFF radar_adj=0 mom= conf=0
[1;36m09:44:23[0m [1;32mx13[0m [1;36m#437[0m SKIP tension=[1;36m0.26377279[0m [0m| wall_not_collapsed
mode=OFF radar_adj=0 mom= conf=0
[1;36m09:44:32[0m [1;32mx13[0m [1;36m#438[0m SKIP tension=[1;36m0.00001891[0m [0m| momentum_too_small [1;31mconf=0.0[0m
mode=OFF radar_adj=0 mom= conf=0
[1;36m09:44:41[0m [1;32mx13[0m [1;36m#439[0m SKIP tension=[1;31m2.46533161[0m [0m| cold < 2.5 (vortex=OFF)
mode=OFF radar_adj=0 mom= conf=0
[1;36m09:44:51[0m [1;32mx13[0m [1;36m#440[0m SKIP tension=[1;36m0.00000000[0m [0m| momentum_too_small [1;31mconf=0.3196[0m
mode=OFF radar_adj=0 mom= conf=0
[1;36m09:44:59[0m [1;32mx13[0m [1;36m#441[0m SKIP tension=[1;36m0.00000000[0m [0m| momentum_too_small [1;31mconf=0.3348[0m
mode=OFF radar_adj=0 mom= conf=0
[1;36m09:45:08[0m [1;32mx13[0m [1;36m#442[0m SKIP tension=[1;36m0.00378161[0m [0m| momentum_too_small [1;31mconf=0.0058[0m
mode=OFF radar_adj=0 mom= conf=0
[1;36m09:45:17[0m [1;32mx13[0m [1;36m#443[0m SKIP tension=[1;36m0.00156080[0m [0m| momentum_too_small [1;31mconf=0.0026[0m
mode=OFF radar_adj=0 mom= conf=0
[1;36m09:45:25[0m [1;32mx13[0m [1;36m#444[0m SKIP tension=[1;36m0.31379979[0m [0m| wall_not_collapsed
mode=OFF radar_adj=0 mom= conf=0
[1;36m09:45:34[0m [1;32mx13[0m [1;36m#445[0m SKIP tension=[1;36m0.00000000[0m [0m| momentum_too_small [1;31mconf=0.3031[0m
mode=OFF radar_adj=0 mom= conf=0
[1;36m09:45:43[0m [1;32mx13[0m [1;36m#446[0m SKIP tension=[1;36m0.00000000[0m [0m| momentum_too_small [1;31mconf=0.3183[0m
mode=OFF radar_adj=0 mom= conf=0
[1;36m09:45:51[0m [1;32mx13[0m [1;36m#447[0m SKIP tension=[1;36m0.00000000[0m [0m| momentum_too_small [1;31mconf=0.3348[0m
mode=OFF radar_adj=0 mom= conf=0
[1;36m09:46:00[0m [1;32mx13[0m [1;36m#448[0m SKIP tension=[1;36m0.00008466[0m [0m| momentum_too_small [1;31mconf=0.0001[0m
mode=OFF radar_adj=0 mom= conf=0
[1;36m09:46:09[0m [1;32mx13[0m [1;36m#449[0m SKIP tension=[1;36m0.00001615[0m [0m| momentum_too_small [1;31mconf=0.0[0m
mode=OFF radar_adj=0 mom= conf=0
[1;36m09:46:18[0m [1;32mx13[0m [1;36m#450[0m SKIP tension=[1;36m0.00002887[0m [0m| momentum_too_small [1;31mconf=0.0[0m
mode=OFF radar_adj=0 mom= conf=0
[1;36m09:46:26[0m [1;32mx13[0m [1;36m#451[0m SKIP tension=[1;36m0.00000489[0m [0m| momentum_too_small [1;31mconf=0.0[0m
mode=OFF radar_adj=0 mom= conf=0
[1;36m09:46:35[0m [1;32mx13[0m [1;36m#452[0m SKIP tension=[1;36m0.28754246[0m [0m| wall_not_collapsed
mode=OFF radar_adj=0 mom= conf=0
[1;36m09:46:43[0m [1;32mx13[0m [1;36m#453[0m SKIP tension=[1;36m0.00024582[0m [0m| momentum_too_small [1;31mconf=0.0004[0m
mode=OFF radar_adj=0 mom= conf=0
[1;36m09:46:53[0m [1;32mx13[0m [1;36m#454[0m SKIP tension=[1;36m0.00000000[0m [0m| momentum_too_small [1;31mconf=0.3361[0m
mode=OFF radar_adj=0 mom= conf=0
[1;36m09:47:02[0m [1;32mx13[0m [1;36m#455[0m SKIP tension=[1;36m0.01552238[0m [0m| direction_unclear [1;31mconf=0.0248[0m
mode=OFF radar_adj=0 mom= conf=0
[1;36m09:47:11[0m [1;32mx13[0m [1;36m#456[0m SKIP tension=[1;36m0.54951418[0m [0m| wall_not_collapsed
mode=OFF radar_adj=0 mom= conf=0
[1;36m09:47:19[0m [1;32mx13[0m [1;36m#457[0m SKIP tension=[1;36m0.00000000[0m [0m| momentum_too_small [1;31mconf=0.3031[0m
mode=OFF radar_adj=0 mom= conf=0
[1;36m09:47:28[0m [1;32mx13[0m [1;36m#458[0m SKIP tension=[1;36m0.00101017[0m [0m| momentum_too_small [1;31mconf=0.0015[0m
mode=OFF radar_adj=0 mom= conf=0
[1;36m09:47:38[0m [1;32mx13[0m [1;36m#459[0m SKIP tension=[1;36m0.00000451[0m [0m| momentum_too_small [1;31mconf=0.0[0m
mode=OFF radar_adj=0 mom= conf=0
[1;36m09:47:47[0m [1;32mx13[0m [1;36m#460[0m SKIP tension=[1;36m0.41935961[0m [0m| wall_not_collapsed
mode=OFF radar_adj=0 mom= conf=0
[1;36m09:47:57[0m [1;32mx13[0m [1;36m#461[0m SKIP tension=[1;36m0.00000000[0m [0m| momentum_too_small [1;31mconf=0.3031[0m
mode=OFF radar_adj=0 mom= conf=0
[1;36m09:48:06[0m [1;32mx13[0m [1;36m#462[0m SKIP tension=[1;36m0.00001865[0m [0m| momentum_too_small [1;31mconf=0.0[0m
mode=OFF radar_adj=0 mom= conf=0
[1;36m09:48:14[0m [1;32mx13[0m [1;36m#463[0m SKIP tension=[1;36m0.00007903[0m [0m| momentum_too_small [1;31mconf=0.0001[0m
mode=OFF radar_adj=0 mom= conf=0
[1;36m09:48:23[0m [1;32mx13[0m [1;36m#464[0m SKIP tension=[1;36m0.00003640[0m [0m| momentum_too_small [1;31mconf=0.0001[0m
mode=OFF radar_adj=0 mom= conf=0
[1;36m09:48:31[0m [1;32mx13[0m [1;36m#465[0m SKIP tension=[1;36m0.00000000[0m [0m| momentum_too_small [1;31mconf=0.3031[0m
mode=OFF radar_adj=0 mom= conf=0
[1;36m09:48:40[0m [1;32mx13[0m [1;36m#466[0m SKIP tension=[1;36m0.00151553[0m [0m| momentum_too_small [1;31mconf=0.0022[0m
mode=OFF radar_adj=0 mom= conf=0
[1;36m09:48:50[0m [1;32mx13[0m [1;36m#467[0m SKIP tension=[1;36m0.00005912[0m [0m| momentum_too_small [1;31mconf=0.0001[0m
mode=OFF radar_adj=0 mom= conf=0
[1;36m09:48:59[0m [1;32mx13[0m [1;36m#468[0m SKIP tension=[1;36m0.03228491[0m [0m| direction_unclear [1;31mconf=0.0489[0m
mode=OFF radar_adj=0 mom= conf=0
[1;36m09:49:08[0m [1;32mx13[0m [1;36m#469[0m SKIP tension=[1;36m0.00001356[0m [0m| momentum_too_small [1;31mconf=0.0[0m
mode=OFF radar_adj=0 mom= conf=0
[1;36m09:49:16[0m [1;32mx13[0m [1;36m#470[0m SKIP tension=[1;36m0.00000000[0m [0m| momentum_too_small [1;31mconf=0.3183[0m
mode=OFF radar_adj=0 mom= conf=0
[1;36m09:49:26[0m [1;32mx13[0m [1;36m#471[0m SKIP tension=[1;36m0.81273488[0m [0m| wall_not_collapsed
mode=OFF radar_adj=0 mom= conf=0
[1;36m09:49:34[0m [1;32mx13[0m [1;36m#472[0m SKIP tension=[1;36m0.59871141[0m [0m| wall_not_collapsed
mode=OFF radar_adj=0 mom= conf=0
[1;36m09:49:43[0m [1;32mx13[0m [1;36m#473[0m SKIP tension=[1;36m0.00824593[0m [0m| direction_unclear [1;31mconf=0.0119[0m
mode=OFF radar_adj=0 mom= conf=0
[1;36m09:49:52[0m [1;32mx13[0m [1;36m#474[0m SKIP tension=[1;36m0.00001784[0m [0m| momentum_too_small [1;31mconf=0.0[0m
mode=OFF radar_adj=0 mom= conf=0
[1;36m09:50:02[0m [1;32mx13[0m [1;36m#475[0m SKIP tension=[1;36m0.00000601[0m [0m| momentum_too_small [1;31mconf=0.0[0m
mode=OFF radar_adj=0 mom= conf=0
[1;36m09:50:10[0m [1;32mx13[0m [1;36m#476[0m SKIP tension=[1;36m0.00002426[0m [0m| momentum_too_small [1;31mconf=0.0[0m
mode=OFF radar_adj=0 mom= conf=0
[1;36m09:50:20[0m [1;32mx13[0m [1;36m#477[0m SKIP tension=[1;31m4.27201681[0m [0m| duo stale_state
mode=OFF radar_adj=0 mom= conf=0
[1;36m09:50:28[0m [1;32mx13[0m [1;36m#478[0m SKIP tension=[1;36m0.00002316[0m [0m| momentum_too_small [1;31mconf=0.0[0m
mode=OFF radar_adj=0 mom= conf=0
[1;36m09:50:37[0m [1;32mx13[0m [1;36m#479[0m SKIP tension=[1;32m1.71399062[0m [0m| cold < 2.5 (vortex=OFF)
mode=OFF radar_adj=0 mom= conf=0
[1;36m09:50:46[0m [1;32mx13[0m [1;36m#480[0m SKIP tension=[1;32m1.26612401[0m [0m| cold < 2.5 (vortex=OFF)
mode=OFF radar_adj=0 mom= conf=0
[1;36m09:50:56[0m [1;32mx13[0m [1;36m#481[0m SKIP tension=[1;36m0.19327339[0m [0m| direction_unclear [1;31mconf=0.2948[0m
mode=OFF radar_adj=0 mom= conf=0
[1;36m09:51:04[0m [1;32mx13[0m [1;36m#482[0m SKIP tension=[1;36m0.00003658[0m [0m| momentum_too_small [1;31mconf=0.0001[0m
mode=OFF radar_adj=0 mom= conf=0
[1;36m09:51:13[0m [1;32mx13[0m [1;36m#483[0m SKIP tension=[1;36m0.34399627[0m [0m| wall_not_collapsed
mode=OFF radar_adj=0 mom= conf=0
[1;36m09:51:22[0m [1;32mx13[0m [1;36m#484[0m SKIP tension=[1;36m0.00000000[0m [0m| momentum_too_small [1;31mconf=0.2312[0m
mode=OFF radar_adj=0 mom= conf=0
[1;36m09:51:30[0m [1;32mx13[0m [1;36m#485[0m SKIP tension=[1;36m0.00000000[0m [0m| momentum_too_small [1;31mconf=0.3493[0m
mode=OFF radar_adj=0 mom= conf=0
[1;36m09:51:39[0m [1;32mx13[0m [1;36m#486[0m SKIP tension=[1;36m0.00074290[0m [0m| momentum_too_small [1;31mconf=0.0012[0m
mode=OFF radar_adj=0 mom= conf=0
[1;36m09:51:48[0m [1;32mx13[0m [1;36m#487[0m SKIP tension=[1;36m0.00000000[0m [0m| momentum_too_small [1;31mconf=0.2543[0m
mode=OFF radar_adj=0 mom= conf=0
[1;36m09:51:57[0m [1;32mx13[0m [1;36m#488[0m SKIP tension=[1;36m0.00000000[0m [0m| momentum_too_small [1;31mconf=0.2219[0m
mode=OFF radar_adj=0 mom= conf=0
[1;36m09:52:05[0m [1;32mx13[0m [1;36m#489[0m SKIP tension=[1;36m0.82958108[0m [0m| wall_not_collapsed
mode=OFF radar_adj=0 mom= conf=0
[1;36m09:52:14[0m [1;32mx13[0m [1;36m#490[0m SKIP tension=[1;36m0.00005556[0m [0m| momentum_too_small [1;31mconf=0.0001[0m
mode=OFF radar_adj=0 mom= conf=0
[1;36m09:52:23[0m [1;32mx13[0m [1;36m#491[0m SKIP tension=[1;32m1.43305688[0m [0m| cold < 2.5 (vortex=OFF)
mode=OFF radar_adj=0 mom= conf=0
[1;36m09:52:31[0m [1;32mx13[0m [1;36m#492[0m SKIP tension=[1;36m0.00030883[0m [0m| momentum_too_small [1;31mconf=0.0003[0m
mode=OFF radar_adj=0 mom= conf=0
[1;36m09:52:42[0m [1;32mx13[0m [1;36m#493[0m SKIP tension=[1;31m2.71431596[0m [0m| duo stale_state
mode=OFF radar_adj=0 mom= conf=0
[1;36m09:52:52[0m [1;32mx13[0m [1;36m#494[0m SKIP tension=[1;36m0.00338003[0m [0m| momentum_too_small [1;31mconf=0.0036[0m
mode=OFF radar_adj=0 mom= conf=0
[1;36m09:53:01[0m [1;32mx13[0m [1;36m#495[0m SKIP tension=[1;31m2.31635028[0m [0m| cold < 2.5 (vortex=OFF)
mode=OFF radar_adj=0 mom= conf=0
[1;36m09:53:11[0m [1;32mx13[0m [1;36m#496[0m SKIP tension=[1;36m0.00000429[0m [0m| spread_too_wide [1;31mconf=0.0[0m
mode=OFF radar_adj=0 mom= conf=0
[1;36m09:53:21[0m [1;32mx13[0m [1;36m#497[0m SKIP tension=[1;31m12.12067224[0m [0m| duo stale_state
mode=OFF radar_adj=0 mom= conf=0
[1;36m09:53:30[0m [1;32mx13[0m [1;36m#498[0m SKIP tension=[1;36m0.00000907[0m [0m| momentum_too_small [1;31mconf=0.0[0m
mode=OFF radar_adj=0 mom= conf=0
[1;36m09:53:40[0m [1;32mx13[0m [1;36m#499[0m SKIP tension=[1;36m0.00001247[0m [0m| momentum_too_small [1;31mconf=0.0[0m
mode=OFF radar_adj=0 mom= conf=0
[1;36m09:53:49[0m [1;32mx13[0m [1;36m#500[0m SKIP tension=[1;36m0.00041149[0m [0m| momentum_too_small [1;31mconf=0.0007[0m
mode=OFF radar_adj=0 mom= conf=0
[1;36m09:53:58[0m [1;32mx13[0m [1;36m#501[0m SKIP tension=[1;36m0.64523701[0m [0m| wall_not_collapsed
mode=OFF radar_adj=0 mom= conf=0
[1;36m09:54:08[0m [1;32mx13[0m [1;36m#502[0m SKIP tension=[1;36m0.00278521[0m [0m| momentum_too_small [1;31mconf=0.0045[0m
mode=OFF radar_adj=0 mom= conf=0
[1;36m09:54:16[0m [1;32mx13[0m [1;36m#503[0m SKIP tension=[1;36m0.37773902[0m [0m| wall_not_collapsed
mode=OFF radar_adj=0 mom= conf=0
[1;36m09:54:25[0m [1;32mx13[0m [1;36m#504[0m SKIP tension=[1;36m0.00000000[0m [0m| momentum_too_small [1;31mconf=0.3361[0m
mode=OFF radar_adj=0 mom= conf=0
[1;36m09:54:34[0m [1;32mx13[0m [1;36m#505[0m SKIP tension=[1;36m0.00000000[0m [0m| momentum_too_small [1;31mconf=0.3355[0m
mode=OFF radar_adj=0 mom= conf=0
[1;36m09:54:43[0m [1;32mx13[0m [1;36m#506[0m SKIP tension=[1;36m0.00001320[0m [0m| momentum_too_small [1;31mconf=0.0[0m
mode=OFF radar_adj=0 mom= conf=0
[1;36m09:54:52[0m [1;32mx13[0m [1;36m#507[0m SKIP tension=[1;36m0.00002401[0m [0m| momentum_too_small [1;31mconf=0.0[0m
mode=OFF radar_adj=0 mom= conf=0
[1;36m09:55:01[0m [1;32mx13[0m [1;36m#508[0m SKIP tension=[1;31m3.00362596[0m [0m| duo stale_state
mode=OFF radar_adj=0 mom= conf=0
[1;36m09:55:09[0m [1;32mx13[0m [1;36m#509[0m SKIP tension=[1;36m0.00093125[0m [0m| momentum_too_small [1;31mconf=0.0015[0m
mode=OFF radar_adj=0 mom= conf=0
[1;36m09:55:18[0m [1;32mx13[0m [1;36m#510[0m SKIP tension=[1;36m0.00083572[0m [0m| momentum_too_small [1;31mconf=0.0013[0m
mode=OFF radar_adj=0 mom= conf=0
[1;36m09:55:27[0m [1;32mx13[0m [1;36m#511[0m SKIP tension=[1;31m2.02828984[0m [0m| cold < 2.5 (vortex=OFF)
mode=OFF radar_adj=0 mom= conf=0
[1;36m09:55:36[0m [1;32mx13[0m [1;36m#512[0m SKIP tension=[1;31m2.44469882[0m [0m| cold < 2.5 (vortex=OFF)
mode=OFF radar_adj=0 mom= conf=0
[1;36m09:55:45[0m [1;32mx13[0m [1;36m#513[0m SKIP tension=[1;36m0.00006557[0m [0m| momentum_too_small [1;31mconf=0.0001[0m
mode=OFF radar_adj=0 mom= conf=0
[1;36m09:55:54[0m [1;32mx13[0m [1;36m#514[0m SKIP tension=[1;36m0.00000000[0m [0m| momentum_too_small [1;31mconf=0.3355[0m
mode=OFF radar_adj=0 mom= conf=0
[1;36m09:56:03[0m [1;32mx13[0m [1;36m#515[0m SKIP tension=[1;32m1.18149692[0m [0m| cold < 2.5 (vortex=OFF)
mode=OFF radar_adj=0 mom= conf=0
[1;36m09:56:12[0m [1;32mx13[0m [1;36m#516[0m SKIP tension=[1;36m0.77166911[0m [0m| wall_not_collapsed
mode=OFF radar_adj=0 mom= conf=0
[1;36m09:56:21[0m [1;32mx13[0m [1;36m#517[0m SKIP tension=[1;36m0.00001282[0m [0m| momentum_too_small [1;31mconf=0.0[0m
mode=OFF radar_adj=0 mom= conf=0
[1;36m09:56:30[0m [1;32mx13[0m [1;36m#518[0m SKIP tension=[1;36m0.00000704[0m [0m| momentum_too_small [1;31mconf=0.0[0m
mode=OFF radar_adj=0 mom= conf=0
[1;36m09:56:38[0m [1;32mx13[0m [1;36m#519[0m SKIP tension=[1;36m0.00000000[0m [0m| momentum_too_small [1;31mconf=0.3375[0m
mode=OFF radar_adj=0 mom= conf=0
[1;36m09:56:47[0m [1;32mx13[0m [1;36m#520[0m SKIP tension=[1;36m0.00000284[0m [0m| momentum_too_small [1;31mconf=0.0[0m
mode=OFF radar_adj=0 mom= conf=0
[1;36m09:56:56[0m [1;32mx13[0m [1;36m#521[0m SKIP tension=[1;36m0.00000625[0m [0m| momentum_too_small [1;31mconf=0.0[0m
mode=OFF radar_adj=0 mom= conf=0
[1;36m09:57:05[0m [1;32mx13[0m [1;36m#522[0m SKIP tension=[1;32m1.72651657[0m [0m| cold < 2.5 (vortex=OFF)
mode=OFF radar_adj=0 mom= conf=0
[1;36m09:57:14[0m [1;32mx13[0m [1;36m#523[0m SKIP tension=[1;31m2.86185117[0m [0m| duo stale_state
mode=OFF radar_adj=0 mom= conf=0
[1;36m09:57:25[0m [1;32mx13[0m [1;36m#524[0m SKIP tension=[1;32m1.62684678[0m [0m| cold < 2.5 (vortex=OFF)
mode=OFF radar_adj=0 mom= conf=0
[1;36m09:57:33[0m [1;32mx13[0m [1;36m#525[0m SKIP tension=[1;36m0.00000000[0m [0m| momentum_too_small [1;31mconf=0.2906[0m
mode=OFF radar_adj=0 mom= conf=0
[1;36m09:57:42[0m [1;32mx13[0m [1;36m#526[0m SKIP tension=[1;31m3.09224778[0m [0m| duo stale_state
mode=OFF radar_adj=0 mom= conf=0
[1;36m09:57:51[0m [1;32mx13[0m [1;36m#527[0m SKIP tension=[1;36m0.00342915[0m [0m| spread_too_wide [1;31mconf=0.0029[0m
mode=OFF radar_adj=0 mom= conf=0
[1;36m09:58:00[0m [1;32mx13[0m [1;36m#528[0m SKIP tension=[1;36m0.28322656[0m [0m| spread_too_wide [1;31mconf=0.236[0m
mode=OFF radar_adj=0 mom= conf=0
[1;36m09:58:08[0m [1;32mx13[0m [1;36m#529[0m SKIP tension=[1;36m0.00003771[0m [0m| spread_too_wide [1;31mconf=0.0[0m
mode=OFF radar_adj=0 mom= conf=0
[1;36m09:58:18[0m [1;32mx13[0m [1;36m#530[0m SKIP [1;33m| tension_stale age=1539646ms>800ms (NUAGE)[0m
mode=OFF radar_adj=0 mom= conf=0
[1;36m09:58:28[0m [1;32mx13[0m [1;36m#531[0m SKIP tension=[1;36m0.00000000[0m [0m| momentum_too_small [1;31mconf=0.3497[0m
mode=OFF radar_adj=0 mom= conf=0
[1;36m09:58:37[0m [1;32mx13[0m [1;36m#532[0m SKIP tension=[1;36m0.00004962[0m [0m| momentum_too_small [1;31mconf=0.0001[0m
mode=OFF radar_adj=0 mom= conf=0
[1;36m09:58:46[0m [1;32mx13[0m [1;36m#533[0m SKIP tension=[1;36m0.00000000[0m [0m| momentum_too_small [1;31mconf=0.3493[0m
mode=OFF radar_adj=0 mom= conf=0
[1;36m09:58:56[0m [1;32mx13[0m [1;36m#534[0m SKIP tension=[1;32m1.49463746[0m [0m| cold < 2.5 (vortex=OFF)
mode=OFF radar_adj=0 mom= conf=0
[1;36m09:59:04[0m [1;32mx13[0m [1;36m#535[0m SKIP tension=[1;36m0.00017235[0m [0m| momentum_too_small [1;31mconf=0.0003[0m
mode=OFF radar_adj=0 mom= conf=0
[1;36m09:59:13[0m [1;32mx13[0m [1;36m#536[0m SKIP tension=[1;36m0.00003239[0m [0m| momentum_too_small [1;31mconf=0.0001[0m
mode=OFF radar_adj=0 mom= conf=0
[1;36m09:59:23[0m [1;32mx13[0m [1;36m#537[0m SKIP tension=[1;36m0.00000000[0m [0m| momentum_too_small [1;31mconf=0.3256[0m
mode=OFF radar_adj=0 mom= conf=0
[1;36m09:59:32[0m [1;32mx13[0m [1;36m#538[0m SKIP tension=[1;36m0.00002923[0m [0m| momentum_too_small [1;31mconf=0.0[0m
mode=OFF radar_adj=0 mom= conf=0
[1;36m09:59:42[0m [1;32mx13[0m [1;36m#539[0m SKIP tension=[1;36m0.00004167[0m [0m| momentum_too_small [1;31mconf=0.0001[0m
mode=OFF radar_adj=0 mom= conf=0
[1;36m09:59:51[0m [1;32mx13[0m [1;36m#540[0m SKIP tension=[1;36m0.00002985[0m [0m| momentum_too_small [1;31mconf=0.0[0m
mode=OFF radar_adj=0 mom= conf=0
[1;36m09:59:59[0m [1;32mx13[0m [1;36m#541[0m SKIP tension=[1;36m0.36985833[0m [0m| wall_not_collapsed
mode=OFF radar_adj=0 mom= conf=0
[1;36m10:00:09[0m [1;32mx13[0m [1;36m#542[0m SKIP tension=[1;36m0.00005175[0m [0m| momentum_too_small [1;31mconf=0.0001[0m
mode=OFF radar_adj=0 mom= conf=0
[1;36m10:00:18[0m [1;32mx13[0m [1;36m#543[0m SKIP tension=[1;36m0.00001799[0m [0m| momentum_too_small [1;31mconf=0.0[0m
mode=OFF radar_adj=0 mom= conf=0
[1;36m10:00:27[0m [1;32mx13[0m [1;36m#544[0m SKIP tension=[1;36m0.00006836[0m [0m| momentum_too_small [1;31mconf=0.0001[0m
mode=OFF radar_adj=0 mom= conf=0
[1;36m10:00:35[0m [1;32mx13[0m [1;36m#545[0m SKIP tension=[1;36m0.00005411[0m [0m| momentum_too_small [1;31mconf=0.0001[0m
mode=OFF radar_adj=0 mom= conf=0
[1;36m10:00:44[0m [1;32mx13[0m [1;36m#546[0m SKIP tension=[1;36m0.02301989[0m [0m| direction_unclear [1;31mconf=0.0371[0m
mode=OFF radar_adj=0 mom= conf=0
[1;36m10:00:53[0m [1;32mx13[0m [1;36m#547[0m SKIP tension=[1;36m0.00004446[0m [0m| momentum_too_small [1;31mconf=0.0001[0m
mode=OFF radar_adj=0 mom= conf=0
[1;36m10:01:02[0m [1;32mx13[0m [1;36m#548[0m SKIP tension=[1;36m0.00002719[0m [0m| momentum_too_small [1;31mconf=0.0[0m
mode=OFF radar_adj=0 mom= conf=0
[1;36m10:01:11[0m [1;32mx13[0m [1;36m#549[0m SKIP tension=[1;36m0.00006184[0m [0m| momentum_too_small [1;31mconf=0.0001[0m
mode=OFF radar_adj=0 mom= conf=0
PROCESS_DIE | ts=2026-07-21T10:01:19Z role=HUNTER stop=STOP_ALPHA ec=1 last_cmd=[ "$post_delta" -le "$post_grace_i" ] line=579
