2026-07-19T17:10:58Z WATCHDOG_DUO: start interval=15s max=8
2026-07-19T17:17:58Z WATCHDOG_DUO: ALPHA mort — relance #1/8
2026-07-19T17:18:02Z WATCHDOG_DUO: ALPHA relancé pid=72939
2026-07-19T17:46:05Z WATCHDOG_DUO: ALPHA mort — relance #2/8
2026-07-19T17:46:08Z WATCHDOG_DUO: ALPHA relancé pid=38084
2026-07-19T19:01:32Z WATCHDOG_DUO: BETA mort — relance #1/8
2026-07-19T19:01:36Z WATCHDOG_DUO: BETA relancé pid=78542
2026-07-19T19:08:51Z WATCHDOG_DUO: ALPHA mort — relance #3/8
2026-07-19T19:08:54Z WATCHDOG_DUO: ALPHA relancé pid=22086
2026-07-19T19:23:11Z WATCHDOG_DUO: ALPHA mort — relance #4/8
2026-07-19T19:23:14Z WATCHDOG_DUO: ALPHA relancé pid=789
2026-07-23T06:37:35Z WATCHDOG_DUO: start interval=15s max=8
2026-07-23T10:37:34Z WATCHDOG_DUO: STOP_BETA+STOP_ALPHA — exit
2026-07-23T11:20:48Z WATCHDOG_DUO: start interval=15s max=8
2026-07-23T15:20:46Z WATCHDOG_DUO: STOP_BETA+STOP_ALPHA — exit
2026-07-23T15:49:55Z WATCHDOG_DUO: start interval=15s max=8
2026-07-23T16:56:32Z WATCHDOG_DUO: STOP_BETA+STOP_ALPHA — exit
2026-07-23T18:08:37Z WATCHDOG_DUO: start interval=15s max=8
2026-07-23T19:45:49Z WATCHDOG_DUO: STOP_BETA+STOP_ALPHA — exit
2026-07-23T20:31:23Z WATCHDOG_DUO: start interval=15s max=8
2026-07-24T08:20:15Z WATCHDOG_DUO: start interval=15s max=8
2026-07-27T06:10:31Z WATCHDOG_DUO: start interval=15s max=8
2026-07-27T10:10:31Z WATCHDOG_DUO: STOP_BETA+STOP_ALPHA — exit
2026-07-27T11:36:58Z WATCHDOG_DUO: start interval=15s max=8
2026-07-27T20:27:53Z WATCHDOG_DUO: start interval=15s max=8
2026-07-28T04:27:52Z WATCHDOG_DUO: STOP_BETA+STOP_ALPHA — exit
2026-07-28T05:52:42Z WATCHDOG_DUO: start interval=15s max=8
2026-07-28T12:08:12Z WATCHDOG_DUO: STOP_BETA+STOP_ALPHA — exit
2026-07-28T13:13:10Z WATCHDOG_DUO: start interval=15s max=8
2026-07-28T15:35:42Z WATCHDOG_DUO: STOP — exit
2026-07-28T16:13:49Z WATCHDOG_DUO: start interval=15s max=8
2026-07-29T08:11:57Z WATCHDOG_DUO: start interval=15s max=8
2026-07-29T12:11:55Z WATCHDOG_DUO: STOP_BETA+STOP_ALPHA — exit
2026-07-29T13:15:13Z WATCHDOG_DUO: start interval=15s max=8
2026-07-29T13:21:38Z WATCHDOG_DUO: start interval=15s max=8
2026-07-30T15:58:17Z WATCHDOG_DUO: start interval=15s max=8
2026-07-30T17:58:17Z WATCHDOG_DUO: STOP_BETA+STOP_ALPHA — exit
2026-07-30T18:42:12Z WATCHDOG_DUO: start interval=15s max=8
2026-07-30T19:38:04Z WATCHDOG_DUO: STOP_BETA+STOP_ALPHA — exit
2026-07-30T20:43:32Z WATCHDOG_DUO: start interval=15s max=8
2026-07-30T21:36:24Z WATCHDOG_DUO: STOP_BETA+STOP_ALPHA — exit
2026-07-30T22:13:21Z WATCHDOG_DUO: start interval=15s max=8
2026-07-31T05:15:53Z WATCHDOG_DUO: start interval=15s max=8
2026-07-31T09:38:04Z WATCHDOG_DUO: start interval=15s max=8
2026-07-31T13:00:44Z WATCHDOG_DUO: STOP_BETA+STOP_ALPHA — exit
2026-07-31T14:07:14Z WATCHDOG_DUO: start interval=15s max=8
2026-07-31T18:20:25Z WATCHDOG_DUO: start interval=15s max=8
2026-07-31T18:20:40Z WATCHDOG_DUO: BETA mort — relance #1/8
2026-07-31T18:20:43Z WATCHDOG_DUO: BETA relancé pid=69190
2026-07-31T18:21:28Z WATCHDOG_DUO: BETA mort — relance #2/8
2026-07-31T18:21:31Z WATCHDOG_DUO: BETA relancé pid=71637
2026-07-31T18:22:16Z WATCHDOG_DUO: BETA mort — relance #3/8
2026-07-31T18:22:19Z WATCHDOG_DUO: BETA relancé pid=74064
2026-07-31T18:23:04Z WATCHDOG_DUO: BETA mort — relance #4/8
2026-07-31T18:23:07Z WATCHDOG_DUO: BETA relancé pid=76635
2026-07-31T18:23:52Z WATCHDOG_DUO: BETA mort — relance #5/8
2026-07-31T18:23:56Z WATCHDOG_DUO: BETA relancé pid=79070
2026-07-31T18:24:41Z WATCHDOG_DUO: BETA mort — relance #6/8
2026-07-31T18:24:44Z WATCHDOG_DUO: BETA relancé pid=81565
2026-07-31T18:25:29Z WATCHDOG_DUO: BETA mort — relance #7/8
2026-07-31T18:25:32Z WATCHDOG_DUO: BETA relancé pid=84054
2026-07-31T18:26:17Z WATCHDOG_DUO: BETA mort — relance #8/8
2026-07-31T18:26:20Z WATCHDOG_DUO: BETA relancé pid=86349
2026-07-31T18:27:05Z WATCHDOG_DUO: BETA mort — relance #9/8
2026-07-31T18:27:05Z WATCHDOG_DUO: max BETA → STOP session
2026-07-31T18:38:20Z WATCHDOG_DUO: start interval=15s max=8
2026-07-31T18:38:35Z WATCHDOG_DUO: BETA mort — relance #1/8
2026-07-31T18:38:38Z WATCHDOG_DUO: BETA relancé pid=91158
2026-07-31T18:39:24Z WATCHDOG_DUO: BETA mort — relance #2/8
2026-07-31T18:39:27Z WATCHDOG_DUO: BETA relancé pid=93626
2026-07-31T18:40:12Z WATCHDOG_DUO: BETA mort — relance #3/8
2026-07-31T18:40:15Z WATCHDOG_DUO: BETA relancé pid=95968
2026-07-31T18:41:00Z WATCHDOG_DUO: BETA mort — relance #4/8
2026-07-31T18:41:03Z WATCHDOG_DUO: BETA relancé pid=98376
2026-07-31T18:41:48Z WATCHDOG_DUO: BETA mort — relance #5/8
2026-07-31T18:41:51Z WATCHDOG_DUO: BETA relancé pid=1164
2026-07-31T18:42:36Z WATCHDOG_DUO: BETA mort — relance #6/8
2026-07-31T18:42:40Z WATCHDOG_DUO: BETA relancé pid=3556
2026-07-31T18:43:25Z WATCHDOG_DUO: BETA mort — relance #7/8
2026-07-31T18:43:28Z WATCHDOG_DUO: BETA relancé pid=6014
2026-07-31T18:44:13Z WATCHDOG_DUO: BETA mort — relance #8/8
2026-07-31T18:44:16Z WATCHDOG_DUO: BETA relancé pid=8389
2026-07-31T18:45:01Z WATCHDOG_DUO: BETA mort — relance #9/8
2026-07-31T18:45:01Z WATCHDOG_DUO: max BETA → STOP session
2026-07-31T19:00:07Z WATCHDOG_DUO: start interval=15s max=8
2026-07-31T19:00:22Z WATCHDOG_DUO: BETA mort — relance #1/8
2026-07-31T19:00:25Z WATCHDOG_DUO: BETA relancé pid=13387
2026-07-31T19:01:10Z WATCHDOG_DUO: BETA mort — relance #2/8
2026-07-31T19:01:13Z WATCHDOG_DUO: BETA relancé pid=15852
2026-07-31T19:01:58Z WATCHDOG_DUO: BETA mort — relance #3/8
2026-07-31T19:02:01Z WATCHDOG_DUO: BETA relancé pid=18260
2026-07-31T19:02:46Z WATCHDOG_DUO: BETA mort — relance #4/8
2026-07-31T19:02:49Z WATCHDOG_DUO: BETA relancé pid=20721
2026-07-31T19:03:34Z WATCHDOG_DUO: BETA mort — relance #5/8
2026-07-31T19:03:38Z WATCHDOG_DUO: BETA relancé pid=23111
2026-07-31T19:04:23Z WATCHDOG_DUO: BETA mort — relance #6/8
2026-07-31T19:04:26Z WATCHDOG_DUO: BETA relancé pid=25620
2026-07-31T19:05:11Z WATCHDOG_DUO: BETA mort — relance #7/8
2026-07-31T19:05:14Z WATCHDOG_DUO: BETA relancé pid=28060
2026-07-31T19:05:59Z WATCHDOG_DUO: BETA mort — relance #8/8
2026-07-31T19:06:02Z WATCHDOG_DUO: BETA relancé pid=30587
2026-07-31T19:06:47Z WATCHDOG_DUO: BETA mort — relance #9/8
2026-07-31T19:06:47Z WATCHDOG_DUO: max BETA → STOP session
2026-08-01T07:52:44Z WATCHDOG_DUO: start interval=15s max=8
2026-08-01T11:52:42Z WATCHDOG_DUO: STOP_BETA+STOP_ALPHA — exit
2026-08-01T14:13:30Z WATCHDOG_DUO: start interval=15s max=8
2026-08-01T18:13:31Z WATCHDOG_DUO: STOP_BETA+STOP_ALPHA — exit
2026-08-01T20:04:51Z WATCHDOG_DUO: start interval=15s max=8
2026-08-02T06:05:03Z WATCHDOG_DUO: start interval=15s max=8
2026-08-02T10:02:46Z WATCHDOG_DUO: STOP_BETA+STOP_ALPHA — exit
2026-08-02T10:05:35Z WATCHDOG_DUO: start interval=15s max=8
2026-08-02T18:18:15Z WATCHDOG_DUO: start interval=15s max=8
2026-08-02T19:53:43Z WATCHDOG_DUO: STOP_BETA+STOP_ALPHA — exit
2026-08-12T10:36:07Z WATCHDOG_DUO: start interval=15s max=8
