[BETA_X5] [1;36m--- ACE777 STRICT CLONE FUTURES TESTNET ---[0m
[BETA_X5] [1;32mV8 Resonance ON:[0m [1;36mimpulse_thr=0.96 dt_ms=64 aspiration=1.618@37.8deg void_lock=TRUE shock_exit=TRUE[0m
[BETA_X5] [1;32mV8 Tension ON:[0m [1;36mwall_drop=6.5% dt_ms=64 filter=0.85 depth=20[0m
[BETA_X5] [1;36mSymbol=BTCUSDT[0m [1;32mLeverage=5[0m [1;36mBuyUSDT=200 Orders=TRUE[0m
[ALPHA_X13_BURST13] [1;36m--- ACE777 STRICT CLONE FUTURES TESTNET ---[0m
[ALPHA_X13_BURST13] [1;36mLeverage ramp ON:[0m [1;36mstart=13 end=13 cycles=180[0m
[ALPHA_X13_BURST13] [1;32mV8 Resonance ON:[0m [1;36mimpulse_thr=0.96 dt_ms=64 aspiration=1.618@37.8deg void_lock=TRUE shock_exit=TRUE[0m
[ALPHA_X13_BURST13] [1;32mV8 Tension ON:[0m [1;36mwall_drop=6.5% dt_ms=64 filter=0.85 depth=20[0m
[ALPHA_X13_BURST13] [1;36mSymbol=BTCUSDT[0m [1;32mLeverage=13[0m [1;36mBuyUSDT=800 Orders=TRUE[0m
[BETA_X5] mode=OFF radar_adj=0 mom= conf=0
[ALPHA_X13_BURST13] mode=OFF radar_adj=0 mom= conf=0
[BETA_X5] [1;36m06:34:38[0m [1;33mx5[0m [1;36m#1[0m SKIP tension=[1;36m0.00000312[0m [0m| momentum_too_small [1;31mconf=0.0[0m
[ALPHA_X13_BURST13] [1;36m06:34:40[0m [1;32mx13[0m [1;36m#1[0m SKIP tension=[1;31m2.69075097[0m [0m| duo no_state
[BETA_X5] mode=OFF radar_adj=0 mom= conf=0
[ALPHA_X13_BURST13] mode=OFF radar_adj=0 mom= conf=0
[ALPHA_X13_BURST13] [1;36m06:34:50[0m [1;32mx13[0m [1;36m#2[0m SKIP tension=[1;32m1.73074495[0m [0m| duo no_state
[ALPHA_X13_BURST13] mode=OFF radar_adj=0 mom= conf=0
[BETA_X5] shockwave beta->alpha until_cycle=12
[BETA_X5] [1;33mSWARM shockwave[0m [0m| beta -> neighbor (fluid_exit_inversion)[0m
[BETA_X5] [1;36mCycle 2[0m [1;32mSOFT anomaly[0m [1;33m| pnl_abs=0.09954000 > 0.02500000[0m
[ALPHA_X13_BURST13] [1;36m06:34:59[0m [1;32mx13[0m [1;36m#3[0m SKIP tension=[1;36m0.00008168[0m [0m| momentum_too_small [1;31mconf=0.0001[0m
[BETA_X5] [1;36mentry=06:34:50@62704.70000000[0m [1;33mx5[0m [1;36m#2[0m [1;31mSELL[0m tension=[1;32m1.69942810[0m hold=[1;36m7[0ms sec=[1;36m7[0m [0m| exit=62711.00000000 [1;32mconf=0.9532[0m [1;36mexit_time=06:34:57[0m [1;31mpnl=-0.09954000 bps=-1.00470938 pct=-0.01004709% total=-0.09954[0m
[ALPHA_X13_BURST13] mode=OFF radar_adj=0 mom= conf=0
[BETA_X5] mode=OFF radar_adj=0 mom= conf=0
[BETA_X5] [1;36m06:35:08[0m [1;33mx5[0m [1;36m#3[0m SKIP tension=[1;36m0.08379024[0m [0m| direction_unclear [1;31mconf=0.1236[0m
[ALPHA_X13_BURST13] [1;36m06:35:09[0m [1;32mx13[0m [1;36m#4[0m SKIP tension=[1;36m0.00000954[0m [0m| momentum_too_small [1;31mconf=0.0[0m
[BETA_X5] mode=OFF radar_adj=0 mom= conf=0
[ALPHA_X13_BURST13] mode=OFF radar_adj=0 mom= conf=0
[BETA_X5] [1;36m06:35:16[0m [1;33mx5[0m [1;36m#4[0m SKIP tension=[1;36m0.05933365[0m [0m| direction_unclear [1;31mconf=0.0871[0m
[ALPHA_X13_BURST13] [1;36m06:35:17[0m [1;32mx13[0m [1;36m#5[0m SKIP tension=[1;36m0.67288829[0m [0m| wall_not_collapsed
[BETA_X5] mode=OFF radar_adj=0 mom= conf=0
[ALPHA_X13_BURST13] mode=OFF radar_adj=0 mom= conf=0
[BETA_X5] [1;36m06:35:24[0m [1;33mx5[0m [1;36m#5[0m SKIP tension=[1;36m0.42574320[0m [0m| wall_not_collapsed
[BETA_X5] mode=OFF radar_adj=0 mom= conf=0
[ALPHA_X13_BURST13] [1;36m06:35:28[0m [1;32mx13[0m [1;36m#6[0m SKIP [1;33m| tension_stale age=2512ms>800ms (NUAGE)[0m
[ALPHA_X13_BURST13] mode=OFF radar_adj=0 mom= conf=0
[BETA_X5] [1;36m06:35:33[0m [1;33mx5[0m [1;36m#6[0m SKIP tension=[1;36m0.00038408[0m [0m| momentum_too_small [1;31mconf=0.0006[0m
[BETA_X5] mode=OFF radar_adj=0 mom= conf=0
[ALPHA_X13_BURST13] [1;36m06:35:37[0m [1;32mx13[0m [1;36m#7[0m SKIP tension=[1;36m0.00003231[0m [0m| momentum_too_small [1;31mconf=0.0[0m
[ALPHA_X13_BURST13] mode=OFF radar_adj=0 mom= conf=0
[BETA_X5] [1;36m06:35:41[0m [1;33mx5[0m [1;36m#7[0m SKIP tension=[1;36m0.00014000[0m [0m| momentum_too_small [1;31mconf=0.0002[0m
[BETA_X5] mode=OFF radar_adj=0 mom= conf=0
[ALPHA_X13_BURST13] [1;36m06:35:45[0m [1;32mx13[0m [1;36m#8[0m SKIP tension=[1;36m0.00000000[0m [0m| momentum_too_small [1;31mconf=0.2914[0m
[ALPHA_X13_BURST13] mode=OFF radar_adj=0 mom= conf=0
[BETA_X5] [1;36m06:35:50[0m [1;33mx5[0m [1;36m#8[0m SKIP tension=[1;36m0.00006719[0m [0m| momentum_too_small [1;31mconf=0.0001[0m
[BETA_X5] mode=OFF radar_adj=0 mom= conf=0
[ALPHA_X13_BURST13] [1;36m06:35:54[0m [1;32mx13[0m [1;36m#9[0m SKIP tension=[1;36m0.00005198[0m [0m| momentum_too_small [1;31mconf=0.0001[0m
[ALPHA_X13_BURST13] mode=OFF radar_adj=0 mom= conf=0
[BETA_X5] [1;36m06:35:59[0m [1;33mx5[0m [1;36m#9[0m SKIP tension=[1;36m0.00005202[0m [0m| momentum_too_small [1;31mconf=0.0001[0m
[BETA_X5] mode=OFF radar_adj=0 mom= conf=0
[ALPHA_X13_BURST13] [1;36m06:36:03[0m [1;32mx13[0m [1;36m#10[0m SKIP tension=[1;36m0.00001269[0m [0m| momentum_too_small [1;31mconf=0.0[0m
[ALPHA_X13_BURST13] mode=OFF radar_adj=0 mom= conf=0
[BETA_X5] [1;36m06:36:07[0m [1;33mx5[0m [1;36m#10[0m SKIP tension=[1;36m0.00004187[0m [0m| momentum_too_small [1;31mconf=0.0001[0m
[BETA_X5] mode=OFF radar_adj=0 mom= conf=0
[ALPHA_X13_BURST13] [1;36m06:36:11[0m [1;32mx13[0m [1;36m#11[0m SKIP tension=[1;36m0.00001903[0m [0m| momentum_too_small [1;31mconf=0.0[0m
[ALPHA_X13_BURST13] mode=OFF radar_adj=0 mom= conf=0
[BETA_X5] [1;36m06:36:15[0m [1;33mx5[0m [1;36m#11[0m SKIP tension=[1;36m0.00166459[0m [0m| momentum_too_small [1;31mconf=0.0025[0m
[BETA_X5] mode=OFF radar_adj=0 mom= conf=0
[ALPHA_X13_BURST13] [1;36m06:36:20[0m [1;32mx13[0m [1;36m#12[0m SKIP tension=[1;36m0.00289305[0m [0m| momentum_too_small [1;31mconf=0.004[0m
[ALPHA_X13_BURST13] mode=OFF radar_adj=0 mom= conf=0
[BETA_X5] [1;36m06:36:24[0m [1;33mx5[0m [1;36m#12[0m SKIP tension=[1;36m0.00021204[0m [0m| momentum_too_small [1;31mconf=0.0003[0m
[BETA_X5] mode=OFF radar_adj=0 mom= conf=0
[ALPHA_X13_BURST13] [1;36m06:36:29[0m [1;32mx13[0m [1;36m#13[0m SKIP tension=[1;36m0.00000000[0m [0m| momentum_too_small [1;31mconf=0.3207[0m
[ALPHA_X13_BURST13] mode=OFF radar_adj=0 mom= conf=0
[BETA_X5] [1;36m06:36:33[0m [1;33mx5[0m [1;36m#13[0m SKIP tension=[1;36m0.00001906[0m [0m| momentum_too_small [1;31mconf=0.0[0m
[BETA_X5] mode=OFF radar_adj=0 mom= conf=0
[ALPHA_X13_BURST13] [1;36m06:36:38[0m [1;32mx13[0m [1;36m#14[0m SKIP tension=[1;36m0.00000000[0m [0m| momentum_too_small [1;31mconf=0.3483[0m
[ALPHA_X13_BURST13] mode=OFF radar_adj=0 mom= conf=0
[BETA_X5] [1;36m06:36:42[0m [1;33mx5[0m [1;36m#14[0m SKIP tension=[1;36m0.00013241[0m [0m| momentum_too_small [1;31mconf=0.0002[0m
[BETA_X5] mode=OFF radar_adj=0 mom= conf=0
[ALPHA_X13_BURST13] [1;36m06:36:47[0m [1;32mx13[0m [1;36m#15[0m SKIP tension=[1;36m0.00005254[0m [0m| momentum_too_small [1;31mconf=0.0001[0m
[ALPHA_X13_BURST13] mode=OFF radar_adj=0 mom= conf=0
[BETA_X5] [1;36m06:36:50[0m [1;33mx5[0m [1;36m#15[0m SKIP tension=[1;36m0.07558734[0m [0m| direction_unclear [1;31mconf=0.1103[0m
[BETA_X5] mode=OFF radar_adj=0 mom= conf=0
[ALPHA_X13_BURST13] [1;36m06:36:56[0m [1;32mx13[0m [1;36m#16[0m SKIP tension=[1;36m0.00008058[0m [0m| momentum_too_small [1;31mconf=0.0001[0m
[ALPHA_X13_BURST13] mode=OFF radar_adj=0 mom= conf=0
[BETA_X5] [1;36m06:36:59[0m [1;33mx5[0m [1;36m#16[0m SKIP tension=[1;36m0.00002627[0m [0m| momentum_too_small [1;31mconf=0.0[0m
[BETA_X5] mode=OFF radar_adj=0 mom= conf=0
[ALPHA_X13_BURST13] [1;36m06:37:05[0m [1;32mx13[0m [1;36m#17[0m SKIP tension=[1;36m0.00008297[0m [0m| momentum_too_small [1;31mconf=0.0001[0m
[BETA_X5] [1;36m06:37:08[0m [1;33mx5[0m [1;36m#17[0m SKIP tension=[1;36m0.00007605[0m [0m| momentum_too_small [1;31mconf=0.0001[0m
[ALPHA_X13_BURST13] mode=OFF radar_adj=0 mom= conf=0
[BETA_X5] mode=OFF radar_adj=0 mom= conf=0
[ALPHA_X13_BURST13] [1;36m06:37:14[0m [1;32mx13[0m [1;36m#18[0m SKIP tension=[1;36m0.69557143[0m [0m| wall_not_collapsed
[BETA_X5] [1;36m06:37:19[0m [1;33mx5[0m [1;36m#18[0m SKIP tension=[1;36m0.00000000[0m [0m| momentum_too_small [1;31mconf=0.3326[0m
[ALPHA_X13_BURST13] mode=OFF radar_adj=0 mom= conf=0
[BETA_X5] mode=OFF radar_adj=0 mom= conf=0
[ALPHA_X13_BURST13] [1;36m06:37:33[0m [1;32mx13[0m [1;36m#19[0m SKIP tension=[1;36m0.00228291[0m [0m| momentum_too_small [1;31mconf=0.0037[0m
[BETA_X5] [1;36m06:37:34[0m [1;33mx5[0m [1;36m#19[0m SKIP tension=[1;36m0.00001738[0m [0m| momentum_too_small [1;31mconf=0.0[0m
[ALPHA_X13_BURST13] mode=OFF radar_adj=0 mom= conf=0
[BETA_X5] mode=OFF radar_adj=0 mom= conf=0
[BETA_X5] [1;36m06:37:49[0m [1;33mx5[0m [1;36m#20[0m SKIP tension=[1;36m0.69651568[0m [0m| wall_not_collapsed
[ALPHA_X13_BURST13] [1;36m06:37:50[0m [1;32mx13[0m [1;36m#20[0m SKIP tension=[1;36m0.00000000[0m [0m| momentum_too_small [1;31mconf=0.3326[0m
[BETA_X5] mode=OFF radar_adj=0 mom= conf=0
[ALPHA_X13_BURST13] mode=OFF radar_adj=0 mom= conf=0
[BETA_X5] [1;36m06:38:03[0m [1;33mx5[0m [1;36m#21[0m SKIP tension=[1;36m0.00003469[0m [0m| momentum_too_small [1;31mconf=0.0001[0m
[ALPHA_X13_BURST13] [1;36m06:38:06[0m [1;32mx13[0m [1;36m#21[0m SKIP tension=[1;36m0.00005396[0m [0m| momentum_too_small [1;31mconf=0.0001[0m
[BETA_X5] mode=OFF radar_adj=0 mom= conf=0
[ALPHA_X13_BURST13] mode=OFF radar_adj=0 mom= conf=0
[BETA_X5] [1;36m06:38:19[0m [1;33mx5[0m [1;36m#22[0m SKIP tension=[1;36m0.00020621[0m [0m| momentum_too_small [1;31mconf=0.0003[0m
[ALPHA_X13_BURST13] [1;36m06:38:23[0m [1;32mx13[0m [1;36m#22[0m SKIP tension=[1;36m0.00010792[0m [0m| momentum_too_small [1;31mconf=0.0002[0m
[BETA_X5] mode=OFF radar_adj=0 mom= conf=0
[ALPHA_X13_BURST13] mode=OFF radar_adj=0 mom= conf=0
[BETA_X5] [1;36m06:38:36[0m [1;33mx5[0m [1;36m#23[0m SKIP tension=[1;36m0.00003084[0m [0m| momentum_too_small [1;31mconf=0.0[0m
[BETA_X5] mode=OFF radar_adj=0 mom= conf=0
[ALPHA_X13_BURST13] [1;36m06:38:41[0m [1;32mx13[0m [1;36m#23[0m SKIP tension=[1;36m0.00011178[0m [0m| momentum_too_small [1;31mconf=0.0002[0m
[ALPHA_X13_BURST13] mode=OFF radar_adj=0 mom= conf=0
[BETA_X5] [1;36m06:38:52[0m [1;33mx5[0m [1;36m#24[0m SKIP tension=[1;36m0.00001927[0m [0m| momentum_too_small [1;31mconf=0.0[0m
[BETA_X5] mode=OFF radar_adj=0 mom= conf=0
[ALPHA_X13_BURST13] [1;36m06:38:59[0m [1;32mx13[0m [1;36m#24[0m SKIP tension=[1;36m0.00012337[0m [0m| momentum_too_small [1;31mconf=0.0002[0m
[ALPHA_X13_BURST13] mode=OFF radar_adj=0 mom= conf=0
[BETA_X5] [1;36m06:39:09[0m [1;33mx5[0m [1;36m#25[0m SKIP tension=[1;36m0.00012837[0m [0m| momentum_too_small [1;31mconf=0.0002[0m
[BETA_X5] mode=OFF radar_adj=0 mom= conf=0
[ALPHA_X13_BURST13] [1;36m06:39:17[0m [1;32mx13[0m [1;36m#25[0m SKIP tension=[1;36m0.00015524[0m [0m| momentum_too_small [1;31mconf=0.0002[0m
[ALPHA_X13_BURST13] mode=OFF radar_adj=0 mom= conf=0
[BETA_X5] [1;36m06:39:26[0m [1;33mx5[0m [1;36m#26[0m SKIP tension=[1;36m0.00008052[0m [0m| momentum_too_small [1;31mconf=0.0001[0m
[BETA_X5] mode=OFF radar_adj=0 mom= conf=0
[ALPHA_X13_BURST13] [1;36m06:39:30[0m [1;32mx13[0m [1;36m#26[0m SKIP tension=[1;36m0.00011502[0m [0m| momentum_too_small [1;31mconf=0.0002[0m
[ALPHA_X13_BURST13] mode=OFF radar_adj=0 mom= conf=0
[BETA_X5] [1;36m06:39:35[0m [1;33mx5[0m [1;36m#27[0m SKIP tension=[1;36m0.00005368[0m [0m| momentum_too_small [1;31mconf=0.0001[0m
[BETA_X5] mode=OFF radar_adj=0 mom= conf=0
[ALPHA_X13_BURST13] [1;36m06:39:40[0m [1;32mx13[0m [1;36m#27[0m SKIP [1;33m| tension_stale age=3364ms>800ms (NUAGE)[0m
[ALPHA_X13_BURST13] mode=OFF radar_adj=0 mom= conf=0
[ALPHA_X13_BURST13] [1;36m06:39:49[0m [1;32mx13[0m [1;36m#28[0m SKIP tension=[1;36m0.03658692[0m [0m| direction_unclear [1;31mconf=0.0579[0m
[ALPHA_X13_BURST13] mode=OFF radar_adj=0 mom= conf=0
[BETA_X5] shockwave beta->alpha until_cycle=38
[BETA_X5] [1;33mSWARM shockwave[0m [0m| beta -> neighbor (shock_inversion_stop)[0m
[BETA_X5] [1;36mCycle 28[0m [1;32mSOFT anomaly[0m [1;33m| pnl_abs=0.05850000 > 0.02500000[0m
[BETA_X5] [1;36mentry=06:39:48@62708.20000000[0m [1;33mx5[0m [1;36m#28[0m [1;31mSELL[0m tension=[1;31m14.92635287[0m hold=[1;36m7[0ms sec=[1;36m7[0m [0m| exit=62715.70000000 [1;32mconf=0.9492[0m [1;36mexit_time=06:39:55[0m [1;31mpnl=-0.05850000 bps=-1.19601583 pct=-0.01196016% total=-0.15804[0m
[ALPHA_X13_BURST13] [1;36m06:39:59[0m [1;32mx13[0m [1;36m#29[0m SKIP tension=[1;36m0.00444535[0m [0m| momentum_too_small [1;31mconf=0.0063[0m
[BETA_X5] mode=OFF radar_adj=0 mom= conf=0
[ALPHA_X13_BURST13] mode=OFF radar_adj=0 mom= conf=0
[BETA_X5] [1;36m06:40:05[0m [1;33mx5[0m [1;36m#29[0m SKIP tension=[1;36m0.02023925[0m [0m| direction_unclear [1;31mconf=0.0337[0m
[ALPHA_X13_BURST13] [1;36m06:40:08[0m [1;32mx13[0m [1;36m#30[0m SKIP tension=[1;36m0.00000000[0m [0m| momentum_too_small [1;31mconf=0.3493[0m
[BETA_X5] mode=OFF radar_adj=0 mom= conf=0
[ALPHA_X13_BURST13] mode=OFF radar_adj=0 mom= conf=0
[BETA_X5] [1;36m06:40:14[0m [1;33mx5[0m [1;36m#30[0m SKIP tension=[1;36m0.00185207[0m [0m| momentum_too_small [1;31mconf=0.0031[0m
[ALPHA_X13_BURST13] [1;36m06:40:17[0m [1;32mx13[0m [1;36m#31[0m SKIP tension=[1;36m0.00000000[0m [0m| momentum_too_small [1;31mconf=0.2243[0m
[BETA_X5] mode=OFF radar_adj=0 mom= conf=0
[ALPHA_X13_BURST13] mode=OFF radar_adj=0 mom= conf=0
[ALPHA_X13_BURST13] [1;36m06:40:26[0m [1;32mx13[0m [1;36m#32[0m SKIP tension=[1;36m0.00001160[0m [0m| momentum_too_small [1;31mconf=0.0[0m
[ALPHA_X13_BURST13] mode=OFF radar_adj=0 mom= conf=0
[BETA_X5] shockwave beta->alpha until_cycle=41
[BETA_X5] [1;33mSWARM shockwave[0m [0m| beta -> neighbor (shock_inversion_stop)[0m
[BETA_X5] [1;36mCycle 31[0m [1;32mSOFT anomaly[0m [1;33m| pnl_abs=0.07644000 > 0.02500000[0m
[BETA_X5] [1;36mentry=06:40:27@62645.00000000[0m [1;33mx5[0m [1;36m#31[0m [1;31mSELL[0m tension=[1;32m1.88161799[0m hold=[1;36m7[0ms sec=[1;36m7[0m [0m| exit=62654.80000000 [1;32mconf=0.9022[0m [1;36mexit_time=06:40:34[0m [1;31mpnl=-0.07644000 bps=-1.56437066 pct=-0.01564371% total=-0.23448000000000002[0m
[ALPHA_X13_BURST13] [1;36m06:40:37[0m [1;32mx13[0m [1;36m#33[0m SKIP [1;33m| tension_stale age=2543ms>800ms (NUAGE)[0m
[BETA_X5] mode=OFF radar_adj=0 mom= conf=0
[ALPHA_X13_BURST13] mode=OFF radar_adj=0 mom= conf=0
[BETA_X5] [1;36m06:40:45[0m [1;33mx5[0m [1;36m#32[0m SKIP tension=[1;36m0.00000535[0m [0m| spread_too_wide [1;31mconf=0.0[0m
[ALPHA_X13_BURST13] [1;36m06:40:46[0m [1;32mx13[0m [1;36m#34[0m SKIP tension=[1;36m0.00001070[0m [0m| spread_too_wide [1;31mconf=0.0[0m
[BETA_X5] mode=OFF radar_adj=0 mom= conf=0
[ALPHA_X13_BURST13] mode=OFF radar_adj=0 mom= conf=0
[BETA_X5] [1;36m06:40:54[0m [1;33mx5[0m [1;36m#33[0m SKIP tension=[1;36m0.00000595[0m [0m| momentum_too_small [1;31mconf=0.0[0m
[ALPHA_X13_BURST13] [1;36m06:40:55[0m [1;32mx13[0m [1;36m#35[0m SKIP tension=[1;36m0.00001041[0m [0m| spread_too_wide [1;31mconf=0.0[0m
[BETA_X5] mode=OFF radar_adj=0 mom= conf=0
[ALPHA_X13_BURST13] mode=OFF radar_adj=0 mom= conf=0
[BETA_X5] [1;36m06:41:02[0m [1;33mx5[0m [1;36m#34[0m SKIP tension=[1;36m0.00000327[0m [0m| spread_too_wide [1;31mconf=0.0[0m
[ALPHA_X13_BURST13] [1;36m06:41:04[0m [1;32mx13[0m [1;36m#36[0m SKIP tension=[1;36m0.00000000[0m [0m| spread_too_wide [1;31mconf=0.0[0m
[BETA_X5] mode=OFF radar_adj=0 mom= conf=0
[ALPHA_X13_BURST13] mode=OFF radar_adj=0 mom= conf=0
[BETA_X5] [1;36m06:41:10[0m [1;33mx5[0m [1;36m#35[0m SKIP tension=[1;36m0.00001249[0m [0m| momentum_too_small [1;31mconf=0.0[0m
[ALPHA_X13_BURST13] [1;36m06:41:13[0m [1;32mx13[0m [1;36m#37[0m SKIP tension=[1;36m0.00000749[0m [0m| momentum_too_small [1;31mconf=0.0[0m
[BETA_X5] mode=OFF radar_adj=0 mom= conf=0
[ALPHA_X13_BURST13] mode=OFF radar_adj=0 mom= conf=0
[BETA_X5] [1;36m06:41:19[0m [1;33mx5[0m [1;36m#36[0m SKIP tension=[1;36m0.00000000[0m [0m| spread_too_wide [1;31mconf=0.0[0m
[BETA_X5] mode=OFF radar_adj=0 mom= conf=0
[ALPHA_X13_BURST13] [1;36m06:41:22[0m [1;32mx13[0m [1;36m#38[0m SKIP tension=[1;36m0.00000000[0m [0m| spread_too_wide [1;31mconf=0.0[0m
[ALPHA_X13_BURST13] mode=OFF radar_adj=0 mom= conf=0
[BETA_X5] [1;36m06:41:27[0m [1;33mx5[0m [1;36m#37[0m SKIP tension=[1;36m0.00000000[0m [0m| spread_too_wide [1;31mconf=0.0[0m
[BETA_X5] mode=OFF radar_adj=0 mom= conf=0
[ALPHA_X13_BURST13] [1;36m06:41:31[0m [1;32mx13[0m [1;36m#39[0m SKIP tension=[1;36m0.00000000[0m [0m| spread_too_wide [1;31mconf=0.0[0m
[ALPHA_X13_BURST13] mode=OFF radar_adj=0 mom= conf=0
[BETA_X5] [1;36m06:41:36[0m [1;33mx5[0m [1;36m#38[0m SKIP tension=[1;36m0.00000000[0m [0m| spread_too_wide [1;31mconf=0.0[0m
[BETA_X5] mode=OFF radar_adj=0 mom= conf=0
[ALPHA_X13_BURST13] [1;36m06:41:40[0m [1;32mx13[0m [1;36m#40[0m SKIP tension=[1;36m0.00000298[0m [0m| spread_too_wide [1;31mconf=0.0[0m
[ALPHA_X13_BURST13] mode=OFF radar_adj=0 mom= conf=0
[BETA_X5] [1;36m06:41:44[0m [1;33mx5[0m [1;36m#39[0m SKIP tension=[1;36m0.00000000[0m [0m| spread_too_wide [1;31mconf=0.0[0m
[BETA_X5] mode=OFF radar_adj=0 mom= conf=0
[ALPHA_X13_BURST13] [1;36m06:41:49[0m [1;32mx13[0m [1;36m#41[0m SKIP tension=[1;36m0.00705990[0m [0m| spread_too_wide [1;31mconf=0.0059[0m
[ALPHA_X13_BURST13] mode=OFF radar_adj=0 mom= conf=0
[BETA_X5] [1;36m06:41:53[0m [1;33mx5[0m [1;36m#40[0m SKIP tension=[1;36m0.00000000[0m [0m| spread_too_wide [1;31mconf=0.0[0m
[BETA_X5] mode=OFF radar_adj=0 mom= conf=0
[ALPHA_X13_BURST13] [1;36m06:41:58[0m [1;32mx13[0m [1;36m#42[0m SKIP tension=[1;36m0.00002268[0m [0m| spread_too_wide [1;31mconf=0.0[0m
[ALPHA_X13_BURST13] mode=OFF radar_adj=0 mom= conf=0
[BETA_X5] [1;36m06:42:01[0m [1;33mx5[0m [1;36m#41[0m SKIP tension=[1;36m0.23921584[0m [0m| spread_too_wide [1;31mconf=0.1993[0m
[BETA_X5] mode=OFF radar_adj=0 mom= conf=0
[ALPHA_X13_BURST13] [1;36m06:42:07[0m [1;32mx13[0m [1;36m#43[0m SKIP tension=[1;36m0.00222397[0m [0m| momentum_too_small [1;31mconf=0.0036[0m
[BETA_X5] [1;36m06:42:09[0m [1;33mx5[0m [1;36m#42[0m SKIP tension=[1;36m0.53038348[0m [0m| wall_not_collapsed
[ALPHA_X13_BURST13] mode=OFF radar_adj=0 mom= conf=0
[BETA_X5] mode=OFF radar_adj=0 mom= conf=0
[ALPHA_X13_BURST13] [1;36m06:42:16[0m [1;32mx13[0m [1;36m#44[0m SKIP tension=[1;36m0.00000333[0m [0m| momentum_too_small [1;31mconf=0.0[0m
[ALPHA_X13_BURST13] mode=OFF radar_adj=0 mom= conf=0
[BETA_X5] shockwave beta->alpha until_cycle=53
[BETA_X5] [1;33mSWARM shockwave[0m [0m| beta -> neighbor (shock_inversion_stop)[0m
[BETA_X5] [1;36mCycle 43[0m [1;32mSOFT anomaly[0m [1;33m| pnl_abs=0.13568000 > 0.02500000[0m
[BETA_X5] [1;36mentry=06:42:22@62645.00000000[0m [1;33mx5[0m [1;36m#43[0m [1;31mSELL[0m tension=[1;31m4.41006582[0m hold=[1;36m7[0ms sec=[1;36m7[0m [0m| exit=62655.60000000 [1;32mconf=0.8943[0m [1;36mexit_time=06:42:29[0m [1;31mpnl=-0.13568000 bps=-1.69207439 pct=-0.01692074% total=-0.37016000000000004[0m
[BETA_X5] mode=OFF radar_adj=0 mom= conf=0
[BETA_X5] [1;36m06:42:40[0m [1;33mx5[0m [1;36m#44[0m SKIP tension=[1;36m0.00000000[0m [0m| momentum_too_small [1;31mconf=0.3496[0m
[ALPHA_X13_BURST13] [1;36mCycle 45[0m [1;32mSOFT anomaly[0m [1;33m| pnl_abs=1.01199000 > 0.02500000[0m
[ALPHA_X13_BURST13] [1;36mentry=06:42:29@62655.60000000[0m [1;32mx13[0m [1;36m#45[0m [1;32mBUY[0m tension=[1;31m2.50676497[0m hold=[1;36m11[0ms sec=[1;36m11[0m [0m| exit=62661.70000000 [1;32mconf=0.8943[0m [1;36mexit_time=06:42:40[0m [1;32mpnl=1.01199000 bps=0.97357618 pct=0.00973576% total=0.6418299999999999[0m
[BETA_X5] mode=OFF radar_adj=0 mom= conf=0
[ALPHA_X13_BURST13] mode=OFF radar_adj=0 mom= conf=0
[BETA_X5] [1;36m06:42:48[0m [1;33mx5[0m [1;36m#45[0m SKIP tension=[1;36m0.00000000[0m [0m| momentum_too_small [1;31mconf=0.3203[0m
[BETA_X5] mode=OFF radar_adj=0 mom= conf=0
[ALPHA_X13_BURST13] [1;36m06:42:51[0m [1;32mx13[0m [1;36m#46[0m SKIP [1;33m| tension_stale age=1131ms>800ms (NUAGE)[0m
[ALPHA_X13_BURST13] mode=OFF radar_adj=0 mom= conf=0
[BETA_X5] [1;36m06:42:58[0m [1;33mx5[0m [1;36m#46[0m SKIP tension=[1;36m0.00000303[0m [0m| momentum_too_small [1;31mconf=0.0[0m
[ALPHA_X13_BURST13] [1;36m06:43:00[0m [1;32mx13[0m [1;36m#47[0m SKIP tension=[1;36m0.00000000[0m [0m| momentum_too_small [1;31mconf=0.327[0m
[BETA_X5] mode=OFF radar_adj=0 mom= conf=0
[ALPHA_X13_BURST13] mode=OFF radar_adj=0 mom= conf=0
[BETA_X5] [1;36m06:43:06[0m [1;33mx5[0m [1;36m#47[0m SKIP tension=[1;36m0.00004943[0m [0m| momentum_too_small [1;31mconf=0.0001[0m
[BETA_X5] mode=OFF radar_adj=0 mom= conf=0
[ALPHA_X13_BURST13] [1;36m06:43:09[0m [1;32mx13[0m [1;36m#48[0m SKIP tension=[1;36m0.00000000[0m [0m| momentum_too_small [1;31mconf=0.3493[0m
[ALPHA_X13_BURST13] mode=OFF radar_adj=0 mom= conf=0
[BETA_X5] [1;36m06:43:14[0m [1;33mx5[0m [1;36m#48[0m SKIP tension=[1;36m0.41054180[0m [0m| wall_not_collapsed
[BETA_X5] mode=OFF radar_adj=0 mom= conf=0
[ALPHA_X13_BURST13] [1;36m06:43:18[0m [1;32mx13[0m [1;36m#49[0m SKIP tension=[1;36m0.00000000[0m [0m| momentum_too_small [1;31mconf=0.3493[0m
[ALPHA_X13_BURST13] mode=OFF radar_adj=0 mom= conf=0
[BETA_X5] [1;36m06:43:23[0m [1;33mx5[0m [1;36m#49[0m SKIP tension=[1;36m0.24405199[0m [0m| wall_not_collapsed
[BETA_X5] mode=OFF radar_adj=0 mom= conf=0
[ALPHA_X13_BURST13] [1;36m06:43:28[0m [1;32mx13[0m [1;36m#50[0m SKIP tension=[1;36m0.00001151[0m [0m| momentum_too_small [1;31mconf=0.0[0m
[ALPHA_X13_BURST13] mode=OFF radar_adj=0 mom= conf=0
[BETA_X5] [1;36m06:43:31[0m [1;33mx5[0m [1;36m#50[0m SKIP tension=[1;36m0.09479626[0m [0m| direction_unclear [1;31mconf=0.1572[0m
[BETA_X5] mode=OFF radar_adj=0 mom= conf=0
[ALPHA_X13_BURST13] [1;36m06:43:37[0m [1;32mx13[0m [1;36m#51[0m SKIP tension=[1;36m0.52385573[0m [0m| wall_not_collapsed
[BETA_X5] [1;36m06:43:39[0m [1;33mx5[0m [1;36m#51[0m SKIP tension=[1;36m0.54232214[0m [0m| wall_not_collapsed
[ALPHA_X13_BURST13] mode=OFF radar_adj=0 mom= conf=0
[BETA_X5] mode=OFF radar_adj=0 mom= conf=0
[ALPHA_X13_BURST13] [1;36m06:43:46[0m [1;32mx13[0m [1;36m#52[0m SKIP [1;33m| tension_stale age=4995ms>800ms (NUAGE)[0m
[ALPHA_X13_BURST13] mode=OFF radar_adj=0 mom= conf=0
[ALPHA_X13_BURST13] [1;36m06:43:55[0m [1;32mx13[0m [1;36m#53[0m SKIP tension=[1;36m0.02257461[0m [0m| direction_unclear [1;31mconf=0.0348[0m
[ALPHA_X13_BURST13] mode=OFF radar_adj=0 mom= conf=0
[BETA_X5] shockwave beta->alpha until_cycle=62
[BETA_X5] [1;33mSWARM shockwave[0m [0m| beta -> neighbor (shock_inversion_stop)[0m
[BETA_X5] [1;36mentry=06:43:52@62650.80000000[0m [1;33mx5[0m [1;36m#52[0m [1;31mSELL[0m tension=[1;31m2.04423555[0m hold=[1;36m7[0ms sec=[1;36m7[0m [0m| exit=62652.40000000 [1;32mconf=0.9631[0m [1;36mexit_time=06:44:01[0m [1;31mpnl=-0.01248000 bps=-0.25538381 pct=-0.00255384% total=0.6293499999999999[0m
[ALPHA_X13_BURST13] [1;36m06:44:04[0m [1;32mx13[0m [1;36m#54[0m SKIP tension=[1;36m0.00000000[0m [0m| momentum_too_small [1;31mconf=0.3081[0m
[BETA_X5] mode=OFF radar_adj=0 mom= conf=0
[ALPHA_X13_BURST13] mode=OFF radar_adj=0 mom= conf=0
[BETA_X5] [1;36m06:44:11[0m [1;33mx5[0m [1;36m#53[0m SKIP tension=[1;36m0.00000000[0m [0m| momentum_too_small [1;31mconf=0.3116[0m
[ALPHA_X13_BURST13] [1;36m06:44:12[0m [1;32mx13[0m [1;36m#55[0m SKIP tension=[1;36m0.00002450[0m [0m| momentum_too_small [1;31mconf=0.0[0m
[BETA_X5] mode=OFF radar_adj=0 mom= conf=0
[ALPHA_X13_BURST13] mode=OFF radar_adj=0 mom= conf=0
[BETA_X5] [1;36m06:44:20[0m [1;33mx5[0m [1;36m#54[0m SKIP tension=[1;36m0.00000000[0m [0m| momentum_too_small [1;31mconf=0.3116[0m
[ALPHA_X13_BURST13] [1;36m06:44:22[0m [1;32mx13[0m [1;36m#56[0m SKIP tension=[1;36m0.00000000[0m [0m| momentum_too_small [1;31mconf=0.2732[0m
[BETA_X5] mode=OFF radar_adj=0 mom= conf=0
[ALPHA_X13_BURST13] mode=OFF radar_adj=0 mom= conf=0
[BETA_X5] [1;36m06:44:29[0m [1;33mx5[0m [1;36m#55[0m SKIP tension=[1;32m1.68420332[0m [0m| tactic long vs short
[ALPHA_X13_BURST13] [1;36m06:44:31[0m [1;32mx13[0m [1;36m#57[0m SKIP tension=[1;36m0.00000030[0m [0m| momentum_too_small [1;31mconf=0.0[0m
[BETA_X5] mode=OFF radar_adj=0 mom= conf=0
[ALPHA_X13_BURST13] mode=OFF radar_adj=0 mom= conf=0
[BETA_X5] [1;36m06:44:37[0m [1;33mx5[0m [1;36m#56[0m SKIP tension=[1;36m0.00006499[0m [0m| momentum_too_small [1;31mconf=0.0001[0m
[ALPHA_X13_BURST13] [1;36m06:44:39[0m [1;32mx13[0m [1;36m#58[0m SKIP tension=[1;36m0.00000000[0m [0m| momentum_too_small [1;31mconf=0.2732[0m
[BETA_X5] mode=OFF radar_adj=0 mom= conf=0
[ALPHA_X13_BURST13] mode=OFF radar_adj=0 mom= conf=0
[ALPHA_X13_BURST13] [1;36m06:44:50[0m [1;32mx13[0m [1;36m#59[0m SKIP [1;33m| tension_stale age=10988ms>800ms (NUAGE)[0m
[ALPHA_X13_BURST13] mode=OFF radar_adj=0 mom= conf=0
[BETA_X5] [1;36mCycle 57[0m [1;32mSOFT anomaly[0m [1;33m| pnl_abs=0.08580000 > 0.02500000[0m
[ALPHA_X13_BURST13] [1;36m06:44:59[0m [1;32mx13[0m [1;36m#60[0m SKIP tension=[1;36m0.00000303[0m [0m| momentum_too_small [1;31mconf=0.0[0m
[BETA_X5] [1;36mentry=06:44:50@62656.00000000[0m [1;33mx5[0m [1;36m#57[0m [1;32mSELL[0m tension=[1;31m2.21929584[0m hold=[1;36m8[0ms sec=[1;36m8[0m [0m| exit=62645.00000000 [1;32mconf=0.8903[0m [1;36mexit_time=06:44:58[0m [1;32mpnl=0.08580000 bps=1.75561798 pct=0.01755618% total=0.71515[0m
[ALPHA_X13_BURST13] mode=OFF radar_adj=0 mom= conf=0
[BETA_X5] mode=OFF radar_adj=0 mom= conf=0
[BETA_X5] [1;36m06:45:08[0m [1;33mx5[0m [1;36m#58[0m SKIP tension=[1;32m1.44013762[0m [0m| tactic long vs short
[ALPHA_X13_BURST13] [1;36m06:45:09[0m [1;32mx13[0m [1;36m#61[0m SKIP tension=[1;32m1.44013890[0m [0m| duo no_trigger
[BETA_X5] mode=OFF radar_adj=0 mom= conf=0
[ALPHA_X13_BURST13] mode=OFF radar_adj=0 mom= conf=0
[BETA_X5] [1;36m06:45:16[0m [1;33mx5[0m [1;36m#59[0m SKIP tension=[1;36m0.00000000[0m [0m| momentum_too_small [1;31mconf=0.2941[0m
[ALPHA_X13_BURST13] [1;36m06:45:18[0m [1;32mx13[0m [1;36m#62[0m SKIP tension=[1;36m0.00000000[0m [0m| momentum_too_small [1;31mconf=0.2383[0m
[BETA_X5] mode=OFF radar_adj=0 mom= conf=0
[ALPHA_X13_BURST13] mode=OFF radar_adj=0 mom= conf=0
[BETA_X5] [1;36m06:45:24[0m [1;33mx5[0m [1;36m#60[0m SKIP tension=[1;36m0.00000000[0m [0m| momentum_too_small [1;31mconf=0.2941[0m
[ALPHA_X13_BURST13] [1;36m06:45:26[0m [1;32mx13[0m [1;36m#63[0m SKIP tension=[1;36m0.00180773[0m [0m| momentum_too_small [1;31mconf=0.0025[0m
[BETA_X5] mode=OFF radar_adj=0 mom= conf=0
[ALPHA_X13_BURST13] mode=OFF radar_adj=0 mom= conf=0
[BETA_X5] [1;36m06:45:35[0m [1;33mx5[0m [1;36m#61[0m SKIP [0m| Mode Écoute: spread=2.55340000 volat=39.90741484 (attente froid)
[ALPHA_X13_BURST13] [1;36m06:45:35[0m [1;32mx13[0m [1;36m#64[0m SKIP tension=[1;36m0.00004849[0m [0m| momentum_too_small [1;31mconf=0.0001[0m
[ALPHA_X13_BURST13] mode=OFF radar_adj=0 mom= conf=0
[BETA_X5] mode=OFF radar_adj=0 mom= conf=0
[BETA_X5] [1;36m06:45:44[0m [1;33mx5[0m [1;36m#62[0m SKIP tension=[1;36m0.00000000[0m [0m| momentum_too_small [1;31mconf=0.3112[0m
[ALPHA_X13_BURST13] [1;36m06:45:44[0m [1;32mx13[0m [1;36m#65[0m SKIP tension=[1;36m0.00000000[0m [0m| momentum_too_small [1;31mconf=0.3137[0m
[BETA_X5] mode=OFF radar_adj=0 mom= conf=0
[ALPHA_X13_BURST13] mode=OFF radar_adj=0 mom= conf=0
[BETA_X5] [1;36m06:45:52[0m [1;33mx5[0m [1;36m#63[0m SKIP tension=[1;36m0.00000000[0m [0m| momentum_too_small [1;31mconf=0.3381[0m
[ALPHA_X13_BURST13] [1;36m06:45:54[0m [1;32mx13[0m [1;36m#66[0m SKIP tension=[1;36m0.00004744[0m [0m| momentum_too_small [1;31mconf=0.0001[0m
[BETA_X5] mode=OFF radar_adj=0 mom= conf=0
[ALPHA_X13_BURST13] mode=OFF radar_adj=0 mom= conf=0
[BETA_X5] [1;36m06:46:00[0m [1;33mx5[0m [1;36m#64[0m SKIP tension=[1;36m0.84967798[0m [0m| wall_not_collapsed
[BETA_X5] mode=OFF radar_adj=0 mom= conf=0
[ALPHA_X13_BURST13] [1;36m06:46:04[0m [1;32mx13[0m [1;36m#67[0m SKIP tension=[1;36m0.00000000[0m [0m| momentum_too_small [1;31mconf=0.3381[0m
[ALPHA_X13_BURST13] mode=OFF radar_adj=0 mom= conf=0
[BETA_X5] [1;36m06:46:09[0m [1;33mx5[0m [1;36m#65[0m SKIP tension=[1;36m0.24430243[0m [0m| wall_not_collapsed
[BETA_X5] mode=OFF radar_adj=0 mom= conf=0
[ALPHA_X13_BURST13] [1;36m06:46:12[0m [1;32mx13[0m [1;36m#68[0m SKIP tension=[1;36m0.00001971[0m [0m| momentum_too_small [1;31mconf=0.0[0m
[ALPHA_X13_BURST13] mode=OFF radar_adj=0 mom= conf=0
[BETA_X5] [1;36m06:46:17[0m [1;33mx5[0m [1;36m#66[0m SKIP tension=[1;36m0.00000000[0m [0m| momentum_too_small [1;31mconf=0.3378[0m
[BETA_X5] mode=OFF radar_adj=0 mom= conf=0
[ALPHA_X13_BURST13] [1;36m06:46:23[0m [1;32mx13[0m [1;36m#69[0m SKIP tension=[1;36m0.16763214[0m [0m| direction_unclear [1;31mconf=0.2696[0m
[BETA_X5] [1;36m06:46:26[0m [1;33mx5[0m [1;36m#67[0m SKIP tension=[1;36m0.00001412[0m [0m| momentum_too_small [1;31mconf=0.0[0m
[ALPHA_X13_BURST13] mode=OFF radar_adj=0 mom= conf=0
[BETA_X5] mode=OFF radar_adj=0 mom= conf=0
[ALPHA_X13_BURST13] [1;36m06:46:34[0m [1;32mx13[0m [1;36m#70[0m SKIP tension=[1;36m0.08522619[0m [0m| direction_unclear [1;31mconf=0.1371[0m
[BETA_X5] [1;36m06:46:35[0m [1;33mx5[0m [1;36m#68[0m SKIP tension=[1;36m0.00002708[0m [0m| momentum_too_small [1;31mconf=0.0[0m
[ALPHA_X13_BURST13] mode=OFF radar_adj=0 mom= conf=0
[BETA_X5] mode=OFF radar_adj=0 mom= conf=0
[ALPHA_X13_BURST13] [1;36m06:46:43[0m [1;32mx13[0m [1;36m#71[0m SKIP tension=[1;36m0.15616596[0m [0m| direction_unclear [1;31mconf=0.2512[0m
[BETA_X5] [1;36m06:46:44[0m [1;33mx5[0m [1;36m#69[0m SKIP tension=[1;36m0.17352137[0m [0m| direction_unclear [1;31mconf=0.2791[0m
[ALPHA_X13_BURST13] mode=OFF radar_adj=0 mom= conf=0
[BETA_X5] mode=OFF radar_adj=0 mom= conf=0
[ALPHA_X13_BURST13] [1;36m06:46:54[0m [1;32mx13[0m [1;36m#72[0m SKIP [1;33m| tension_stale age=8243ms>800ms (NUAGE)[0m
[ALPHA_X13_BURST13] mode=OFF radar_adj=0 mom= conf=0
[ALPHA_X13_BURST13] [1;36m06:47:03[0m [1;32mx13[0m [1;36m#73[0m SKIP tension=[1;36m0.03315887[0m [0m| direction_unclear [1;31mconf=0.0533[0m
[ALPHA_X13_BURST13] mode=OFF radar_adj=0 mom= conf=0
[BETA_X5] [1;36mentry=06:46:57@62645.00000000[0m [1;33mx5[0m [1;36m#70[0m [1;33mSELL[0m tension=[1;31m8.11823526[0m hold=[1;36m7[0ms sec=[1;36m7[0m [0m| exit=62645.00000000 [1;32mconf=0.9651[0m [1;36mexit_time=06:47:05[0m [1;33mpnl=-0.00000000 bps=-0.00000000 pct=-0.00000000% total=0.71515[0m
[BETA_X5] mode=OFF radar_adj=0 mom= conf=0
[ALPHA_X13_BURST13] [1;36m06:47:12[0m [1;32mx13[0m [1;36m#74[0m SKIP [1;33m| tension_stale age=4243ms>800ms (NUAGE)[0m
[BETA_X5] [1;36m06:47:15[0m [1;33mx5[0m [1;36m#71[0m SKIP tension=[1;36m0.00000000[0m [0m| momentum_too_small [1;31mconf=0.3378[0m
[ALPHA_X13_BURST13] mode=OFF radar_adj=0 mom= conf=0
[BETA_X5] mode=OFF radar_adj=0 mom= conf=0
[ALPHA_X13_BURST13] [1;36m06:47:21[0m [1;32mx13[0m [1;36m#75[0m SKIP tension=[1;36m0.47743037[0m [0m| wall_not_collapsed
[BETA_X5] [1;36m06:47:23[0m [1;33mx5[0m [1;36m#72[0m SKIP tension=[1;36m0.00943213[0m [0m| momentum_too_small [1;31mconf=0.0152[0m
[ALPHA_X13_BURST13] mode=OFF radar_adj=0 mom= conf=0
[BETA_X5] mode=OFF radar_adj=0 mom= conf=0
[ALPHA_X13_BURST13] [1;36m06:47:30[0m [1;32mx13[0m [1;36m#76[0m SKIP tension=[1;36m0.00001422[0m [0m| momentum_too_small [1;31mconf=0.0[0m
[BETA_X5] [1;36m06:47:32[0m [1;33mx5[0m [1;36m#73[0m SKIP tension=[1;36m0.00000000[0m [0m| momentum_too_small [1;31mconf=0.3378[0m
[ALPHA_X13_BURST13] mode=OFF radar_adj=0 mom= conf=0
[BETA_X5] mode=OFF radar_adj=0 mom= conf=0
[ALPHA_X13_BURST13] [1;36m06:47:40[0m [1;32mx13[0m [1;36m#77[0m SKIP tension=[1;36m0.00000605[0m [0m| momentum_too_small [1;31mconf=0.0[0m
[BETA_X5] [1;36m06:47:41[0m [1;33mx5[0m [1;36m#74[0m SKIP tension=[1;36m0.01985610[0m [0m| direction_unclear [1;31mconf=0.0319[0m
[ALPHA_X13_BURST13] mode=OFF radar_adj=0 mom= conf=0
[BETA_X5] mode=OFF radar_adj=0 mom= conf=0
[ALPHA_X13_BURST13] [1;36m06:47:49[0m [1;32mx13[0m [1;36m#78[0m SKIP tension=[1;36m0.00000000[0m [0m| momentum_too_small [1;31mconf=0.3406[0m
[BETA_X5] [1;36m06:47:49[0m [1;33mx5[0m [1;36m#75[0m SKIP tension=[1;36m0.42613132[0m [0m| wall_not_collapsed
[ALPHA_X13_BURST13] mode=OFF radar_adj=0 mom= conf=0
[BETA_X5] mode=OFF radar_adj=0 mom= conf=0
[BETA_X5] [1;36m06:47:59[0m [1;33mx5[0m [1;36m#76[0m SKIP tension=[1;36m0.00000000[0m [0m| momentum_too_small [1;31mconf=0.3402[0m
[ALPHA_X13_BURST13] [1;36m06:47:59[0m [1;32mx13[0m [1;36m#79[0m SKIP tension=[1;36m0.00000000[0m [0m| momentum_too_small [1;31mconf=0.3402[0m
[BETA_X5] mode=OFF radar_adj=0 mom= conf=0
[ALPHA_X13_BURST13] mode=OFF radar_adj=0 mom= conf=0
[ALPHA_X13_BURST13] [1;36m06:48:11[0m [1;32mx13[0m [1;36m#80[0m SKIP tension=[1;36m0.00000000[0m [0m| momentum_too_small [1;31mconf=0.3496[0m
[ALPHA_X13_BURST13] mode=OFF radar_adj=0 mom= conf=0
[ALPHA_X13_BURST13] [1;36m06:48:21[0m [1;32mx13[0m [1;36m#81[0m SKIP tension=[1;36m0.00000000[0m [0m| momentum_too_small [1;31mconf=0.3496[0m
[BETA_X5] shockwave beta->alpha until_cycle=87
[BETA_X5] [1;33mSWARM shockwave[0m [0m| beta -> neighbor (fluid_exit_brake)[0m
[ALPHA_X13_BURST13] mode=OFF radar_adj=0 mom= conf=0
[BETA_X5] [1;36mentry=06:48:14@62647.70000000[0m [1;33mx5[0m [1;36m#77[0m [1;31mSELL[0m tension=[1;31m9.37688170[0m hold=[1;36m9[0ms sec=[1;36m9[0m [0m| exit=62647.80000000 [1;32mconf=0.999[0m [1;36mexit_time=06:48:23[0m [1;31mpnl=-0.00078000 bps=-0.01596228 pct=-0.00015962% total=0.71437[0m
[BETA_X5] mode=OFF radar_adj=0 mom= conf=0
[ALPHA_X13_BURST13] [1;36m06:48:31[0m [1;32mx13[0m [1;36m#82[0m SKIP tension=[1;36m0.00001210[0m [0m| momentum_too_small [1;31mconf=0.0[0m
[BETA_X5] [1;36m06:48:34[0m [1;33mx5[0m [1;36m#78[0m SKIP tension=[1;36m0.00121924[0m [0m| momentum_too_small [1;31mconf=0.002[0m
[ALPHA_X13_BURST13] mode=OFF radar_adj=0 mom= conf=0
[BETA_X5] mode=OFF radar_adj=0 mom= conf=0
[ALPHA_X13_BURST13] [1;36m06:48:42[0m [1;32mx13[0m [1;36m#83[0m SKIP tension=[1;36m0.00001330[0m [0m| momentum_too_small [1;31mconf=0.0[0m
[BETA_X5] [1;36m06:48:44[0m [1;33mx5[0m [1;36m#79[0m SKIP tension=[1;36m0.00000000[0m [0m| momentum_too_small [1;31mconf=0.3496[0m
[ALPHA_X13_BURST13] mode=OFF radar_adj=0 mom= conf=0
[BETA_X5] mode=OFF radar_adj=0 mom= conf=0
[ALPHA_X13_BURST13] [1;36m06:48:52[0m [1;32mx13[0m [1;36m#84[0m SKIP tension=[1;36m0.00001037[0m [0m| momentum_too_small [1;31mconf=0.0[0m
[BETA_X5] [1;36m06:48:54[0m [1;33mx5[0m [1;36m#80[0m SKIP tension=[1;36m0.00000745[0m [0m| momentum_too_small [1;31mconf=0.0[0m
[ALPHA_X13_BURST13] mode=OFF radar_adj=0 mom= conf=0
[BETA_X5] mode=OFF radar_adj=0 mom= conf=0
[ALPHA_X13_BURST13] [1;36m06:49:02[0m [1;32mx13[0m [1;36m#85[0m SKIP tension=[1;36m0.13580979[0m [0m| direction_unclear [1;31mconf=0.2137[0m
[BETA_X5] [1;36m06:49:03[0m [1;33mx5[0m [1;36m#81[0m SKIP tension=[1;36m0.13575156[0m [0m| direction_unclear [1;31mconf=0.2199[0m
[ALPHA_X13_BURST13] mode=OFF radar_adj=0 mom= conf=0
[BETA_X5] mode=OFF radar_adj=0 mom= conf=0
[ALPHA_X13_BURST13] [1;36m06:49:12[0m [1;32mx13[0m [1;36m#86[0m SKIP tension=[1;36m0.00005781[0m [0m| momentum_too_small [1;31mconf=0.0001[0m
[BETA_X5] [1;36m06:49:12[0m [1;33mx5[0m [1;36m#82[0m SKIP tension=[1;36m0.00006458[0m [0m| momentum_too_small [1;31mconf=0.0001[0m
[ALPHA_X13_BURST13] mode=OFF radar_adj=0 mom= conf=0
[BETA_X5] mode=OFF radar_adj=0 mom= conf=0
[BETA_X5] [1;36m06:49:21[0m [1;33mx5[0m [1;36m#83[0m SKIP tension=[1;36m0.00000813[0m [0m| momentum_too_small [1;31mconf=0.0[0m
[ALPHA_X13_BURST13] [1;36m06:49:21[0m [1;32mx13[0m [1;36m#87[0m SKIP tension=[1;36m0.00000813[0m [0m| momentum_too_small [1;31mconf=0.0[0m
[BETA_X5] mode=OFF radar_adj=0 mom= conf=0
[ALPHA_X13_BURST13] mode=OFF radar_adj=0 mom= conf=0
[BETA_X5] [1;36m06:49:29[0m [1;33mx5[0m [1;36m#84[0m SKIP tension=[1;36m0.02476500[0m [0m| direction_unclear [1;31mconf=0.0401[0m
[ALPHA_X13_BURST13] [1;36m06:49:30[0m [1;32mx13[0m [1;36m#88[0m SKIP tension=[1;36m0.00001297[0m [0m| momentum_too_small [1;31mconf=0.0[0m
[BETA_X5] [1;31mSTOP file detected (STOP_BETA). Stopping safely at cycle 85.[0m
[BETA_X5] 
[BETA_X5] [1;32mDone.[0m
[BETA_X5] [1;36mLog: runs/NUAGE_SMOKE_15M_BETA_X5.csv[0m
[BETA_X5] [1;32mSuccessful order-cycles: 8[0m
[BETA_X5] [1;32mDernier cycle #85:[0m [1;31mpnl=-0.00078000 bps=-0.01596228 pct=-0.00015962%[0m
[ALPHA_X13_BURST13] [1;31mSTOP file detected (STOP_ALPHA). Stopping safely at cycle 89.[0m
[ALPHA_X13_BURST13] 
[ALPHA_X13_BURST13] [1;32mDone.[0m
[ALPHA_X13_BURST13] [1;36mLog: runs/NUAGE_SMOKE_15M_ALPHA_X13_BURST13.csv[0m
[ALPHA_X13_BURST13] [1;32mSuccessful order-cycles: 1[0m
[ALPHA_X13_BURST13] [1;32mDernier cycle #89:[0m [1;32mpnl=1.01199000 bps=0.97357618 pct=0.00973576%[0m
