[BETA_X5] [1;36m--- ACE777 STRICT CLONE FUTURES TESTNET ---[0m
[BETA_X5] [1;32mV8 Resonance ON:[0m [1;36mimpulse_thr=0.96 dt_ms=64 aspiration=1.618@37.8deg void_lock=TRUE shock_exit=TRUE[0m
[BETA_X5] [1;32mV8 Tension ON:[0m [1;36mwall_drop=6.5% dt_ms=64 filter=0.85 depth=20[0m
[BETA_X5] [1;36mSymbol=BTCUSDT[0m [1;32mLeverage=5[0m [1;36mBuyUSDT=200 Orders=TRUE[0m
[ALPHA_X13_BURST13] [1;36m--- ACE777 STRICT CLONE FUTURES TESTNET ---[0m
[ALPHA_X13_BURST13] [1;36mLeverage ramp ON:[0m [1;36mstart=13 end=13 cycles=180[0m
[ALPHA_X13_BURST13] [1;32mV8 Resonance ON:[0m [1;36mimpulse_thr=0.96 dt_ms=64 aspiration=1.618@37.8deg void_lock=TRUE shock_exit=TRUE[0m
[ALPHA_X13_BURST13] [1;32mV8 Tension ON:[0m [1;36mwall_drop=6.5% dt_ms=64 filter=0.85 depth=20[0m
[ALPHA_X13_BURST13] [1;36mSymbol=BTCUSDT[0m [1;32mLeverage=13[0m [1;36mBuyUSDT=800 Orders=TRUE[0m
[BETA_X5] mode=OFF radar_adj=0 mom= conf=0
[ALPHA_X13_BURST13] mode=OFF radar_adj=0 mom= conf=0
[BETA_X5] [1;36m10:10:15[0m [1;33mx5[0m [1;36m#1[0m SKIP tension=[1;36m0.29115274[0m [0m| wall_not_collapsed
[BETA_X5] mode=OFF radar_adj=0 mom= conf=0
[ALPHA_X13_BURST13] [1;36m10:10:18[0m [1;32mx13[0m [1;36m#1[0m SKIP tension=[1;36m0.05092364[0m [0m| direction_unclear [1;31mconf=0.0738[0m
[ALPHA_X13_BURST13] mode=OFF radar_adj=0 mom= conf=0
[BETA_X5] [1;36m10:10:23[0m [1;33mx5[0m [1;36m#2[0m SKIP tension=[1;36m0.00000843[0m [0m| momentum_too_small [1;31mconf=0.0[0m
[BETA_X5] mode=OFF radar_adj=0 mom= conf=0
[ALPHA_X13_BURST13] [1;36m10:10:28[0m [1;32mx13[0m [1;36m#2[0m SKIP tension=[1;32m1.09051110[0m [0m| duo no_state
[ALPHA_X13_BURST13] mode=OFF radar_adj=0 mom= conf=0
[BETA_X5] [1;36m10:10:32[0m [1;33mx5[0m [1;36m#3[0m SKIP tension=[1;36m0.00001288[0m [0m| momentum_too_small [1;31mconf=0.0[0m
[BETA_X5] mode=OFF radar_adj=0 mom= conf=0
[ALPHA_X13_BURST13] [1;36m10:10:36[0m [1;32mx13[0m [1;36m#3[0m SKIP tension=[1;36m0.00000000[0m [0m| momentum_too_small [1;31mconf=0.3409[0m
[ALPHA_X13_BURST13] mode=OFF radar_adj=0 mom= conf=0
[BETA_X5] [1;36m10:10:40[0m [1;33mx5[0m [1;36m#4[0m SKIP tension=[1;36m0.06417921[0m [0m| direction_unclear [1;31mconf=0.1042[0m
[BETA_X5] mode=OFF radar_adj=0 mom= conf=0
[ALPHA_X13_BURST13] [1;36m10:10:45[0m [1;32mx13[0m [1;36m#4[0m SKIP tension=[1;36m0.00004061[0m [0m| momentum_too_small [1;31mconf=0.0001[0m
[BETA_X5] [1;36m10:10:47[0m [1;33mx5[0m [1;36m#5[0m SKIP tension=[1;36m0.00000000[0m [0m| momentum_too_small [1;31mconf=0.3409[0m
[ALPHA_X13_BURST13] mode=OFF radar_adj=0 mom= conf=0
[BETA_X5] mode=OFF radar_adj=0 mom= conf=0
[ALPHA_X13_BURST13] [1;36m10:10:53[0m [1;32mx13[0m [1;36m#5[0m SKIP tension=[1;36m0.00000348[0m [0m| momentum_too_small [1;31mconf=0.0[0m
[BETA_X5] [1;36m10:10:55[0m [1;33mx5[0m [1;36m#6[0m SKIP tension=[1;36m0.00282305[0m [0m| momentum_too_small [1;31mconf=0.0046[0m
[ALPHA_X13_BURST13] mode=OFF radar_adj=0 mom= conf=0
[BETA_X5] mode=OFF radar_adj=0 mom= conf=0
[ALPHA_X13_BURST13] [1;36m10:11:01[0m [1;32mx13[0m [1;36m#6[0m SKIP tension=[1;36m0.00002477[0m [0m| momentum_too_small [1;31mconf=0.0[0m
[BETA_X5] [1;36m10:11:04[0m [1;33mx5[0m [1;36m#7[0m SKIP tension=[1;36m0.00000000[0m [0m| momentum_too_small [1;31mconf=0.3277[0m
[ALPHA_X13_BURST13] mode=OFF radar_adj=0 mom= conf=0
[BETA_X5] mode=OFF radar_adj=0 mom= conf=0
[ALPHA_X13_BURST13] [1;36m10:11:10[0m [1;32mx13[0m [1;36m#7[0m SKIP tension=[1;36m0.00006109[0m [0m| momentum_too_small [1;31mconf=0.0001[0m
[BETA_X5] [1;36m10:11:12[0m [1;33mx5[0m [1;36m#8[0m SKIP tension=[1;36m0.00004400[0m [0m| momentum_too_small [1;31mconf=0.0001[0m
[ALPHA_X13_BURST13] mode=OFF radar_adj=0 mom= conf=0
[BETA_X5] mode=OFF radar_adj=0 mom= conf=0
[ALPHA_X13_BURST13] [1;36m10:11:18[0m [1;32mx13[0m [1;36m#8[0m SKIP tension=[1;36m0.00000000[0m [0m| momentum_too_small [1;31mconf=0.3277[0m
[BETA_X5] [1;36m10:11:20[0m [1;33mx5[0m [1;36m#9[0m SKIP tension=[1;36m0.00000000[0m [0m| momentum_too_small [1;31mconf=0.2963[0m
[ALPHA_X13_BURST13] mode=OFF radar_adj=0 mom= conf=0
[BETA_X5] mode=OFF radar_adj=0 mom= conf=0
[ALPHA_X13_BURST13] [1;36m10:11:27[0m [1;32mx13[0m [1;36m#9[0m SKIP tension=[1;36m0.00001454[0m [0m| momentum_too_small [1;31mconf=0.0[0m
[BETA_X5] [1;36m10:11:29[0m [1;33mx5[0m [1;36m#10[0m SKIP tension=[1;36m0.00001531[0m [0m| momentum_too_small [1;31mconf=0.0[0m
[ALPHA_X13_BURST13] mode=OFF radar_adj=0 mom= conf=0
[BETA_X5] mode=OFF radar_adj=0 mom= conf=0
[ALPHA_X13_BURST13] [1;36m10:11:35[0m [1;32mx13[0m [1;36m#10[0m SKIP tension=[1;36m0.00000000[0m [0m| momentum_too_small [1;31mconf=0.2963[0m
[BETA_X5] [1;36m10:11:36[0m [1;33mx5[0m [1;36m#11[0m SKIP tension=[1;36m0.00001502[0m [0m| momentum_too_small [1;31mconf=0.0[0m
[ALPHA_X13_BURST13] mode=OFF radar_adj=0 mom= conf=0
[BETA_X5] mode=OFF radar_adj=0 mom= conf=0
[ALPHA_X13_BURST13] [1;36m10:11:43[0m [1;32mx13[0m [1;36m#11[0m SKIP tension=[1;36m0.01219394[0m [0m| direction_unclear [1;31mconf=0.0172[0m
[BETA_X5] [1;36m10:11:44[0m [1;33mx5[0m [1;36m#12[0m SKIP tension=[1;36m0.00000000[0m [0m| momentum_too_small [1;31mconf=0.2963[0m
[BETA_X5] mode=OFF radar_adj=0 mom= conf=0
[ALPHA_X13_BURST13] mode=OFF radar_adj=0 mom= conf=0
[BETA_X5] [1;36m10:11:52[0m [1;33mx5[0m [1;36m#13[0m SKIP tension=[1;33m0.86974179[0m [0m| wall_not_collapsed
[ALPHA_X13_BURST13] [1;36m10:11:53[0m [1;32mx13[0m [1;36m#12[0m SKIP tension=[1;36m0.00000347[0m [0m| momentum_too_small [1;31mconf=0.0[0m
[BETA_X5] mode=OFF radar_adj=0 mom= conf=0
[ALPHA_X13_BURST13] mode=OFF radar_adj=0 mom= conf=0
[BETA_X5] [1;36m10:12:00[0m [1;33mx5[0m [1;36m#14[0m SKIP tension=[1;36m0.00000000[0m [0m| momentum_too_small [1;31mconf=0.2963[0m
[ALPHA_X13_BURST13] [1;36m10:12:01[0m [1;32mx13[0m [1;36m#13[0m SKIP tension=[1;36m0.00000000[0m [0m| momentum_too_small [1;31mconf=0.2963[0m
[BETA_X5] mode=OFF radar_adj=0 mom= conf=0
[ALPHA_X13_BURST13] mode=OFF radar_adj=0 mom= conf=0
[BETA_X5] [1;36m10:12:08[0m [1;33mx5[0m [1;36m#15[0m SKIP tension=[1;36m0.00050290[0m [0m| momentum_too_small [1;31mconf=0.0007[0m
[ALPHA_X13_BURST13] [1;36m10:12:09[0m [1;32mx13[0m [1;36m#14[0m SKIP tension=[1;36m0.00030691[0m [0m| momentum_too_small [1;31mconf=0.0004[0m
[BETA_X5] mode=OFF radar_adj=0 mom= conf=0
[ALPHA_X13_BURST13] mode=OFF radar_adj=0 mom= conf=0
[BETA_X5] [1;36m10:12:17[0m [1;33mx5[0m [1;36m#16[0m SKIP tension=[1;36m0.00001309[0m [0m| momentum_too_small [1;31mconf=0.0[0m
[ALPHA_X13_BURST13] [1;36m10:12:17[0m [1;32mx13[0m [1;36m#15[0m SKIP tension=[1;36m0.00000308[0m [0m| momentum_too_small [1;31mconf=0.0[0m
[ALPHA_X13_BURST13] mode=OFF radar_adj=0 mom= conf=0
[BETA_X5] mode=OFF radar_adj=0 mom= conf=0
[ALPHA_X13_BURST13] [1;36m10:12:26[0m [1;32mx13[0m [1;36m#16[0m SKIP tension=[1;36m0.50393827[0m [0m| wall_not_collapsed
[BETA_X5] [1;36m10:12:27[0m [1;33mx5[0m [1;36m#17[0m SKIP tension=[1;36m0.00411434[0m [0m| momentum_too_small [1;31mconf=0.0058[0m
[ALPHA_X13_BURST13] mode=OFF radar_adj=0 mom= conf=0
[BETA_X5] mode=OFF radar_adj=0 mom= conf=0
[ALPHA_X13_BURST13] [1;36m10:12:34[0m [1;32mx13[0m [1;36m#17[0m SKIP tension=[1;36m0.55234779[0m [0m| wall_not_collapsed
[BETA_X5] [1;36m10:12:34[0m [1;33mx5[0m [1;36m#18[0m SKIP tension=[1;36m0.55234385[0m [0m| wall_not_collapsed
[ALPHA_X13_BURST13] mode=OFF radar_adj=0 mom= conf=0
[BETA_X5] mode=OFF radar_adj=0 mom= conf=0
[ALPHA_X13_BURST13] [1;36m10:12:42[0m [1;32mx13[0m [1;36m#18[0m SKIP tension=[1;36m0.00530551[0m [0m| momentum_too_small [1;31mconf=0.0075[0m
[BETA_X5] [1;36m10:12:42[0m [1;33mx5[0m [1;36m#19[0m SKIP tension=[1;36m0.00001618[0m [0m| momentum_too_small [1;31mconf=0.0[0m
[ALPHA_X13_BURST13] mode=OFF radar_adj=0 mom= conf=0
[BETA_X5] mode=OFF radar_adj=0 mom= conf=0
[ALPHA_X13_BURST13] [1;36m10:12:50[0m [1;32mx13[0m [1;36m#19[0m SKIP tension=[1;36m0.00005528[0m [0m| momentum_too_small [1;31mconf=0.0001[0m
[ALPHA_X13_BURST13] mode=OFF radar_adj=0 mom= conf=0
[ALPHA_X13_BURST13] [1;36m10:12:59[0m [1;32mx13[0m [1;36m#20[0m SKIP tension=[1;36m0.00001635[0m [0m| momentum_too_small [1;31mconf=0.0[0m
[ALPHA_X13_BURST13] mode=OFF radar_adj=0 mom= conf=0
[BETA_X5] [1;36mCycle 20[0m [1;32mSOFT anomaly[0m [1;33m| pnl_abs=0.24332000 > 0.02500000[0m
[BETA_X5] [1;36mentry=10:12:55@62685.30000000[0m [1;33mx5[0m [1;36m#20[0m [1;32mSELL[0m tension=[1;32m1.88804389[0m hold=[1;36m9[0ms sec=[1;36m9[0m [0m| exit=62669.90000000 [1;32mconf=0.8465[0m [1;36mexit_time=10:13:04[0m [1;32mpnl=0.24332000 bps=2.45671633 pct=0.02456716% total=0.24332[0m
[ALPHA_X13_BURST13] [1;36m10:13:08[0m [1;32mx13[0m [1;36m#21[0m SKIP tension=[1;36m0.00006087[0m [0m| momentum_too_small [1;31mconf=0.0001[0m
[BETA_X5] mode=OFF radar_adj=0 mom= conf=0
[ALPHA_X13_BURST13] mode=OFF radar_adj=0 mom= conf=0
[BETA_X5] [1;36m10:13:14[0m [1;33mx5[0m [1;36m#21[0m SKIP tension=[1;36m0.79521077[0m [0m| wall_not_collapsed
[BETA_X5] mode=OFF radar_adj=0 mom= conf=0
[ALPHA_X13_BURST13] [1;36m10:13:17[0m [1;32mx13[0m [1;36m#22[0m SKIP tension=[1;31m2.34519095[0m [0m| duo no_trigger
[ALPHA_X13_BURST13] mode=OFF radar_adj=0 mom= conf=0
[BETA_X5] [1;36m10:13:22[0m [1;33mx5[0m [1;36m#22[0m SKIP tension=[1;36m0.00001618[0m [0m| momentum_too_small [1;31mconf=0.0[0m
[BETA_X5] mode=OFF radar_adj=0 mom= conf=0
[ALPHA_X13_BURST13] [1;36m10:13:25[0m [1;32mx13[0m [1;36m#23[0m SKIP tension=[1;36m0.00000000[0m [0m| momentum_too_small [1;31mconf=0.2963[0m
[ALPHA_X13_BURST13] mode=OFF radar_adj=0 mom= conf=0
[BETA_X5] [1;36m10:13:30[0m [1;33mx5[0m [1;36m#23[0m SKIP tension=[1;36m0.00000000[0m [0m| momentum_too_small [1;31mconf=0.2963[0m
[BETA_X5] mode=OFF radar_adj=0 mom= conf=0
[ALPHA_X13_BURST13] [1;36m10:13:34[0m [1;32mx13[0m [1;36m#24[0m SKIP tension=[1;36m0.04181060[0m [0m| direction_unclear [1;31mconf=0.059[0m
[BETA_X5] [1;36m10:13:37[0m [1;33mx5[0m [1;36m#24[0m SKIP tension=[1;36m0.00001272[0m [0m| momentum_too_small [1;31mconf=0.0[0m
[ALPHA_X13_BURST13] mode=OFF radar_adj=0 mom= conf=0
[BETA_X5] mode=OFF radar_adj=0 mom= conf=0
[ALPHA_X13_BURST13] [1;36m10:13:43[0m [1;32mx13[0m [1;36m#25[0m SKIP tension=[1;36m0.00000000[0m [0m| momentum_too_small [1;31mconf=0.2963[0m
[BETA_X5] [1;36m10:13:45[0m [1;33mx5[0m [1;36m#25[0m SKIP tension=[1;36m0.00000000[0m [0m| momentum_too_small [1;31mconf=0.2963[0m
[ALPHA_X13_BURST13] mode=OFF radar_adj=0 mom= conf=0
[BETA_X5] mode=OFF radar_adj=0 mom= conf=0
[ALPHA_X13_BURST13] [1;36m10:13:51[0m [1;32mx13[0m [1;36m#26[0m SKIP tension=[1;36m0.00000507[0m [0m| momentum_too_small [1;31mconf=0.0[0m
[BETA_X5] [1;36m10:13:53[0m [1;33mx5[0m [1;36m#26[0m SKIP tension=[1;36m0.00000000[0m [0m| momentum_too_small [1;31mconf=0.2963[0m
[ALPHA_X13_BURST13] mode=OFF radar_adj=0 mom= conf=0
[BETA_X5] mode=OFF radar_adj=0 mom= conf=0
[ALPHA_X13_BURST13] [1;36m10:14:00[0m [1;32mx13[0m [1;36m#27[0m SKIP tension=[1;36m0.00000000[0m [0m| momentum_too_small [1;31mconf=0.2963[0m
[BETA_X5] [1;36m10:14:01[0m [1;33mx5[0m [1;36m#27[0m SKIP tension=[1;36m0.00000536[0m [0m| momentum_too_small [1;31mconf=0.0[0m
[ALPHA_X13_BURST13] mode=OFF radar_adj=0 mom= conf=0
[BETA_X5] mode=OFF radar_adj=0 mom= conf=0
[ALPHA_X13_BURST13] [1;36m10:14:08[0m [1;32mx13[0m [1;36m#28[0m SKIP tension=[1;36m0.00000000[0m [0m| momentum_too_small [1;31mconf=0.2963[0m
[BETA_X5] [1;36m10:14:09[0m [1;33mx5[0m [1;36m#28[0m SKIP tension=[1;36m0.00000000[0m [0m| momentum_too_small [1;31mconf=0.2963[0m
[ALPHA_X13_BURST13] mode=OFF radar_adj=0 mom= conf=0
[BETA_X5] mode=OFF radar_adj=0 mom= conf=0
[ALPHA_X13_BURST13] [1;36m10:14:16[0m [1;32mx13[0m [1;36m#29[0m SKIP tension=[1;36m0.73204092[0m [0m| wall_not_collapsed
[BETA_X5] [1;36m10:14:17[0m [1;33mx5[0m [1;36m#29[0m SKIP tension=[1;36m0.03323406[0m [0m| direction_unclear [1;31mconf=0.0469[0m
[ALPHA_X13_BURST13] mode=OFF radar_adj=0 mom= conf=0
[BETA_X5] mode=OFF radar_adj=0 mom= conf=0
[ALPHA_X13_BURST13] [1;36m10:14:24[0m [1;32mx13[0m [1;36m#30[0m SKIP tension=[1;36m0.00000000[0m [0m| momentum_too_small [1;31mconf=0.2963[0m
[BETA_X5] [1;36m10:14:25[0m [1;33mx5[0m [1;36m#30[0m SKIP tension=[1;36m0.00000000[0m [0m| momentum_too_small [1;31mconf=0.2963[0m
[ALPHA_X13_BURST13] mode=OFF radar_adj=0 mom= conf=0
[BETA_X5] mode=OFF radar_adj=0 mom= conf=0
[ALPHA_X13_BURST13] [1;36m10:14:32[0m [1;32mx13[0m [1;36m#31[0m SKIP tension=[1;36m0.00000226[0m [0m| momentum_too_small [1;31mconf=0.0[0m
[BETA_X5] [1;36m10:14:32[0m [1;33mx5[0m [1;36m#31[0m SKIP tension=[1;36m0.00000226[0m [0m| momentum_too_small [1;31mconf=0.0[0m
[ALPHA_X13_BURST13] mode=OFF radar_adj=0 mom= conf=0
[BETA_X5] mode=OFF radar_adj=0 mom= conf=0
[BETA_X5] [1;36m10:14:41[0m [1;33mx5[0m [1;36m#32[0m SKIP tension=[1;36m0.00000000[0m [0m| momentum_too_small [1;31mconf=0.2963[0m
[ALPHA_X13_BURST13] [1;36m10:14:41[0m [1;32mx13[0m [1;36m#32[0m SKIP tension=[1;36m0.00000000[0m [0m| momentum_too_small [1;31mconf=0.2963[0m
[BETA_X5] mode=OFF radar_adj=0 mom= conf=0
[ALPHA_X13_BURST13] mode=OFF radar_adj=0 mom= conf=0
[BETA_X5] [1;36m10:14:48[0m [1;33mx5[0m [1;36m#33[0m SKIP tension=[1;36m0.00022291[0m [0m| momentum_too_small [1;31mconf=0.0003[0m
[ALPHA_X13_BURST13] [1;36m10:14:49[0m [1;32mx13[0m [1;36m#33[0m SKIP tension=[1;36m0.00022291[0m [0m| momentum_too_small [1;31mconf=0.0003[0m
[BETA_X5] mode=OFF radar_adj=0 mom= conf=0
[ALPHA_X13_BURST13] mode=OFF radar_adj=0 mom= conf=0
[BETA_X5] [1;36m10:14:56[0m [1;33mx5[0m [1;36m#34[0m SKIP tension=[1;36m0.08798281[0m [0m| direction_unclear [1;31mconf=0.1384[0m
[ALPHA_X13_BURST13] [1;36m10:14:57[0m [1;32mx13[0m [1;36m#34[0m SKIP tension=[1;36m0.06655088[0m [0m| direction_unclear [1;31mconf=0.1047[0m
[BETA_X5] mode=OFF radar_adj=0 mom= conf=0
[ALPHA_X13_BURST13] mode=OFF radar_adj=0 mom= conf=0
[BETA_X5] [1;36m10:15:04[0m [1;33mx5[0m [1;36m#35[0m SKIP tension=[1;36m0.00000000[0m [0m| momentum_too_small [1;31mconf=0.3305[0m
[ALPHA_X13_BURST13] [1;36m10:15:05[0m [1;32mx13[0m [1;36m#35[0m SKIP tension=[1;36m0.00006923[0m [0m| momentum_too_small [1;31mconf=0.0001[0m
[BETA_X5] mode=OFF radar_adj=0 mom= conf=0
[ALPHA_X13_BURST13] mode=OFF radar_adj=0 mom= conf=0
[BETA_X5] [1;36m10:15:12[0m [1;33mx5[0m [1;36m#36[0m SKIP tension=[1;36m0.00067215[0m [0m| momentum_too_small [1;31mconf=0.0011[0m
[ALPHA_X13_BURST13] [1;36m10:15:14[0m [1;32mx13[0m [1;36m#36[0m SKIP tension=[1;36m0.00000000[0m [0m| momentum_too_small [1;31mconf=0.3305[0m
[BETA_X5] mode=OFF radar_adj=0 mom= conf=0
[ALPHA_X13_BURST13] mode=OFF radar_adj=0 mom= conf=0
[BETA_X5] [1;36m10:15:20[0m [1;33mx5[0m [1;36m#37[0m SKIP tension=[1;36m0.00003795[0m [0m| momentum_too_small [1;31mconf=0.0001[0m
[ALPHA_X13_BURST13] [1;36m10:15:22[0m [1;32mx13[0m [1;36m#37[0m SKIP tension=[1;36m0.58612375[0m [0m| wall_not_collapsed
[BETA_X5] mode=OFF radar_adj=0 mom= conf=0
[ALPHA_X13_BURST13] mode=OFF radar_adj=0 mom= conf=0
[BETA_X5] [1;36m10:15:29[0m [1;33mx5[0m [1;36m#38[0m SKIP tension=[1;36m0.00000000[0m [0m| momentum_too_small [1;31mconf=0.3305[0m
[ALPHA_X13_BURST13] [1;36m10:15:31[0m [1;32mx13[0m [1;36m#38[0m SKIP tension=[1;36m0.46801609[0m [0m| wall_not_collapsed
[BETA_X5] mode=OFF radar_adj=0 mom= conf=0
[ALPHA_X13_BURST13] mode=OFF radar_adj=0 mom= conf=0
[BETA_X5] [1;36m10:15:37[0m [1;33mx5[0m [1;36m#39[0m SKIP tension=[1;36m0.25753619[0m [0m| wall_not_collapsed
[ALPHA_X13_BURST13] [1;36m10:15:40[0m [1;32mx13[0m [1;36m#39[0m SKIP tension=[1;36m0.78920513[0m [0m| wall_not_collapsed
[BETA_X5] mode=OFF radar_adj=0 mom= conf=0
[ALPHA_X13_BURST13] mode=OFF radar_adj=0 mom= conf=0
[BETA_X5] [1;36m10:15:45[0m [1;33mx5[0m [1;36m#40[0m SKIP tension=[1;36m0.46610545[0m [0m| wall_not_collapsed
[BETA_X5] mode=OFF radar_adj=0 mom= conf=0
[ALPHA_X13_BURST13] [1;36m10:15:48[0m [1;32mx13[0m [1;36m#40[0m SKIP tension=[1;36m0.72109746[0m [0m| wall_not_collapsed
[ALPHA_X13_BURST13] mode=OFF radar_adj=0 mom= conf=0
[BETA_X5] [1;36m10:15:53[0m [1;33mx5[0m [1;36m#41[0m SKIP [0m| Mode Écoute: spread=0.41490000 volat=38.38619266 (attente froid)
[BETA_X5] mode=OFF radar_adj=0 mom= conf=0
[ALPHA_X13_BURST13] [1;36m10:15:57[0m [1;32mx13[0m [1;36m#41[0m SKIP tension=[1;36m0.04055926[0m [0m| direction_unclear [1;31mconf=0.013[0m
[ALPHA_X13_BURST13] mode=OFF radar_adj=0 mom= conf=0
[BETA_X5] [1;36m10:16:01[0m [1;33mx5[0m [1;36m#42[0m SKIP tension=[1;36m0.00003285[0m [0m| momentum_too_small [1;31mconf=0.0001[0m
[BETA_X5] mode=OFF radar_adj=0 mom= conf=0
[ALPHA_X13_BURST13] [1;36m10:16:07[0m [1;32mx13[0m [1;36m#42[0m SKIP tension=[1;36m0.00021902[0m [0m| momentum_too_small [1;31mconf=0.0004[0m
[ALPHA_X13_BURST13] mode=OFF radar_adj=0 mom= conf=0
[BETA_X5] [1;36m10:16:10[0m [1;33mx5[0m [1;36m#43[0m SKIP tension=[1;36m0.00014301[0m [0m| momentum_too_small [1;31mconf=0.0002[0m
[BETA_X5] mode=OFF radar_adj=0 mom= conf=0
[ALPHA_X13_BURST13] [1;36m10:16:15[0m [1;32mx13[0m [1;36m#43[0m SKIP tension=[1;36m0.00006929[0m [0m| momentum_too_small [1;31mconf=0.0001[0m
[ALPHA_X13_BURST13] mode=OFF radar_adj=0 mom= conf=0
[BETA_X5] [1;36m10:16:19[0m [1;33mx5[0m [1;36m#44[0m SKIP tension=[1;32m1.06094909[0m [0m| tactic long vs short
[BETA_X5] mode=OFF radar_adj=0 mom= conf=0
[ALPHA_X13_BURST13] [1;36m10:16:23[0m [1;32mx13[0m [1;36m#44[0m SKIP tension=[1;33m0.85544096[0m [0m| wall_not_collapsed
[ALPHA_X13_BURST13] mode=OFF radar_adj=0 mom= conf=0
[ALPHA_X13_BURST13] [1;36m10:16:31[0m [1;32mx13[0m [1;36m#45[0m SKIP tension=[1;36m0.00000502[0m [0m| momentum_too_small [1;31mconf=0.0[0m
[ALPHA_X13_BURST13] mode=OFF radar_adj=0 mom= conf=0
[BETA_X5] [1;36mentry=10:16:32@62685.30000000[0m [1;33mx5[0m [1;36m#45[0m [1;33mSELL[0m tension=[1;31m5.39490498[0m hold=[1;36m6[0ms sec=[1;36m6[0m [0m| exit=62685.30000000 [1;32mconf=0.8465[0m [1;36mexit_time=10:16:38[0m [1;33mpnl=-0.00000000 bps=-0.00000000 pct=-0.00000000% total=0.24332[0m
[ALPHA_X13_BURST13] [1;36m10:16:41[0m [1;32mx13[0m [1;36m#46[0m SKIP tension=[1;31m3.55260748[0m [0m| duo no_trigger
[BETA_X5] mode=OFF radar_adj=0 mom= conf=0
[ALPHA_X13_BURST13] mode=OFF radar_adj=0 mom= conf=0
[BETA_X5] [1;36m10:16:48[0m [1;33mx5[0m [1;36m#46[0m SKIP tension=[1;36m0.82487764[0m [0m| wall_not_collapsed
[ALPHA_X13_BURST13] [1;36m10:16:49[0m [1;32mx13[0m [1;36m#47[0m SKIP tension=[1;33m0.87160610[0m [0m| wall_not_collapsed
[BETA_X5] mode=OFF radar_adj=0 mom= conf=0
[ALPHA_X13_BURST13] mode=OFF radar_adj=0 mom= conf=0
[BETA_X5] [1;36m10:16:56[0m [1;33mx5[0m [1;36m#47[0m SKIP tension=[1;36m0.01541437[0m [0m| direction_unclear [1;31mconf=0.0217[0m
[ALPHA_X13_BURST13] [1;36m10:16:57[0m [1;32mx13[0m [1;36m#48[0m SKIP tension=[1;36m0.00002647[0m [0m| momentum_too_small [1;31mconf=0.0[0m
[BETA_X5] mode=OFF radar_adj=0 mom= conf=0
[ALPHA_X13_BURST13] mode=OFF radar_adj=0 mom= conf=0
[BETA_X5] [1;36m10:17:05[0m [1;33mx5[0m [1;36m#48[0m SKIP tension=[1;36m0.00022326[0m [0m| momentum_too_small [1;31mconf=0.0003[0m
[ALPHA_X13_BURST13] [1;36m10:17:06[0m [1;32mx13[0m [1;36m#49[0m SKIP tension=[1;36m0.00003786[0m [0m| momentum_too_small [1;31mconf=0.0001[0m
[BETA_X5] mode=OFF radar_adj=0 mom= conf=0
[ALPHA_X13_BURST13] mode=OFF radar_adj=0 mom= conf=0
[BETA_X5] [1;36m10:17:12[0m [1;33mx5[0m [1;36m#49[0m SKIP tension=[1;36m0.00000000[0m [0m| momentum_too_small [1;31mconf=0.2963[0m
[ALPHA_X13_BURST13] [1;36m10:17:15[0m [1;32mx13[0m [1;36m#50[0m SKIP tension=[1;36m0.00532454[0m [0m| momentum_too_small [1;31mconf=0.0075[0m
[BETA_X5] mode=OFF radar_adj=0 mom= conf=0
[ALPHA_X13_BURST13] mode=OFF radar_adj=0 mom= conf=0
[BETA_X5] [1;36m10:17:20[0m [1;33mx5[0m [1;36m#50[0m SKIP tension=[1;36m0.00664826[0m [0m| momentum_too_small [1;31mconf=0.0094[0m
[BETA_X5] mode=OFF radar_adj=0 mom= conf=0
[ALPHA_X13_BURST13] [1;36m10:17:23[0m [1;32mx13[0m [1;36m#51[0m SKIP tension=[1;36m0.00001429[0m [0m| momentum_too_small [1;31mconf=0.0[0m
[ALPHA_X13_BURST13] mode=OFF radar_adj=0 mom= conf=0
[BETA_X5] [1;36m10:17:29[0m [1;33mx5[0m [1;36m#51[0m SKIP tension=[1;36m0.00102590[0m [0m| momentum_too_small [1;31mconf=0.0014[0m
[BETA_X5] mode=OFF radar_adj=0 mom= conf=0
[ALPHA_X13_BURST13] [1;36m10:17:33[0m [1;32mx13[0m [1;36m#52[0m SKIP tension=[1;36m0.00000000[0m [0m| momentum_too_small [1;31mconf=0.2963[0m
[ALPHA_X13_BURST13] mode=OFF radar_adj=0 mom= conf=0
[BETA_X5] [1;36m10:17:37[0m [1;33mx5[0m [1;36m#52[0m SKIP tension=[1;36m0.00034856[0m [0m| momentum_too_small [1;31mconf=0.0005[0m
[BETA_X5] mode=OFF radar_adj=0 mom= conf=0
[ALPHA_X13_BURST13] [1;36m10:17:42[0m [1;32mx13[0m [1;36m#53[0m SKIP tension=[1;36m0.00000000[0m [0m| momentum_too_small [1;31mconf=0.3071[0m
[BETA_X5] [1;36m10:17:45[0m [1;33mx5[0m [1;36m#53[0m SKIP tension=[1;36m0.04584977[0m [0m| direction_unclear [1;31mconf=0.0647[0m
[ALPHA_X13_BURST13] mode=OFF radar_adj=0 mom= conf=0
[BETA_X5] mode=OFF radar_adj=0 mom= conf=0
[ALPHA_X13_BURST13] [1;36m10:17:51[0m [1;32mx13[0m [1;36m#54[0m SKIP tension=[1;36m0.02783036[0m [0m| direction_unclear [1;31mconf=0.0393[0m
[BETA_X5] [1;36m10:17:53[0m [1;33mx5[0m [1;36m#54[0m SKIP tension=[1;36m0.00302106[0m [0m| momentum_too_small [1;31mconf=0.0044[0m
[ALPHA_X13_BURST13] mode=OFF radar_adj=0 mom= conf=0
[BETA_X5] mode=OFF radar_adj=0 mom= conf=0
[ALPHA_X13_BURST13] [1;36m10:18:00[0m [1;32mx13[0m [1;36m#55[0m SKIP tension=[1;36m0.06008061[0m [0m| direction_unclear [1;31mconf=0.0117[0m
[BETA_X5] [1;36m10:18:01[0m [1;33mx5[0m [1;36m#55[0m SKIP tension=[1;36m0.00000000[0m [0m| momentum_too_small [1;31mconf=0.3071[0m
[ALPHA_X13_BURST13] mode=OFF radar_adj=0 mom= conf=0
[BETA_X5] mode=OFF radar_adj=0 mom= conf=0
[ALPHA_X13_BURST13] [1;36m10:18:08[0m [1;32mx13[0m [1;36m#56[0m SKIP tension=[1;36m0.21912510[0m [0m| wall_not_collapsed
[BETA_X5] [1;36m10:18:08[0m [1;33mx5[0m [1;36m#56[0m SKIP tension=[1;36m0.21912730[0m [0m| wall_not_collapsed
[BETA_X5] mode=OFF radar_adj=0 mom= conf=0
[ALPHA_X13_BURST13] mode=OFF radar_adj=0 mom= conf=0
[BETA_X5] [1;36m10:18:16[0m [1;33mx5[0m [1;36m#57[0m SKIP tension=[1;36m0.66339590[0m [0m| wall_not_collapsed
[ALPHA_X13_BURST13] [1;36m10:18:17[0m [1;32mx13[0m [1;36m#57[0m SKIP tension=[1;36m0.66339590[0m [0m| wall_not_collapsed
[BETA_X5] mode=OFF radar_adj=0 mom= conf=0
[ALPHA_X13_BURST13] mode=OFF radar_adj=0 mom= conf=0
[ALPHA_X13_BURST13] [1;36m10:18:25[0m [1;32mx13[0m [1;36m#58[0m SKIP tension=[1;36m0.58379593[0m [0m| wall_not_collapsed
[BETA_X5] [1;36m10:18:25[0m [1;33mx5[0m [1;36m#58[0m SKIP tension=[1;36m0.58379593[0m [0m| wall_not_collapsed
[ALPHA_X13_BURST13] mode=OFF radar_adj=0 mom= conf=0
[BETA_X5] mode=OFF radar_adj=0 mom= conf=0
[BETA_X5] [1;36m10:18:33[0m [1;33mx5[0m [1;36m#59[0m SKIP tension=[1;36m0.00014390[0m [0m| momentum_too_small [1;31mconf=0.0002[0m
[ALPHA_X13_BURST13] [1;36m10:18:34[0m [1;32mx13[0m [1;36m#59[0m SKIP tension=[1;36m0.00014390[0m [0m| momentum_too_small [1;31mconf=0.0002[0m
[BETA_X5] mode=OFF radar_adj=0 mom= conf=0
[ALPHA_X13_BURST13] mode=OFF radar_adj=0 mom= conf=0
[BETA_X5] [1;36m10:18:41[0m [1;33mx5[0m [1;36m#60[0m SKIP tension=[1;36m0.00034870[0m [0m| momentum_too_small [1;31mconf=0.0005[0m
[ALPHA_X13_BURST13] [1;36m10:18:42[0m [1;32mx13[0m [1;36m#60[0m SKIP tension=[1;36m0.00001354[0m [0m| momentum_too_small [1;31mconf=0.0[0m
[BETA_X5] mode=OFF radar_adj=0 mom= conf=0
[ALPHA_X13_BURST13] mode=OFF radar_adj=0 mom= conf=0
[BETA_X5] [1;36m10:18:49[0m [1;33mx5[0m [1;36m#61[0m SKIP tension=[1;36m0.00001154[0m [0m| momentum_too_small [1;31mconf=0.0[0m
[ALPHA_X13_BURST13] [1;36m10:18:50[0m [1;32mx13[0m [1;36m#61[0m SKIP tension=[1;36m0.00000000[0m [0m| momentum_too_small [1;31mconf=0.3064[0m
[BETA_X5] mode=OFF radar_adj=0 mom= conf=0
[ALPHA_X13_BURST13] mode=OFF radar_adj=0 mom= conf=0
[BETA_X5] [1;36m10:18:57[0m [1;33mx5[0m [1;36m#62[0m SKIP tension=[1;36m0.00000000[0m [0m| momentum_too_small [1;31mconf=0.2963[0m
[ALPHA_X13_BURST13] [1;36m10:18:58[0m [1;32mx13[0m [1;36m#62[0m SKIP tension=[1;36m0.00012266[0m [0m| momentum_too_small [1;31mconf=0.0002[0m
[BETA_X5] mode=OFF radar_adj=0 mom= conf=0
[ALPHA_X13_BURST13] mode=OFF radar_adj=0 mom= conf=0
[BETA_X5] [1;36m10:19:05[0m [1;33mx5[0m [1;36m#63[0m SKIP tension=[1;36m0.00002476[0m [0m| momentum_too_small [1;31mconf=0.0[0m
[ALPHA_X13_BURST13] [1;36m10:19:06[0m [1;32mx13[0m [1;36m#63[0m SKIP tension=[1;36m0.00000000[0m [0m| momentum_too_small [1;31mconf=0.2963[0m
[BETA_X5] mode=OFF radar_adj=0 mom= conf=0
[ALPHA_X13_BURST13] mode=OFF radar_adj=0 mom= conf=0
[BETA_X5] [1;36m10:19:13[0m [1;33mx5[0m [1;36m#64[0m SKIP tension=[1;36m0.00012266[0m [0m| momentum_too_small [1;31mconf=0.0002[0m
[ALPHA_X13_BURST13] [1;36m10:19:15[0m [1;32mx13[0m [1;36m#64[0m SKIP tension=[1;36m0.00001115[0m [0m| momentum_too_small [1;31mconf=0.0[0m
[BETA_X5] mode=OFF radar_adj=0 mom= conf=0
[ALPHA_X13_BURST13] mode=OFF radar_adj=0 mom= conf=0
[BETA_X5] [1;36m10:19:21[0m [1;33mx5[0m [1;36m#65[0m SKIP tension=[1;36m0.00000735[0m [0m| momentum_too_small [1;31mconf=0.0[0m
[ALPHA_X13_BURST13] [1;36m10:19:23[0m [1;32mx13[0m [1;36m#65[0m SKIP tension=[1;36m0.00183624[0m [0m| momentum_too_small [1;31mconf=0.0026[0m
[BETA_X5] mode=OFF radar_adj=0 mom= conf=0
[ALPHA_X13_BURST13] mode=OFF radar_adj=0 mom= conf=0
[BETA_X5] [1;36m10:19:31[0m [1;33mx5[0m [1;36m#66[0m SKIP tension=[1;36m0.00001200[0m [0m| momentum_too_small [1;31mconf=0.0[0m
[ALPHA_X13_BURST13] [1;36m10:19:31[0m [1;32mx13[0m [1;36m#66[0m SKIP tension=[1;36m0.00001200[0m [0m| momentum_too_small [1;31mconf=0.0[0m
[BETA_X5] mode=OFF radar_adj=0 mom= conf=0
[ALPHA_X13_BURST13] mode=OFF radar_adj=0 mom= conf=0
[BETA_X5] [1;36m10:19:39[0m [1;33mx5[0m [1;36m#67[0m SKIP tension=[1;36m0.00005419[0m [0m| momentum_too_small [1;31mconf=0.0001[0m
[ALPHA_X13_BURST13] [1;36m10:19:39[0m [1;32mx13[0m [1;36m#67[0m SKIP tension=[1;36m0.00006193[0m [0m| momentum_too_small [1;31mconf=0.0001[0m
[BETA_X5] mode=OFF radar_adj=0 mom= conf=0
[ALPHA_X13_BURST13] mode=OFF radar_adj=0 mom= conf=0
[BETA_X5] [1;36m10:19:46[0m [1;33mx5[0m [1;36m#68[0m SKIP tension=[1;36m0.00081791[0m [0m| momentum_too_small [1;31mconf=0.0012[0m
[ALPHA_X13_BURST13] [1;36m10:19:48[0m [1;32mx13[0m [1;36m#68[0m SKIP tension=[1;36m0.00036764[0m [0m| momentum_too_small [1;31mconf=0.0005[0m
[BETA_X5] mode=OFF radar_adj=0 mom= conf=0
[ALPHA_X13_BURST13] mode=OFF radar_adj=0 mom= conf=0
[BETA_X5] [1;36m10:19:55[0m [1;33mx5[0m [1;36m#69[0m SKIP tension=[1;36m0.00000000[0m [0m| momentum_too_small [1;31mconf=0.3315[0m
[ALPHA_X13_BURST13] [1;36m10:19:57[0m [1;32mx13[0m [1;36m#69[0m SKIP tension=[1;36m0.00001395[0m [0m| momentum_too_small [1;31mconf=0.0[0m
[BETA_X5] mode=OFF radar_adj=0 mom= conf=0
[ALPHA_X13_BURST13] mode=OFF radar_adj=0 mom= conf=0
[BETA_X5] [1;36m10:20:03[0m [1;33mx5[0m [1;36m#70[0m SKIP tension=[1;36m0.00036417[0m [0m| momentum_too_small [1;31mconf=0.0005[0m
[ALPHA_X13_BURST13] [1;36m10:20:05[0m [1;32mx13[0m [1;36m#70[0m SKIP tension=[1;36m0.00006104[0m [0m| momentum_too_small [1;31mconf=0.0001[0m
[BETA_X5] mode=OFF radar_adj=0 mom= conf=0
[ALPHA_X13_BURST13] mode=OFF radar_adj=0 mom= conf=0
[BETA_X5] [1;36m10:20:11[0m [1;33mx5[0m [1;36m#71[0m SKIP tension=[1;36m0.00034953[0m [0m| momentum_too_small [1;31mconf=0.0005[0m
[ALPHA_X13_BURST13] [1;36m10:20:13[0m [1;32mx13[0m [1;36m#71[0m SKIP tension=[1;36m0.30847579[0m [0m| wall_not_collapsed
[BETA_X5] mode=OFF radar_adj=0 mom= conf=0
[ALPHA_X13_BURST13] mode=OFF radar_adj=0 mom= conf=0
[BETA_X5] [1;36m10:20:19[0m [1;33mx5[0m [1;36m#72[0m SKIP tension=[1;36m0.00000000[0m [0m| momentum_too_small [1;31mconf=0.2997[0m
[BETA_X5] mode=OFF radar_adj=0 mom= conf=0
[ALPHA_X13_BURST13] [1;36m10:20:22[0m [1;32mx13[0m [1;36m#72[0m SKIP tension=[1;36m0.00073178[0m [0m| momentum_too_small [1;31mconf=0.001[0m
[ALPHA_X13_BURST13] mode=OFF radar_adj=0 mom= conf=0
[BETA_X5] [1;36m10:20:27[0m [1;33mx5[0m [1;36m#73[0m SKIP tension=[1;36m0.00000000[0m [0m| momentum_too_small [1;31mconf=0.2959[0m
[BETA_X5] mode=OFF radar_adj=0 mom= conf=0
[ALPHA_X13_BURST13] [1;36m10:20:30[0m [1;32mx13[0m [1;36m#73[0m SKIP tension=[1;36m0.00039494[0m [0m| momentum_too_small [1;31mconf=0.0006[0m
[ALPHA_X13_BURST13] mode=OFF radar_adj=0 mom= conf=0
[BETA_X5] [1;36m10:20:35[0m [1;33mx5[0m [1;36m#74[0m SKIP tension=[1;36m0.00039495[0m [0m| momentum_too_small [1;31mconf=0.0006[0m
[BETA_X5] mode=OFF radar_adj=0 mom= conf=0
[ALPHA_X13_BURST13] [1;36m10:20:39[0m [1;32mx13[0m [1;36m#74[0m SKIP tension=[1;36m0.04354748[0m [0m| direction_unclear [1;31mconf=0.0616[0m
[ALPHA_X13_BURST13] mode=OFF radar_adj=0 mom= conf=0
[BETA_X5] [1;36m10:20:44[0m [1;33mx5[0m [1;36m#75[0m SKIP tension=[1;36m0.00000000[0m [0m| momentum_too_small [1;31mconf=0.297[0m
[BETA_X5] mode=OFF radar_adj=0 mom= conf=0
[ALPHA_X13_BURST13] [1;36m10:20:49[0m [1;32mx13[0m [1;36m#75[0m SKIP tension=[1;36m0.00000000[0m [0m| momentum_too_small [1;31mconf=0.2959[0m
[ALPHA_X13_BURST13] mode=OFF radar_adj=0 mom= conf=0
[BETA_X5] [1;36m10:20:52[0m [1;33mx5[0m [1;36m#76[0m SKIP tension=[1;36m0.00000000[0m [0m| momentum_too_small [1;31mconf=0.297[0m
[BETA_X5] mode=OFF radar_adj=0 mom= conf=0
[ALPHA_X13_BURST13] [1;36m10:20:58[0m [1;32mx13[0m [1;36m#76[0m SKIP tension=[1;36m0.00000000[0m [0m| momentum_too_small [1;31mconf=0.2959[0m
[BETA_X5] [1;36m10:21:01[0m [1;33mx5[0m [1;36m#77[0m SKIP tension=[1;36m0.00000000[0m [0m| momentum_too_small [1;31mconf=0.2949[0m
[ALPHA_X13_BURST13] mode=OFF radar_adj=0 mom= conf=0
[BETA_X5] mode=OFF radar_adj=0 mom= conf=0
[ALPHA_X13_BURST13] [1;36m10:21:07[0m [1;32mx13[0m [1;36m#77[0m SKIP tension=[1;36m0.04031245[0m [0m| direction_unclear [1;31mconf=0.0568[0m
[ALPHA_X13_BURST13] mode=OFF radar_adj=0 mom= conf=0
[BETA_X5] [1;36m10:21:10[0m [1;33mx5[0m [1;36m#78[0m SKIP tension=[1;36m0.00050108[0m [0m| momentum_too_small [1;31mconf=0.0007[0m
[BETA_X5] mode=OFF radar_adj=0 mom= conf=0
[ALPHA_X13_BURST13] [1;36m10:21:16[0m [1;32mx13[0m [1;36m#78[0m SKIP tension=[1;36m0.00000000[0m [0m| momentum_too_small [1;31mconf=0.2959[0m
[ALPHA_X13_BURST13] mode=OFF radar_adj=0 mom= conf=0
[BETA_X5] [1;36m10:21:19[0m [1;33mx5[0m [1;36m#79[0m SKIP tension=[1;36m0.00016002[0m [0m| momentum_too_small [1;31mconf=0.0002[0m
[BETA_X5] mode=OFF radar_adj=0 mom= conf=0
[ALPHA_X13_BURST13] [1;36m10:21:24[0m [1;32mx13[0m [1;36m#79[0m SKIP tension=[1;36m0.00005229[0m [0m| momentum_too_small [1;31mconf=0.0001[0m
[BETA_X5] [1;36m10:21:27[0m [1;33mx5[0m [1;36m#80[0m SKIP tension=[1;36m0.00000639[0m [0m| momentum_too_small [1;31mconf=0.0[0m
[ALPHA_X13_BURST13] mode=OFF radar_adj=0 mom= conf=0
[BETA_X5] mode=OFF radar_adj=0 mom= conf=0
[ALPHA_X13_BURST13] [1;36m10:21:33[0m [1;32mx13[0m [1;36m#80[0m SKIP tension=[1;36m0.00000444[0m [0m| momentum_too_small [1;31mconf=0.0[0m
[ALPHA_X13_BURST13] mode=OFF radar_adj=0 mom= conf=0
[BETA_X5] [1;36m10:21:36[0m [1;33mx5[0m [1;36m#81[0m SKIP tension=[1;36m0.00022766[0m [0m| momentum_too_small [1;31mconf=0.0003[0m
[BETA_X5] mode=OFF radar_adj=0 mom= conf=0
[ALPHA_X13_BURST13] [1;36m10:21:42[0m [1;32mx13[0m [1;36m#81[0m SKIP tension=[1;36m0.00000000[0m [0m| momentum_too_small [1;31mconf=0.2949[0m
[BETA_X5] [1;36m10:21:45[0m [1;33mx5[0m [1;36m#82[0m SKIP tension=[1;36m0.00000000[0m [0m| momentum_too_small [1;31mconf=0.2949[0m
[ALPHA_X13_BURST13] mode=OFF radar_adj=0 mom= conf=0
[BETA_X5] mode=OFF radar_adj=0 mom= conf=0
[ALPHA_X13_BURST13] [1;36m10:21:51[0m [1;32mx13[0m [1;36m#82[0m SKIP tension=[1;36m0.00000000[0m [0m| momentum_too_small [1;31mconf=0.2949[0m
[BETA_X5] [1;36m10:21:53[0m [1;33mx5[0m [1;36m#83[0m SKIP tension=[1;36m0.00000000[0m [0m| momentum_too_small [1;31mconf=0.2949[0m
[ALPHA_X13_BURST13] mode=OFF radar_adj=0 mom= conf=0
[BETA_X5] mode=OFF radar_adj=0 mom= conf=0
[ALPHA_X13_BURST13] [1;36m10:22:01[0m [1;32mx13[0m [1;36m#83[0m SKIP tension=[1;36m0.00000000[0m [0m| momentum_too_small [1;31mconf=0.2949[0m
[BETA_X5] [1;36m10:22:01[0m [1;33mx5[0m [1;36m#84[0m SKIP tension=[1;36m0.00063033[0m [0m| momentum_too_small [1;31mconf=0.0009[0m
[ALPHA_X13_BURST13] mode=OFF radar_adj=0 mom= conf=0
[BETA_X5] mode=OFF radar_adj=0 mom= conf=0
[ALPHA_X13_BURST13] [1;36m10:22:09[0m [1;32mx13[0m [1;36m#84[0m SKIP tension=[1;36m0.00000000[0m [0m| momentum_too_small [1;31mconf=0.2949[0m
[BETA_X5] [1;36m10:22:10[0m [1;33mx5[0m [1;36m#85[0m SKIP tension=[1;36m0.00003366[0m [0m| momentum_too_small [1;31mconf=0.0[0m
[ALPHA_X13_BURST13] mode=OFF radar_adj=0 mom= conf=0
[BETA_X5] mode=OFF radar_adj=0 mom= conf=0
[BETA_X5] [1;36m10:22:18[0m [1;33mx5[0m [1;36m#86[0m SKIP tension=[1;36m0.00030029[0m [0m| momentum_too_small [1;31mconf=0.0004[0m
[ALPHA_X13_BURST13] [1;36m10:22:18[0m [1;32mx13[0m [1;36m#85[0m SKIP tension=[1;36m0.00030029[0m [0m| momentum_too_small [1;31mconf=0.0004[0m
[BETA_X5] mode=OFF radar_adj=0 mom= conf=0
[ALPHA_X13_BURST13] mode=OFF radar_adj=0 mom= conf=0
[BETA_X5] [1;36m10:22:26[0m [1;33mx5[0m [1;36m#87[0m SKIP tension=[1;36m0.00000000[0m [0m| momentum_too_small [1;31mconf=0.2977[0m
[ALPHA_X13_BURST13] [1;36m10:22:27[0m [1;32mx13[0m [1;36m#86[0m SKIP tension=[1;36m0.00002408[0m [0m| momentum_too_small [1;31mconf=0.0[0m
[BETA_X5] mode=OFF radar_adj=0 mom= conf=0
[ALPHA_X13_BURST13] mode=OFF radar_adj=0 mom= conf=0
[BETA_X5] [1;36m10:22:36[0m [1;33mx5[0m [1;36m#88[0m SKIP tension=[1;36m0.00000271[0m [0m| momentum_too_small [1;31mconf=0.0[0m
[ALPHA_X13_BURST13] [1;36m10:22:36[0m [1;32mx13[0m [1;36m#87[0m SKIP tension=[1;36m0.00000271[0m [0m| momentum_too_small [1;31mconf=0.0[0m
[BETA_X5] mode=OFF radar_adj=0 mom= conf=0
[ALPHA_X13_BURST13] mode=OFF radar_adj=0 mom= conf=0
[BETA_X5] [1;36m10:22:44[0m [1;33mx5[0m [1;36m#89[0m SKIP tension=[1;36m0.00001502[0m [0m| momentum_too_small [1;31mconf=0.0[0m
[ALPHA_X13_BURST13] [1;36m10:22:46[0m [1;32mx13[0m [1;36m#88[0m SKIP tension=[1;36m0.00003672[0m [0m| momentum_too_small [1;31mconf=0.0001[0m
[BETA_X5] mode=OFF radar_adj=0 mom= conf=0
[ALPHA_X13_BURST13] mode=OFF radar_adj=0 mom= conf=0
[BETA_X5] [1;36m10:22:52[0m [1;33mx5[0m [1;36m#90[0m SKIP tension=[1;36m0.00009120[0m [0m| momentum_too_small [1;31mconf=0.0001[0m
[ALPHA_X13_BURST13] [1;36m10:22:55[0m [1;32mx13[0m [1;36m#89[0m SKIP tension=[1;36m0.00001232[0m [0m| momentum_too_small [1;31mconf=0.0[0m
[BETA_X5] mode=OFF radar_adj=0 mom= conf=0
[ALPHA_X13_BURST13] mode=OFF radar_adj=0 mom= conf=0
[BETA_X5] [1;36m10:23:01[0m [1;33mx5[0m [1;36m#91[0m SKIP tension=[1;36m0.08617837[0m [0m| direction_unclear [1;31mconf=0.1293[0m
[ALPHA_X13_BURST13] [1;36m10:23:03[0m [1;32mx13[0m [1;36m#90[0m SKIP tension=[1;36m0.00001385[0m [0m| momentum_too_small [1;31mconf=0.0[0m
[BETA_X5] mode=OFF radar_adj=0 mom= conf=0
[ALPHA_X13_BURST13] mode=OFF radar_adj=0 mom= conf=0
[BETA_X5] [1;36m10:23:09[0m [1;33mx5[0m [1;36m#92[0m SKIP tension=[1;36m0.00001014[0m [0m| momentum_too_small [1;31mconf=0.0[0m
[BETA_X5] mode=OFF radar_adj=0 mom= conf=0
[ALPHA_X13_BURST13] [1;36m10:23:12[0m [1;32mx13[0m [1;36m#91[0m SKIP tension=[1;36m0.00000000[0m [0m| momentum_too_small [1;31mconf=0.3134[0m
[ALPHA_X13_BURST13] mode=OFF radar_adj=0 mom= conf=0
[BETA_X5] [1;36m10:23:17[0m [1;33mx5[0m [1;36m#93[0m SKIP tension=[1;33m0.88794557[0m [0m| wall_not_collapsed
[BETA_X5] mode=OFF radar_adj=0 mom= conf=0
[ALPHA_X13_BURST13] [1;36m10:23:20[0m [1;32mx13[0m [1;36m#92[0m SKIP tension=[1;36m0.55377861[0m [0m| wall_not_collapsed
[ALPHA_X13_BURST13] mode=OFF radar_adj=0 mom= conf=0
[BETA_X5] [1;36m10:23:25[0m [1;33mx5[0m [1;36m#94[0m SKIP tension=[1;36m0.79059852[0m [0m| wall_not_collapsed
[BETA_X5] mode=OFF radar_adj=0 mom= conf=0
[ALPHA_X13_BURST13] [1;36m10:23:30[0m [1;32mx13[0m [1;36m#93[0m SKIP tension=[1;31m2.99400624[0m [0m| duo no_trigger
[ALPHA_X13_BURST13] mode=OFF radar_adj=0 mom= conf=0
[BETA_X5] [1;36m10:23:33[0m [1;33mx5[0m [1;36m#95[0m SKIP tension=[1;36m0.46348189[0m [0m| wall_not_collapsed
[BETA_X5] mode=OFF radar_adj=0 mom= conf=0
[ALPHA_X13_BURST13] [1;36m10:23:40[0m [1;32mx13[0m [1;36m#94[0m SKIP tension=[1;32m1.05002688[0m [0m| duo no_trigger
[BETA_X5] [1;36m10:23:42[0m [1;33mx5[0m [1;36m#96[0m SKIP tension=[1;36m0.00000608[0m [0m| momentum_too_small [1;31mconf=0.0[0m
[ALPHA_X13_BURST13] mode=OFF radar_adj=0 mom= conf=0
[BETA_X5] mode=OFF radar_adj=0 mom= conf=0
[ALPHA_X13_BURST13] [1;36m10:23:48[0m [1;32mx13[0m [1;36m#95[0m SKIP tension=[1;36m0.00000000[0m [0m| momentum_too_small [1;31mconf=0.2984[0m
[BETA_X5] [1;36m10:23:50[0m [1;33mx5[0m [1;36m#97[0m SKIP tension=[1;36m0.49307805[0m [0m| wall_not_collapsed
[ALPHA_X13_BURST13] mode=OFF radar_adj=0 mom= conf=0
[BETA_X5] mode=OFF radar_adj=0 mom= conf=0
[ALPHA_X13_BURST13] [1;36m10:23:56[0m [1;32mx13[0m [1;36m#96[0m SKIP tension=[1;36m0.55733528[0m [0m| wall_not_collapsed
[BETA_X5] [1;36m10:23:59[0m [1;33mx5[0m [1;36m#98[0m SKIP tension=[1;36m0.00026122[0m [0m| momentum_too_small [1;31mconf=0.0004[0m
[ALPHA_X13_BURST13] mode=OFF radar_adj=0 mom= conf=0
[BETA_X5] mode=OFF radar_adj=0 mom= conf=0
[ALPHA_X13_BURST13] [1;36m10:24:05[0m [1;32mx13[0m [1;36m#97[0m SKIP tension=[1;36m0.04285310[0m [0m| direction_unclear [1;31mconf=0.0114[0m
[BETA_X5] [1;36m10:24:08[0m [1;33mx5[0m [1;36m#99[0m SKIP tension=[1;36m0.00038553[0m [0m| momentum_too_small [1;31mconf=0.0006[0m
[ALPHA_X13_BURST13] mode=OFF radar_adj=0 mom= conf=0
[BETA_X5] mode=OFF radar_adj=0 mom= conf=0
[ALPHA_X13_BURST13] [1;36m10:24:14[0m [1;32mx13[0m [1;36m#98[0m SKIP tension=[1;33m0.96981035[0m [0m| wall_not_collapsed
[BETA_X5] [1;36m10:24:16[0m [1;33mx5[0m [1;36m#100[0m SKIP tension=[1;36m0.78027546[0m [0m| wall_not_collapsed
[ALPHA_X13_BURST13] mode=OFF radar_adj=0 mom= conf=0
[BETA_X5] mode=OFF radar_adj=0 mom= conf=0
[ALPHA_X13_BURST13] [1;36m10:24:22[0m [1;32mx13[0m [1;36m#99[0m SKIP tension=[1;36m0.00001108[0m [0m| momentum_too_small [1;31mconf=0.0[0m
[BETA_X5] [1;36m10:24:25[0m [1;33mx5[0m [1;36m#101[0m SKIP tension=[1;36m0.00197935[0m [0m| momentum_too_small [1;31mconf=0.0033[0m
[ALPHA_X13_BURST13] mode=OFF radar_adj=0 mom= conf=0
[BETA_X5] mode=OFF radar_adj=0 mom= conf=0
[ALPHA_X13_BURST13] [1;36m10:24:32[0m [1;32mx13[0m [1;36m#100[0m SKIP tension=[1;36m0.00002431[0m [0m| momentum_too_small [1;31mconf=0.0[0m
[BETA_X5] [1;36m10:24:33[0m [1;33mx5[0m [1;36m#102[0m SKIP tension=[1;36m0.00000751[0m [0m| momentum_too_small [1;31mconf=0.0[0m
[ALPHA_X13_BURST13] mode=OFF radar_adj=0 mom= conf=0
[BETA_X5] mode=OFF radar_adj=0 mom= conf=0
[ALPHA_X13_BURST13] [1;36m10:24:41[0m [1;32mx13[0m [1;36m#101[0m SKIP tension=[1;36m0.00000000[0m [0m| momentum_too_small [1;31mconf=0.2984[0m
[BETA_X5] [1;36m10:24:42[0m [1;33mx5[0m [1;36m#103[0m SKIP tension=[1;36m0.00000000[0m [0m| momentum_too_small [1;31mconf=0.3102[0m
[ALPHA_X13_BURST13] mode=OFF radar_adj=0 mom= conf=0
[BETA_X5] mode=OFF radar_adj=0 mom= conf=0
[ALPHA_X13_BURST13] [1;36m10:24:49[0m [1;32mx13[0m [1;36m#102[0m SKIP tension=[1;36m0.00000000[0m [0m| momentum_too_small [1;31mconf=0.3099[0m
[BETA_X5] [1;36m10:24:50[0m [1;33mx5[0m [1;36m#104[0m SKIP tension=[1;36m0.13038448[0m [0m| direction_unclear [1;31mconf=0.1924[0m
[ALPHA_X13_BURST13] mode=OFF radar_adj=0 mom= conf=0
[BETA_X5] mode=OFF radar_adj=0 mom= conf=0
[ALPHA_X13_BURST13] [1;36m10:24:57[0m [1;32mx13[0m [1;36m#103[0m SKIP tension=[1;36m0.00000673[0m [0m| momentum_too_small [1;31mconf=0.0[0m
[BETA_X5] [1;36m10:24:57[0m [1;33mx5[0m [1;36m#105[0m SKIP tension=[1;36m0.00000000[0m [0m| momentum_too_small [1;31mconf=0.3141[0m
[BETA_X5] mode=OFF radar_adj=0 mom= conf=0
[ALPHA_X13_BURST13] mode=OFF radar_adj=0 mom= conf=0
[BETA_X5] [1;36m10:25:06[0m [1;33mx5[0m [1;36m#106[0m SKIP tension=[1;36m0.00002303[0m [0m| momentum_too_small [1;31mconf=0.0[0m
[ALPHA_X13_BURST13] [1;36m10:25:06[0m [1;32mx13[0m [1;36m#104[0m SKIP tension=[1;36m0.00002303[0m [0m| momentum_too_small [1;31mconf=0.0[0m
[BETA_X5] [1;31mSTOP file detected (STOP_BETA). Stopping safely at cycle 107.[0m
[BETA_X5] 
[BETA_X5] [1;32mDone.[0m
[BETA_X5] [1;36mLog: runs/NUAGE_V2_SMOKE_15M_BETA_X5.csv[0m
[BETA_X5] [1;32mSuccessful order-cycles: 2[0m
[ALPHA_X13_BURST13] [1;31mSTOP file detected (STOP_ALPHA). Stopping safely at cycle 105.[0m
[BETA_X5] [1;32mDernier cycle #107:[0m [1;33mpnl=-0.00000000 bps=-0.00000000 pct=-0.00000000%[0m
[ALPHA_X13_BURST13] 
[ALPHA_X13_BURST13] [1;32mDone.[0m
[ALPHA_X13_BURST13] [1;36mLog: runs/NUAGE_V2_SMOKE_15M_ALPHA_X13_BURST13.csv[0m
[ALPHA_X13_BURST13] [1;32mSuccessful order-cycles: 0[0m
