[BETA_X5] [1;36m--- ACE777 STRICT CLONE FUTURES TESTNET ---[0m
[BETA_X5] [1;32mV8 Resonance ON:[0m [1;36mimpulse_thr=0.96 dt_ms=64 aspiration=1.618@37.8deg void_lock=TRUE shock_exit=TRUE[0m
[BETA_X5] [1;32mV8 Tension ON:[0m [1;36mwall_drop=6.5% dt_ms=64 filter=0.85 depth=20[0m
[BETA_X5] [1;36mSymbol=BTCUSDT[0m [1;32mLeverage=5[0m [1;36mBuyUSDT=200 Orders=TRUE[0m
[ALPHA_X13_BURST13] [1;36m--- ACE777 STRICT CLONE FUTURES TESTNET ---[0m
[ALPHA_X13_BURST13] [1;36mLeverage ramp ON:[0m [1;36mstart=13 end=13 cycles=180[0m
[ALPHA_X13_BURST13] [1;32mV8 Resonance ON:[0m [1;36mimpulse_thr=0.96 dt_ms=64 aspiration=1.618@37.8deg void_lock=TRUE shock_exit=TRUE[0m
[ALPHA_X13_BURST13] [1;32mV8 Tension ON:[0m [1;36mwall_drop=6.5% dt_ms=64 filter=0.85 depth=20[0m
[ALPHA_X13_BURST13] [1;36mSymbol=BTCUSDT[0m [1;32mLeverage=13[0m [1;36mBuyUSDT=800 Orders=TRUE[0m
[BETA_X5] mode=OFF radar_adj=0 mom= conf=0
[ALPHA_X13_BURST13] mode=OFF radar_adj=0 mom= conf=0
[BETA_X5] [1;36m18:29:41[0m [1;33mx5[0m [1;36m#1[0m SKIP tension=[1;36m0.00174693[0m [0m| momentum_too_small [1;31mconf=0.0028[0m
[ALPHA_X13_BURST13] [1;36m18:29:42[0m [1;32mx13[0m [1;36m#1[0m SKIP tension=[1;36m0.27514216[0m [0m| wall_not_collapsed
[BETA_X5] mode=OFF radar_adj=0 mom= conf=0
[ALPHA_X13_BURST13] mode=OFF radar_adj=0 mom= conf=0
[ALPHA_X13_BURST13] [1;36m18:29:51[0m [1;32mx13[0m [1;36m#2[0m SKIP tension=[1;36m0.05856030[0m [0m| direction_unclear [1;31mconf=0.0928[0m
[ALPHA_X13_BURST13] mode=OFF radar_adj=0 mom= conf=0
[BETA_X5] [1;36m18:29:54[0m [1;33mx5[0m [1;36m#2[0m SKIP tension=[1;36m0.00000000[0m [0m| momentum_too_small [1;31mconf=0.3497[0m
[BETA_X5] mode=OFF radar_adj=0 mom= conf=0
[ALPHA_X13_BURST13] [1;36m18:29:59[0m [1;32mx13[0m [1;36m#3[0m SKIP tension=[1;36m0.00002890[0m [0m| momentum_too_small [1;31mconf=0.0[0m
[ALPHA_X13_BURST13] mode=OFF radar_adj=0 mom= conf=0
[BETA_X5] [1;36m18:30:03[0m [1;33mx5[0m [1;36m#3[0m SKIP tension=[1;36m0.43335001[0m [0m| wall_not_collapsed
[BETA_X5] mode=OFF radar_adj=0 mom= conf=0
[ALPHA_X13_BURST13] [1;36m18:30:08[0m [1;32mx13[0m [1;36m#4[0m SKIP tension=[1;36m0.00002636[0m [0m| momentum_too_small [1;31mconf=0.0[0m
[ALPHA_X13_BURST13] mode=OFF radar_adj=0 mom= conf=0
[ALPHA_X13_BURST13] [1;36m18:30:17[0m [1;32mx13[0m [1;36m#5[0m SKIP tension=[1;36m0.52122879[0m [0m| wall_not_collapsed
[ALPHA_X13_BURST13] mode=OFF radar_adj=0 mom= conf=0
[BETA_X5] [1;36m18:30:22[0m [1;33mx5[0m [1;36m#4[0m SKIP tension=[1;36m0.72021100[0m [0m| wall_not_collapsed
[BETA_X5] mode=OFF radar_adj=0 mom= conf=0
[ALPHA_X13_BURST13] [1;36m18:30:29[0m [1;32mx13[0m [1;36m#6[0m SKIP tension=[1;32m1.23138208[0m [0m| duo no_state
[BETA_X5] [1;36m18:30:31[0m [1;33mx5[0m [1;36m#5[0m SKIP tension=[1;36m0.00000000[0m [0m| momentum_too_small [1;31mconf=0.3422[0m
[ALPHA_X13_BURST13] mode=OFF radar_adj=0 mom= conf=0
[BETA_X5] mode=OFF radar_adj=0 mom= conf=0
[ALPHA_X13_BURST13] [1;36m18:30:44[0m [1;32mx13[0m [1;36m#7[0m SKIP tension=[1;31m2.73615161[0m [0m| duo no_state
[ALPHA_X13_BURST13] mode=OFF radar_adj=0 mom= conf=0
[ALPHA_X13_BURST13] [1;36m18:30:59[0m [1;32mx13[0m [1;36m#8[0m SKIP tension=[1;36m0.00000000[0m [0m| momentum_too_small [1;31mconf=0.2811[0m
[ALPHA_X13_BURST13] mode=OFF radar_adj=0 mom= conf=0
[BETA_X5] [1;36mCycle 6[0m [1;32mSOFT anomaly[0m [1;33m| pnl_abs=0.27280000 > 0.02500000[0m
[BETA_X5] [1;36mentry=18:30:54@64493.30000000[0m [1;33mx5[0m [1;36m#6[0m [1;32mSELL[0m tension=[1;31m2.72695383[0m hold=[1;36m12[0ms sec=[1;36m12[0m [0m| exit=64475.70000000 [1;32mconf=0.8721[0m [1;36mexit_time=18:31:06[0m [1;32mpnl=0.27280000 bps=2.72896564 pct=0.02728966% total=0.2728[0m
[BETA_X5] mode=OFF radar_adj=0 mom= conf=0
[ALPHA_X13_BURST13] [1;36m18:31:14[0m [1;32mx13[0m [1;36m#9[0m SKIP tension=[1;32m1.76368937[0m [0m| duo no_trigger
[ALPHA_X13_BURST13] mode=OFF radar_adj=0 mom= conf=0
[ALPHA_X13_BURST13] [1;36m18:31:28[0m [1;32mx13[0m [1;36m#10[0m SKIP tension=[1;36m0.00015382[0m [0m| momentum_too_small [1;31mconf=0.0003[0m
[ALPHA_X13_BURST13] mode=OFF radar_adj=0 mom= conf=0
[ALPHA_X13_BURST13] [1;36m18:31:43[0m [1;32mx13[0m [1;36m#11[0m SKIP tension=[1;36m0.01729477[0m [0m| direction_unclear [1;31mconf=0.0288[0m
[ALPHA_X13_BURST13] mode=OFF radar_adj=0 mom= conf=0
[BETA_X5] [1;36mentry=18:31:31@64473.90000000[0m [1;33mx5[0m [1;36m#7[0m [1;32mSELL[0m tension=[1;32m1.58064592[0m hold=[1;36m17[0ms sec=[1;36m17[0m [0m| exit=64473.00000000 [1;32mconf=0.9903[0m [1;36mexit_time=18:31:48[0m [1;32mpnl=0.00684000 bps=0.13959137 pct=0.00139591% total=0.27964[0m
[BETA_X5] mode=OFF radar_adj=0 mom= conf=0
[ALPHA_X13_BURST13] [1;36m18:31:55[0m [1;32mx13[0m [1;36m#12[0m SKIP tension=[1;36m0.00001734[0m [0m| momentum_too_small [1;31mconf=0.0[0m
[ALPHA_X13_BURST13] mode=OFF radar_adj=0 mom= conf=0
[BETA_X5] [1;36m18:32:04[0m [1;33mx5[0m [1;36m#8[0m SKIP tension=[1;36m0.00015504[0m [0m| momentum_too_small [1;31mconf=0.0003[0m
[ALPHA_X13_BURST13] [1;36m18:32:07[0m [1;32mx13[0m [1;36m#13[0m SKIP tension=[1;36m0.00000000[0m [0m| momentum_too_small [1;31mconf=0.3497[0m
[BETA_X5] mode=OFF radar_adj=0 mom= conf=0
[ALPHA_X13_BURST13] mode=OFF radar_adj=0 mom= conf=0
[BETA_X5] [1;36m18:32:14[0m [1;33mx5[0m [1;36m#9[0m SKIP tension=[1;36m0.00002432[0m [0m| momentum_too_small [1;31mconf=0.0[0m
[BETA_X5] mode=OFF radar_adj=0 mom= conf=0
[ALPHA_X13_BURST13] [1;36m18:32:17[0m [1;32mx13[0m [1;36m#14[0m SKIP tension=[1;36m0.00000000[0m [0m| momentum_too_small [1;31mconf=0.3497[0m
[ALPHA_X13_BURST13] mode=OFF radar_adj=0 mom= conf=0
[BETA_X5] [1;36m18:32:23[0m [1;33mx5[0m [1;36m#10[0m SKIP tension=[1;36m0.00000000[0m [0m| momentum_too_small [1;31mconf=0.349[0m
[BETA_X5] mode=OFF radar_adj=0 mom= conf=0
[ALPHA_X13_BURST13] [1;36m18:32:26[0m [1;32mx13[0m [1;36m#15[0m SKIP tension=[1;31m5.76051519[0m [0m| duo no_trigger
[ALPHA_X13_BURST13] mode=OFF radar_adj=0 mom= conf=0
[BETA_X5] [1;36m18:32:32[0m [1;33mx5[0m [1;36m#11[0m SKIP tension=[1;36m0.00002377[0m [0m| momentum_too_small [1;31mconf=0.0[0m
[BETA_X5] mode=OFF radar_adj=0 mom= conf=0
[ALPHA_X13_BURST13] [1;36m18:32:35[0m [1;32mx13[0m [1;36m#16[0m SKIP tension=[1;36m0.00000713[0m [0m| momentum_too_small [1;31mconf=0.0[0m
[ALPHA_X13_BURST13] mode=OFF radar_adj=0 mom= conf=0
[BETA_X5] [1;36m18:32:39[0m [1;33mx5[0m [1;36m#12[0m SKIP tension=[1;36m0.00004873[0m [0m| momentum_too_small [1;31mconf=0.0001[0m
[BETA_X5] mode=OFF radar_adj=0 mom= conf=0
[ALPHA_X13_BURST13] [1;36m18:32:44[0m [1;32mx13[0m [1;36m#17[0m SKIP tension=[1;36m0.00027388[0m [0m| momentum_too_small [1;31mconf=0.0005[0m
[BETA_X5] [1;36m18:32:47[0m [1;33mx5[0m [1;36m#13[0m SKIP tension=[1;36m0.00106852[0m [0m| momentum_too_small [1;31mconf=0.0018[0m
[ALPHA_X13_BURST13] mode=OFF radar_adj=0 mom= conf=0
[BETA_X5] mode=OFF radar_adj=0 mom= conf=0
[ALPHA_X13_BURST13] [1;36m18:32:53[0m [1;32mx13[0m [1;36m#18[0m SKIP tension=[1;36m0.00000000[0m [0m| momentum_too_small [1;31mconf=0.349[0m
[BETA_X5] [1;36m18:32:55[0m [1;33mx5[0m [1;36m#14[0m SKIP tension=[1;36m0.00005359[0m [0m| momentum_too_small [1;31mconf=0.0001[0m
[ALPHA_X13_BURST13] mode=OFF radar_adj=0 mom= conf=0
[BETA_X5] mode=OFF radar_adj=0 mom= conf=0
[ALPHA_X13_BURST13] [1;36m18:33:02[0m [1;32mx13[0m [1;36m#19[0m SKIP tension=[1;36m0.18182857[0m [0m| direction_unclear [1;31mconf=0.3028[0m
[BETA_X5] [1;36m18:33:04[0m [1;33mx5[0m [1;36m#15[0m SKIP tension=[1;36m0.00000000[0m [0m| momentum_too_small [1;31mconf=0.3497[0m
[ALPHA_X13_BURST13] mode=OFF radar_adj=0 mom= conf=0
[BETA_X5] mode=OFF radar_adj=0 mom= conf=0
[ALPHA_X13_BURST13] [1;36m18:33:10[0m [1;32mx13[0m [1;36m#20[0m SKIP tension=[1;36m0.38147396[0m [0m| wall_not_collapsed
[BETA_X5] [1;36m18:33:12[0m [1;33mx5[0m [1;36m#16[0m SKIP tension=[1;36m0.39117212[0m [0m| wall_not_collapsed
[ALPHA_X13_BURST13] mode=OFF radar_adj=0 mom= conf=0
[BETA_X5] mode=OFF radar_adj=0 mom= conf=0
[ALPHA_X13_BURST13] [1;36m18:33:19[0m [1;32mx13[0m [1;36m#21[0m SKIP tension=[1;36m0.00000000[0m [0m| momentum_too_small [1;31mconf=0.349[0m
[BETA_X5] [1;36m18:33:20[0m [1;33mx5[0m [1;36m#17[0m SKIP tension=[1;36m0.00000000[0m [0m| momentum_too_small [1;31mconf=0.3497[0m
[ALPHA_X13_BURST13] mode=OFF radar_adj=0 mom= conf=0
[BETA_X5] mode=OFF radar_adj=0 mom= conf=0
[ALPHA_X13_BURST13] [1;36m18:33:27[0m [1;32mx13[0m [1;36m#22[0m SKIP tension=[1;36m0.68213434[0m [0m| wall_not_collapsed
[BETA_X5] [1;36m18:33:28[0m [1;33mx5[0m [1;36m#18[0m SKIP tension=[1;36m0.68229082[0m [0m| wall_not_collapsed
[ALPHA_X13_BURST13] mode=OFF radar_adj=0 mom= conf=0
[BETA_X5] mode=OFF radar_adj=0 mom= conf=0
[ALPHA_X13_BURST13] [1;36m18:33:36[0m [1;32mx13[0m [1;36m#23[0m SKIP tension=[1;36m0.46507040[0m [0m| wall_not_collapsed
[ALPHA_X13_BURST13] mode=OFF radar_adj=0 mom= conf=0
[ALPHA_X13_BURST13] [1;36m18:33:46[0m [1;32mx13[0m [1;36m#24[0m SKIP tension=[1;31m2.53310381[0m [0m| duo no_trigger
[BETA_X5] shockwave beta->alpha until_cycle=29
[BETA_X5] [1;33mSWARM shockwave[0m [0m| beta -> neighbor (shock_inversion_stop)[0m
[ALPHA_X13_BURST13] mode=OFF radar_adj=0 mom= conf=0
[BETA_X5] [1;36mentry=18:33:41@64473.20000000[0m [1;33mx5[0m [1;36m#19[0m [1;31mSELL[0m tension=[1;32m1.43861707[0m hold=[1;36m7[0ms sec=[1;36m7[0m [0m| exit=64473.30000000 [1;32mconf=0.999[0m [1;36mexit_time=18:33:48[0m [1;31mpnl=-0.00076000 bps=-0.01551032 pct=-0.00015510% total=0.27888[0m
[BETA_X5] mode=OFF radar_adj=0 mom= conf=0
[ALPHA_X13_BURST13] [1;36m18:33:54[0m [1;32mx13[0m [1;36m#25[0m SKIP tension=[1;36m0.00001095[0m [0m| momentum_too_small [1;31mconf=0.0[0m
[ALPHA_X13_BURST13] mode=OFF radar_adj=0 mom= conf=0
[ALPHA_X13_BURST13] [1;36m18:34:02[0m [1;32mx13[0m [1;36m#26[0m SKIP tension=[1;36m0.00001045[0m [0m| momentum_too_small [1;31mconf=0.0[0m
[ALPHA_X13_BURST13] mode=OFF radar_adj=0 mom= conf=0
[BETA_X5] [1;36mCycle 20[0m [1;32mSOFT anomaly[0m [1;33m| pnl_abs=0.05500000 > 0.02500000[0m
[BETA_X5] [1;36mentry=18:34:03@64496.20000000[0m [1;33mx5[0m [1;36m#20[0m [1;32mSELL[0m tension=[1;31m6.59737449[0m hold=[1;36m6[0ms sec=[1;36m6[0m [0m| exit=64491.80000000 [1;32mconf=0.9826[0m [1;36mexit_time=18:34:10[0m [1;32mpnl=0.05500000 bps=0.68221073 pct=0.00682211% total=0.33388[0m
[ALPHA_X13_BURST13] [1;36m18:34:12[0m [1;32mx13[0m [1;36m#27[0m SKIP tension=[1;33m0.97778722[0m [0m| spread_too_wide [1;33mconf=0.5[0m
[BETA_X5] mode=OFF radar_adj=0 mom= conf=0
[ALPHA_X13_BURST13] mode=OFF radar_adj=0 mom= conf=0
[BETA_X5] [1;36m18:34:19[0m [1;33mx5[0m [1;36m#21[0m SKIP tension=[1;36m0.28855342[0m [0m| wall_not_collapsed
[ALPHA_X13_BURST13] [1;36m18:34:20[0m [1;32mx13[0m [1;36m#28[0m SKIP tension=[1;36m0.28853531[0m [0m| wall_not_collapsed
[BETA_X5] mode=OFF radar_adj=0 mom= conf=0
[ALPHA_X13_BURST13] mode=OFF radar_adj=0 mom= conf=0
[BETA_X5] [1;36m18:34:27[0m [1;33mx5[0m [1;36m#22[0m SKIP tension=[1;36m0.00000048[0m [0m| momentum_too_small [1;31mconf=0.0[0m
[ALPHA_X13_BURST13] [1;36m18:34:29[0m [1;32mx13[0m [1;36m#29[0m SKIP tension=[1;36m0.00074078[0m [0m| momentum_too_small [1;31mconf=0.0012[0m
[BETA_X5] mode=OFF radar_adj=0 mom= conf=0
[ALPHA_X13_BURST13] mode=OFF radar_adj=0 mom= conf=0
[BETA_X5] [1;36m18:34:35[0m [1;33mx5[0m [1;36m#23[0m SKIP tension=[1;36m0.00000000[0m [0m| momentum_too_small [1;31mconf=0.3415[0m
[BETA_X5] mode=OFF radar_adj=0 mom= conf=0
[BETA_X5] [1;36m18:34:44[0m [1;33mx5[0m [1;36m#24[0m SKIP tension=[1;36m0.00226702[0m [0m| momentum_too_small [1;31mconf=0.0038[0m
[BETA_X5] mode=OFF radar_adj=0 mom= conf=0
[ALPHA_X13_BURST13] shockwave alpha->beta until_cycle=40
[ALPHA_X13_BURST13] [1;33mSWARM shockwave[0m [0m| alpha -> neighbor (shock_inversion_stop)[0m
[ALPHA_X13_BURST13] [1;36mCycle 30[0m [1;32mSOFT anomaly[0m [1;33m| pnl_abs=4.45165000 > 0.02500000[0m
[ALPHA_X13_BURST13] [1;36mentry=18:34:40@64528.20000000[0m [1;32mx13[0m [1;36m#30[0m [1;31mBUY[0m tension=[1;32m1.68050260[0m hold=[1;36m6[0ms sec=[1;36m6[0m [0m| exit=64472.90000000 [1;32mconf=0.9758[0m [1;36mexit_time=18:34:47[0m [1;31mpnl=-4.45165000 bps=-8.56989657 pct=-0.08569897% total=-4.11777[0m
[BETA_X5] [1;36m18:34:52[0m [1;33mx5[0m [1;36m#25[0m SKIP tension=[1;36m0.00015954[0m [0m| momentum_too_small [1;31mconf=0.0003[0m
[ALPHA_X13_BURST13] mode=OFF radar_adj=0 mom= conf=0
[BETA_X5] mode=OFF radar_adj=0 mom= conf=0
[ALPHA_X13_BURST13] [1;36m18:34:58[0m [1;32mx13[0m [1;36m#31[0m SKIP tension=[1;36m0.00032108[0m [0m| momentum_too_small [1;31mconf=0.0005[0m
[BETA_X5] [1;36m18:35:00[0m [1;33mx5[0m [1;36m#26[0m SKIP tension=[1;36m0.53329436[0m [0m| wall_not_collapsed
[ALPHA_X13_BURST13] mode=OFF radar_adj=0 mom= conf=0
[BETA_X5] mode=OFF radar_adj=0 mom= conf=0
[ALPHA_X13_BURST13] [1;36m18:35:07[0m [1;32mx13[0m [1;36m#32[0m SKIP tension=[1;36m0.00031573[0m [0m| momentum_too_small [1;31mconf=0.0005[0m
[BETA_X5] [1;36m18:35:09[0m [1;33mx5[0m [1;36m#27[0m SKIP tension=[1;36m0.68805362[0m [0m| spread_too_wide [1;33mconf=0.5[0m
[ALPHA_X13_BURST13] mode=OFF radar_adj=0 mom= conf=0
[BETA_X5] mode=OFF radar_adj=0 mom= conf=0
[ALPHA_X13_BURST13] [1;36m18:35:16[0m [1;32mx13[0m [1;36m#33[0m SKIP tension=[1;32m1.45267189[0m [0m| spread_too_wide [1;33mconf=0.5[0m
[ALPHA_X13_BURST13] mode=OFF radar_adj=0 mom= conf=0
[ALPHA_X13_BURST13] [1;36m18:35:26[0m [1;32mx13[0m [1;36m#34[0m SKIP [1;33m| tension_stale age=2164ms>800ms (NUAGE)[0m
[ALPHA_X13_BURST13] mode=OFF radar_adj=0 mom= conf=0
[BETA_X5] [1;36mCycle 28[0m [1;32mSOFT anomaly[0m [1;33m| pnl_abs=0.31996000 > 0.02500000[0m
[BETA_X5] [1;36mentry=18:35:22@64521.30000000[0m [1;33mx5[0m [1;36m#28[0m [1;32mSELL[0m tension=[1;31m2.22461802[0m hold=[1;36m7[0ms sec=[1;36m7[0m [0m| exit=64479.20000000 [1;32mconf=0.9981[0m [1;36mexit_time=18:35:29[0m [1;32mpnl=0.31996000 bps=6.52497702 pct=0.06524977% total=-3.79781[0m
[BETA_X5] mode=OFF radar_adj=0 mom= conf=0
[ALPHA_X13_BURST13] [1;36m18:35:34[0m [1;32mx13[0m [1;36m#35[0m SKIP tension=[1;36m0.00000000[0m [0m| momentum_too_small [1;31mconf=0.213[0m
[ALPHA_X13_BURST13] mode=OFF radar_adj=0 mom= conf=0
[BETA_X5] [1;36m18:35:38[0m [1;33mx5[0m [1;36m#29[0m SKIP [0m| Mode Écoute: spread=0.01550000 volat=126.40410266 (attente froid)
[BETA_X5] mode=OFF radar_adj=0 mom= conf=0
[ALPHA_X13_BURST13] [1;36m18:35:42[0m [1;32mx13[0m [1;36m#36[0m SKIP tension=[1;36m0.00000000[0m [0m| momentum_too_small [1;31mconf=0.3497[0m
[ALPHA_X13_BURST13] mode=OFF radar_adj=0 mom= conf=0
[BETA_X5] [1;36m18:35:46[0m [1;33mx5[0m [1;36m#30[0m SKIP tension=[1;36m0.64368013[0m [0m| wall_not_collapsed
[BETA_X5] mode=OFF radar_adj=0 mom= conf=0
[ALPHA_X13_BURST13] [1;36m18:35:50[0m [1;32mx13[0m [1;36m#37[0m SKIP tension=[1;36m0.00000530[0m [0m| momentum_too_small [1;31mconf=0.0[0m
[ALPHA_X13_BURST13] mode=OFF radar_adj=0 mom= conf=0
[BETA_X5] [1;36m18:35:54[0m [1;33mx5[0m [1;36m#31[0m SKIP [0m| Mode Écoute: spread=1.53520000 volat=28.59724219 (attente froid)
[BETA_X5] mode=OFF radar_adj=0 mom= conf=0
[BETA_X5] [1;36m18:36:02[0m [1;33mx5[0m [1;36m#32[0m SKIP tension=[1;36m0.00000000[0m [0m| momentum_too_small [1;31mconf=0.3493[0m
[ALPHA_X13_BURST13] [1;36m18:36:03[0m [1;32mx13[0m [1;36m#38[0m SKIP tension=[1;36m0.06807038[0m [0m| direction_unclear [1;31mconf=0.0982[0m
[ALPHA_X13_BURST13] mode=OFF radar_adj=0 mom= conf=0
[BETA_X5] mode=OFF radar_adj=0 mom= conf=0
[ALPHA_X13_BURST13] [1;36m18:36:13[0m [1;32mx13[0m [1;36m#39[0m SKIP tension=[1;36m0.00000299[0m [0m| momentum_too_small [1;31mconf=0.0[0m
[BETA_X5] [1;36m18:36:15[0m [1;33mx5[0m [1;36m#33[0m SKIP tension=[1;36m0.00000000[0m [0m| momentum_too_small [1;31mconf=0.3493[0m
[ALPHA_X13_BURST13] mode=OFF radar_adj=0 mom= conf=0
[BETA_X5] mode=OFF radar_adj=0 mom= conf=0
[ALPHA_X13_BURST13] [1;36m18:36:21[0m [1;32mx13[0m [1;36m#40[0m SKIP tension=[1;36m0.34464668[0m [0m| wall_not_collapsed
[BETA_X5] [1;36m18:36:23[0m [1;33mx5[0m [1;36m#34[0m SKIP tension=[1;36m0.00000000[0m [0m| momentum_too_small [1;31mconf=0.3493[0m
[ALPHA_X13_BURST13] mode=OFF radar_adj=0 mom= conf=0
[BETA_X5] mode=OFF radar_adj=0 mom= conf=0
[ALPHA_X13_BURST13] [1;36m18:36:29[0m [1;32mx13[0m [1;36m#41[0m SKIP tension=[1;36m0.17402980[0m [0m| direction_unclear [1;31mconf=0.2586[0m
[BETA_X5] [1;36m18:36:31[0m [1;33mx5[0m [1;36m#35[0m SKIP tension=[1;36m0.04714958[0m [0m| spread_too_wide [1;31mconf=0.0393[0m
[ALPHA_X13_BURST13] mode=OFF radar_adj=0 mom= conf=0
[BETA_X5] mode=OFF radar_adj=0 mom= conf=0
[ALPHA_X13_BURST13] [1;36m18:36:37[0m [1;32mx13[0m [1;36m#42[0m SKIP [1;33m| tension_stale age=4695ms>800ms (NUAGE)[0m
[ALPHA_X13_BURST13] mode=OFF radar_adj=0 mom= conf=0
[ALPHA_X13_BURST13] [1;36m18:36:47[0m [1;32mx13[0m [1;36m#43[0m SKIP tension=[1;36m0.00000619[0m [0m| momentum_too_small [1;31mconf=0.0[0m
[ALPHA_X13_BURST13] mode=OFF radar_adj=0 mom= conf=0
[BETA_X5] [1;36mCycle 36[0m [1;32mSOFT anomaly[0m [1;33m| pnl_abs=0.39672000 > 0.02500000[0m
[BETA_X5] [1;36mentry=18:36:48@64525.20000000[0m [1;33mx5[0m [1;36m#36[0m [1;32mSELL[0m tension=[1;31m4.70635830[0m hold=[1;36m6[0ms sec=[1;36m6[0m [0m| exit=64473.00000000 [1;32mconf=0.9981[0m [1;36mexit_time=18:36:54[0m [1;32mpnl=0.39672000 bps=8.08986257 pct=0.08089863% total=-3.40109[0m
[BETA_X5] mode=OFF radar_adj=0 mom= conf=0
[BETA_X5] [1;36m18:37:04[0m [1;33mx5[0m [1;36m#37[0m SKIP tension=[1;31m5.36032071[0m [0m| spread_too_wide [1;33mconf=0.5[0m
