[BETA_X5] [1;36m--- ACE777 STRICT CLONE FUTURES TESTNET ---[0m
[BETA_X5] [1;32mV8 Resonance ON:[0m [1;36mimpulse_thr=0.96 dt_ms=64 aspiration=1.618@37.8deg void_lock=TRUE shock_exit=TRUE[0m
[BETA_X5] [1;32mV8 Tension ON:[0m [1;36mwall_drop=6.5% dt_ms=64 filter=0.85 depth=20[0m
[BETA_X5] [1;36mSymbol=BTCUSDT[0m [1;32mLeverage=5[0m [1;36mBuyUSDT=200 Orders=TRUE[0m
[ALPHA_X13_BURST13] [1;36m--- ACE777 STRICT CLONE FUTURES TESTNET ---[0m
[ALPHA_X13_BURST13] [1;36mLeverage ramp ON:[0m [1;36mstart=13 end=13 cycles=180[0m
[ALPHA_X13_BURST13] [1;32mV8 Resonance ON:[0m [1;36mimpulse_thr=0.96 dt_ms=64 aspiration=1.618@37.8deg void_lock=TRUE shock_exit=TRUE[0m
[ALPHA_X13_BURST13] [1;32mV8 Tension ON:[0m [1;36mwall_drop=6.5% dt_ms=64 filter=0.85 depth=20[0m
[ALPHA_X13_BURST13] [1;36mSymbol=BTCUSDT[0m [1;32mLeverage=13[0m [1;36mBuyUSDT=800 Orders=TRUE[0m
[BETA_X5] mode=OFF radar_adj=0 mom= conf=0
[ALPHA_X13_BURST13] mode=OFF radar_adj=0 mom= conf=0
[ALPHA_X13_BURST13] [1;36m15:26:32[0m [1;32mx13[0m [1;36m#1[0m SKIP tension=[1;36m0.00000000[0m [0m| momentum_too_small [1;31mconf=0.3439[0m
[ALPHA_X13_BURST13] mode=OFF radar_adj=0 mom= conf=0
[BETA_X5] shockwave beta->alpha until_cycle=11
[BETA_X5] [1;33mSWARM shockwave[0m [0m| beta -> neighbor (shock_inversion_stop)[0m
[ALPHA_X13_BURST13] [1;36m15:26:40[0m [1;32mx13[0m [1;36m#2[0m SKIP tension=[1;36m0.00000000[0m [0m| momentum_too_small [1;31mconf=0.3452[0m
[BETA_X5] [1;36mCycle 1[0m [1;32mSOFT anomaly[0m [1;33m| pnl_abs=0.02635000 > 0.02500000[0m
[BETA_X5] [1;36mentry=15:26:34@64237.90000000[0m [1;33mx5[0m [1;36m#1[0m [1;31mSELL[0m tension=[1;32m1.64353186[0m hold=[1;36m6[0ms sec=[1;36m6[0m [0m| exit=64239.60000000 [1;32mconf=0.9825[0m [1;36mexit_time=15:26:40[0m [1;31mpnl=-0.02635000 bps=-0.26464128 pct=-0.00264641% total=-0.02635[0m
[ALPHA_X13_BURST13] mode=OFF radar_adj=0 mom= conf=0
[BETA_X5] mode=OFF radar_adj=0 mom= conf=0
[ALPHA_X13_BURST13] [1;36m15:26:48[0m [1;32mx13[0m [1;36m#3[0m SKIP tension=[1;36m0.00003680[0m [0m| momentum_too_small [1;31mconf=0.0001[0m
[BETA_X5] [1;36m15:26:49[0m [1;33mx5[0m [1;36m#2[0m SKIP tension=[1;33m0.92483439[0m [0m| wall_not_collapsed
[ALPHA_X13_BURST13] mode=OFF radar_adj=0 mom= conf=0
[BETA_X5] mode=OFF radar_adj=0 mom= conf=0
[ALPHA_X13_BURST13] [1;36m15:26:56[0m [1;32mx13[0m [1;36m#4[0m SKIP [1;33m| tension_stale age=5626ms>800ms (NUAGE)[0m
[BETA_X5] [1;36m15:26:57[0m [1;33mx5[0m [1;36m#3[0m SKIP tension=[1;36m0.00002020[0m [0m| momentum_too_small [1;31mconf=0.0[0m
[ALPHA_X13_BURST13] mode=OFF radar_adj=0 mom= conf=0
[BETA_X5] mode=OFF radar_adj=0 mom= conf=0
[ALPHA_X13_BURST13] [1;36m15:27:04[0m [1;32mx13[0m [1;36m#5[0m SKIP tension=[1;36m0.00000508[0m [0m| momentum_too_small [1;31mconf=0.0[0m
[BETA_X5] [1;36m15:27:06[0m [1;33mx5[0m [1;36m#4[0m SKIP tension=[1;36m0.00000000[0m [0m| momentum_too_small [1;31mconf=0.348[0m
[BETA_X5] mode=OFF radar_adj=0 mom= conf=0
[ALPHA_X13_BURST13] mode=OFF radar_adj=0 mom= conf=0
[BETA_X5] [1;36m15:27:14[0m [1;33mx5[0m [1;36m#5[0m SKIP tension=[1;36m0.00008476[0m [0m| momentum_too_small [1;31mconf=0.0001[0m
[BETA_X5] mode=OFF radar_adj=0 mom= conf=0
[ALPHA_X13_BURST13] [1;36m15:27:17[0m [1;32mx13[0m [1;36m#6[0m SKIP tension=[1;36m0.00000000[0m [0m| momentum_too_small [1;31mconf=0.3459[0m
[ALPHA_X13_BURST13] mode=OFF radar_adj=0 mom= conf=0
[BETA_X5] [1;36m15:27:22[0m [1;33mx5[0m [1;36m#6[0m SKIP tension=[1;36m0.00103008[0m [0m| momentum_too_small [1;31mconf=0.0016[0m
[BETA_X5] mode=OFF radar_adj=0 mom= conf=0
[ALPHA_X13_BURST13] [1;36m15:27:25[0m [1;32mx13[0m [1;36m#7[0m SKIP tension=[1;36m0.00000000[0m [0m| momentum_too_small [1;31mconf=0.3146[0m
[ALPHA_X13_BURST13] mode=OFF radar_adj=0 mom= conf=0
[BETA_X5] [1;36m15:27:29[0m [1;33mx5[0m [1;36m#7[0m SKIP tension=[1;36m0.01530930[0m [0m| direction_unclear [1;31mconf=0.0245[0m
[BETA_X5] mode=OFF radar_adj=0 mom= conf=0
[ALPHA_X13_BURST13] [1;36m15:27:33[0m [1;32mx13[0m [1;36m#8[0m SKIP tension=[1;36m0.00025132[0m [0m| momentum_too_small [1;31mconf=0.0004[0m
[ALPHA_X13_BURST13] mode=OFF radar_adj=0 mom= conf=0
[BETA_X5] [1;36m15:27:37[0m [1;33mx5[0m [1;36m#8[0m SKIP tension=[1;36m0.03864656[0m [0m| direction_unclear [1;31mconf=0.0612[0m
[BETA_X5] mode=OFF radar_adj=0 mom= conf=0
[ALPHA_X13_BURST13] [1;36m15:27:41[0m [1;32mx13[0m [1;36m#9[0m SKIP tension=[1;36m0.00000041[0m [0m| momentum_too_small [1;31mconf=0.0[0m
[ALPHA_X13_BURST13] mode=OFF radar_adj=0 mom= conf=0
[ALPHA_X13_BURST13] [1;36m15:27:49[0m [1;32mx13[0m [1;36m#10[0m SKIP tension=[1;36m0.00000000[0m [0m| momentum_too_small [1;31mconf=0.3289[0m
[ALPHA_X13_BURST13] mode=OFF radar_adj=0 mom= conf=0
[BETA_X5] shockwave beta->alpha until_cycle=19
[BETA_X5] [1;33mSWARM shockwave[0m [0m| beta -> neighbor (fluid_exit_inversion)[0m
[ALPHA_X13_BURST13] [1;36m15:27:57[0m [1;32mx13[0m [1;36m#11[0m SKIP tension=[1;36m0.14965931[0m [0m| direction_unclear [1;31mconf=0.2465[0m
[BETA_X5] [1;36mCycle 9[0m [1;32mSOFT anomaly[0m [1;33m| pnl_abs=0.11932000 > 0.02500000[0m
[BETA_X5] [1;36mentry=15:27:50@64246.20000000[0m [1;33mx5[0m [1;36m#9[0m [1;31mSELL[0m tension=[1;31m4.41927602[0m hold=[1;36m7[0ms sec=[1;36m7[0m [0m| exit=64261.90000000 [1;32mconf=0.9698[0m [1;36mexit_time=15:27:57[0m [1;31mpnl=-0.11932000 bps=-2.44372430 pct=-0.02443724% total=-0.14567[0m
[ALPHA_X13_BURST13] mode=OFF radar_adj=0 mom= conf=0
[BETA_X5] mode=OFF radar_adj=0 mom= conf=0
[ALPHA_X13_BURST13] [1;36m15:28:05[0m [1;32mx13[0m [1;36m#12[0m SKIP tension=[1;36m0.00012672[0m [0m| momentum_too_small [1;31mconf=0.0002[0m
[BETA_X5] [1;36m15:28:06[0m [1;33mx5[0m [1;36m#10[0m SKIP tension=[1;36m0.01203375[0m [0m| direction_unclear [1;31mconf=0.0165[0m
[ALPHA_X13_BURST13] mode=OFF radar_adj=0 mom= conf=0
[BETA_X5] mode=OFF radar_adj=0 mom= conf=0
[ALPHA_X13_BURST13] [1;36m15:28:13[0m [1;32mx13[0m [1;36m#13[0m SKIP [1;33m| tension_stale age=5842ms>800ms (NUAGE)[0m
[ALPHA_X13_BURST13] mode=OFF radar_adj=0 mom= conf=0
[ALPHA_X13_BURST13] [1;36m15:28:21[0m [1;32mx13[0m [1;36m#14[0m SKIP tension=[1;36m0.65132956[0m [0m| wall_not_collapsed
[ALPHA_X13_BURST13] mode=OFF radar_adj=0 mom= conf=0
[BETA_X5] shockwave beta->alpha until_cycle=21
[BETA_X5] [1;33mSWARM shockwave[0m [0m| beta -> neighbor (shock_inversion_stop)[0m
[BETA_X5] [1;36mentry=15:28:18@64271.50000000[0m [1;33mx5[0m [1;36m#11[0m [1;31mSELL[0m tension=[1;32m1.72138971[0m hold=[1;36m6[0ms sec=[1;36m6[0m [0m| exit=64273.40000000 [1;33mconf=0.7355[0m [1;36mexit_time=15:28:24[0m [1;31mpnl=-0.01444000 bps=-0.29562092 pct=-0.00295621% total=-0.16011[0m
[BETA_X5] mode=OFF radar_adj=0 mom= conf=0
[ALPHA_X13_BURST13] [1;36m15:28:29[0m [1;32mx13[0m [1;36m#15[0m SKIP tension=[1;36m0.02030554[0m [0m| spread_too_wide [1;31mconf=0.0169[0m
[ALPHA_X13_BURST13] mode=OFF radar_adj=0 mom= conf=0
[BETA_X5] [1;36m15:28:34[0m [1;33mx5[0m [1;36m#12[0m SKIP tension=[1;36m0.00255419[0m [0m| spread_too_wide [1;31mconf=0.0021[0m
[BETA_X5] mode=OFF radar_adj=0 mom= conf=0
[ALPHA_X13_BURST13] [1;36m15:28:37[0m [1;32mx13[0m [1;36m#16[0m SKIP tension=[1;31m6.23772969[0m [0m| spread_too_wide [1;33mconf=0.5[0m
[ALPHA_X13_BURST13] mode=OFF radar_adj=0 mom= conf=0
[BETA_X5] [1;36m15:28:42[0m [1;33mx5[0m [1;36m#13[0m SKIP tension=[1;36m0.00000000[0m [0m| momentum_too_small [1;31mconf=0.3013[0m
[BETA_X5] mode=OFF radar_adj=0 mom= conf=0
[ALPHA_X13_BURST13] [1;36m15:28:45[0m [1;32mx13[0m [1;36m#17[0m SKIP tension=[1;36m0.00652054[0m [0m| spread_too_wide [1;31mconf=0.0054[0m
[ALPHA_X13_BURST13] mode=OFF radar_adj=0 mom= conf=0
[BETA_X5] [1;36m15:28:49[0m [1;33mx5[0m [1;36m#14[0m SKIP tension=[1;36m0.01983450[0m [0m| direction_unclear [1;31mconf=0.0198[0m
[BETA_X5] mode=OFF radar_adj=0 mom= conf=0
[ALPHA_X13_BURST13] [1;36m15:28:54[0m [1;32mx13[0m [1;36m#18[0m SKIP tension=[1;36m0.00000000[0m [0m| spread_too_wide [1;31mconf=0.0[0m
[ALPHA_X13_BURST13] mode=OFF radar_adj=0 mom= conf=0
[BETA_X5] [1;36m15:28:57[0m [1;33mx5[0m [1;36m#15[0m SKIP tension=[1;36m0.10671126[0m [0m| spread_too_wide [1;31mconf=0.0889[0m
[BETA_X5] mode=OFF radar_adj=0 mom= conf=0
[ALPHA_X13_BURST13] [1;36m15:29:02[0m [1;32mx13[0m [1;36m#19[0m SKIP tension=[1;36m0.18941590[0m [0m| spread_too_wide [1;31mconf=0.1578[0m
[BETA_X5] [1;36m15:29:04[0m [1;33mx5[0m [1;36m#16[0m SKIP tension=[1;36m0.83175570[0m [0m| wall_not_collapsed
[ALPHA_X13_BURST13] mode=OFF radar_adj=0 mom= conf=0
[BETA_X5] mode=OFF radar_adj=0 mom= conf=0
[ALPHA_X13_BURST13] [1;36m15:29:10[0m [1;32mx13[0m [1;36m#20[0m SKIP tension=[1;36m0.23900482[0m [0m| spread_too_wide [1;31mconf=0.1992[0m
[BETA_X5] [1;36m15:29:12[0m [1;33mx5[0m [1;36m#17[0m SKIP tension=[1;36m0.12138156[0m [0m| spread_too_wide [1;31mconf=0.1012[0m
[ALPHA_X13_BURST13] mode=OFF radar_adj=0 mom= conf=0
[BETA_X5] mode=OFF radar_adj=0 mom= conf=0
[ALPHA_X13_BURST13] [1;36m15:29:18[0m [1;32mx13[0m [1;36m#21[0m SKIP tension=[1;36m0.24117809[0m [0m| spread_too_wide [1;31mconf=0.201[0m
[BETA_X5] [1;36m15:29:19[0m [1;33mx5[0m [1;36m#18[0m SKIP tension=[1;36m0.12251570[0m [0m| spread_too_wide [1;31mconf=0.1021[0m
[BETA_X5] mode=OFF radar_adj=0 mom= conf=0
[ALPHA_X13_BURST13] mode=OFF radar_adj=0 mom= conf=0
[BETA_X5] [1;36m15:29:28[0m [1;33mx5[0m [1;36m#19[0m SKIP tension=[1;36m0.40637508[0m [0m| spread_too_wide [1;31mconf=0.3386[0m
[BETA_X5] mode=OFF radar_adj=0 mom= conf=0
[ALPHA_X13_BURST13] [1;36m15:29:31[0m [1;32mx13[0m [1;36m#22[0m SKIP tension=[1;36m0.26926168[0m [0m| spread_too_wide [1;31mconf=0.2244[0m
[ALPHA_X13_BURST13] mode=OFF radar_adj=0 mom= conf=0
[BETA_X5] [1;36m15:29:36[0m [1;33mx5[0m [1;36m#20[0m SKIP tension=[1;36m0.14622241[0m [0m| spread_too_wide [1;31mconf=0.1219[0m
[BETA_X5] mode=OFF radar_adj=0 mom= conf=0
[ALPHA_X13_BURST13] [1;36m15:29:41[0m [1;32mx13[0m [1;36m#23[0m SKIP tension=[1;36m0.62615522[0m [0m| spread_too_wide [1;33mconf=0.5[0m
[BETA_X5] [1;36m15:29:43[0m [1;33mx5[0m [1;36m#21[0m SKIP tension=[1;36m0.17024930[0m [0m| spread_too_wide [1;31mconf=0.1419[0m
[ALPHA_X13_BURST13] mode=OFF radar_adj=0 mom= conf=0
[BETA_X5] mode=OFF radar_adj=0 mom= conf=0
[ALPHA_X13_BURST13] [1;36m15:29:49[0m [1;32mx13[0m [1;36m#24[0m SKIP tension=[1;36m0.74790638[0m [0m| spread_too_wide [1;33mconf=0.5[0m
[BETA_X5] [1;36m15:29:51[0m [1;33mx5[0m [1;36m#22[0m SKIP tension=[1;36m0.39300376[0m [0m| spread_too_wide [1;31mconf=0.3275[0m
[ALPHA_X13_BURST13] mode=OFF radar_adj=0 mom= conf=0
[BETA_X5] mode=OFF radar_adj=0 mom= conf=0
[ALPHA_X13_BURST13] [1;36m15:29:57[0m [1;32mx13[0m [1;36m#25[0m SKIP tension=[1;36m0.47124843[0m [0m| spread_too_wide [1;31mconf=0.3927[0m
[ALPHA_X13_BURST13] mode=OFF radar_adj=0 mom= conf=0
[BETA_X5] [1;36m15:30:00[0m [1;33mx5[0m [1;36m#23[0m SKIP tension=[1;32m1.25492633[0m [0m| spread_too_wide [1;33mconf=0.5[0m
[BETA_X5] mode=OFF radar_adj=0 mom= conf=0
[ALPHA_X13_BURST13] [1;36m15:30:07[0m [1;32mx13[0m [1;36m#26[0m SKIP tension=[1;32m1.27453123[0m [0m| spread_too_wide [1;33mconf=0.5[0m
[BETA_X5] [1;36m15:30:09[0m [1;33mx5[0m [1;36m#24[0m SKIP tension=[1;32m1.06665004[0m [0m| spread_too_wide [1;33mconf=0.5[0m
[ALPHA_X13_BURST13] mode=OFF radar_adj=0 mom= conf=0
[BETA_X5] mode=OFF radar_adj=0 mom= conf=0
[ALPHA_X13_BURST13] [1;36m15:30:15[0m [1;32mx13[0m [1;36m#27[0m SKIP tension=[1;32m1.17456270[0m [0m| spread_too_wide [1;33mconf=0.5[0m
[ALPHA_X13_BURST13] mode=OFF radar_adj=0 mom= conf=0
[ALPHA_X13_BURST13] [1;36m15:30:24[0m [1;32mx13[0m [1;36m#28[0m SKIP tension=[1;32m1.31437261[0m [0m| spread_too_wide [1;33mconf=0.5[0m
[BETA_X5] shockwave beta->alpha until_cycle=35
[BETA_X5] [1;33mSWARM shockwave[0m [0m| beta -> neighbor (shock_inversion_stop)[0m
[BETA_X5] [1;36mCycle 25[0m [1;32mSOFT anomaly[0m [1;33m| pnl_abs=0.47594000 > 0.02500000[0m
[ALPHA_X13_BURST13] mode=OFF radar_adj=0 mom= conf=0
[BETA_X5] [1;36mentry=15:30:19@64246.00000000[0m [1;33mx5[0m [1;36m#25[0m [1;31mSELL[0m tension=[1;32m1.30402959[0m hold=[1;36m6[0ms sec=[1;36m6[0m [0m| exit=64335.80000000 [1;32mconf=0.999[0m [1;36mexit_time=15:30:25[0m [1;31mpnl=-0.47594000 bps=-13.97752389 pct=-0.13977524% total=-0.63605[0m
[BETA_X5] mode=OFF radar_adj=0 mom= conf=0
[ALPHA_X13_BURST13] [1;36m15:30:32[0m [1;32mx13[0m [1;36m#29[0m SKIP tension=[1;32m1.53646477[0m [0m| spread_too_wide [1;33mconf=0.5[0m
[ALPHA_X13_BURST13] mode=OFF radar_adj=0 mom= conf=0
[BETA_X5] [1;36m15:30:35[0m [1;33mx5[0m [1;36m#26[0m SKIP tension=[1;33m0.91151163[0m [0m| spread_too_wide [1;33mconf=0.5[0m
[BETA_X5] mode=OFF radar_adj=0 mom= conf=0
[ALPHA_X13_BURST13] [1;36m15:30:40[0m [1;32mx13[0m [1;36m#30[0m SKIP [1;33m| tension_stale age=3757ms>800ms (NUAGE)[0m
[ALPHA_X13_BURST13] mode=OFF radar_adj=0 mom= conf=0
[BETA_X5] [1;36m15:30:44[0m [1;33mx5[0m [1;36m#27[0m SKIP [0m| Mode Écoute: spread=1.53840000 volat=19.91442047 (attente froid)
[BETA_X5] mode=OFF radar_adj=0 mom= conf=0
[ALPHA_X13_BURST13] [1;36m15:30:49[0m [1;32mx13[0m [1;36m#31[0m SKIP tension=[1;36m0.01980089[0m [0m| direction_unclear [1;31mconf=0.0115[0m
[BETA_X5] [1;36m15:30:51[0m [1;33mx5[0m [1;36m#28[0m SKIP tension=[1;36m0.01339222[0m [0m| direction_unclear [1;31mconf=0.0208[0m
[ALPHA_X13_BURST13] mode=OFF radar_adj=0 mom= conf=0
[BETA_X5] mode=OFF radar_adj=0 mom= conf=0
[ALPHA_X13_BURST13] [1;36m15:30:57[0m [1;32mx13[0m [1;36m#32[0m SKIP tension=[1;36m0.00000000[0m [0m| spread_too_wide [1;31mconf=0.0[0m
[BETA_X5] [1;36m15:30:59[0m [1;33mx5[0m [1;36m#29[0m SKIP tension=[1;32m1.11401032[0m [0m| spread_too_wide [1;33mconf=0.5[0m
[ALPHA_X13_BURST13] mode=OFF radar_adj=0 mom= conf=0
[BETA_X5] mode=OFF radar_adj=0 mom= conf=0
[ALPHA_X13_BURST13] [1;36m15:31:05[0m [1;32mx13[0m [1;36m#33[0m SKIP tension=[1;36m0.00234324[0m [0m| spread_too_wide [1;31mconf=0.002[0m
[BETA_X5] [1;36m15:31:07[0m [1;33mx5[0m [1;36m#30[0m SKIP tension=[1;33m0.87631825[0m [0m| wall_not_collapsed
[ALPHA_X13_BURST13] mode=OFF radar_adj=0 mom= conf=0
[BETA_X5] mode=OFF radar_adj=0 mom= conf=0
[ALPHA_X13_BURST13] [1;36m15:31:12[0m [1;32mx13[0m [1;36m#34[0m SKIP tension=[1;36m0.70759283[0m [0m| wall_not_collapsed
[ALPHA_X13_BURST13] mode=OFF radar_adj=0 mom= conf=0
[BETA_X5] [1;36m15:31:16[0m [1;33mx5[0m [1;36m#31[0m SKIP tension=[1;36m0.27144660[0m [0m| low_confidence [1;31mconf=0.2731[0m
[BETA_X5] mode=OFF radar_adj=0 mom= conf=0
[ALPHA_X13_BURST13] [1;36m15:31:20[0m [1;32mx13[0m [1;36m#35[0m SKIP tension=[1;36m0.02243903[0m [0m| spread_too_wide [1;31mconf=0.0187[0m
[ALPHA_X13_BURST13] mode=OFF radar_adj=0 mom= conf=0
[BETA_X5] [1;36m15:31:23[0m [1;33mx5[0m [1;36m#32[0m SKIP tension=[1;36m0.05120896[0m [0m| spread_too_wide [1;31mconf=0.0427[0m
[BETA_X5] mode=OFF radar_adj=0 mom= conf=0
[ALPHA_X13_BURST13] [1;36m15:31:29[0m [1;32mx13[0m [1;36m#36[0m SKIP tension=[1;36m0.00246726[0m [0m| spread_too_wide [1;31mconf=0.0021[0m
[BETA_X5] [1;36m15:31:31[0m [1;33mx5[0m [1;36m#33[0m SKIP tension=[1;36m0.00015833[0m [0m| spread_too_wide [1;31mconf=0.0001[0m
[ALPHA_X13_BURST13] mode=OFF radar_adj=0 mom= conf=0
[BETA_X5] mode=OFF radar_adj=0 mom= conf=0
[ALPHA_X13_BURST13] [1;36m15:31:37[0m [1;32mx13[0m [1;36m#37[0m SKIP tension=[1;36m0.16454434[0m [0m| spread_too_wide [1;31mconf=0.1371[0m
[BETA_X5] [1;36m15:31:39[0m [1;33mx5[0m [1;36m#34[0m SKIP tension=[1;33m0.93342887[0m [0m| spread_too_wide [1;33mconf=0.5[0m
[ALPHA_X13_BURST13] mode=OFF radar_adj=0 mom= conf=0
[BETA_X5] mode=OFF radar_adj=0 mom= conf=0
[ALPHA_X13_BURST13] [1;36m15:31:45[0m [1;32mx13[0m [1;36m#38[0m SKIP tension=[1;36m0.17768702[0m [0m| direction_unclear [1;31mconf=0.2358[0m
[BETA_X5] [1;36m15:31:46[0m [1;33mx5[0m [1;36m#35[0m SKIP tension=[1;36m0.17755678[0m [0m| spread_too_wide [1;31mconf=0.148[0m
[ALPHA_X13_BURST13] mode=OFF radar_adj=0 mom= conf=0
[BETA_X5] mode=OFF radar_adj=0 mom= conf=0
[ALPHA_X13_BURST13] [1;36m15:31:53[0m [1;32mx13[0m [1;36m#39[0m SKIP tension=[1;36m0.19603034[0m [0m| spread_too_wide [1;31mconf=0.1634[0m
[BETA_X5] [1;36m15:31:54[0m [1;33mx5[0m [1;36m#36[0m SKIP tension=[1;36m0.29207814[0m [0m| spread_too_wide [1;31mconf=0.2434[0m
[ALPHA_X13_BURST13] mode=OFF radar_adj=0 mom= conf=0
[BETA_X5] mode=OFF radar_adj=0 mom= conf=0
[ALPHA_X13_BURST13] [1;36m15:32:02[0m [1;32mx13[0m [1;36m#40[0m SKIP tension=[1;36m0.11421085[0m [0m| spread_too_wide [1;31mconf=0.0952[0m
[BETA_X5] [1;36m15:32:03[0m [1;33mx5[0m [1;36m#37[0m SKIP tension=[1;31m2.35063993[0m [0m| spread_too_wide [1;33mconf=0.5[0m
[ALPHA_X13_BURST13] mode=OFF radar_adj=0 mom= conf=0
[BETA_X5] mode=OFF radar_adj=0 mom= conf=0
[ALPHA_X13_BURST13] [1;36m15:32:10[0m [1;32mx13[0m [1;36m#41[0m SKIP tension=[1;36m0.33863763[0m [0m| spread_too_wide [1;31mconf=0.2822[0m
[BETA_X5] [1;36m15:32:11[0m [1;33mx5[0m [1;36m#38[0m SKIP tension=[1;36m0.34115091[0m [0m| spread_too_wide [1;31mconf=0.2843[0m
[ALPHA_X13_BURST13] mode=OFF radar_adj=0 mom= conf=0
[BETA_X5] mode=OFF radar_adj=0 mom= conf=0
[ALPHA_X13_BURST13] [1;36m15:32:18[0m [1;32mx13[0m [1;36m#42[0m SKIP tension=[1;36m0.13977223[0m [0m| spread_too_wide [1;31mconf=0.1165[0m
[ALPHA_X13_BURST13] mode=OFF radar_adj=0 mom= conf=0
[BETA_X5] [1;36m15:32:23[0m [1;33mx5[0m [1;36m#39[0m SKIP tension=[1;36m0.00000000[0m [0m| spread_too_wide [1;31mconf=0.0[0m
[BETA_X5] mode=OFF radar_adj=0 mom= conf=0
[ALPHA_X13_BURST13] [1;36m15:32:27[0m [1;32mx13[0m [1;36m#43[0m SKIP tension=[1;36m0.00362028[0m [0m| spread_too_wide [1;31mconf=0.003[0m
[ALPHA_X13_BURST13] mode=OFF radar_adj=0 mom= conf=0
[BETA_X5] [1;36m15:32:33[0m [1;33mx5[0m [1;36m#40[0m SKIP tension=[1;36m0.00000140[0m [0m| spread_too_wide [1;31mconf=0.0[0m
[BETA_X5] mode=OFF radar_adj=0 mom= conf=0
[ALPHA_X13_BURST13] [1;36m15:32:36[0m [1;32mx13[0m [1;36m#44[0m SKIP tension=[1;36m0.00000000[0m [0m| spread_too_wide [1;31mconf=0.0[0m
[ALPHA_X13_BURST13] mode=OFF radar_adj=0 mom= conf=0
[BETA_X5] [1;36m15:32:42[0m [1;33mx5[0m [1;36m#41[0m SKIP tension=[1;36m0.16632171[0m [0m| spread_too_wide [1;31mconf=0.1386[0m
[ALPHA_X13_BURST13] [1;36m15:32:44[0m [1;32mx13[0m [1;36m#45[0m SKIP tension=[1;36m0.01384824[0m [0m| spread_too_wide [1;31mconf=0.0115[0m
[BETA_X5] mode=OFF radar_adj=0 mom= conf=0
[ALPHA_X13_BURST13] mode=OFF radar_adj=0 mom= conf=0
[BETA_X5] [1;36m15:32:50[0m [1;33mx5[0m [1;36m#42[0m SKIP tension=[1;31m2.52722952[0m [0m| spread_too_wide [1;33mconf=0.5[0m
[ALPHA_X13_BURST13] [1;36m15:32:53[0m [1;32mx13[0m [1;36m#46[0m SKIP tension=[1;36m0.01351115[0m [0m| spread_too_wide [1;31mconf=0.0113[0m
[BETA_X5] mode=OFF radar_adj=0 mom= conf=0
[ALPHA_X13_BURST13] mode=OFF radar_adj=0 mom= conf=0
[ALPHA_X13_BURST13] [1;36m15:33:01[0m [1;32mx13[0m [1;36m#47[0m SKIP tension=[1;36m0.00589720[0m [0m| spread_too_wide [1;31mconf=0.0049[0m
[BETA_X5] [1;36m15:33:03[0m [1;33mx5[0m [1;36m#43[0m SKIP tension=[1;36m0.00327976[0m [0m| spread_too_wide [1;31mconf=0.0027[0m
[ALPHA_X13_BURST13] mode=OFF radar_adj=0 mom= conf=0
[BETA_X5] mode=OFF radar_adj=0 mom= conf=0
[ALPHA_X13_BURST13] [1;36m15:33:10[0m [1;32mx13[0m [1;36m#48[0m SKIP tension=[1;36m0.00042005[0m [0m| spread_too_wide [1;31mconf=0.0004[0m
[BETA_X5] [1;36m15:33:10[0m [1;33mx5[0m [1;36m#44[0m SKIP tension=[1;36m0.00275833[0m [0m| momentum_too_small [1;31mconf=0.0029[0m
[ALPHA_X13_BURST13] mode=OFF radar_adj=0 mom= conf=0
[BETA_X5] mode=OFF radar_adj=0 mom= conf=0
[BETA_X5] [1;36m15:33:18[0m [1;33mx5[0m [1;36m#45[0m SKIP tension=[1;36m0.00003554[0m [0m| spread_too_wide [1;31mconf=0.0[0m
[ALPHA_X13_BURST13] [1;36m15:33:18[0m [1;32mx13[0m [1;36m#49[0m SKIP tension=[1;36m0.00246720[0m [0m| spread_too_wide [1;31mconf=0.0021[0m
[BETA_X5] mode=OFF radar_adj=0 mom= conf=0
[ALPHA_X13_BURST13] mode=OFF radar_adj=0 mom= conf=0
[BETA_X5] [1;36m15:33:25[0m [1;33mx5[0m [1;36m#46[0m SKIP tension=[1;36m0.00261520[0m [0m| momentum_too_small [1;31mconf=0.0038[0m
[ALPHA_X13_BURST13] [1;36m15:33:27[0m [1;32mx13[0m [1;36m#50[0m SKIP tension=[1;36m0.00249803[0m [0m| momentum_too_small [1;31mconf=0.0036[0m
[BETA_X5] mode=OFF radar_adj=0 mom= conf=0
[ALPHA_X13_BURST13] mode=OFF radar_adj=0 mom= conf=0
[BETA_X5] [1;36m15:33:33[0m [1;33mx5[0m [1;36m#47[0m SKIP tension=[1;36m0.00024496[0m [0m| momentum_too_small [1;31mconf=0.0003[0m
[ALPHA_X13_BURST13] [1;36m15:33:35[0m [1;32mx13[0m [1;36m#51[0m SKIP tension=[1;36m0.00000000[0m [0m| momentum_too_small [1;31mconf=0.1809[0m
[BETA_X5] mode=OFF radar_adj=0 mom= conf=0
[ALPHA_X13_BURST13] mode=OFF radar_adj=0 mom= conf=0
[BETA_X5] [1;36m15:33:42[0m [1;33mx5[0m [1;36m#48[0m SKIP tension=[1;36m0.00000684[0m [0m| momentum_too_small [1;31mconf=0.0[0m
[ALPHA_X13_BURST13] [1;36m15:33:43[0m [1;32mx13[0m [1;36m#52[0m SKIP tension=[1;36m0.18997930[0m [0m| direction_unclear [1;31mconf=0.2738[0m
[BETA_X5] mode=OFF radar_adj=0 mom= conf=0
[ALPHA_X13_BURST13] mode=OFF radar_adj=0 mom= conf=0
[BETA_X5] [1;36m15:33:50[0m [1;33mx5[0m [1;36m#49[0m SKIP tension=[1;36m0.00000911[0m [0m| spread_too_wide [1;31mconf=0.0[0m
[ALPHA_X13_BURST13] [1;36m15:33:51[0m [1;32mx13[0m [1;36m#53[0m SKIP tension=[1;36m0.01623310[0m [0m| spread_too_wide [1;31mconf=0.0135[0m
[BETA_X5] mode=OFF radar_adj=0 mom= conf=0
[ALPHA_X13_BURST13] mode=OFF radar_adj=0 mom= conf=0
[BETA_X5] [1;36m15:33:59[0m [1;33mx5[0m [1;36m#50[0m SKIP tension=[1;36m0.00253327[0m [0m| spread_too_wide [1;31mconf=0.0021[0m
[ALPHA_X13_BURST13] [1;36m15:33:59[0m [1;32mx13[0m [1;36m#54[0m SKIP tension=[1;36m0.00000000[0m [0m| spread_too_wide [1;31mconf=0.0[0m
[BETA_X5] mode=OFF radar_adj=0 mom= conf=0
[ALPHA_X13_BURST13] mode=OFF radar_adj=0 mom= conf=0
[ALPHA_X13_BURST13] [1;36m15:34:07[0m [1;32mx13[0m [1;36m#55[0m SKIP tension=[1;31m2.88806055[0m [0m| spread_too_wide [1;33mconf=0.5[0m
[ALPHA_X13_BURST13] mode=OFF radar_adj=0 mom= conf=0
[BETA_X5] shockwave beta->alpha until_cycle=61
[BETA_X5] [1;33mSWARM shockwave[0m [0m| beta -> neighbor (fluid_exit_inversion)[0m
[BETA_X5] [1;36mentry=15:34:11@64404.60000000[0m [1;33mx5[0m [1;36m#51[0m [1;31mSELL[0m tension=[1;31m3.00475104[0m hold=[1;36m6[0ms sec=[1;36m6[0m [0m| exit=64405.20000000 [1;33mconf=0.7089[0m [1;36mexit_time=15:34:17[0m [1;31mpnl=-0.00456000 bps=-0.09316105 pct=-0.00093161% total=-0.64061[0m
[BETA_X5] mode=OFF radar_adj=0 mom= conf=0
[BETA_X5] [1;36m15:34:27[0m [1;33mx5[0m [1;36m#52[0m SKIP tension=[1;31m2.11208984[0m [0m| spread_too_wide [1;33mconf=0.5[0m
[BETA_X5] mode=OFF radar_adj=0 mom= conf=0
[BETA_X5] [1;36m15:34:35[0m [1;33mx5[0m [1;36m#53[0m SKIP tension=[1;36m0.00149339[0m [0m| spread_too_wide [1;31mconf=0.0012[0m
[BETA_X5] mode=OFF radar_adj=0 mom= conf=0
[BETA_X5] [1;36m15:34:44[0m [1;33mx5[0m [1;36m#54[0m SKIP tension=[1;36m0.00287504[0m [0m| spread_too_wide [1;31mconf=0.0024[0m
[BETA_X5] mode=OFF radar_adj=0 mom= conf=0
[BETA_X5] [1;36m15:34:52[0m [1;33mx5[0m [1;36m#55[0m SKIP tension=[1;32m1.51797136[0m [0m| spread_too_wide [1;33mconf=0.5[0m
[BETA_X5] mode=OFF radar_adj=0 mom= conf=0
[BETA_X5] [1;36m15:35:00[0m [1;33mx5[0m [1;36m#56[0m SKIP tension=[1;31m2.13471594[0m [0m| spread_too_wide [1;33mconf=0.5[0m
[BETA_X5] mode=OFF radar_adj=0 mom= conf=0
[BETA_X5] [1;36m15:35:08[0m [1;33mx5[0m [1;36m#57[0m SKIP tension=[1;36m0.00007283[0m [0m| spread_too_wide [1;31mconf=0.0001[0m
[BETA_X5] mode=OFF radar_adj=0 mom= conf=0
[BETA_X5] [1;36m15:35:16[0m [1;33mx5[0m [1;36m#58[0m SKIP tension=[1;36m0.00000000[0m [0m| spread_too_wide [1;31mconf=0.0[0m
[BETA_X5] mode=OFF radar_adj=0 mom= conf=0
[BETA_X5] [1;36m15:35:24[0m [1;33mx5[0m [1;36m#59[0m SKIP tension=[1;36m0.00016711[0m [0m| spread_too_wide [1;31mconf=0.0001[0m
[ALPHA_X13_BURST13] [1;36m--- ACE777 STRICT CLONE FUTURES TESTNET ---[0m
[ALPHA_X13_BURST13] [1;36mLeverage ramp ON:[0m [1;36mstart=13 end=13 cycles=180[0m
[ALPHA_X13_BURST13] [1;32mV8 Resonance ON:[0m [1;36mimpulse_thr=0.96 dt_ms=64 aspiration=1.618@37.8deg void_lock=TRUE shock_exit=TRUE[0m
[ALPHA_X13_BURST13] [1;32mV8 Tension ON:[0m [1;36mwall_drop=6.5% dt_ms=64 filter=0.85 depth=20[0m
[ALPHA_X13_BURST13] [1;36mSymbol=BTCUSDT[0m [1;32mLeverage=13[0m [1;36mBuyUSDT=800 Orders=TRUE[0m
[BETA_X5] mode=OFF radar_adj=0 mom= conf=0
[ALPHA_X13_BURST13] mode=OFF radar_adj=0 mom= conf=0
[BETA_X5] [1;36m15:35:32[0m [1;33mx5[0m [1;36m#60[0m SKIP tension=[1;36m0.00773896[0m [0m| momentum_too_small [1;31mconf=0.0126[0m
[BETA_X5] mode=OFF radar_adj=0 mom= conf=0
[ALPHA_X13_BURST13] [1;36m15:35:37[0m [1;32mx13[0m [1;36m#1[0m SKIP tension=[1;36m0.00018796[0m [0m| spread_too_wide [1;31mconf=0.0002[0m
[BETA_X5] [1;36m15:35:40[0m [1;33mx5[0m [1;36m#61[0m SKIP tension=[1;36m0.04461029[0m [0m| direction_unclear [1;31mconf=0.0382[0m
[ALPHA_X13_BURST13] mode=OFF radar_adj=0 mom= conf=0
[BETA_X5] mode=OFF radar_adj=0 mom= conf=0
[ALPHA_X13_BURST13] [1;36m15:35:45[0m [1;32mx13[0m [1;36m#2[0m SKIP tension=[1;36m0.01157504[0m [0m| spread_too_wide [1;31mconf=0.0096[0m
[BETA_X5] [1;36m15:35:47[0m [1;33mx5[0m [1;36m#62[0m SKIP tension=[1;36m0.00000000[0m [0m| spread_too_wide [1;31mconf=0.0[0m
[ALPHA_X13_BURST13] mode=OFF radar_adj=0 mom= conf=0
[BETA_X5] mode=OFF radar_adj=0 mom= conf=0
[ALPHA_X13_BURST13] [1;36m15:35:54[0m [1;32mx13[0m [1;36m#3[0m SKIP tension=[1;36m0.00551390[0m [0m| spread_too_wide [1;31mconf=0.0046[0m
[BETA_X5] [1;36m15:35:55[0m [1;33mx5[0m [1;36m#63[0m SKIP tension=[1;36m0.00809793[0m [0m| spread_too_wide [1;31mconf=0.0067[0m
[ALPHA_X13_BURST13] mode=OFF radar_adj=0 mom= conf=0
[BETA_X5] mode=OFF radar_adj=0 mom= conf=0
[ALPHA_X13_BURST13] [1;36m15:36:03[0m [1;32mx13[0m [1;36m#4[0m SKIP tension=[1;32m1.42865608[0m [0m| spread_too_wide [1;33mconf=0.5[0m
[BETA_X5] [1;36m15:36:03[0m [1;33mx5[0m [1;36m#64[0m SKIP tension=[1;36m0.78737382[0m [0m| spread_too_wide [1;33mconf=0.5[0m
[ALPHA_X13_BURST13] mode=OFF radar_adj=0 mom= conf=0
[BETA_X5] mode=OFF radar_adj=0 mom= conf=0
[ALPHA_X13_BURST13] [1;36m15:36:10[0m [1;32mx13[0m [1;36m#5[0m SKIP tension=[1;36m0.00662246[0m [0m| spread_too_wide [1;31mconf=0.0055[0m
[BETA_X5] [1;36m15:36:10[0m [1;33mx5[0m [1;36m#65[0m SKIP tension=[1;36m0.00657207[0m [0m| momentum_too_small [1;31mconf=0.0061[0m
[BETA_X5] mode=OFF radar_adj=0 mom= conf=0
[ALPHA_X13_BURST13] mode=OFF radar_adj=0 mom= conf=0
[BETA_X5] [1;36m15:36:18[0m [1;33mx5[0m [1;36m#66[0m SKIP tension=[1;36m0.01152229[0m [0m| spread_too_wide [1;31mconf=0.0096[0m
[ALPHA_X13_BURST13] [1;36m15:36:19[0m [1;32mx13[0m [1;36m#6[0m SKIP tension=[1;33m0.87280884[0m [0m| spread_too_wide [1;33mconf=0.5[0m
[BETA_X5] mode=OFF radar_adj=0 mom= conf=0
[ALPHA_X13_BURST13] mode=OFF radar_adj=0 mom= conf=0
[BETA_X5] [1;36m15:36:26[0m [1;33mx5[0m [1;36m#67[0m SKIP tension=[1;36m0.00001523[0m [0m| spread_too_wide [1;31mconf=0.0[0m
[ALPHA_X13_BURST13] [1;36m15:36:27[0m [1;32mx13[0m [1;36m#7[0m SKIP tension=[1;36m0.00000000[0m [0m| spread_too_wide [1;31mconf=0.0[0m
[BETA_X5] mode=OFF radar_adj=0 mom= conf=0
[ALPHA_X13_BURST13] mode=OFF radar_adj=0 mom= conf=0
[BETA_X5] [1;36m15:36:34[0m [1;33mx5[0m [1;36m#68[0m SKIP tension=[1;36m0.04124975[0m [0m| direction_unclear [1;31mconf=0.0436[0m
[ALPHA_X13_BURST13] [1;36m15:36:35[0m [1;32mx13[0m [1;36m#8[0m SKIP tension=[1;36m0.00258718[0m [0m| spread_too_wide [1;31mconf=0.0022[0m
[BETA_X5] mode=OFF radar_adj=0 mom= conf=0
[ALPHA_X13_BURST13] mode=OFF radar_adj=0 mom= conf=0
[BETA_X5] [1;36m15:36:41[0m [1;33mx5[0m [1;36m#69[0m SKIP tension=[1;36m0.00002335[0m [0m| momentum_too_small [1;31mconf=0.0[0m
[BETA_X5] mode=OFF radar_adj=0 mom= conf=0
[ALPHA_X13_BURST13] [1;36m15:36:44[0m [1;32mx13[0m [1;36m#9[0m SKIP tension=[1;36m0.13002709[0m [0m| spread_too_wide [1;31mconf=0.1084[0m
[ALPHA_X13_BURST13] mode=OFF radar_adj=0 mom= conf=0
[BETA_X5] [1;36m15:36:49[0m [1;33mx5[0m [1;36m#70[0m SKIP tension=[1;36m0.00000000[0m [0m| spread_too_wide [1;31mconf=0.0[0m
[BETA_X5] mode=OFF radar_adj=0 mom= conf=0
[ALPHA_X13_BURST13] [1;36m15:36:52[0m [1;32mx13[0m [1;36m#10[0m SKIP tension=[1;36m0.00082643[0m [0m| spread_too_wide [1;31mconf=0.0007[0m
[ALPHA_X13_BURST13] mode=OFF radar_adj=0 mom= conf=0
[BETA_X5] [1;36m15:36:57[0m [1;33mx5[0m [1;36m#71[0m SKIP tension=[1;31m2.22341991[0m [0m| spread_too_wide [1;33mconf=0.5[0m
[BETA_X5] mode=OFF radar_adj=0 mom= conf=0
[ALPHA_X13_BURST13] [1;36m15:37:01[0m [1;32mx13[0m [1;36m#11[0m SKIP [1;33m| tension_stale age=2434ms>800ms (NUAGE)[0m
[ALPHA_X13_BURST13] mode=OFF radar_adj=0 mom= conf=0
[BETA_X5] [1;36m15:37:05[0m [1;33mx5[0m [1;36m#72[0m SKIP tension=[1;36m0.00419795[0m [0m| momentum_too_small [1;31mconf=0.0063[0m
[BETA_X5] mode=OFF radar_adj=0 mom= conf=0
[ALPHA_X13_BURST13] [1;36m15:37:09[0m [1;32mx13[0m [1;36m#12[0m SKIP tension=[1;36m0.00023106[0m [0m| spread_too_wide [1;31mconf=0.0002[0m
[ALPHA_X13_BURST13] mode=OFF radar_adj=0 mom= conf=0
[BETA_X5] [1;36m15:37:12[0m [1;33mx5[0m [1;36m#73[0m SKIP tension=[1;36m0.00210316[0m [0m| spread_too_wide [1;31mconf=0.0018[0m
[BETA_X5] mode=OFF radar_adj=0 mom= conf=0
[ALPHA_X13_BURST13] [1;36m15:37:17[0m [1;32mx13[0m [1;36m#13[0m SKIP tension=[1;36m0.02190674[0m [0m| spread_too_wide [1;31mconf=0.0183[0m
[ALPHA_X13_BURST13] mode=OFF radar_adj=0 mom= conf=0
[BETA_X5] [1;36m15:37:20[0m [1;33mx5[0m [1;36m#74[0m SKIP tension=[1;36m0.00253264[0m [0m| spread_too_wide [1;31mconf=0.0021[0m
[BETA_X5] mode=OFF radar_adj=0 mom= conf=0
[ALPHA_X13_BURST13] [1;36m15:37:25[0m [1;32mx13[0m [1;36m#14[0m SKIP tension=[1;36m0.01615251[0m [0m| spread_too_wide [1;31mconf=0.0135[0m
[ALPHA_X13_BURST13] mode=OFF radar_adj=0 mom= conf=0
[BETA_X5] [1;36m15:37:28[0m [1;33mx5[0m [1;36m#75[0m SKIP tension=[1;36m0.12329238[0m [0m| spread_too_wide [1;31mconf=0.1027[0m
[BETA_X5] mode=OFF radar_adj=0 mom= conf=0
[ALPHA_X13_BURST13] [1;36m15:37:33[0m [1;32mx13[0m [1;36m#15[0m SKIP tension=[1;36m0.00000000[0m [0m| spread_too_wide [1;31mconf=0.0[0m
[BETA_X5] [1;36m15:37:35[0m [1;33mx5[0m [1;36m#76[0m SKIP tension=[1;36m0.00018919[0m [0m| spread_too_wide [1;31mconf=0.0002[0m
[ALPHA_X13_BURST13] mode=OFF radar_adj=0 mom= conf=0
[BETA_X5] mode=OFF radar_adj=0 mom= conf=0
[ALPHA_X13_BURST13] [1;36m15:37:41[0m [1;32mx13[0m [1;36m#16[0m SKIP tension=[1;36m0.00249035[0m [0m| spread_too_wide [1;31mconf=0.0021[0m
[BETA_X5] [1;36m15:37:43[0m [1;33mx5[0m [1;36m#77[0m SKIP tension=[1;36m0.00009670[0m [0m| momentum_too_small [1;31mconf=0.0001[0m
[ALPHA_X13_BURST13] mode=OFF radar_adj=0 mom= conf=0
[BETA_X5] mode=OFF radar_adj=0 mom= conf=0
[ALPHA_X13_BURST13] [1;36m15:37:49[0m [1;32mx13[0m [1;36m#17[0m SKIP tension=[1;36m0.00000000[0m [0m| spread_too_wide [1;31mconf=0.0[0m
[BETA_X5] [1;36m15:37:51[0m [1;33mx5[0m [1;36m#78[0m SKIP tension=[1;36m0.00911688[0m [0m| momentum_too_small [1;31mconf=0.0109[0m
[ALPHA_X13_BURST13] mode=OFF radar_adj=0 mom= conf=0
[BETA_X5] mode=OFF radar_adj=0 mom= conf=0
[ALPHA_X13_BURST13] [1;36m15:37:58[0m [1;32mx13[0m [1;36m#18[0m SKIP tension=[1;36m0.00009670[0m [0m| momentum_too_small [1;31mconf=0.0001[0m
[BETA_X5] [1;36m15:38:00[0m [1;33mx5[0m [1;36m#79[0m SKIP tension=[1;36m0.00073948[0m [0m| momentum_too_small [1;31mconf=0.0012[0m
[ALPHA_X13_BURST13] mode=OFF radar_adj=0 mom= conf=0
[BETA_X5] mode=OFF radar_adj=0 mom= conf=0
[ALPHA_X13_BURST13] [1;36m15:38:06[0m [1;32mx13[0m [1;36m#19[0m SKIP tension=[1;36m0.00007113[0m [0m| momentum_too_small [1;31mconf=0.0001[0m
[BETA_X5] [1;36m15:38:07[0m [1;33mx5[0m [1;36m#80[0m SKIP tension=[1;36m0.00069426[0m [0m| momentum_too_small [1;31mconf=0.0011[0m
[ALPHA_X13_BURST13] mode=OFF radar_adj=0 mom= conf=0
[BETA_X5] mode=OFF radar_adj=0 mom= conf=0
[ALPHA_X13_BURST13] [1;36m15:38:14[0m [1;32mx13[0m [1;36m#20[0m SKIP tension=[1;36m0.01325332[0m [0m| direction_unclear [1;31mconf=0.0171[0m
[ALPHA_X13_BURST13] mode=OFF radar_adj=0 mom= conf=0
[ALPHA_X13_BURST13] [1;36m15:38:25[0m [1;32mx13[0m [1;36m#21[0m SKIP tension=[1;36m0.04565332[0m [0m| spread_too_wide [1;31mconf=0.038[0m
[ALPHA_X13_BURST13] mode=OFF radar_adj=0 mom= conf=0
[BETA_X5] shockwave beta->alpha until_cycle=91
[BETA_X5] [1;33mSWARM shockwave[0m [0m| beta -> neighbor (shock_inversion_stop)[0m
[BETA_X5] [1;36mentry=15:38:17@64246.00000000[0m [1;33mx5[0m [1;36m#81[0m [1;31mSELL[0m tension=[1;31m8.46837661[0m hold=[1;36m11[0ms sec=[1;36m11[0m [0m| exit=64250.20000000 [1;32mconf=0.8873[0m [1;36mexit_time=15:38:29[0m [1;31mpnl=-0.02226000 bps=-0.65373720 pct=-0.00653737% total=-0.66287[0m
[ALPHA_X13_BURST13] [1;36m15:38:33[0m [1;32mx13[0m [1;36m#22[0m SKIP tension=[1;36m0.00167597[0m [0m| momentum_too_small [1;31mconf=0.0023[0m
[BETA_X5] mode=OFF radar_adj=0 mom= conf=0
[ALPHA_X13_BURST13] mode=OFF radar_adj=0 mom= conf=0
[BETA_X5] [1;36m15:38:38[0m [1;33mx5[0m [1;36m#82[0m SKIP tension=[1;36m0.01593350[0m [0m| spread_too_wide [1;31mconf=0.0133[0m
[ALPHA_X13_BURST13] [1;36m15:38:41[0m [1;32mx13[0m [1;36m#23[0m SKIP tension=[1;36m0.00000000[0m [0m| spread_too_wide [1;31mconf=0.0[0m
[BETA_X5] mode=OFF radar_adj=0 mom= conf=0
[ALPHA_X13_BURST13] mode=OFF radar_adj=0 mom= conf=0
[BETA_X5] [1;36m15:38:46[0m [1;33mx5[0m [1;36m#83[0m SKIP tension=[1;33m0.87949966[0m [0m| wall_not_collapsed
[BETA_X5] mode=OFF radar_adj=0 mom= conf=0
[ALPHA_X13_BURST13] [1;36m15:38:49[0m [1;32mx13[0m [1;36m#24[0m SKIP tension=[1;33m0.99298955[0m [0m| spread_too_wide [1;33mconf=0.5[0m
[ALPHA_X13_BURST13] mode=OFF radar_adj=0 mom= conf=0
[BETA_X5] [1;36m15:38:54[0m [1;33mx5[0m [1;36m#84[0m SKIP tension=[1;36m0.03172705[0m [0m| direction_unclear [1;31mconf=0.0431[0m
[BETA_X5] mode=OFF radar_adj=0 mom= conf=0
[ALPHA_X13_BURST13] [1;36m15:38:58[0m [1;32mx13[0m [1;36m#25[0m SKIP tension=[1;36m0.00174373[0m [0m| momentum_too_small [1;31mconf=0.0022[0m
[ALPHA_X13_BURST13] mode=OFF radar_adj=0 mom= conf=0
[BETA_X5] [1;36m15:39:02[0m [1;33mx5[0m [1;36m#85[0m SKIP tension=[1;36m0.00246878[0m [0m| spread_too_wide [1;31mconf=0.0021[0m
[BETA_X5] mode=OFF radar_adj=0 mom= conf=0
[ALPHA_X13_BURST13] [1;36m15:39:07[0m [1;32mx13[0m [1;36m#26[0m SKIP tension=[1;36m0.00009408[0m [0m| spread_too_wide [1;31mconf=0.0001[0m
[ALPHA_X13_BURST13] mode=OFF radar_adj=0 mom= conf=0
[BETA_X5] [1;36m15:39:11[0m [1;33mx5[0m [1;36m#86[0m SKIP tension=[1;36m0.00000000[0m [0m| momentum_too_small [1;31mconf=0.1789[0m
[BETA_X5] mode=OFF radar_adj=0 mom= conf=0
[ALPHA_X13_BURST13] [1;36m15:39:15[0m [1;32mx13[0m [1;36m#27[0m SKIP tension=[1;36m0.76636974[0m [0m| spread_too_wide [1;33mconf=0.5[0m
[ALPHA_X13_BURST13] mode=OFF radar_adj=0 mom= conf=0
[BETA_X5] [1;36m15:39:20[0m [1;33mx5[0m [1;36m#87[0m SKIP tension=[1;36m0.01477917[0m [0m| spread_too_wide [1;31mconf=0.0123[0m
[BETA_X5] mode=OFF radar_adj=0 mom= conf=0
[ALPHA_X13_BURST13] [1;36m15:39:23[0m [1;32mx13[0m [1;36m#28[0m SKIP tension=[1;36m0.00902086[0m [0m| spread_too_wide [1;31mconf=0.0075[0m
[ALPHA_X13_BURST13] mode=OFF radar_adj=0 mom= conf=0
[BETA_X5] [1;36m15:39:28[0m [1;33mx5[0m [1;36m#88[0m SKIP tension=[1;36m0.82312413[0m [0m| spread_too_wide [1;33mconf=0.5[0m
[BETA_X5] mode=OFF radar_adj=0 mom= conf=0
[ALPHA_X13_BURST13] [1;36m15:39:31[0m [1;32mx13[0m [1;36m#29[0m SKIP tension=[1;32m1.43327299[0m [0m| spread_too_wide [1;33mconf=0.5[0m
[ALPHA_X13_BURST13] mode=OFF radar_adj=0 mom= conf=0
[BETA_X5] [1;36m15:39:35[0m [1;33mx5[0m [1;36m#89[0m SKIP tension=[1;36m0.00003092[0m [0m| spread_too_wide [1;31mconf=0.0[0m
[BETA_X5] mode=OFF radar_adj=0 mom= conf=0
[ALPHA_X13_BURST13] [1;36m15:39:40[0m [1;32mx13[0m [1;36m#30[0m SKIP tension=[1;32m1.43283456[0m [0m| spread_too_wide [1;33mconf=0.5[0m
[ALPHA_X13_BURST13] mode=OFF radar_adj=0 mom= conf=0
[BETA_X5] [1;36m15:39:43[0m [1;33mx5[0m [1;36m#90[0m SKIP tension=[1;36m0.01599615[0m [0m| direction_unclear [1;31mconf=0.0176[0m
[BETA_X5] mode=OFF radar_adj=0 mom= conf=0
[ALPHA_X13_BURST13] [1;36m15:39:48[0m [1;32mx13[0m [1;36m#31[0m SKIP tension=[1;36m0.03574931[0m [0m| spread_too_wide [1;31mconf=0.0298[0m
[ALPHA_X13_BURST13] mode=OFF radar_adj=0 mom= conf=0
[BETA_X5] [1;36m15:39:52[0m [1;33mx5[0m [1;36m#91[0m SKIP tension=[1;36m0.06631290[0m [0m| direction_unclear [1;31mconf=0.0918[0m
[BETA_X5] mode=OFF radar_adj=0 mom= conf=0
[ALPHA_X13_BURST13] [1;36m15:39:56[0m [1;32mx13[0m [1;36m#32[0m SKIP tension=[1;36m0.03535433[0m [0m| spread_too_wide [1;31mconf=0.0295[0m
[ALPHA_X13_BURST13] mode=OFF radar_adj=0 mom= conf=0
[BETA_X5] [1;36m15:40:00[0m [1;33mx5[0m [1;36m#92[0m SKIP tension=[1;36m0.01637721[0m [0m| direction_unclear [1;31mconf=0.0221[0m
[BETA_X5] mode=OFF radar_adj=0 mom= conf=0
[ALPHA_X13_BURST13] [1;36m15:40:04[0m [1;32mx13[0m [1;36m#33[0m SKIP tension=[1;36m0.00000382[0m [0m| spread_too_wide [1;31mconf=0.0[0m
[ALPHA_X13_BURST13] mode=OFF radar_adj=0 mom= conf=0
[BETA_X5] [1;36m15:40:08[0m [1;33mx5[0m [1;36m#93[0m SKIP tension=[1;36m0.00053255[0m [0m| spread_too_wide [1;31mconf=0.0004[0m
[BETA_X5] mode=OFF radar_adj=0 mom= conf=0
[ALPHA_X13_BURST13] [1;36m15:40:12[0m [1;32mx13[0m [1;36m#34[0m SKIP tension=[1;36m0.67017038[0m [0m| spread_too_wide [1;33mconf=0.5[0m
[ALPHA_X13_BURST13] mode=OFF radar_adj=0 mom= conf=0
[BETA_X5] [1;36m15:40:16[0m [1;33mx5[0m [1;36m#94[0m SKIP tension=[1;31m9.74429950[0m [0m| spread_too_wide [1;33mconf=0.5[0m
[BETA_X5] mode=OFF radar_adj=0 mom= conf=0
[ALPHA_X13_BURST13] [1;36m15:40:21[0m [1;32mx13[0m [1;36m#35[0m SKIP tension=[1;36m0.00000000[0m [0m| spread_too_wide [1;31mconf=0.0[0m
[ALPHA_X13_BURST13] mode=OFF radar_adj=0 mom= conf=0
[BETA_X5] [1;36m15:40:24[0m [1;33mx5[0m [1;36m#95[0m SKIP tension=[1;31m4.94139040[0m [0m| spread_too_wide [1;33mconf=0.5[0m
[BETA_X5] mode=OFF radar_adj=0 mom= conf=0
[ALPHA_X13_BURST13] [1;36m15:40:29[0m [1;32mx13[0m [1;36m#36[0m SKIP tension=[1;36m0.84281648[0m [0m| spread_too_wide [1;33mconf=0.5[0m
[ALPHA_X13_BURST13] mode=OFF radar_adj=0 mom= conf=0
[BETA_X5] [1;36m15:40:33[0m [1;33mx5[0m [1;36m#96[0m SKIP tension=[1;32m1.51765228[0m [0m| spread_too_wide [1;33mconf=0.5[0m
[BETA_X5] mode=OFF radar_adj=0 mom= conf=0
[ALPHA_X13_BURST13] [1;36m15:40:37[0m [1;32mx13[0m [1;36m#37[0m SKIP tension=[1;32m1.20671916[0m [0m| spread_too_wide [1;33mconf=0.5[0m
[ALPHA_X13_BURST13] mode=OFF radar_adj=0 mom= conf=0
[BETA_X5] [1;36m15:40:41[0m [1;33mx5[0m [1;36m#97[0m SKIP tension=[1;36m0.70876560[0m [0m| spread_too_wide [1;33mconf=0.5[0m
[BETA_X5] mode=OFF radar_adj=0 mom= conf=0
[ALPHA_X13_BURST13] [1;36m15:40:45[0m [1;32mx13[0m [1;36m#38[0m SKIP tension=[1;36m0.00000000[0m [0m| momentum_too_small [1;31mconf=0.3153[0m
[ALPHA_X13_BURST13] mode=OFF radar_adj=0 mom= conf=0
[BETA_X5] [1;36m15:40:48[0m [1;33mx5[0m [1;36m#98[0m SKIP tension=[1;36m0.12287016[0m [0m| direction_unclear [1;31mconf=0.2026[0m
[BETA_X5] mode=OFF radar_adj=0 mom= conf=0
[ALPHA_X13_BURST13] [1;36m15:40:53[0m [1;32mx13[0m [1;36m#39[0m SKIP tension=[1;31m4.05653325[0m [0m| spread_too_wide [1;33mconf=0.5[0m
[ALPHA_X13_BURST13] mode=OFF radar_adj=0 mom= conf=0
[ALPHA_X13_BURST13] [1;36m15:41:02[0m [1;32mx13[0m [1;36m#40[0m SKIP tension=[1;32m1.57049833[0m [0m| spread_too_wide [1;33mconf=0.5[0m
[ALPHA_X13_BURST13] mode=OFF radar_adj=0 mom= conf=0
[BETA_X5] [1;36mCycle 99[0m [1;32mSOFT anomaly[0m [1;33m| pnl_abs=0.05580000 > 0.02500000[0m
[BETA_X5] [1;36mentry=15:41:00@64455.80000000[0m [1;33mx5[0m [1;36m#99[0m [1;32mSELL[0m tension=[1;32m1.85803705[0m hold=[1;36m9[0ms sec=[1;36m9[0m [0m| exit=64452.20000000 [1;33mconf=0.586[0m [1;36mexit_time=15:41:09[0m [1;32mpnl=0.05580000 bps=0.55852227 pct=0.00558522% total=-0.60707[0m
[ALPHA_X13_BURST13] [1;36m15:41:11[0m [1;32mx13[0m [1;36m#41[0m SKIP tension=[1;36m0.71973028[0m [0m| spread_too_wide [1;33mconf=0.5[0m
[BETA_X5] mode=OFF radar_adj=0 mom= conf=0
[ALPHA_X13_BURST13] mode=OFF radar_adj=0 mom= conf=0
[BETA_X5] [1;36m15:41:18[0m [1;33mx5[0m [1;36m#100[0m SKIP tension=[1;36m0.08043192[0m [0m| spread_too_wide [1;31mconf=0.067[0m
[ALPHA_X13_BURST13] [1;36m15:41:19[0m [1;32mx13[0m [1;36m#42[0m SKIP tension=[1;36m0.08043192[0m [0m| spread_too_wide [1;31mconf=0.067[0m
[BETA_X5] [1;31mSTOP file detected (STOP_BETA). Stopping safely at cycle 101.[0m
[BETA_X5] [1;32mDone.[0m
[BETA_X5] [1;36mLog: runs/NUAGE_SMOKE_1526Z_BETA_X5.csv[0m
[BETA_X5] [1;32mSuccessful order-cycles: 7[0m
[BETA_X5] [1;32mDernier cycle #101:[0m [1;32mpnl=0.05580000 bps=0.55852227 pct=0.00558522%[0m
[ALPHA_X13_BURST13] [1;31mSTOP file detected (STOP_ALPHA). Stopping safely at cycle 43.[0m
[ALPHA_X13_BURST13] [1;32mDone.[0m
[ALPHA_X13_BURST13] [1;36mLog: runs/NUAGE_SMOKE_1526Z_ALPHA_X13_BURST13.csv[0m
[ALPHA_X13_BURST13] [1;32mSuccessful order-cycles: 0[0m
