[BETA_X5] [1;36m--- ACE777 STRICT CLONE FUTURES TESTNET ---[0m
[BETA_X5] [1;32mV8 Resonance ON:[0m [1;36mimpulse_thr=0.96 dt_ms=64 aspiration=1.618@37.8deg void_lock=TRUE shock_exit=TRUE[0m
[BETA_X5] [1;32mV8 Tension ON:[0m [1;36mwall_drop=6.5% dt_ms=64 filter=0.85 depth=20[0m
[BETA_X5] [1;36mSymbol=BTCUSDT[0m [1;32mLeverage=5[0m [1;36mBuyUSDT=200 Orders=TRUE[0m
[ALPHA_X13_BURST13] [1;36m--- ACE777 STRICT CLONE FUTURES TESTNET ---[0m
[ALPHA_X13_BURST13] [1;36mLeverage ramp ON:[0m [1;36mstart=13 end=13 cycles=180[0m
[ALPHA_X13_BURST13] [1;32mV8 Resonance ON:[0m [1;36mimpulse_thr=0.96 dt_ms=64 aspiration=1.618@37.8deg void_lock=TRUE shock_exit=TRUE[0m
[ALPHA_X13_BURST13] [1;32mV8 Tension ON:[0m [1;36mwall_drop=6.5% dt_ms=64 filter=0.85 depth=20[0m
[ALPHA_X13_BURST13] [1;36mSymbol=BTCUSDT[0m [1;32mLeverage=13[0m [1;36mBuyUSDT=800 Orders=TRUE[0m
[BETA_X5] mode=OFF radar_adj=0 mom= conf=0
[ALPHA_X13_BURST13] mode=OFF radar_adj=0 mom= conf=0
[ALPHA_X13_BURST13] [1;36m08:20:32[0m [1;32mx13[0m [1;36m#1[0m SKIP tension=[1;32m1.66610459[0m [0m| spread_too_wide [1;33mconf=0.5[0m
[BETA_X5] [1;36mCycle 1[0m [1;32mSOFT anomaly[0m [1;33m| pnl_abs=0.39849000 > 0.02500000[0m
[BETA_X5] [1;36mentry=08:20:26@62774.40000000[0m [1;33mx5[0m [1;36m#1[0m [1;32mSELL[0m tension=[1;32m1.71269455[0m hold=[1;36m13[0ms sec=[1;36m13[0m [0m| exit=62738.50000000 [1;32mconf=0.9751[0m [1;36mexit_time=08:20:39[0m [1;32mpnl=0.39849000 bps=5.71889178 pct=0.05718892% total=0.39849[0m
[BETA_X5] mode=OFF radar_adj=0 mom= conf=0
[ALPHA_X13_BURST13] mode=OFF radar_adj=0 mom= conf=0
[ALPHA_X13_BURST13] [1;36m08:21:08[0m [1;32mx13[0m [1;36m#2[0m SKIP tension=[1;36m0.32245936[0m [0m| wall_not_collapsed
[BETA_X5] shockwave beta->alpha until_cycle=12
[BETA_X5] [1;33mSWARM shockwave[0m [0m| beta -> neighbor (fluid_exit_inversion)[0m
[BETA_X5] [1;36mCycle 2[0m [1;32mSOFT anomaly[0m [1;33m| pnl_abs=0.08034000 > 0.02500000[0m
[BETA_X5] [1;36mentry=08:21:04@62765.30000000[0m [1;33mx5[0m [1;36m#2[0m [1;31mSELL[0m tension=[1;31m9.40953490[0m hold=[1;36m14[0ms sec=[1;36m14[0m [0m| exit=62775.60000000 [1;32mconf=0.9841[0m [1;36mexit_time=08:21:18[0m [1;31mpnl=-0.08034000 bps=-1.64103414 pct=-0.01641034% total=0.31815000000000004[0m
[BETA_X5] mode=OFF radar_adj=0 mom= conf=0
[ALPHA_X13_BURST13] mode=OFF radar_adj=0 mom= conf=0
[ALPHA_X13_BURST13] [1;36m08:21:46[0m [1;32mx13[0m [1;36m#3[0m SKIP tension=[1;36m0.00015040[0m [0m| momentum_too_small [1;31mconf=0.0003[0m
[BETA_X5] [1;36mentry=08:21:42@62773.60000000[0m [1;33mx5[0m [1;36m#3[0m [1;33mSELL[0m tension=[1;31m9.02502063[0m hold=[1;36m14[0ms sec=[1;36m14[0m [0m| exit=62773.60000000 [1;32mconf=0.999[0m [1;36mexit_time=08:21:57[0m [1;33mpnl=-0.00000000 bps=-0.00000000 pct=-0.00000000% total=0.31815000000000004[0m
[BETA_X5] mode=OFF radar_adj=0 mom= conf=0
[BETA_X5] [1;36m08:22:15[0m [1;33mx5[0m [1;36m#4[0m SKIP tension=[1;36m0.00000000[0m [0m| momentum_too_small [1;31mconf=0.3493[0m
[ALPHA_X13_BURST13] mode=OFF radar_adj=0 mom= conf=0
[BETA_X5] mode=OFF radar_adj=0 mom= conf=0
[ALPHA_X13_BURST13] [1;36m08:22:27[0m [1;32mx13[0m [1;36m#4[0m SKIP tension=[1;36m0.00009757[0m [0m| momentum_too_small [1;31mconf=0.0002[0m
[BETA_X5] [1;36m08:22:27[0m [1;33mx5[0m [1;36m#5[0m SKIP tension=[1;36m0.00003866[0m [0m| momentum_too_small [1;31mconf=0.0001[0m
[ALPHA_X13_BURST13] mode=OFF radar_adj=0 mom= conf=0
[BETA_X5] mode=OFF radar_adj=0 mom= conf=0
[ALPHA_X13_BURST13] [1;36m08:22:41[0m [1;32mx13[0m [1;36m#5[0m SKIP tension=[1;36m0.00005316[0m [0m| momentum_too_small [1;31mconf=0.0001[0m
[BETA_X5] [1;36m08:22:45[0m [1;33mx5[0m [1;36m#6[0m SKIP tension=[1;36m0.00006573[0m [0m| momentum_too_small [1;31mconf=0.0001[0m
[ALPHA_X13_BURST13] mode=OFF radar_adj=0 mom= conf=0
[BETA_X5] mode=OFF radar_adj=0 mom= conf=0
[ALPHA_X13_BURST13] [1;36m08:22:56[0m [1;32mx13[0m [1;36m#6[0m SKIP tension=[1;36m0.00000000[0m [0m| momentum_too_small [1;31mconf=0.3486[0m
[BETA_X5] [1;36m08:22:57[0m [1;33mx5[0m [1;36m#7[0m SKIP tension=[1;36m0.00312298[0m [0m| momentum_too_small [1;31mconf=0.0052[0m
[ALPHA_X13_BURST13] mode=OFF radar_adj=0 mom= conf=0
[BETA_X5] mode=OFF radar_adj=0 mom= conf=0
[ALPHA_X13_BURST13] [1;36m08:23:06[0m [1;32mx13[0m [1;36m#7[0m SKIP tension=[1;36m0.00002417[0m [0m| momentum_too_small [1;31mconf=0.0[0m
[BETA_X5] [1;36m08:23:06[0m [1;33mx5[0m [1;36m#8[0m SKIP tension=[1;36m0.00000000[0m [0m| momentum_too_small [1;31mconf=0.3493[0m
[ALPHA_X13_BURST13] mode=OFF radar_adj=0 mom= conf=0
[BETA_X5] mode=OFF radar_adj=0 mom= conf=0
[ALPHA_X13_BURST13] [1;36m08:23:15[0m [1;32mx13[0m [1;36m#8[0m SKIP tension=[1;31m5.37323026[0m [0m| duo no_trigger
[ALPHA_X13_BURST13] mode=OFF radar_adj=0 mom= conf=0
[ALPHA_X13_BURST13] [1;36m08:23:25[0m [1;32mx13[0m [1;36m#9[0m SKIP tension=[1;36m0.00030247[0m [0m| momentum_too_small [1;31mconf=0.0004[0m
[BETA_X5] shockwave beta->alpha until_cycle=19
[BETA_X5] [1;33mSWARM shockwave[0m [0m| beta -> neighbor (fluid_exit_brake)[0m
[BETA_X5] [1;36mCycle 9[0m [1;32mSOFT anomaly[0m [1;33m| pnl_abs=0.04992000 > 0.02500000[0m
[BETA_X5] [1;36mentry=08:23:20@62773.60000000[0m [1;33mx5[0m [1;36m#9[0m [1;31mSELL[0m tension=[1;31m8.45323880[0m hold=[1;36m7[0ms sec=[1;36m7[0m [0m| exit=62780.00000000 [1;32mconf=0.9841[0m [1;36mexit_time=08:23:27[0m [1;31mpnl=-0.04992000 bps=-1.01953688 pct=-0.01019537% total=0.26823[0m
[BETA_X5] mode=OFF radar_adj=0 mom= conf=0
[BETA_X5] [1;36m08:23:37[0m [1;33mx5[0m [1;36m#10[0m SKIP tension=[1;36m0.00051198[0m [0m| momentum_too_small [1;31mconf=0.0008[0m
[ALPHA_X13_BURST13] mode=OFF radar_adj=0 mom= conf=0
[BETA_X5] mode=OFF radar_adj=0 mom= conf=0
[ALPHA_X13_BURST13] [1;36m08:23:43[0m [1;32mx13[0m [1;36m#10[0m SKIP tension=[1;36m0.00000000[0m [0m| momentum_too_small [1;31mconf=0.2706[0m
[BETA_X5] [1;36m08:23:44[0m [1;33mx5[0m [1;36m#11[0m SKIP tension=[1;36m0.00033625[0m [0m| momentum_too_small [1;31mconf=0.0005[0m
[ALPHA_X13_BURST13] mode=OFF radar_adj=0 mom= conf=0
[BETA_X5] mode=OFF radar_adj=0 mom= conf=0
[ALPHA_X13_BURST13] [1;36m08:23:51[0m [1;32mx13[0m [1;36m#11[0m SKIP tension=[1;36m0.00083597[0m [0m| momentum_too_small [1;31mconf=0.0011[0m
[BETA_X5] [1;36m08:23:52[0m [1;33mx5[0m [1;36m#12[0m SKIP tension=[1;36m0.00094171[0m [0m| momentum_too_small [1;31mconf=0.0014[0m
[ALPHA_X13_BURST13] mode=OFF radar_adj=0 mom= conf=0
[BETA_X5] mode=OFF radar_adj=0 mom= conf=0
[ALPHA_X13_BURST13] [1;36m08:23:59[0m [1;32mx13[0m [1;36m#12[0m SKIP tension=[1;36m0.05032624[0m [0m| direction_unclear [1;31mconf=0.0827[0m
[BETA_X5] [1;36m08:24:00[0m [1;33mx5[0m [1;36m#13[0m SKIP tension=[1;36m0.00267624[0m [0m| momentum_too_small [1;31mconf=0.0044[0m
[ALPHA_X13_BURST13] mode=OFF radar_adj=0 mom= conf=0
[BETA_X5] mode=OFF radar_adj=0 mom= conf=0
[BETA_X5] [1;36m08:24:07[0m [1;33mx5[0m [1;36m#14[0m SKIP tension=[1;36m0.56365054[0m [0m| wall_not_collapsed
[ALPHA_X13_BURST13] [1;36m08:24:09[0m [1;32mx13[0m [1;36m#13[0m SKIP tension=[1;36m0.56365054[0m [0m| wall_not_collapsed
[BETA_X5] mode=OFF radar_adj=0 mom= conf=0
[ALPHA_X13_BURST13] mode=OFF radar_adj=0 mom= conf=0
[BETA_X5] [1;36m08:24:16[0m [1;33mx5[0m [1;36m#15[0m SKIP tension=[1;36m0.00022702[0m [0m| momentum_too_small [1;31mconf=0.0003[0m
[ALPHA_X13_BURST13] [1;36m08:24:17[0m [1;32mx13[0m [1;36m#14[0m SKIP tension=[1;36m0.00017957[0m [0m| momentum_too_small [1;31mconf=0.0002[0m
[BETA_X5] mode=OFF radar_adj=0 mom= conf=0
[ALPHA_X13_BURST13] mode=OFF radar_adj=0 mom= conf=0
[ALPHA_X13_BURST13] [1;36m08:24:31[0m [1;32mx13[0m [1;36m#15[0m SKIP tension=[1;36m0.00001105[0m [0m| momentum_too_small [1;31mconf=0.0[0m
[ALPHA_X13_BURST13] mode=OFF radar_adj=0 mom= conf=0
[BETA_X5] [1;36mCycle 16[0m [1;32mSOFT anomaly[0m [1;33m| pnl_abs=0.16770000 > 0.02500000[0m
[BETA_X5] [1;36mentry=08:24:28@62806.50000000[0m [1;33mx5[0m [1;36m#16[0m [1;32mSELL[0m tension=[1;32m1.22481838[0m hold=[1;36m6[0ms sec=[1;36m6[0m [0m| exit=62785.00000000 [1;33mconf=0.7363[0m [1;36mexit_time=08:24:34[0m [1;32mpnl=0.16770000 bps=3.42321257 pct=0.03423213% total=0.43593000000000004[0m
[BETA_X5] mode=OFF radar_adj=0 mom= conf=0
[ALPHA_X13_BURST13] [1;36m08:24:39[0m [1;32mx13[0m [1;36m#16[0m SKIP tension=[1;36m0.30893106[0m [0m| wall_not_collapsed
[BETA_X5] [1;36m08:24:44[0m [1;33mx5[0m [1;36m#17[0m SKIP tension=[1;36m0.00144049[0m [0m| momentum_too_small [1;31mconf=0.0023[0m
[ALPHA_X13_BURST13] mode=OFF radar_adj=0 mom= conf=0
[ALPHA_X13_BURST13] [1;36m08:24:50[0m [1;32mx13[0m [1;36m#17[0m SKIP tension=[1;36m0.00020665[0m [0m| momentum_too_small [1;31mconf=0.0003[0m
[BETA_X5] mode=OFF radar_adj=0 mom= conf=0
[BETA_X5] [1;36m08:24:57[0m [1;33mx5[0m [1;36m#18[0m SKIP tension=[1;36m0.00001202[0m [0m| momentum_too_small [1;31mconf=0.0[0m
[ALPHA_X13_BURST13] mode=OFF radar_adj=0 mom= conf=0
[BETA_X5] mode=OFF radar_adj=0 mom= conf=0
[ALPHA_X13_BURST13] [1;36m08:25:03[0m [1;32mx13[0m [1;36m#18[0m SKIP tension=[1;36m0.00000000[0m [0m| momentum_too_small [1;31mconf=0.3333[0m
[BETA_X5] [1;36m08:25:04[0m [1;33mx5[0m [1;36m#19[0m SKIP tension=[1;36m0.67728497[0m [0m| wall_not_collapsed
[ALPHA_X13_BURST13] mode=OFF radar_adj=0 mom= conf=0
[BETA_X5] mode=OFF radar_adj=0 mom= conf=0
[ALPHA_X13_BURST13] [1;36m08:25:11[0m [1;32mx13[0m [1;36m#19[0m SKIP tension=[1;36m0.00000000[0m [0m| momentum_too_small [1;31mconf=0.3333[0m
[BETA_X5] [1;36m08:25:12[0m [1;33mx5[0m [1;36m#20[0m SKIP tension=[1;36m0.00011974[0m [0m| momentum_too_small [1;31mconf=0.0002[0m
[ALPHA_X13_BURST13] mode=OFF radar_adj=0 mom= conf=0
[BETA_X5] mode=OFF radar_adj=0 mom= conf=0
[BETA_X5] [1;36m08:25:20[0m [1;33mx5[0m [1;36m#21[0m SKIP tension=[1;36m0.00300817[0m [0m| momentum_too_small [1;31mconf=0.0049[0m
[BETA_X5] mode=OFF radar_adj=0 mom= conf=0
[ALPHA_X13_BURST13] [1;36m08:25:25[0m [1;32mx13[0m [1;36m#20[0m SKIP [1;33m| tension_stale age=3514ms>800ms (NUAGE)[0m
[BETA_X5] [1;36m08:25:28[0m [1;33mx5[0m [1;36m#22[0m SKIP tension=[1;36m0.00026433[0m [0m| momentum_too_small [1;31mconf=0.0004[0m
[ALPHA_X13_BURST13] mode=OFF radar_adj=0 mom= conf=0
[BETA_X5] mode=OFF radar_adj=0 mom= conf=0
[ALPHA_X13_BURST13] [1;36m08:25:34[0m [1;32mx13[0m [1;36m#21[0m SKIP tension=[1;36m0.00000859[0m [0m| momentum_too_small [1;31mconf=0.0[0m
[BETA_X5] [1;36m08:25:36[0m [1;33mx5[0m [1;36m#23[0m SKIP tension=[1;36m0.00000000[0m [0m| momentum_too_small [1;31mconf=0.3312[0m
[ALPHA_X13_BURST13] mode=OFF radar_adj=0 mom= conf=0
[BETA_X5] mode=OFF radar_adj=0 mom= conf=0
[ALPHA_X13_BURST13] [1;36m08:25:43[0m [1;32mx13[0m [1;36m#22[0m SKIP tension=[1;36m0.00000000[0m [0m| momentum_too_small [1;31mconf=0.3225[0m
[BETA_X5] [1;36m08:25:44[0m [1;33mx5[0m [1;36m#24[0m SKIP tension=[1;36m0.00000000[0m [0m| momentum_too_small [1;31mconf=0.3225[0m
[BETA_X5] mode=OFF radar_adj=0 mom= conf=0
[ALPHA_X13_BURST13] mode=OFF radar_adj=0 mom= conf=0
[ALPHA_X13_BURST13] [1;36m08:25:53[0m [1;32mx13[0m [1;36m#23[0m SKIP [1;33m| tension_stale age=7355ms>800ms (NUAGE)[0m
[ALPHA_X13_BURST13] mode=OFF radar_adj=0 mom= conf=0
[ALPHA_X13_BURST13] [1;36m08:26:01[0m [1;32mx13[0m [1;36m#24[0m SKIP tension=[1;36m0.00000000[0m [0m| momentum_too_small [1;31mconf=0.3085[0m
[BETA_X5] [1;36mCycle 25[0m [1;32mSOFT anomaly[0m [1;33m| pnl_abs=0.03120000 > 0.02500000[0m
[BETA_X5] [1;36mentry=08:25:56@62788.70000000[0m [1;33mx5[0m [1;36m#25[0m [1;32mSELL[0m tension=[1;31m4.45926751[0m hold=[1;36m7[0ms sec=[1;36m7[0m [0m| exit=62784.70000000 [1;32mconf=0.8836[0m [1;36mexit_time=08:26:03[0m [1;32mpnl=0.03120000 bps=0.63705730 pct=0.00637057% total=0.46713000000000005[0m
[ALPHA_X13_BURST13] mode=OFF radar_adj=0 mom= conf=0
[BETA_X5] mode=OFF radar_adj=0 mom= conf=0
[ALPHA_X13_BURST13] [1;36m08:26:10[0m [1;32mx13[0m [1;36m#25[0m SKIP tension=[1;36m0.43357734[0m [0m| wall_not_collapsed
[BETA_X5] [1;36m08:26:12[0m [1;33mx5[0m [1;36m#26[0m SKIP tension=[1;36m0.34783859[0m [0m| wall_not_collapsed
[ALPHA_X13_BURST13] mode=OFF radar_adj=0 mom= conf=0
[BETA_X5] mode=OFF radar_adj=0 mom= conf=0
[ALPHA_X13_BURST13] [1;36m08:26:19[0m [1;32mx13[0m [1;36m#26[0m SKIP tension=[1;36m0.65492206[0m [0m| wall_not_collapsed
[BETA_X5] [1;36m08:26:21[0m [1;33mx5[0m [1;36m#27[0m SKIP tension=[1;36m0.00000000[0m [0m| momentum_too_small [1;31mconf=0.3019[0m
[ALPHA_X13_BURST13] mode=OFF radar_adj=0 mom= conf=0
[BETA_X5] mode=OFF radar_adj=0 mom= conf=0
[ALPHA_X13_BURST13] [1;36m08:26:28[0m [1;32mx13[0m [1;36m#27[0m SKIP tension=[1;36m0.00001259[0m [0m| momentum_too_small [1;31mconf=0.0[0m
[BETA_X5] [1;36m08:26:28[0m [1;33mx5[0m [1;36m#28[0m SKIP tension=[1;36m0.29370094[0m [0m| wall_not_collapsed
[ALPHA_X13_BURST13] mode=OFF radar_adj=0 mom= conf=0
[BETA_X5] mode=OFF radar_adj=0 mom= conf=0
[BETA_X5] [1;36m08:26:36[0m [1;33mx5[0m [1;36m#29[0m SKIP tension=[1;36m0.00000000[0m [0m| momentum_too_small [1;31mconf=0.3012[0m
[ALPHA_X13_BURST13] [1;36m08:26:37[0m [1;32mx13[0m [1;36m#28[0m SKIP tension=[1;36m0.00000000[0m [0m| momentum_too_small [1;31mconf=0.3012[0m
[BETA_X5] mode=OFF radar_adj=0 mom= conf=0
[ALPHA_X13_BURST13] mode=OFF radar_adj=0 mom= conf=0
[BETA_X5] [1;36m08:26:44[0m [1;33mx5[0m [1;36m#30[0m SKIP tension=[1;36m0.15776948[0m [0m| direction_unclear [1;31mconf=0.2266[0m
[ALPHA_X13_BURST13] [1;36m08:26:46[0m [1;32mx13[0m [1;36m#29[0m SKIP tension=[1;36m0.00000000[0m [0m| momentum_too_small [1;31mconf=0.3012[0m
[BETA_X5] mode=OFF radar_adj=0 mom= conf=0
[ALPHA_X13_BURST13] mode=OFF radar_adj=0 mom= conf=0
[BETA_X5] [1;36m08:26:52[0m [1;33mx5[0m [1;36m#31[0m SKIP tension=[1;36m0.00114078[0m [0m| momentum_too_small [1;31mconf=0.0015[0m
[ALPHA_X13_BURST13] [1;36m08:26:54[0m [1;32mx13[0m [1;36m#30[0m SKIP tension=[1;36m0.00000000[0m [0m| momentum_too_small [1;31mconf=0.2852[0m
[BETA_X5] mode=OFF radar_adj=0 mom= conf=0
[ALPHA_X13_BURST13] mode=OFF radar_adj=0 mom= conf=0
[BETA_X5] [1;36m08:27:00[0m [1;33mx5[0m [1;36m#32[0m SKIP tension=[1;36m0.00000000[0m [0m| momentum_too_small [1;31mconf=0.2688[0m
[BETA_X5] mode=OFF radar_adj=0 mom= conf=0
[ALPHA_X13_BURST13] [1;36m08:27:04[0m [1;32mx13[0m [1;36m#31[0m SKIP [1;33m| tension_stale age=2676ms>800ms (NUAGE)[0m
[ALPHA_X13_BURST13] mode=OFF radar_adj=0 mom= conf=0
[BETA_X5] [1;36m08:27:08[0m [1;33mx5[0m [1;36m#33[0m SKIP tension=[1;31m9.53690519[0m [0m| tactic long vs short
[BETA_X5] mode=OFF radar_adj=0 mom= conf=0
[ALPHA_X13_BURST13] [1;36m08:27:12[0m [1;32mx13[0m [1;36m#32[0m SKIP tension=[1;36m0.00001739[0m [0m| momentum_too_small [1;31mconf=0.0[0m
[BETA_X5] [1;36m08:27:15[0m [1;33mx5[0m [1;36m#34[0m SKIP tension=[1;36m0.00508884[0m [0m| momentum_too_small [1;31mconf=0.0076[0m
[ALPHA_X13_BURST13] mode=OFF radar_adj=0 mom= conf=0
[BETA_X5] mode=OFF radar_adj=0 mom= conf=0
[ALPHA_X13_BURST13] [1;36m08:27:21[0m [1;32mx13[0m [1;36m#33[0m SKIP tension=[1;36m0.00487836[0m [0m| momentum_too_small [1;31mconf=0.0076[0m
[BETA_X5] [1;36m08:27:24[0m [1;33mx5[0m [1;36m#35[0m SKIP tension=[1;36m0.00000000[0m [0m| momentum_too_small [1;31mconf=0.3218[0m
[ALPHA_X13_BURST13] mode=OFF radar_adj=0 mom= conf=0
[BETA_X5] mode=OFF radar_adj=0 mom= conf=0
[ALPHA_X13_BURST13] [1;36m08:27:30[0m [1;32mx13[0m [1;36m#34[0m SKIP tension=[1;36m0.02845333[0m [0m| direction_unclear [1;31mconf=0.0125[0m
[BETA_X5] [1;36m08:27:32[0m [1;33mx5[0m [1;36m#36[0m SKIP tension=[1;36m0.00020337[0m [0m| momentum_too_small [1;31mconf=0.0003[0m
[ALPHA_X13_BURST13] mode=OFF radar_adj=0 mom= conf=0
[BETA_X5] mode=OFF radar_adj=0 mom= conf=0
[ALPHA_X13_BURST13] [1;36m08:27:39[0m [1;32mx13[0m [1;36m#35[0m SKIP tension=[1;36m0.00010001[0m [0m| momentum_too_small [1;31mconf=0.0001[0m
[BETA_X5] [1;36m08:27:40[0m [1;33mx5[0m [1;36m#37[0m SKIP tension=[1;36m0.16100328[0m [0m| direction_unclear [1;31mconf=0.2384[0m
[ALPHA_X13_BURST13] mode=OFF radar_adj=0 mom= conf=0
[BETA_X5] mode=OFF radar_adj=0 mom= conf=0
[ALPHA_X13_BURST13] [1;36m08:27:47[0m [1;32mx13[0m [1;36m#36[0m SKIP tension=[1;36m0.00014464[0m [0m| momentum_too_small [1;31mconf=0.0002[0m
[BETA_X5] [1;36m08:27:47[0m [1;33mx5[0m [1;36m#38[0m SKIP tension=[1;36m0.00016904[0m [0m| momentum_too_small [1;31mconf=0.0002[0m
[BETA_X5] mode=OFF radar_adj=0 mom= conf=0
[ALPHA_X13_BURST13] mode=OFF radar_adj=0 mom= conf=0
[BETA_X5] [1;36m08:27:55[0m [1;33mx5[0m [1;36m#39[0m SKIP tension=[1;36m0.00016904[0m [0m| momentum_too_small [1;31mconf=0.0002[0m
[ALPHA_X13_BURST13] [1;36m08:27:56[0m [1;32mx13[0m [1;36m#37[0m SKIP tension=[1;36m0.00001743[0m [0m| momentum_too_small [1;31mconf=0.0[0m
[BETA_X5] mode=OFF radar_adj=0 mom= conf=0
[ALPHA_X13_BURST13] mode=OFF radar_adj=0 mom= conf=0
[BETA_X5] [1;36m08:28:02[0m [1;33mx5[0m [1;36m#40[0m SKIP tension=[1;36m0.40367014[0m [0m| wall_not_collapsed
[ALPHA_X13_BURST13] [1;36m08:28:04[0m [1;32mx13[0m [1;36m#38[0m SKIP tension=[1;36m0.00000000[0m [0m| momentum_too_small [1;31mconf=0.3444[0m
[BETA_X5] mode=OFF radar_adj=0 mom= conf=0
[ALPHA_X13_BURST13] mode=OFF radar_adj=0 mom= conf=0
[BETA_X5] [1;36m08:28:12[0m [1;33mx5[0m [1;36m#41[0m SKIP tension=[1;36m0.00008625[0m [0m| momentum_too_small [1;31mconf=0.0001[0m
[ALPHA_X13_BURST13] [1;36m08:28:13[0m [1;32mx13[0m [1;36m#39[0m SKIP tension=[1;36m0.00165258[0m [0m| momentum_too_small [1;31mconf=0.0028[0m
[BETA_X5] mode=OFF radar_adj=0 mom= conf=0
[BETA_X5] [1;36m08:28:20[0m [1;33mx5[0m [1;36m#42[0m SKIP tension=[1;36m0.00000000[0m [0m| momentum_too_small [1;31mconf=0.3479[0m
[BETA_X5] mode=OFF radar_adj=0 mom= conf=0
[BETA_X5] [1;36m08:28:34[0m [1;33mx5[0m [1;36m#43[0m SKIP tension=[1;36m0.00000000[0m [0m| momentum_too_small [1;31mconf=0.3211[0m
[BETA_X5] mode=OFF radar_adj=0 mom= conf=0
[BETA_X5] [1;36m08:28:41[0m [1;33mx5[0m [1;36m#44[0m SKIP tension=[1;36m0.00000000[0m [0m| momentum_too_small [1;31mconf=0.32[0m
[BETA_X5] mode=OFF radar_adj=0 mom= conf=0
[BETA_X5] [1;36m08:28:50[0m [1;33mx5[0m [1;36m#45[0m SKIP tension=[1;36m0.00000000[0m [0m| momentum_too_small [1;31mconf=0.3183[0m
[BETA_X5] mode=OFF radar_adj=0 mom= conf=0
[BETA_X5] [1;36m08:28:58[0m [1;33mx5[0m [1;36m#46[0m SKIP tension=[1;36m0.00000000[0m [0m| momentum_too_small [1;31mconf=0.3183[0m
[BETA_X5] mode=OFF radar_adj=0 mom= conf=0
[BETA_X5] [1;36m08:29:06[0m [1;33mx5[0m [1;36m#47[0m SKIP tension=[1;36m0.27299261[0m [0m| wall_not_collapsed
[BETA_X5] mode=OFF radar_adj=0 mom= conf=0
[ALPHA_X13_BURST13] [1;36m--- ACE777 STRICT CLONE FUTURES TESTNET ---[0m
[ALPHA_X13_BURST13] [1;36mLeverage ramp ON:[0m [1;36mstart=13 end=13 cycles=180[0m
[ALPHA_X13_BURST13] [1;32mV8 Resonance ON:[0m [1;36mimpulse_thr=0.96 dt_ms=64 aspiration=1.618@37.8deg void_lock=TRUE shock_exit=TRUE[0m
[ALPHA_X13_BURST13] [1;32mV8 Tension ON:[0m [1;36mwall_drop=6.5% dt_ms=64 filter=0.85 depth=20[0m
[ALPHA_X13_BURST13] [1;36mSymbol=BTCUSDT[0m [1;32mLeverage=13[0m [1;36mBuyUSDT=800 Orders=TRUE[0m
[BETA_X5] [1;36m08:29:14[0m [1;33mx5[0m [1;36m#48[0m SKIP tension=[1;36m0.00000000[0m [0m| momentum_too_small [1;31mconf=0.3479[0m
[BETA_X5] mode=OFF radar_adj=0 mom= conf=0
[ALPHA_X13_BURST13] mode=OFF radar_adj=0 mom= conf=0
[BETA_X5] [1;36m08:29:21[0m [1;33mx5[0m [1;36m#49[0m SKIP tension=[1;36m0.02777837[0m [0m| direction_unclear [1;31mconf=0.046[0m
[ALPHA_X13_BURST13] [1;36m08:29:23[0m [1;32mx13[0m [1;36m#1[0m SKIP tension=[1;36m0.33628908[0m [0m| wall_not_collapsed
[BETA_X5] mode=OFF radar_adj=0 mom= conf=0
[ALPHA_X13_BURST13] mode=OFF radar_adj=0 mom= conf=0
[ALPHA_X13_BURST13] [1;36m08:29:32[0m [1;32mx13[0m [1;36m#2[0m SKIP tension=[1;36m0.00000000[0m [0m| momentum_too_small [1;31mconf=0.3228[0m
[BETA_X5] [1;36m08:29:34[0m [1;33mx5[0m [1;36m#50[0m SKIP tension=[1;36m0.00000000[0m [0m| momentum_too_small [1;31mconf=0.3287[0m
[ALPHA_X13_BURST13] mode=OFF radar_adj=0 mom= conf=0
[BETA_X5] mode=OFF radar_adj=0 mom= conf=0
[ALPHA_X13_BURST13] [1;36m08:29:42[0m [1;32mx13[0m [1;36m#3[0m SKIP tension=[1;36m0.00015055[0m [0m| momentum_too_small [1;31mconf=0.0002[0m
[BETA_X5] [1;36m08:29:43[0m [1;33mx5[0m [1;36m#51[0m SKIP tension=[1;36m0.00000000[0m [0m| momentum_too_small [1;31mconf=0.3274[0m
[ALPHA_X13_BURST13] mode=OFF radar_adj=0 mom= conf=0
[BETA_X5] mode=OFF radar_adj=0 mom= conf=0
[ALPHA_X13_BURST13] [1;36m08:29:50[0m [1;32mx13[0m [1;36m#4[0m SKIP tension=[1;36m0.00000000[0m [0m| momentum_too_small [1;31mconf=0.3047[0m
[BETA_X5] [1;36m08:29:50[0m [1;33mx5[0m [1;36m#52[0m SKIP tension=[1;36m0.00003007[0m [0m| momentum_too_small [1;31mconf=0.0[0m
[ALPHA_X13_BURST13] mode=OFF radar_adj=0 mom= conf=0
[BETA_X5] mode=OFF radar_adj=0 mom= conf=0
[ALPHA_X13_BURST13] [1;36m08:29:58[0m [1;32mx13[0m [1;36m#5[0m SKIP tension=[1;36m0.00000000[0m [0m| momentum_too_small [1;31mconf=0.2768[0m
[BETA_X5] [1;36m08:29:59[0m [1;33mx5[0m [1;36m#53[0m SKIP tension=[1;36m0.00000000[0m [0m| momentum_too_small [1;31mconf=0.3131[0m
[BETA_X5] mode=OFF radar_adj=0 mom= conf=0
[ALPHA_X13_BURST13] mode=OFF radar_adj=0 mom= conf=0
[BETA_X5] [1;36m08:30:06[0m [1;33mx5[0m [1;36m#54[0m SKIP tension=[1;36m0.74929637[0m [0m| wall_not_collapsed
[ALPHA_X13_BURST13] [1;36m08:30:07[0m [1;32mx13[0m [1;36m#6[0m SKIP tension=[1;36m0.74929637[0m [0m| wall_not_collapsed
[BETA_X5] mode=OFF radar_adj=0 mom= conf=0
[ALPHA_X13_BURST13] mode=OFF radar_adj=0 mom= conf=0
[BETA_X5] [1;36m08:30:14[0m [1;33mx5[0m [1;36m#55[0m SKIP tension=[1;36m0.69913928[0m [0m| wall_not_collapsed
[ALPHA_X13_BURST13] [1;36m08:30:15[0m [1;32mx13[0m [1;36m#7[0m SKIP tension=[1;36m0.20586919[0m [0m| wall_not_collapsed
[BETA_X5] mode=OFF radar_adj=0 mom= conf=0
[ALPHA_X13_BURST13] mode=OFF radar_adj=0 mom= conf=0
[BETA_X5] [1;36m08:30:21[0m [1;33mx5[0m [1;36m#56[0m SKIP tension=[1;36m0.00001073[0m [0m| momentum_too_small [1;31mconf=0.0[0m
[ALPHA_X13_BURST13] [1;36m08:30:23[0m [1;32mx13[0m [1;36m#8[0m SKIP tension=[1;36m0.75689159[0m [0m| wall_not_collapsed
[BETA_X5] mode=OFF radar_adj=0 mom= conf=0
[ALPHA_X13_BURST13] mode=OFF radar_adj=0 mom= conf=0
[ALPHA_X13_BURST13] [1;36m08:30:32[0m [1;32mx13[0m [1;36m#9[0m SKIP tension=[1;36m0.00001271[0m [0m| momentum_too_small [1;31mconf=0.0[0m
[ALPHA_X13_BURST13] mode=OFF radar_adj=0 mom= conf=0
[ALPHA_X13_BURST13] [1;36m08:30:40[0m [1;32mx13[0m [1;36m#10[0m SKIP tension=[1;33m0.95713230[0m [0m| wall_not_collapsed
[BETA_X5] [1;36mentry=08:30:33@62777.80000000[0m [1;33mx5[0m [1;36m#57[0m [1;33mSELL[0m tension=[1;32m1.23090965[0m hold=[1;36m7[0ms sec=[1;36m7[0m [0m| exit=62777.80000000 [1;32mconf=0.8686[0m [1;36mexit_time=08:30:40[0m [1;33mpnl=-0.00000000 bps=-0.00000000 pct=-0.00000000% total=0.46713000000000005[0m
[ALPHA_X13_BURST13] mode=OFF radar_adj=0 mom= conf=0
[BETA_X5] mode=OFF radar_adj=0 mom= conf=0
[ALPHA_X13_BURST13] [1;36m08:30:49[0m [1;32mx13[0m [1;36m#11[0m SKIP tension=[1;36m0.00002652[0m [0m| momentum_too_small [1;31mconf=0.0[0m
[ALPHA_X13_BURST13] mode=OFF radar_adj=0 mom= conf=0
[ALPHA_X13_BURST13] [1;36m08:30:57[0m [1;32mx13[0m [1;36m#12[0m SKIP tension=[1;31m3.50017696[0m [0m| duo no_trigger
[BETA_X5] [1;36mentry=08:30:55@62777.80000000[0m [1;33mx5[0m [1;36m#58[0m [1;33mSELL[0m tension=[1;31m3.62412170[0m hold=[1;36m6[0ms sec=[1;36m6[0m [0m| exit=62777.80000000 [1;32mconf=0.8686[0m [1;36mexit_time=08:31:02[0m [1;33mpnl=-0.00000000 bps=-0.00000000 pct=-0.00000000% total=0.46713000000000005[0m
[ALPHA_X13_BURST13] mode=OFF radar_adj=0 mom= conf=0
[BETA_X5] mode=OFF radar_adj=0 mom= conf=0
[ALPHA_X13_BURST13] [1;36m08:31:11[0m [1;32mx13[0m [1;36m#13[0m SKIP tension=[1;36m0.00016717[0m [0m| momentum_too_small [1;31mconf=0.0003[0m
[BETA_X5] [1;36m08:31:11[0m [1;33mx5[0m [1;36m#59[0m SKIP tension=[1;36m0.00016717[0m [0m| momentum_too_small [1;31mconf=0.0003[0m
[BETA_X5] mode=OFF radar_adj=0 mom= conf=0
[ALPHA_X13_BURST13] mode=OFF radar_adj=0 mom= conf=0
[BETA_X5] [1;36m08:31:19[0m [1;33mx5[0m [1;36m#60[0m SKIP tension=[1;36m0.00050999[0m [0m| momentum_too_small [1;31mconf=0.0008[0m
[ALPHA_X13_BURST13] [1;36m08:31:19[0m [1;32mx13[0m [1;36m#14[0m SKIP tension=[1;36m0.00031218[0m [0m| momentum_too_small [1;31mconf=0.0005[0m
[BETA_X5] mode=OFF radar_adj=0 mom= conf=0
[ALPHA_X13_BURST13] mode=OFF radar_adj=0 mom= conf=0
[BETA_X5] [1;36m08:31:27[0m [1;33mx5[0m [1;36m#61[0m SKIP tension=[1;36m0.00011763[0m [0m| momentum_too_small [1;31mconf=0.0002[0m
[ALPHA_X13_BURST13] [1;36m08:31:27[0m [1;32mx13[0m [1;36m#15[0m SKIP tension=[1;36m0.00011763[0m [0m| momentum_too_small [1;31mconf=0.0002[0m
[BETA_X5] mode=OFF radar_adj=0 mom= conf=0
[ALPHA_X13_BURST13] mode=OFF radar_adj=0 mom= conf=0
[BETA_X5] [1;36m08:31:36[0m [1;33mx5[0m [1;36m#62[0m SKIP tension=[1;36m0.00042050[0m [0m| momentum_too_small [1;31mconf=0.0007[0m
[ALPHA_X13_BURST13] [1;36m08:31:37[0m [1;32mx13[0m [1;36m#16[0m SKIP tension=[1;36m0.00045054[0m [0m| momentum_too_small [1;31mconf=0.0007[0m
[BETA_X5] mode=OFF radar_adj=0 mom= conf=0
[ALPHA_X13_BURST13] mode=OFF radar_adj=0 mom= conf=0
[ALPHA_X13_BURST13] [1;36m08:31:46[0m [1;32mx13[0m [1;36m#17[0m SKIP tension=[1;32m1.47236449[0m [0m| duo no_trigger
[ALPHA_X13_BURST13] mode=OFF radar_adj=0 mom= conf=0
[BETA_X5] [1;36mCycle 63[0m [1;32mSOFT anomaly[0m [1;33m| pnl_abs=0.15834000 > 0.02500000[0m
[BETA_X5] [1;36mentry=08:31:49@62777.80000000[0m [1;33mx5[0m [1;36m#63[0m [1;32mSELL[0m tension=[1;32m1.47236449[0m hold=[1;36m6[0ms sec=[1;36m6[0m [0m| exit=62757.50000000 [1;32mconf=0.8656[0m [1;36mexit_time=08:31:55[0m [1;32mpnl=0.15834000 bps=3.23362717 pct=0.03233627% total=0.6254700000000001[0m
[BETA_X5] mode=OFF radar_adj=0 mom= conf=0
[ALPHA_X13_BURST13] [1;36m08:32:03[0m [1;32mx13[0m [1;36m#18[0m SKIP tension=[1;31m7.90101022[0m [0m| spread_too_wide [1;33mconf=0.5[0m
[BETA_X5] [1;36m08:32:05[0m [1;33mx5[0m [1;36m#64[0m SKIP tension=[1;36m0.70305320[0m [0m| wall_not_collapsed
[ALPHA_X13_BURST13] mode=OFF radar_adj=0 mom= conf=0
[BETA_X5] mode=OFF radar_adj=0 mom= conf=0
[ALPHA_X13_BURST13] [1;36m08:32:12[0m [1;32mx13[0m [1;36m#19[0m SKIP tension=[1;36m0.64843800[0m [0m| wall_not_collapsed
[BETA_X5] [1;36m08:32:13[0m [1;33mx5[0m [1;36m#65[0m SKIP tension=[1;36m0.25351988[0m [0m| wall_not_collapsed
[ALPHA_X13_BURST13] mode=OFF radar_adj=0 mom= conf=0
[BETA_X5] mode=OFF radar_adj=0 mom= conf=0
[ALPHA_X13_BURST13] [1;36m08:32:21[0m [1;32mx13[0m [1;36m#20[0m SKIP tension=[1;36m0.00000000[0m [0m| momentum_too_small [1;31mconf=0.3486[0m
[BETA_X5] [1;36m08:32:21[0m [1;33mx5[0m [1;36m#66[0m SKIP tension=[1;36m0.00000000[0m [0m| momentum_too_small [1;31mconf=0.3486[0m
[ALPHA_X13_BURST13] mode=OFF radar_adj=0 mom= conf=0
[BETA_X5] mode=OFF radar_adj=0 mom= conf=0
[BETA_X5] [1;36m08:32:29[0m [1;33mx5[0m [1;36m#67[0m SKIP tension=[1;36m0.00076803[0m [0m| momentum_too_small [1;31mconf=0.0013[0m
[ALPHA_X13_BURST13] [1;36m08:32:29[0m [1;32mx13[0m [1;36m#21[0m SKIP tension=[1;36m0.00076803[0m [0m| momentum_too_small [1;31mconf=0.0013[0m
[BETA_X5] mode=OFF radar_adj=0 mom= conf=0
[ALPHA_X13_BURST13] mode=OFF radar_adj=0 mom= conf=0
[ALPHA_X13_BURST13] [1;36m08:32:39[0m [1;32mx13[0m [1;36m#22[0m SKIP tension=[1;31m2.01406749[0m [0m| duo no_trigger
[ALPHA_X13_BURST13] mode=OFF radar_adj=0 mom= conf=0
[ALPHA_X13_BURST13] [1;36m08:32:47[0m [1;32mx13[0m [1;36m#23[0m SKIP tension=[1;36m0.00001574[0m [0m| momentum_too_small [1;31mconf=0.0[0m
[BETA_X5] [1;36mCycle 68[0m [1;32mSOFT anomaly[0m [1;33m| pnl_abs=0.03666000 > 0.02500000[0m
[ALPHA_X13_BURST13] mode=OFF radar_adj=0 mom= conf=0
[BETA_X5] [1;36mentry=08:32:41@62721.00000000[0m [1;33mx5[0m [1;36m#68[0m [1;32mSELL[0m tension=[1;32m1.00688758[0m hold=[1;36m8[0ms sec=[1;36m8[0m [0m| exit=62716.30000000 [1;32mconf=0.9422[0m [1;36mexit_time=08:32:49[0m [1;32mpnl=0.03666000 bps=0.74935030 pct=0.00749350% total=0.6621300000000001[0m
[BETA_X5] mode=OFF radar_adj=0 mom= conf=0
[ALPHA_X13_BURST13] [1;36m08:32:55[0m [1;32mx13[0m [1;36m#24[0m SKIP tension=[1;36m0.01978258[0m [0m| direction_unclear [1;31mconf=0.0297[0m
[ALPHA_X13_BURST13] mode=OFF radar_adj=0 mom= conf=0
[ALPHA_X13_BURST13] [1;36m08:33:03[0m [1;32mx13[0m [1;36m#25[0m SKIP tension=[1;36m0.00189394[0m [0m| momentum_too_small [1;31mconf=0.0028[0m
[ALPHA_X13_BURST13] mode=OFF radar_adj=0 mom= conf=0
[ALPHA_X13_BURST13] [1;36m08:33:12[0m [1;32mx13[0m [1;36m#26[0m SKIP tension=[1;36m0.00000000[0m [0m| momentum_too_small [1;31mconf=0.3155[0m
[BETA_X5] shockwave beta->alpha until_cycle=79
[BETA_X5] [1;33mSWARM shockwave[0m [0m| beta -> neighbor (shock_inversion_stop)[0m
[BETA_X5] [1;36mentry=08:33:07@62712.00000000[0m [1;33mx5[0m [1;36m#69[0m [1;31mSELL[0m tension=[1;32m1.07806538[0m hold=[1;36m7[0ms sec=[1;36m7[0m [0m| exit=62712.10000000 [1;32mconf=0.9004[0m [1;36mexit_time=08:33:14[0m [1;31mpnl=-0.00078000 bps=-0.01594591 pct=-0.00015946% total=0.6613500000000001[0m
[ALPHA_X13_BURST13] mode=OFF radar_adj=0 mom= conf=0
[BETA_X5] mode=OFF radar_adj=0 mom= conf=0
[ALPHA_X13_BURST13] [1;36m08:33:22[0m [1;32mx13[0m [1;36m#27[0m SKIP tension=[1;36m0.00001565[0m [0m| momentum_too_small [1;31mconf=0.0[0m
[ALPHA_X13_BURST13] mode=OFF radar_adj=0 mom= conf=0
[ALPHA_X13_BURST13] [1;36m08:33:31[0m [1;32mx13[0m [1;36m#28[0m SKIP tension=[1;36m0.00000000[0m [0m| momentum_too_small [1;31mconf=0.2802[0m
[ALPHA_X13_BURST13] mode=OFF radar_adj=0 mom= conf=0
[BETA_X5] [1;36mentry=08:33:27@62712.10000000[0m [1;33mx5[0m [1;36m#70[0m [1;32mSELL[0m tension=[1;31m3.48110499[0m hold=[1;36m6[0ms sec=[1;36m6[0m [0m| exit=62712.00000000 [1;32mconf=0.9004[0m [1;36mexit_time=08:33:33[0m [1;32mpnl=0.00078000 bps=0.01594589 pct=0.00015946% total=0.6621300000000001[0m
[BETA_X5] mode=OFF radar_adj=0 mom= conf=0
[ALPHA_X13_BURST13] [1;36m08:33:39[0m [1;32mx13[0m [1;36m#29[0m SKIP tension=[1;36m0.00043333[0m [0m| momentum_too_small [1;31mconf=0.0006[0m
[ALPHA_X13_BURST13] mode=OFF radar_adj=0 mom= conf=0
[BETA_X5] [1;36m08:33:43[0m [1;33mx5[0m [1;36m#71[0m SKIP tension=[1;36m0.00004361[0m [0m| momentum_too_small [1;31mconf=0.0001[0m
[BETA_X5] mode=OFF radar_adj=0 mom= conf=0
[ALPHA_X13_BURST13] [1;36m08:33:47[0m [1;32mx13[0m [1;36m#30[0m SKIP tension=[1;36m0.00001253[0m [0m| momentum_too_small [1;31mconf=0.0[0m
[ALPHA_X13_BURST13] mode=OFF radar_adj=0 mom= conf=0
[BETA_X5] [1;36m08:33:51[0m [1;33mx5[0m [1;36m#72[0m SKIP tension=[1;36m0.00000769[0m [0m| momentum_too_small [1;31mconf=0.0[0m
[BETA_X5] mode=OFF radar_adj=0 mom= conf=0
[ALPHA_X13_BURST13] [1;36m08:33:56[0m [1;32mx13[0m [1;36m#31[0m SKIP tension=[1;36m0.00000541[0m [0m| momentum_too_small [1;31mconf=0.0[0m
[ALPHA_X13_BURST13] mode=OFF radar_adj=0 mom= conf=0
[BETA_X5] [1;36m08:34:00[0m [1;33mx5[0m [1;36m#73[0m SKIP tension=[1;36m0.00001310[0m [0m| momentum_too_small [1;31mconf=0.0[0m
[BETA_X5] mode=OFF radar_adj=0 mom= conf=0
[ALPHA_X13_BURST13] [1;36m08:34:04[0m [1;32mx13[0m [1;36m#32[0m SKIP tension=[1;36m0.00000655[0m [0m| momentum_too_small [1;31mconf=0.0[0m
[ALPHA_X13_BURST13] mode=OFF radar_adj=0 mom= conf=0
[BETA_X5] [1;36m08:34:07[0m [1;33mx5[0m [1;36m#74[0m SKIP tension=[1;36m0.00000000[0m [0m| momentum_too_small [1;31mconf=0.3148[0m
[BETA_X5] mode=OFF radar_adj=0 mom= conf=0
[ALPHA_X13_BURST13] [1;36m08:34:13[0m [1;32mx13[0m [1;36m#33[0m SKIP tension=[1;36m0.00001283[0m [0m| momentum_too_small [1;31mconf=0.0[0m
[BETA_X5] [1;36m08:34:15[0m [1;33mx5[0m [1;36m#75[0m SKIP tension=[1;36m0.00003906[0m [0m| momentum_too_small [1;31mconf=0.0001[0m
[ALPHA_X13_BURST13] mode=OFF radar_adj=0 mom= conf=0
[BETA_X5] mode=OFF radar_adj=0 mom= conf=0
[ALPHA_X13_BURST13] [1;36m08:34:22[0m [1;32mx13[0m [1;36m#34[0m SKIP tension=[1;36m0.00000542[0m [0m| momentum_too_small [1;31mconf=0.0[0m
[BETA_X5] [1;36m08:34:23[0m [1;33mx5[0m [1;36m#76[0m SKIP tension=[1;36m0.00000941[0m [0m| momentum_too_small [1;31mconf=0.0[0m
[BETA_X5] mode=OFF radar_adj=0 mom= conf=0
[ALPHA_X13_BURST13] mode=OFF radar_adj=0 mom= conf=0
[BETA_X5] [1;36m08:34:31[0m [1;33mx5[0m [1;36m#77[0m SKIP tension=[1;36m0.00001311[0m [0m| momentum_too_small [1;31mconf=0.0[0m
[ALPHA_X13_BURST13] [1;36m08:34:31[0m [1;32mx13[0m [1;36m#35[0m SKIP tension=[1;36m0.00001311[0m [0m| momentum_too_small [1;31mconf=0.0[0m
[BETA_X5] mode=OFF radar_adj=0 mom= conf=0
[ALPHA_X13_BURST13] mode=OFF radar_adj=0 mom= conf=0
[ALPHA_X13_BURST13] [1;36m08:34:40[0m [1;32mx13[0m [1;36m#36[0m SKIP tension=[1;32m1.02435891[0m [0m| duo no_trigger
[ALPHA_X13_BURST13] mode=OFF radar_adj=0 mom= conf=0
[ALPHA_X13_BURST13] [1;36m08:34:50[0m [1;32mx13[0m [1;36m#37[0m SKIP tension=[1;31m3.55128369[0m [0m| duo no_trigger
[BETA_X5] [1;36mentry=08:34:43@62712.10000000[0m [1;33mx5[0m [1;36m#78[0m [1;32mSELL[0m tension=[1;32m1.04161481[0m hold=[1;36m6[0ms sec=[1;36m6[0m [0m| exit=62712.00000000 [1;32mconf=0.8924[0m [1;36mexit_time=08:34:49[0m [1;32mpnl=0.00078000 bps=0.01594589 pct=0.00015946% total=0.6629100000000001[0m
[ALPHA_X13_BURST13] mode=OFF radar_adj=0 mom= conf=0
[BETA_X5] mode=OFF radar_adj=0 mom= conf=0
[ALPHA_X13_BURST13] [1;36m08:35:00[0m [1;32mx13[0m [1;36m#38[0m SKIP tension=[1;36m0.00001255[0m [0m| momentum_too_small [1;31mconf=0.0[0m
[BETA_X5] [1;36m08:35:01[0m [1;33mx5[0m [1;36m#79[0m SKIP tension=[1;36m0.00001255[0m [0m| momentum_too_small [1;31mconf=0.0[0m
[ALPHA_X13_BURST13] mode=OFF radar_adj=0 mom= conf=0
[BETA_X5] mode=OFF radar_adj=0 mom= conf=0
[BETA_X5] [1;36m08:35:08[0m [1;33mx5[0m [1;36m#80[0m SKIP tension=[1;36m0.00012730[0m [0m| momentum_too_small [1;31mconf=0.0002[0m
[BETA_X5] mode=OFF radar_adj=0 mom= conf=0
[ALPHA_X13_BURST13] [1;36m08:35:13[0m [1;32mx13[0m [1;36m#39[0m SKIP tension=[1;36m0.00000485[0m [0m| momentum_too_small [1;31mconf=0.0[0m
[ALPHA_X13_BURST13] mode=OFF radar_adj=0 mom= conf=0
[ALPHA_X13_BURST13] [1;36m08:35:22[0m [1;32mx13[0m [1;36m#40[0m SKIP tension=[1;36m0.00002546[0m [0m| momentum_too_small [1;31mconf=0.0[0m
[ALPHA_X13_BURST13] mode=OFF radar_adj=0 mom= conf=0
[BETA_X5] shockwave beta->alpha until_cycle=91
[BETA_X5] [1;33mSWARM shockwave[0m [0m| beta -> neighbor (fluid_exit_inversion)[0m
[BETA_X5] [1;36mCycle 81[0m [1;32mSOFT anomaly[0m [1;33m| pnl_abs=0.17064000 > 0.02500000[0m
[BETA_X5] [1;36mentry=08:35:20@62712.10000000[0m [1;33mx5[0m [1;36m#81[0m [1;31mSELL[0m tension=[1;31m3.11662672[0m hold=[1;36m6[0ms sec=[1;36m6[0m [0m| exit=62722.90000000 [1;32mconf=0.9502[0m [1;36mexit_time=08:35:26[0m [1;31mpnl=-0.17064000 bps=-1.72215569 pct=-0.01722156% total=0.4922700000000001[0m
[BETA_X5] mode=OFF radar_adj=0 mom= conf=0
[ALPHA_X13_BURST13] [1;36m08:35:32[0m [1;32mx13[0m [1;36m#41[0m SKIP [1;33m| tension_stale age=1764ms>800ms (NUAGE)[0m
[ALPHA_X13_BURST13] mode=OFF radar_adj=0 mom= conf=0
[BETA_X5] [1;36m08:35:36[0m [1;33mx5[0m [1;36m#82[0m SKIP tension=[1;36m0.00002510[0m [0m| momentum_too_small [1;31mconf=0.0[0m
[BETA_X5] mode=OFF radar_adj=0 mom= conf=0
[ALPHA_X13_BURST13] [1;36m08:35:40[0m [1;32mx13[0m [1;36m#42[0m SKIP [1;33m| tension_stale age=2728ms>800ms (NUAGE)[0m
[ALPHA_X13_BURST13] mode=OFF radar_adj=0 mom= conf=0
[ALPHA_X13_BURST13] [1;36m08:35:49[0m [1;32mx13[0m [1;36m#43[0m SKIP tension=[1;36m0.00000000[0m [0m| momentum_too_small [1;31mconf=0.2747[0m
[ALPHA_X13_BURST13] mode=OFF radar_adj=0 mom= conf=0
[BETA_X5] [1;36mentry=08:35:47@62723.00000000[0m [1;33mx5[0m [1;36m#83[0m [1;32mSELL[0m tension=[1;31m5.40325950[0m hold=[1;36m6[0ms sec=[1;36m6[0m [0m| exit=62722.90000000 [1;32mconf=0.8914[0m [1;36mexit_time=08:35:54[0m [1;32mpnl=0.00078000 bps=0.01594311 pct=0.00015943% total=0.4930500000000001[0m
[ALPHA_X13_BURST13] [1;36m08:35:57[0m [1;32mx13[0m [1;36m#44[0m SKIP tension=[1;36m0.00000000[0m [0m| momentum_too_small [1;31mconf=0.274[0m
[BETA_X5] mode=OFF radar_adj=0 mom= conf=0
[ALPHA_X13_BURST13] mode=OFF radar_adj=0 mom= conf=0
[ALPHA_X13_BURST13] [1;36m08:36:06[0m [1;32mx13[0m [1;36m#45[0m SKIP tension=[1;36m0.00014131[0m [0m| momentum_too_small [1;31mconf=0.0002[0m
[ALPHA_X13_BURST13] mode=OFF radar_adj=0 mom= conf=0
[BETA_X5] shockwave beta->alpha until_cycle=94
[BETA_X5] [1;33mSWARM shockwave[0m [0m| beta -> neighbor (shock_inversion_stop)[0m
[BETA_X5] [1;36mentry=08:36:07@62723.00000000[0m [1;33mx5[0m [1;36m#84[0m [1;31mSELL[0m tension=[1;31m2.96382222[0m hold=[1;36m6[0ms sec=[1;36m6[0m [0m| exit=62723.50000000 [1;32mconf=0.9711[0m [1;36mexit_time=08:36:13[0m [1;31mpnl=-0.00390000 bps=-0.07971557 pct=-0.00079716% total=0.4891500000000001[0m
[ALPHA_X13_BURST13] [1;36m08:36:15[0m [1;32mx13[0m [1;36m#46[0m SKIP tension=[1;36m0.00000000[0m [0m| momentum_too_small [1;31mconf=0.3367[0m
[BETA_X5] mode=OFF radar_adj=0 mom= conf=0
[ALPHA_X13_BURST13] mode=OFF radar_adj=0 mom= conf=0
[BETA_X5] [1;36m08:36:22[0m [1;33mx5[0m [1;36m#85[0m SKIP tension=[1;36m0.00009804[0m [0m| momentum_too_small [1;31mconf=0.0002[0m
[ALPHA_X13_BURST13] [1;36m08:36:23[0m [1;32mx13[0m [1;36m#47[0m SKIP tension=[1;36m0.00000304[0m [0m| momentum_too_small [1;31mconf=0.0[0m
[BETA_X5] mode=OFF radar_adj=0 mom= conf=0
[ALPHA_X13_BURST13] mode=OFF radar_adj=0 mom= conf=0
[BETA_X5] [1;36m08:36:30[0m [1;33mx5[0m [1;36m#86[0m SKIP tension=[1;36m0.00000000[0m [0m| momentum_too_small [1;31mconf=0.3162[0m
[BETA_X5] mode=OFF radar_adj=0 mom= conf=0
[BETA_X5] [1;36m08:36:37[0m [1;33mx5[0m [1;36m#87[0m SKIP tension=[1;36m0.00000325[0m [0m| momentum_too_small [1;31mconf=0.0[0m
[BETA_X5] mode=OFF radar_adj=0 mom= conf=0
[BETA_X5] [1;36m08:36:45[0m [1;33mx5[0m [1;36m#88[0m SKIP tension=[1;36m0.00045401[0m [0m| momentum_too_small [1;31mconf=0.0007[0m
[ALPHA_X13_BURST13] shockwave alpha->beta until_cycle=58
[ALPHA_X13_BURST13] [1;33mSWARM shockwave[0m [0m| alpha -> neighbor (shock_inversion_stop)[0m
[ALPHA_X13_BURST13] [1;36mCycle 48[0m [1;32mSOFT anomaly[0m [1;33m| pnl_abs=0.98197000 > 0.02500000[0m
[ALPHA_X13_BURST13] [1;36mentry=08:36:40@62720.00000000[0m [1;32mx13[0m [1;36m#48[0m [1;31mBUY[0m tension=[1;31m3.12877682[0m hold=[1;36m6[0ms sec=[1;36m6[0m [0m| exit=62712.10000000 [1;32mconf=0.8067[0m [1;36mexit_time=08:36:46[0m [1;31mpnl=-0.98197000 bps=-1.25956633 pct=-0.01259566% total=-0.4928199999999999[0m
[BETA_X5] mode=OFF radar_adj=0 mom= conf=0
[ALPHA_X13_BURST13] mode=OFF radar_adj=0 mom= conf=0
[ALPHA_X13_BURST13] [1;36m08:36:56[0m [1;32mx13[0m [1;36m#49[0m SKIP tension=[1;36m0.00007489[0m [0m| momentum_too_small [1;31mconf=0.0001[0m
