[BETA_X5] [1;36m--- ACE777 STRICT CLONE FUTURES TESTNET ---[0m
[BETA_X5] [1;32mV8 Resonance ON:[0m [1;36mimpulse_thr=0.96 dt_ms=64 aspiration=1.618@37.8deg void_lock=TRUE shock_exit=TRUE[0m
[BETA_X5] [1;32mV8 Tension ON:[0m [1;36mwall_drop=6.5% dt_ms=64 filter=0.85 depth=20[0m
[BETA_X5] [1;36mSymbol=BTCUSDT[0m [1;32mLeverage=5[0m [1;36mBuyUSDT=200 Orders=TRUE[0m
[ALPHA_X13_BURST13] [1;36m--- ACE777 STRICT CLONE FUTURES TESTNET ---[0m
[ALPHA_X13_BURST13] [1;36mLeverage ramp ON:[0m [1;36mstart=13 end=13 cycles=180[0m
[ALPHA_X13_BURST13] [1;32mV8 Resonance ON:[0m [1;36mimpulse_thr=0.96 dt_ms=64 aspiration=1.618@37.8deg void_lock=TRUE shock_exit=TRUE[0m
[ALPHA_X13_BURST13] [1;32mV8 Tension ON:[0m [1;36mwall_drop=6.5% dt_ms=64 filter=0.85 depth=20[0m
[ALPHA_X13_BURST13] [1;36mSymbol=BTCUSDT[0m [1;32mLeverage=13[0m [1;36mBuyUSDT=800 Orders=TRUE[0m
[BETA_X5] mode=OFF radar_adj=0 mom= conf=0
[ALPHA_X13_BURST13] mode=OFF radar_adj=0 mom= conf=0
[BETA_X5] [1;36m14:47:27[0m [1;33mx5[0m [1;36m#1[0m SKIP tension=[1;36m0.48503106[0m [0m| wall_not_collapsed
[ALPHA_X13_BURST13] [1;36m14:47:29[0m [1;32mx13[0m [1;36m#1[0m SKIP tension=[1;36m0.51766697[0m [0m| wall_not_collapsed
[BETA_X5] mode=OFF radar_adj=0 mom= conf=0
[ALPHA_X13_BURST13] mode=OFF radar_adj=0 mom= conf=0
[ALPHA_X13_BURST13] [1;36m14:47:37[0m [1;32mx13[0m [1;36m#2[0m SKIP tension=[1;36m0.00000000[0m [0m| momentum_too_small [1;31mconf=0.2652[0m
[BETA_X5] [1;36m14:47:40[0m [1;33mx5[0m [1;36m#2[0m SKIP tension=[1;36m0.00000000[0m [0m| momentum_too_small [1;31mconf=0.3452[0m
[ALPHA_X13_BURST13] mode=OFF radar_adj=0 mom= conf=0
[BETA_X5] mode=OFF radar_adj=0 mom= conf=0
[ALPHA_X13_BURST13] [1;36m14:47:46[0m [1;32mx13[0m [1;36m#3[0m SKIP tension=[1;36m0.52751823[0m [0m| wall_not_collapsed
[BETA_X5] [1;36m14:47:48[0m [1;33mx5[0m [1;36m#3[0m SKIP tension=[1;36m0.00000000[0m [0m| momentum_too_small [1;31mconf=0.3408[0m
[ALPHA_X13_BURST13] mode=OFF radar_adj=0 mom= conf=0
[BETA_X5] mode=OFF radar_adj=0 mom= conf=0
[ALPHA_X13_BURST13] [1;36m14:47:55[0m [1;32mx13[0m [1;36m#4[0m SKIP tension=[1;36m0.00000000[0m [0m| momentum_too_small [1;31mconf=0.3353[0m
[BETA_X5] [1;36m14:47:57[0m [1;33mx5[0m [1;36m#4[0m SKIP tension=[1;36m0.00001172[0m [0m| momentum_too_small [1;31mconf=0.0[0m
[ALPHA_X13_BURST13] mode=OFF radar_adj=0 mom= conf=0
[BETA_X5] mode=OFF radar_adj=0 mom= conf=0
[ALPHA_X13_BURST13] [1;36m14:48:03[0m [1;32mx13[0m [1;36m#5[0m SKIP tension=[1;36m0.00000000[0m [0m| momentum_too_small [1;31mconf=0.3459[0m
[ALPHA_X13_BURST13] mode=OFF radar_adj=0 mom= conf=0
[ALPHA_X13_BURST13] [1;36m14:48:11[0m [1;32mx13[0m [1;36m#6[0m SKIP tension=[1;36m0.00000000[0m [0m| momentum_too_small [1;31mconf=0.3415[0m
[ALPHA_X13_BURST13] mode=OFF radar_adj=0 mom= conf=0
[BETA_X5] [1;36mCycle 5[0m [1;32mSOFT anomaly[0m [1;33m| pnl_abs=0.05460000 > 0.02500000[0m
[BETA_X5] [1;36mentry=14:48:09@63970.00000000[0m [1;33mx5[0m [1;36m#5[0m [1;32mSELL[0m tension=[1;31m2.12870230[0m hold=[1;36m6[0ms sec=[1;36m6[0m [0m| exit=63966.50000000 [1;32mconf=0.9883[0m [1;36mexit_time=14:48:15[0m [1;32mpnl=0.05460000 bps=0.54713147 pct=0.00547131% total=0.0546[0m
[ALPHA_X13_BURST13] [1;36m14:48:19[0m [1;32mx13[0m [1;36m#7[0m SKIP tension=[1;36m0.00110278[0m [0m| momentum_too_small [1;31mconf=0.0018[0m
[BETA_X5] mode=OFF radar_adj=0 mom= conf=0
[ALPHA_X13_BURST13] mode=OFF radar_adj=0 mom= conf=0
[ALPHA_X13_BURST13] [1;36m14:48:27[0m [1;32mx13[0m [1;36m#8[0m SKIP tension=[1;36m0.00001737[0m [0m| momentum_too_small [1;31mconf=0.0[0m
[ALPHA_X13_BURST13] mode=OFF radar_adj=0 mom= conf=0
[BETA_X5] [1;36mCycle 6[0m [1;32mSOFT anomaly[0m [1;33m| pnl_abs=0.07084000 > 0.02500000[0m
[BETA_X5] [1;36mentry=14:48:28@63966.40000000[0m [1;33mx5[0m [1;36m#6[0m [1;32mSELL[0m tension=[1;32m1.63997606[0m hold=[1;36m6[0ms sec=[1;36m6[0m [0m| exit=63957.20000000 [1;32mconf=0.9433[0m [1;36mexit_time=14:48:35[0m [1;32mpnl=0.07084000 bps=1.43825508 pct=0.01438255% total=0.12544[0m
[BETA_X5] mode=OFF radar_adj=0 mom= conf=0
[ALPHA_X13_BURST13] [1;36m14:48:40[0m [1;32mx13[0m [1;36m#9[0m SKIP tension=[1;36m0.00782970[0m [0m| direction_unclear [1;31mconf=0.0115[0m
[ALPHA_X13_BURST13] mode=OFF radar_adj=0 mom= conf=0
[ALPHA_X13_BURST13] [1;36m14:48:49[0m [1;32mx13[0m [1;36m#10[0m SKIP tension=[1;36m0.28974445[0m [0m| wall_not_collapsed
[ALPHA_X13_BURST13] mode=OFF radar_adj=0 mom= conf=0
[BETA_X5] shockwave beta->alpha until_cycle=17
[BETA_X5] [1;33mSWARM shockwave[0m [0m| beta -> neighbor (shock_inversion_stop)[0m
[BETA_X5] [1;36mentry=14:48:49@63957.20000000[0m [1;33mx5[0m [1;36m#7[0m [1;31mSELL[0m tension=[1;32m1.59655371[0m hold=[1;36m7[0ms sec=[1;36m7[0m [0m| exit=63958.00000000 [1;32mconf=0.8847[0m [1;36mexit_time=14:48:56[0m [1;31mpnl=-0.00616000 bps=-0.12508365 pct=-0.00125084% total=0.11928[0m
[ALPHA_X13_BURST13] [1;36m14:48:58[0m [1;32mx13[0m [1;36m#11[0m SKIP tension=[1;36m0.00006881[0m [0m| momentum_too_small [1;31mconf=0.0001[0m
[BETA_X5] mode=OFF radar_adj=0 mom= conf=0
[ALPHA_X13_BURST13] mode=OFF radar_adj=0 mom= conf=0
[BETA_X5] [1;36m14:49:06[0m [1;33mx5[0m [1;36m#8[0m SKIP tension=[1;36m0.00000747[0m [0m| momentum_too_small [1;31mconf=0.0[0m
[ALPHA_X13_BURST13] [1;36m14:49:06[0m [1;32mx13[0m [1;36m#12[0m SKIP tension=[1;36m0.06306129[0m [0m| direction_unclear [1;31mconf=0.0974[0m
[BETA_X5] mode=OFF radar_adj=0 mom= conf=0
[ALPHA_X13_BURST13] mode=OFF radar_adj=0 mom= conf=0
[BETA_X5] [1;36m14:49:14[0m [1;33mx5[0m [1;36m#9[0m SKIP [0m| Mode Écoute: spread=0.85990000 volat=21.25242125 (attente froid)
[ALPHA_X13_BURST13] [1;36m14:49:14[0m [1;32mx13[0m [1;36m#13[0m SKIP tension=[1;36m0.25533416[0m [0m| wall_not_collapsed
[BETA_X5] mode=OFF radar_adj=0 mom= conf=0
[ALPHA_X13_BURST13] mode=OFF radar_adj=0 mom= conf=0
[BETA_X5] [1;36m14:49:21[0m [1;33mx5[0m [1;36m#10[0m SKIP tension=[1;36m0.00000380[0m [0m| momentum_too_small [1;31mconf=0.0[0m
[ALPHA_X13_BURST13] [1;36m14:49:23[0m [1;32mx13[0m [1;36m#14[0m SKIP tension=[1;36m0.00000000[0m [0m| momentum_too_small [1;31mconf=0.3165[0m
[BETA_X5] mode=OFF radar_adj=0 mom= conf=0
[ALPHA_X13_BURST13] mode=OFF radar_adj=0 mom= conf=0
[BETA_X5] [1;36m14:49:29[0m [1;33mx5[0m [1;36m#11[0m SKIP tension=[1;36m0.00000000[0m [0m| momentum_too_small [1;31mconf=0.3117[0m
[ALPHA_X13_BURST13] [1;36m14:49:31[0m [1;32mx13[0m [1;36m#15[0m SKIP tension=[1;36m0.00000380[0m [0m| momentum_too_small [1;31mconf=0.0[0m
[BETA_X5] mode=OFF radar_adj=0 mom= conf=0
[ALPHA_X13_BURST13] mode=OFF radar_adj=0 mom= conf=0
[BETA_X5] [1;36m14:49:37[0m [1;33mx5[0m [1;36m#12[0m SKIP tension=[1;36m0.00021674[0m [0m| momentum_too_small [1;31mconf=0.0003[0m
[ALPHA_X13_BURST13] [1;36m14:49:40[0m [1;32mx13[0m [1;36m#16[0m SKIP tension=[1;36m0.00003658[0m [0m| momentum_too_small [1;31mconf=0.0[0m
[BETA_X5] mode=OFF radar_adj=0 mom= conf=0
[ALPHA_X13_BURST13] mode=OFF radar_adj=0 mom= conf=0
[BETA_X5] [1;36m14:49:45[0m [1;33mx5[0m [1;36m#13[0m SKIP tension=[1;36m0.00004183[0m [0m| momentum_too_small [1;31mconf=0.0001[0m
[ALPHA_X13_BURST13] [1;36m14:49:49[0m [1;32mx13[0m [1;36m#17[0m SKIP tension=[1;36m0.26485504[0m [0m| wall_not_collapsed
[ALPHA_X13_BURST13] mode=OFF radar_adj=0 mom= conf=0
[BETA_X5] mode=OFF radar_adj=0 mom= conf=0
[BETA_X5] [1;36m14:49:58[0m [1;33mx5[0m [1;36m#14[0m SKIP tension=[1;36m0.00000000[0m [0m| momentum_too_small [1;31mconf=0.27[0m
[ALPHA_X13_BURST13] [1;36m14:49:58[0m [1;32mx13[0m [1;36m#18[0m SKIP tension=[1;36m0.00000000[0m [0m| momentum_too_small [1;31mconf=0.27[0m
[BETA_X5] mode=OFF radar_adj=0 mom= conf=0
[ALPHA_X13_BURST13] mode=OFF radar_adj=0 mom= conf=0
[ALPHA_X13_BURST13] [1;36m14:50:06[0m [1;32mx13[0m [1;36m#19[0m SKIP tension=[1;36m0.25798693[0m [0m| wall_not_collapsed
[ALPHA_X13_BURST13] mode=OFF radar_adj=0 mom= conf=0
[ALPHA_X13_BURST13] [1;36m14:50:14[0m [1;32mx13[0m [1;36m#20[0m SKIP tension=[1;36m0.00003630[0m [0m| momentum_too_small [1;31mconf=0.0001[0m
[BETA_X5] shockwave beta->alpha until_cycle=25
[BETA_X5] [1;33mSWARM shockwave[0m [0m| beta -> neighbor (shock_inversion_stop)[0m
[BETA_X5] [1;36mCycle 15[0m [1;32mSOFT anomaly[0m [1;33m| pnl_abs=0.11473000 > 0.02500000[0m
[ALPHA_X13_BURST13] mode=OFF radar_adj=0 mom= conf=0
[BETA_X5] [1;36mentry=14:50:10@63951.20000000[0m [1;33mx5[0m [1;36m#15[0m [1;31mSELL[0m tension=[1;32m1.27566698[0m hold=[1;36m6[0ms sec=[1;36m6[0m [0m| exit=63966.10000000 [1;32mconf=0.917[0m [1;36mexit_time=14:50:16[0m [1;31mpnl=-0.11473000 bps=-2.32990155 pct=-0.02329902% total=0.0045499999999999985[0m
[BETA_X5] mode=OFF radar_adj=0 mom= conf=0
[ALPHA_X13_BURST13] [1;36m14:50:23[0m [1;32mx13[0m [1;36m#21[0m SKIP [1;33m| tension_stale age=3132ms>800ms (NUAGE)[0m
[ALPHA_X13_BURST13] mode=OFF radar_adj=0 mom= conf=0
[BETA_X5] [1;36m14:50:27[0m [1;33mx5[0m [1;36m#16[0m SKIP tension=[1;36m0.00025823[0m [0m| momentum_too_small [1;31mconf=0.0004[0m
[BETA_X5] mode=OFF radar_adj=0 mom= conf=0
[ALPHA_X13_BURST13] [1;36m14:50:32[0m [1;32mx13[0m [1;36m#22[0m SKIP tension=[1;36m0.00290616[0m [0m| momentum_too_small [1;31mconf=0.0047[0m
[ALPHA_X13_BURST13] mode=OFF radar_adj=0 mom= conf=0
[BETA_X5] [1;36m14:50:35[0m [1;33mx5[0m [1;36m#17[0m SKIP tension=[1;36m0.00000000[0m [0m| momentum_too_small [1;31mconf=0.3462[0m
[BETA_X5] mode=OFF radar_adj=0 mom= conf=0
[ALPHA_X13_BURST13] [1;36m14:50:40[0m [1;32mx13[0m [1;36m#23[0m SKIP tension=[1;36m0.00001960[0m [0m| momentum_too_small [1;31mconf=0.0[0m
[ALPHA_X13_BURST13] mode=OFF radar_adj=0 mom= conf=0
[BETA_X5] [1;36m14:50:43[0m [1;33mx5[0m [1;36m#18[0m SKIP tension=[1;31m2.66884799[0m [0m| tactic long vs short
[BETA_X5] mode=OFF radar_adj=0 mom= conf=0
[BETA_X5] [1;36m14:50:51[0m [1;33mx5[0m [1;36m#19[0m SKIP tension=[1;36m0.00000000[0m [0m| momentum_too_small [1;31mconf=0.3462[0m
[ALPHA_X13_BURST13] [1;36m14:50:53[0m [1;32mx13[0m [1;36m#24[0m SKIP tension=[1;36m0.00005530[0m [0m| momentum_too_small [1;31mconf=0.0001[0m
[BETA_X5] mode=OFF radar_adj=0 mom= conf=0
[ALPHA_X13_BURST13] mode=OFF radar_adj=0 mom= conf=0
[ALPHA_X13_BURST13] [1;36m14:51:01[0m [1;32mx13[0m [1;36m#25[0m SKIP tension=[1;36m0.00033370[0m [0m| momentum_too_small [1;31mconf=0.0005[0m
[ALPHA_X13_BURST13] mode=OFF radar_adj=0 mom= conf=0
[ALPHA_X13_BURST13] [1;36m14:51:10[0m [1;32mx13[0m [1;36m#26[0m SKIP tension=[1;36m0.39032515[0m [0m| wall_not_collapsed
[BETA_X5] [1;36mentry=14:51:03@63944.40000000[0m [1;33mx5[0m [1;36m#20[0m [1;32mSELL[0m tension=[1;31m5.42757517[0m hold=[1;36m7[0ms sec=[1;36m7[0m [0m| exit=63943.50000000 [1;32mconf=0.9472[0m [1;36mexit_time=14:51:10[0m [1;32mpnl=0.00693000 bps=0.14074727 pct=0.00140747% total=0.011479999999999999[0m
[ALPHA_X13_BURST13] mode=OFF radar_adj=0 mom= conf=0
[BETA_X5] mode=OFF radar_adj=0 mom= conf=0
[ALPHA_X13_BURST13] [1;36m14:51:18[0m [1;32mx13[0m [1;36m#27[0m SKIP tension=[1;36m0.00000000[0m [0m| momentum_too_small [1;31mconf=0.3332[0m
[ALPHA_X13_BURST13] mode=OFF radar_adj=0 mom= conf=0
[ALPHA_X13_BURST13] [1;36m14:51:27[0m [1;32mx13[0m [1;36m#28[0m SKIP tension=[1;36m0.09396634[0m [0m| direction_unclear [1;31mconf=0.0122[0m
[ALPHA_X13_BURST13] mode=OFF radar_adj=0 mom= conf=0
[ALPHA_X13_BURST13] [1;36m14:51:37[0m [1;32mx13[0m [1;36m#29[0m SKIP tension=[1;36m0.00000000[0m [0m| momentum_too_small [1;31mconf=0.3192[0m
[ALPHA_X13_BURST13] mode=OFF radar_adj=0 mom= conf=0
[BETA_X5] [1;36mCycle 21[0m [1;32mSOFT anomaly[0m [1;33m| pnl_abs=0.06048000 > 0.02500000[0m
[BETA_X5] [1;36mentry=14:51:29@63948.30000000[0m [1;33mx5[0m [1;36m#21[0m [1;32mSELL[0m tension=[1;32m1.34842729[0m hold=[1;36m11[0ms sec=[1;36m11[0m [0m| exit=63943.50000000 [1;32mconf=0.9169[0m [1;36mexit_time=14:51:40[0m [1;32mpnl=0.06048000 bps=0.75060635 pct=0.00750606% total=0.07196[0m
[BETA_X5] mode=OFF radar_adj=0 mom= conf=0
[ALPHA_X13_BURST13] [1;36m14:51:46[0m [1;32mx13[0m [1;36m#30[0m SKIP [1;33m| tension_stale age=2076ms>800ms (NUAGE)[0m
[ALPHA_X13_BURST13] mode=OFF radar_adj=0 mom= conf=0
[BETA_X5] [1;36m14:51:50[0m [1;33mx5[0m [1;36m#22[0m SKIP tension=[1;36m0.00000000[0m [0m| momentum_too_small [1;31mconf=0.2939[0m
[BETA_X5] mode=OFF radar_adj=0 mom= conf=0
[ALPHA_X13_BURST13] [1;36m14:51:54[0m [1;32mx13[0m [1;36m#31[0m SKIP tension=[1;36m0.00000000[0m [0m| momentum_too_small [1;31mconf=0.3206[0m
[ALPHA_X13_BURST13] mode=OFF radar_adj=0 mom= conf=0
[BETA_X5] [1;36m14:51:59[0m [1;33mx5[0m [1;36m#23[0m SKIP tension=[1;36m0.00000000[0m [0m| momentum_too_small [1;31mconf=0.3206[0m
[ALPHA_X13_BURST13] [1;36m14:52:02[0m [1;32mx13[0m [1;36m#32[0m SKIP [1;33m| tension_stale age=2319ms>800ms (NUAGE)[0m
[ALPHA_X13_BURST13] mode=OFF radar_adj=0 mom= conf=0
[BETA_X5] mode=OFF radar_adj=0 mom= conf=0
[ALPHA_X13_BURST13] [1;36m14:52:11[0m [1;32mx13[0m [1;36m#33[0m SKIP tension=[1;36m0.46853623[0m [0m| wall_not_collapsed
[BETA_X5] [1;36m14:52:12[0m [1;33mx5[0m [1;36m#24[0m SKIP tension=[1;36m0.46886551[0m [0m| wall_not_collapsed
[ALPHA_X13_BURST13] mode=OFF radar_adj=0 mom= conf=0
[BETA_X5] mode=OFF radar_adj=0 mom= conf=0
[ALPHA_X13_BURST13] [1;36m14:52:21[0m [1;32mx13[0m [1;36m#34[0m SKIP [1;33m| tension_stale age=6937ms>800ms (NUAGE)[0m
[ALPHA_X13_BURST13] mode=OFF radar_adj=0 mom= conf=0
[ALPHA_X13_BURST13] [1;36m14:52:29[0m [1;32mx13[0m [1;36m#35[0m SKIP tension=[1;36m0.00000000[0m [0m| momentum_too_small [1;31mconf=0.3497[0m
[ALPHA_X13_BURST13] mode=OFF radar_adj=0 mom= conf=0
[BETA_X5] [1;36mentry=14:52:24@63952.10000000[0m [1;33mx5[0m [1;36m#25[0m [1;33mSELL[0m tension=[1;32m1.06041775[0m hold=[1;36m7[0ms sec=[1;36m7[0m [0m| exit=63952.10000000 [1;32mconf=0.999[0m [1;36mexit_time=14:52:31[0m [1;33mpnl=-0.00000000 bps=-0.00000000 pct=-0.00000000% total=0.07196[0m
[BETA_X5] mode=OFF radar_adj=0 mom= conf=0
[ALPHA_X13_BURST13] [1;36m14:52:38[0m [1;32mx13[0m [1;36m#36[0m SKIP tension=[1;36m0.00001851[0m [0m| momentum_too_small [1;31mconf=0.0[0m
[BETA_X5] [1;36m14:52:40[0m [1;33mx5[0m [1;36m#26[0m SKIP tension=[1;36m0.01369918[0m [0m| direction_unclear [1;31mconf=0.0228[0m
[ALPHA_X13_BURST13] mode=OFF radar_adj=0 mom= conf=0
[BETA_X5] mode=OFF radar_adj=0 mom= conf=0
[ALPHA_X13_BURST13] [1;36m14:52:46[0m [1;32mx13[0m [1;36m#37[0m SKIP tension=[1;36m0.00355749[0m [0m| momentum_too_small [1;31mconf=0.0051[0m
[BETA_X5] [1;36m14:52:48[0m [1;33mx5[0m [1;36m#27[0m SKIP tension=[1;36m0.03412140[0m [0m| direction_unclear [1;31mconf=0.0492[0m
[ALPHA_X13_BURST13] mode=OFF radar_adj=0 mom= conf=0
[BETA_X5] mode=OFF radar_adj=0 mom= conf=0
[ALPHA_X13_BURST13] [1;36m14:52:55[0m [1;32mx13[0m [1;36m#38[0m SKIP tension=[1;36m0.00000000[0m [0m| momentum_too_small [1;31mconf=0.3438[0m
[BETA_X5] [1;36m14:52:56[0m [1;33mx5[0m [1;36m#28[0m SKIP tension=[1;36m0.00154341[0m [0m| momentum_too_small [1;31mconf=0.0026[0m
[ALPHA_X13_BURST13] mode=OFF radar_adj=0 mom= conf=0
[BETA_X5] mode=OFF radar_adj=0 mom= conf=0
[BETA_X5] [1;36m14:53:04[0m [1;33mx5[0m [1;36m#29[0m SKIP tension=[1;36m0.61853898[0m [0m| wall_not_collapsed
[BETA_X5] mode=OFF radar_adj=0 mom= conf=0
[ALPHA_X13_BURST13] [1;36m14:53:08[0m [1;32mx13[0m [1;36m#39[0m SKIP tension=[1;36m0.00018509[0m [0m| momentum_too_small [1;31mconf=0.0003[0m
