[BETA_X5] [1;36m--- ACE777 STRICT CLONE FUTURES TESTNET ---[0m
[BETA_X5] [1;32mV8 Resonance ON:[0m [1;36mimpulse_thr=0.96 dt_ms=64 aspiration=1.618@37.8deg void_lock=TRUE shock_exit=TRUE[0m
[BETA_X5] [1;32mV8 Tension ON:[0m [1;36mwall_drop=6.5% dt_ms=64 filter=0.85 depth=20[0m
[BETA_X5] [1;36mSymbol=BTCUSDT[0m [1;32mLeverage=5[0m [1;36mBuyUSDT=200 Orders=TRUE[0m
[ALPHA_X13_BURST13] [1;36m--- ACE777 STRICT CLONE FUTURES TESTNET ---[0m
[ALPHA_X13_BURST13] [1;36mLeverage ramp ON:[0m [1;36mstart=13 end=13 cycles=180[0m
[ALPHA_X13_BURST13] [1;32mV8 Resonance ON:[0m [1;36mimpulse_thr=0.96 dt_ms=64 aspiration=1.618@37.8deg void_lock=TRUE shock_exit=TRUE[0m
[ALPHA_X13_BURST13] [1;32mV8 Tension ON:[0m [1;36mwall_drop=6.5% dt_ms=64 filter=0.85 depth=20[0m
[ALPHA_X13_BURST13] [1;36mSymbol=BTCUSDT[0m [1;32mLeverage=13[0m [1;36mBuyUSDT=800 Orders=TRUE[0m
[BETA_X5] mode=OFF radar_adj=0 mom= conf=0
[ALPHA_X13_BURST13] mode=OFF radar_adj=0 mom= conf=0
[BETA_X5] [1;36m18:07:13[0m [1;33mx5[0m [1;36m#1[0m SKIP tension=[1;36m0.00002564[0m [0m| momentum_too_small [1;31mconf=0.0[0m
[ALPHA_X13_BURST13] [1;36m18:07:15[0m [1;32mx13[0m [1;36m#1[0m SKIP tension=[1;36m0.00002502[0m [0m| momentum_too_small [1;31mconf=0.0[0m
[BETA_X5] mode=OFF radar_adj=0 mom= conf=0
[ALPHA_X13_BURST13] mode=OFF radar_adj=0 mom= conf=0
[BETA_X5] [1;36m18:07:21[0m [1;33mx5[0m [1;36m#2[0m SKIP tension=[1;36m0.00023641[0m [0m| momentum_too_small [1;31mconf=0.0004[0m
[ALPHA_X13_BURST13] [1;36m18:07:23[0m [1;32mx13[0m [1;36m#2[0m SKIP tension=[1;36m0.00005740[0m [0m| momentum_too_small [1;31mconf=0.0001[0m
[BETA_X5] mode=OFF radar_adj=0 mom= conf=0
[ALPHA_X13_BURST13] mode=OFF radar_adj=0 mom= conf=0
[BETA_X5] [1;36m18:07:29[0m [1;33mx5[0m [1;36m#3[0m SKIP tension=[1;36m0.00000000[0m [0m| momentum_too_small [1;31mconf=0.3459[0m
[ALPHA_X13_BURST13] [1;36m18:07:31[0m [1;32mx13[0m [1;36m#3[0m SKIP tension=[1;36m0.24322155[0m [0m| wall_not_collapsed
[BETA_X5] mode=OFF radar_adj=0 mom= conf=0
[ALPHA_X13_BURST13] mode=OFF radar_adj=0 mom= conf=0
[BETA_X5] [1;36m18:07:38[0m [1;33mx5[0m [1;36m#4[0m SKIP tension=[1;36m0.00000000[0m [0m| momentum_too_small [1;31mconf=0.3459[0m
[ALPHA_X13_BURST13] [1;36m18:07:39[0m [1;32mx13[0m [1;36m#4[0m SKIP tension=[1;36m0.00000925[0m [0m| momentum_too_small [1;31mconf=0.0[0m
[BETA_X5] mode=OFF radar_adj=0 mom= conf=0
[ALPHA_X13_BURST13] mode=OFF radar_adj=0 mom= conf=0
[BETA_X5] [1;36m18:07:45[0m [1;33mx5[0m [1;36m#5[0m SKIP tension=[1;36m0.00085575[0m [0m| momentum_too_small [1;31mconf=0.0014[0m
[ALPHA_X13_BURST13] [1;36m18:07:47[0m [1;32mx13[0m [1;36m#5[0m SKIP tension=[1;36m0.00000000[0m [0m| momentum_too_small [1;31mconf=0.3459[0m
[BETA_X5] mode=OFF radar_adj=0 mom= conf=0
[ALPHA_X13_BURST13] mode=OFF radar_adj=0 mom= conf=0
[BETA_X5] [1;36m18:07:53[0m [1;33mx5[0m [1;36m#6[0m SKIP tension=[1;36m0.00001378[0m [0m| momentum_too_small [1;31mconf=0.0[0m
[BETA_X5] mode=OFF radar_adj=0 mom= conf=0
[ALPHA_X13_BURST13] [1;36m18:07:57[0m [1;32mx13[0m [1;36m#6[0m SKIP tension=[1;32m1.80834742[0m [0m| duo no_state
[ALPHA_X13_BURST13] mode=OFF radar_adj=0 mom= conf=0
[ALPHA_X13_BURST13] [1;36m18:08:10[0m [1;32mx13[0m [1;36m#7[0m SKIP tension=[1;36m0.00031085[0m [0m| momentum_too_small [1;31mconf=0.0005[0m
[BETA_X5] shockwave beta->alpha until_cycle=17
[BETA_X5] [1;33mSWARM shockwave[0m [0m| beta -> neighbor (fluid_exit_inversion)[0m
[BETA_X5] [1;36mCycle 7[0m [1;32mSOFT anomaly[0m [1;33m| pnl_abs=0.05698000 > 0.02500000[0m
[BETA_X5] [1;36mentry=18:08:05@64525.10000000[0m [1;33mx5[0m [1;36m#7[0m [1;31mSELL[0m tension=[1;32m1.27199021[0m hold=[1;36m6[0ms sec=[1;36m6[0m [0m| exit=64528.80000000 [1;32mconf=0.9748[0m [1;36mexit_time=18:08:11[0m [1;31mpnl=-0.05698000 bps=-0.57342027 pct=-0.00573420% total=-0.05698[0m
[ALPHA_X13_BURST13] mode=OFF radar_adj=0 mom= conf=0
[BETA_X5] mode=OFF radar_adj=0 mom= conf=0
[ALPHA_X13_BURST13] [1;36m18:08:20[0m [1;32mx13[0m [1;36m#8[0m SKIP tension=[1;36m0.00000000[0m [0m| momentum_too_small [1;31mconf=0.3242[0m
[BETA_X5] [1;36m18:08:22[0m [1;33mx5[0m [1;36m#8[0m SKIP tension=[1;36m0.00046206[0m [0m| momentum_too_small [1;31mconf=0.0008[0m
[ALPHA_X13_BURST13] mode=OFF radar_adj=0 mom= conf=0
[BETA_X5] mode=OFF radar_adj=0 mom= conf=0
[ALPHA_X13_BURST13] [1;36m18:08:29[0m [1;32mx13[0m [1;36m#9[0m SKIP [1;33m| tension_stale age=5900ms>800ms (NUAGE)[0m
[ALPHA_X13_BURST13] mode=OFF radar_adj=0 mom= conf=0
[ALPHA_X13_BURST13] [1;36m18:08:39[0m [1;32mx13[0m [1;36m#10[0m SKIP tension=[1;32m1.30904846[0m [0m| duo no_trigger
[ALPHA_X13_BURST13] mode=OFF radar_adj=0 mom= conf=0
[BETA_X5] [1;36mentry=18:08:34@64523.60000000[0m [1;33mx5[0m [1;36m#9[0m [1;32mSELL[0m tension=[1;31m2.30122802[0m hold=[1;36m6[0ms sec=[1;36m6[0m [0m| exit=64523.30000000 [1;32mconf=0.9467[0m [1;36mexit_time=18:08:40[0m [1;32mpnl=0.00228000 bps=0.04649462 pct=0.00046495% total=-0.054700000000000006[0m
[BETA_X5] mode=OFF radar_adj=0 mom= conf=0
[BETA_X5] [1;36m18:08:50[0m [1;33mx5[0m [1;36m#10[0m SKIP tension=[1;36m0.00000000[0m [0m| momentum_too_small [1;31mconf=0.3269[0m
[ALPHA_X13_BURST13] [1;36m18:08:52[0m [1;32mx13[0m [1;36m#11[0m SKIP tension=[1;36m0.28397777[0m [0m| wall_not_collapsed
[BETA_X5] mode=OFF radar_adj=0 mom= conf=0
[ALPHA_X13_BURST13] mode=OFF radar_adj=0 mom= conf=0
[ALPHA_X13_BURST13] [1;36m18:09:05[0m [1;32mx13[0m [1;36m#12[0m SKIP tension=[1;36m0.00000000[0m [0m| momentum_too_small [1;31mconf=0.3473[0m
[ALPHA_X13_BURST13] mode=OFF radar_adj=0 mom= conf=0
[BETA_X5] [1;36mCycle 11[0m [1;32mSOFT anomaly[0m [1;33m| pnl_abs=0.02875000 > 0.02500000[0m
[BETA_X5] [1;36mentry=18:09:02@64515.90000000[0m [1;33mx5[0m [1;36m#11[0m [1;32mSELL[0m tension=[1;32m1.34069122[0m hold=[1;36m6[0ms sec=[1;36m6[0m [0m| exit=64513.60000000 [1;32mconf=0.9244[0m [1;36mexit_time=18:09:09[0m [1;32mpnl=0.02875000 bps=0.35650127 pct=0.00356501% total=-0.025950000000000004[0m
[ALPHA_X13_BURST13] [1;36m18:09:13[0m [1;32mx13[0m [1;36m#13[0m SKIP tension=[1;36m0.00000000[0m [0m| momentum_too_small [1;31mconf=0.2829[0m
[BETA_X5] mode=OFF radar_adj=0 mom= conf=0
[ALPHA_X13_BURST13] mode=OFF radar_adj=0 mom= conf=0
[BETA_X5] [1;36m18:09:19[0m [1;33mx5[0m [1;36m#12[0m SKIP tension=[1;36m0.00002083[0m [0m| momentum_too_small [1;31mconf=0.0[0m
[BETA_X5] mode=OFF radar_adj=0 mom= conf=0
[ALPHA_X13_BURST13] [1;36m18:09:26[0m [1;32mx13[0m [1;36m#14[0m SKIP tension=[1;36m0.28492714[0m [0m| wall_not_collapsed
[ALPHA_X13_BURST13] mode=OFF radar_adj=0 mom= conf=0
[BETA_X5] [1;36mCycle 13[0m [1;32mSOFT anomaly[0m [1;33m| pnl_abs=0.08892000 > 0.02500000[0m
[ALPHA_X13_BURST13] [1;36m18:09:39[0m [1;32mx13[0m [1;36m#15[0m SKIP tension=[1;36m0.00002019[0m [0m| momentum_too_small [1;31mconf=0.0[0m
[BETA_X5] [1;36mentry=18:09:31@64523.30000000[0m [1;33mx5[0m [1;36m#13[0m [1;32mSELL[0m tension=[1;32m1.34125087[0m hold=[1;36m6[0ms sec=[1;36m6[0m [0m| exit=64511.60000000 [1;32mconf=0.8867[0m [1;36mexit_time=18:09:38[0m [1;32mpnl=0.08892000 bps=1.81329845 pct=0.01813298% total=0.06297[0m
[BETA_X5] mode=OFF radar_adj=0 mom= conf=0
[ALPHA_X13_BURST13] mode=OFF radar_adj=0 mom= conf=0
[BETA_X5] [1;36m18:09:47[0m [1;33mx5[0m [1;36m#14[0m SKIP tension=[1;36m0.09802209[0m [0m| direction_unclear [1;31mconf=0.1418[0m
[ALPHA_X13_BURST13] [1;36m18:09:48[0m [1;32mx13[0m [1;36m#16[0m SKIP tension=[1;36m0.00000820[0m [0m| momentum_too_small [1;31mconf=0.0[0m
[BETA_X5] mode=OFF radar_adj=0 mom= conf=0
[ALPHA_X13_BURST13] mode=OFF radar_adj=0 mom= conf=0
[BETA_X5] [1;36m18:09:55[0m [1;33mx5[0m [1;36m#15[0m SKIP tension=[1;33m0.85414488[0m [0m| wall_not_collapsed
[BETA_X5] mode=OFF radar_adj=0 mom= conf=0
[ALPHA_X13_BURST13] [1;36m18:09:58[0m [1;32mx13[0m [1;36m#17[0m SKIP tension=[1;32m1.68272418[0m [0m| duo no_trigger
[ALPHA_X13_BURST13] mode=OFF radar_adj=0 mom= conf=0
[BETA_X5] [1;36m18:10:03[0m [1;33mx5[0m [1;36m#16[0m SKIP tension=[1;33m0.87134919[0m [0m| wall_not_collapsed
[BETA_X5] mode=OFF radar_adj=0 mom= conf=0
[ALPHA_X13_BURST13] [1;36m18:10:07[0m [1;32mx13[0m [1;36m#18[0m SKIP tension=[1;32m1.26214073[0m [0m| duo no_trigger
[ALPHA_X13_BURST13] mode=OFF radar_adj=0 mom= conf=0
[BETA_X5] [1;36m18:10:11[0m [1;33mx5[0m [1;36m#17[0m SKIP tension=[1;36m0.16790539[0m [0m| direction_unclear [1;31mconf=0.2617[0m
[BETA_X5] mode=OFF radar_adj=0 mom= conf=0
[ALPHA_X13_BURST13] [1;36m18:10:15[0m [1;32mx13[0m [1;36m#19[0m SKIP tension=[1;36m0.00649257[0m [0m| momentum_too_small [1;31mconf=0.0101[0m
[ALPHA_X13_BURST13] mode=OFF radar_adj=0 mom= conf=0
[ALPHA_X13_BURST13] [1;36m18:10:24[0m [1;32mx13[0m [1;36m#20[0m SKIP tension=[1;36m0.00000802[0m [0m| momentum_too_small [1;31mconf=0.0[0m
[ALPHA_X13_BURST13] mode=OFF radar_adj=0 mom= conf=0
[ALPHA_X13_BURST13] [1;36m18:10:32[0m [1;32mx13[0m [1;36m#21[0m SKIP tension=[1;36m0.00003465[0m [0m| momentum_too_small [1;31mconf=0.0001[0m
[BETA_X5] shockwave beta->alpha until_cycle=28
[BETA_X5] [1;33mSWARM shockwave[0m [0m| beta -> neighbor (shock_inversion_stop)[0m
[ALPHA_X13_BURST13] mode=OFF radar_adj=0 mom= conf=0
[BETA_X5] [1;36mCycle 18[0m [1;32mSOFT anomaly[0m [1;33m| pnl_abs=0.05092000 > 0.02500000[0m
[BETA_X5] [1;36mentry=18:10:29@64504.90000000[0m [1;33mx5[0m [1;36m#18[0m [1;31mSELL[0m tension=[1;32m1.15983933[0m hold=[1;36m6[0ms sec=[1;36m6[0m [0m| exit=64511.60000000 [1;32mconf=0.9254[0m [1;36mexit_time=18:10:35[0m [1;31mpnl=-0.05092000 bps=-1.03868078 pct=-0.01038681% total=0.012049999999999998[0m
[BETA_X5] mode=OFF radar_adj=0 mom= conf=0
[ALPHA_X13_BURST13] [1;36m18:10:40[0m [1;32mx13[0m [1;36m#22[0m SKIP tension=[1;36m0.73128812[0m [0m| wall_not_collapsed
[ALPHA_X13_BURST13] mode=OFF radar_adj=0 mom= conf=0
[BETA_X5] [1;36m18:10:44[0m [1;33mx5[0m [1;36m#19[0m SKIP tension=[1;36m0.49068585[0m [0m| wall_not_collapsed
[BETA_X5] mode=OFF radar_adj=0 mom= conf=0
[ALPHA_X13_BURST13] [1;36m18:10:48[0m [1;32mx13[0m [1;36m#23[0m SKIP tension=[1;36m0.00000000[0m [0m| momentum_too_small [1;31mconf=0.2618[0m
[ALPHA_X13_BURST13] mode=OFF radar_adj=0 mom= conf=0
[BETA_X5] [1;36m18:10:52[0m [1;33mx5[0m [1;36m#20[0m SKIP tension=[1;36m0.11488161[0m [0m| direction_unclear [1;31mconf=0.1236[0m
[BETA_X5] mode=OFF radar_adj=0 mom= conf=0
[BETA_X5] [1;36m18:11:00[0m [1;33mx5[0m [1;36m#21[0m SKIP tension=[1;36m0.54812973[0m [0m| wall_not_collapsed
[ALPHA_X13_BURST13] [1;36m18:11:01[0m [1;32mx13[0m [1;36m#24[0m SKIP tension=[1;36m0.62310945[0m [0m| spread_too_wide [1;33mconf=0.5[0m
[BETA_X5] mode=OFF radar_adj=0 mom= conf=0
[ALPHA_X13_BURST13] mode=OFF radar_adj=0 mom= conf=0
[BETA_X5] [1;36m18:11:08[0m [1;33mx5[0m [1;36m#22[0m SKIP tension=[1;36m0.00000000[0m [0m| momentum_too_small [1;31mconf=0.2259[0m
[ALPHA_X13_BURST13] [1;36m18:11:10[0m [1;32mx13[0m [1;36m#25[0m SKIP tension=[1;36m0.11103522[0m [0m| spread_too_wide [1;31mconf=0.0925[0m
[BETA_X5] mode=OFF radar_adj=0 mom= conf=0
[ALPHA_X13_BURST13] mode=OFF radar_adj=0 mom= conf=0
[BETA_X5] [1;36m18:11:16[0m [1;33mx5[0m [1;36m#23[0m SKIP tension=[1;36m0.00151082[0m [0m| momentum_too_small [1;31mconf=0.0016[0m
[ALPHA_X13_BURST13] [1;36m18:11:18[0m [1;32mx13[0m [1;36m#26[0m SKIP tension=[1;36m0.73744491[0m [0m| spread_too_wide [1;33mconf=0.5[0m
[BETA_X5] mode=OFF radar_adj=0 mom= conf=0
[ALPHA_X13_BURST13] mode=OFF radar_adj=0 mom= conf=0
[BETA_X5] [1;36m18:11:24[0m [1;33mx5[0m [1;36m#24[0m SKIP tension=[1;36m0.00000000[0m [0m| momentum_too_small [1;31mconf=0.23[0m
[ALPHA_X13_BURST13] [1;36m18:11:26[0m [1;32mx13[0m [1;36m#27[0m SKIP tension=[1;32m1.93006656[0m [0m| spread_too_wide [1;33mconf=0.5[0m
[BETA_X5] mode=OFF radar_adj=0 mom= conf=0
[ALPHA_X13_BURST13] mode=OFF radar_adj=0 mom= conf=0
[BETA_X5] [1;36m18:11:33[0m [1;33mx5[0m [1;36m#25[0m SKIP tension=[1;36m0.00000000[0m [0m| momentum_too_small [1;31mconf=0.3497[0m
[ALPHA_X13_BURST13] [1;36m18:11:35[0m [1;32mx13[0m [1;36m#28[0m SKIP tension=[1;36m0.00000000[0m [0m| momentum_too_small [1;31mconf=0.3493[0m
[BETA_X5] mode=OFF radar_adj=0 mom= conf=0
[ALPHA_X13_BURST13] mode=OFF radar_adj=0 mom= conf=0
[ALPHA_X13_BURST13] [1;36m18:11:43[0m [1;32mx13[0m [1;36m#29[0m SKIP tension=[1;36m0.02248744[0m [0m| direction_unclear [1;31mconf=0.0356[0m
[ALPHA_X13_BURST13] mode=OFF radar_adj=0 mom= conf=0
[BETA_X5] [1;36mCycle 26[0m [1;32mSOFT anomaly[0m [1;33m| pnl_abs=0.03724000 > 0.02500000[0m
[BETA_X5] [1;36mentry=18:11:45@64485.90000000[0m [1;33mx5[0m [1;36m#26[0m [1;32mSELL[0m tension=[1;31m5.03208165[0m hold=[1;36m6[0ms sec=[1;36m6[0m [0m| exit=64481.00000000 [1;32mconf=0.9506[0m [1;36mexit_time=18:11:51[0m [1;32mpnl=0.03724000 bps=0.75985603 pct=0.00759856% total=0.04929[0m
[ALPHA_X13_BURST13] [1;36m18:11:54[0m [1;32mx13[0m [1;36m#30[0m SKIP tension=[1;36m0.00854919[0m [0m| direction_unclear [1;31mconf=0.0136[0m
[BETA_X5] mode=OFF radar_adj=0 mom= conf=0
[ALPHA_X13_BURST13] mode=OFF radar_adj=0 mom= conf=0
[BETA_X5] [1;36m18:12:01[0m [1;33mx5[0m [1;36m#27[0m SKIP tension=[1;36m0.00013484[0m [0m| momentum_too_small [1;31mconf=0.0002[0m
[ALPHA_X13_BURST13] [1;36m18:12:02[0m [1;32mx13[0m [1;36m#31[0m SKIP tension=[1;36m0.00007471[0m [0m| momentum_too_small [1;31mconf=0.0001[0m
[BETA_X5] mode=OFF radar_adj=0 mom= conf=0
[ALPHA_X13_BURST13] mode=OFF radar_adj=0 mom= conf=0
[BETA_X5] [1;36m18:12:08[0m [1;33mx5[0m [1;36m#28[0m SKIP tension=[1;36m0.00004576[0m [0m| momentum_too_small [1;31mconf=0.0001[0m
[ALPHA_X13_BURST13] [1;36m18:12:11[0m [1;32mx13[0m [1;36m#32[0m SKIP tension=[1;36m0.00001810[0m [0m| momentum_too_small [1;31mconf=0.0[0m
[BETA_X5] mode=OFF radar_adj=0 mom= conf=0
[ALPHA_X13_BURST13] mode=OFF radar_adj=0 mom= conf=0
[BETA_X5] [1;36m18:12:16[0m [1;33mx5[0m [1;36m#29[0m SKIP tension=[1;36m0.00046237[0m [0m| momentum_too_small [1;31mconf=0.0007[0m
[BETA_X5] mode=OFF radar_adj=0 mom= conf=0
[ALPHA_X13_BURST13] [1;36m18:12:19[0m [1;32mx13[0m [1;36m#33[0m SKIP tension=[1;36m0.00019993[0m [0m| momentum_too_small [1;31mconf=0.0003[0m
[ALPHA_X13_BURST13] mode=OFF radar_adj=0 mom= conf=0
[BETA_X5] [1;36m18:12:24[0m [1;33mx5[0m [1;36m#30[0m SKIP tension=[1;36m0.00007452[0m [0m| momentum_too_small [1;31mconf=0.0001[0m
[BETA_X5] mode=OFF radar_adj=0 mom= conf=0
[ALPHA_X13_BURST13] [1;36m18:12:28[0m [1;32mx13[0m [1;36m#34[0m SKIP tension=[1;36m0.00000000[0m [0m| momentum_too_small [1;31mconf=0.3246[0m
[ALPHA_X13_BURST13] mode=OFF radar_adj=0 mom= conf=0
[BETA_X5] [1;36m18:12:33[0m [1;33mx5[0m [1;36m#31[0m SKIP tension=[1;36m0.00000000[0m [0m| momentum_too_small [1;31mconf=0.3246[0m
[BETA_X5] mode=OFF radar_adj=0 mom= conf=0
[ALPHA_X13_BURST13] [1;36m18:12:37[0m [1;32mx13[0m [1;36m#35[0m SKIP [1;33m| tension_stale age=2275ms>800ms (NUAGE)[0m
[ALPHA_X13_BURST13] mode=OFF radar_adj=0 mom= conf=0
[BETA_X5] [1;36m18:12:41[0m [1;33mx5[0m [1;36m#32[0m SKIP tension=[1;36m0.31440199[0m [0m| wall_not_collapsed
[BETA_X5] mode=OFF radar_adj=0 mom= conf=0
[ALPHA_X13_BURST13] [1;36m18:12:46[0m [1;32mx13[0m [1;36m#36[0m SKIP tension=[1;36m0.11740984[0m [0m| direction_unclear [1;31mconf=0.1815[0m
[ALPHA_X13_BURST13] mode=OFF radar_adj=0 mom= conf=0
[BETA_X5] [1;36m18:12:49[0m [1;33mx5[0m [1;36m#33[0m SKIP tension=[1;36m0.00007733[0m [0m| momentum_too_small [1;31mconf=0.0001[0m
[BETA_X5] mode=OFF radar_adj=0 mom= conf=0
[ALPHA_X13_BURST13] [1;36m18:12:54[0m [1;32mx13[0m [1;36m#37[0m SKIP tension=[1;36m0.00002210[0m [0m| momentum_too_small [1;31mconf=0.0[0m
[BETA_X5] [1;36m18:12:57[0m [1;33mx5[0m [1;36m#34[0m SKIP tension=[1;36m0.00001755[0m [0m| momentum_too_small [1;31mconf=0.0[0m
[ALPHA_X13_BURST13] mode=OFF radar_adj=0 mom= conf=0
[BETA_X5] mode=OFF radar_adj=0 mom= conf=0
[ALPHA_X13_BURST13] [1;36m18:13:03[0m [1;32mx13[0m [1;36m#38[0m SKIP tension=[1;36m0.00000000[0m [0m| momentum_too_small [1;31mconf=0.3259[0m
[BETA_X5] [1;36m18:13:05[0m [1;33mx5[0m [1;36m#35[0m SKIP tension=[1;36m0.00000027[0m [0m| momentum_too_small [1;31mconf=0.0[0m
[ALPHA_X13_BURST13] mode=OFF radar_adj=0 mom= conf=0
[BETA_X5] mode=OFF radar_adj=0 mom= conf=0
[ALPHA_X13_BURST13] [1;36m18:13:11[0m [1;32mx13[0m [1;36m#39[0m SKIP tension=[1;36m0.00001396[0m [0m| momentum_too_small [1;31mconf=0.0[0m
[BETA_X5] [1;36m18:13:12[0m [1;33mx5[0m [1;36m#36[0m SKIP tension=[1;36m0.00000000[0m [0m| momentum_too_small [1;31mconf=0.3259[0m
[ALPHA_X13_BURST13] mode=OFF radar_adj=0 mom= conf=0
[BETA_X5] mode=OFF radar_adj=0 mom= conf=0
[ALPHA_X13_BURST13] [1;36m18:13:19[0m [1;32mx13[0m [1;36m#40[0m SKIP tension=[1;36m0.00001656[0m [0m| momentum_too_small [1;31mconf=0.0[0m
[BETA_X5] [1;36m18:13:20[0m [1;33mx5[0m [1;36m#37[0m SKIP tension=[1;36m0.00003991[0m [0m| momentum_too_small [1;31mconf=0.0001[0m
[ALPHA_X13_BURST13] mode=OFF radar_adj=0 mom= conf=0
[BETA_X5] mode=OFF radar_adj=0 mom= conf=0
[BETA_X5] [1;36m18:13:28[0m [1;33mx5[0m [1;36m#38[0m SKIP tension=[1;36m0.00001267[0m [0m| momentum_too_small [1;31mconf=0.0[0m
[ALPHA_X13_BURST13] [1;36m18:13:28[0m [1;32mx13[0m [1;36m#41[0m SKIP [1;33m| tension_stale age=6502ms>800ms (NUAGE)[0m
[BETA_X5] mode=OFF radar_adj=0 mom= conf=0
[ALPHA_X13_BURST13] mode=OFF radar_adj=0 mom= conf=0
[BETA_X5] [1;36m18:13:37[0m [1;33mx5[0m [1;36m#39[0m SKIP tension=[1;36m0.00000000[0m [0m| momentum_too_small [1;31mconf=0.3395[0m
[ALPHA_X13_BURST13] [1;36m18:13:37[0m [1;32mx13[0m [1;36m#42[0m SKIP tension=[1;36m0.00000000[0m [0m| momentum_too_small [1;31mconf=0.3395[0m
[BETA_X5] mode=OFF radar_adj=0 mom= conf=0
[ALPHA_X13_BURST13] mode=OFF radar_adj=0 mom= conf=0
[BETA_X5] [1;36m18:13:45[0m [1;33mx5[0m [1;36m#40[0m SKIP tension=[1;36m0.00001137[0m [0m| momentum_too_small [1;31mconf=0.0[0m
[ALPHA_X13_BURST13] [1;36m18:13:45[0m [1;32mx13[0m [1;36m#43[0m SKIP tension=[1;36m0.00001680[0m [0m| momentum_too_small [1;31mconf=0.0[0m
[BETA_X5] mode=OFF radar_adj=0 mom= conf=0
[ALPHA_X13_BURST13] mode=OFF radar_adj=0 mom= conf=0
[BETA_X5] [1;36m18:13:52[0m [1;33mx5[0m [1;36m#41[0m SKIP tension=[1;36m0.00000000[0m [0m| momentum_too_small [1;31mconf=0.3276[0m
[ALPHA_X13_BURST13] [1;36m18:13:54[0m [1;32mx13[0m [1;36m#44[0m SKIP tension=[1;36m0.00000911[0m [0m| momentum_too_small [1;31mconf=0.0[0m
[BETA_X5] mode=OFF radar_adj=0 mom= conf=0
[ALPHA_X13_BURST13] mode=OFF radar_adj=0 mom= conf=0
[BETA_X5] [1;36m18:14:01[0m [1;33mx5[0m [1;36m#42[0m SKIP tension=[1;36m0.00001728[0m [0m| momentum_too_small [1;31mconf=0.0[0m
[ALPHA_X13_BURST13] [1;36m18:14:03[0m [1;32mx13[0m [1;36m#45[0m SKIP tension=[1;36m0.00000000[0m [0m| momentum_too_small [1;31mconf=0.3276[0m
[BETA_X5] mode=OFF radar_adj=0 mom= conf=0
[ALPHA_X13_BURST13] mode=OFF radar_adj=0 mom= conf=0
[ALPHA_X13_BURST13] [1;36m18:14:12[0m [1;32mx13[0m [1;36m#46[0m SKIP tension=[1;36m0.00001823[0m [0m| momentum_too_small [1;31mconf=0.0[0m
[ALPHA_X13_BURST13] mode=OFF radar_adj=0 mom= conf=0
[BETA_X5] shockwave beta->alpha until_cycle=53
[BETA_X5] [1;33mSWARM shockwave[0m [0m| beta -> neighbor (shock_inversion_stop)[0m
[BETA_X5] [1;36mCycle 43[0m [1;32mSOFT anomaly[0m [1;33m| pnl_abs=0.05016000 > 0.02500000[0m
[BETA_X5] [1;36mentry=18:14:14@64476.40000000[0m [1;33mx5[0m [1;36m#43[0m [1;31mSELL[0m tension=[1;31m10.64008298[0m hold=[1;36m6[0ms sec=[1;36m6[0m [0m| exit=64483.00000000 [1;32mconf=0.936[0m [1;36mexit_time=18:14:20[0m [1;31mpnl=-0.05016000 bps=-1.02363035 pct=-0.01023630% total=-0.0008700000000000027[0m
[BETA_X5] mode=OFF radar_adj=0 mom= conf=0
[BETA_X5] [1;36m18:14:30[0m [1;33mx5[0m [1;36m#44[0m SKIP tension=[1;36m0.00004156[0m [0m| momentum_too_small [1;31mconf=0.0001[0m
[ALPHA_X13_BURST13] shockwave alpha->beta until_cycle=57
[ALPHA_X13_BURST13] [1;33mSWARM shockwave[0m [0m| alpha -> neighbor (shock_inversion_stop)[0m
[ALPHA_X13_BURST13] [1;36mCycle 47[0m [1;32mSOFT anomaly[0m [1;33m| pnl_abs=1.18531000 > 0.02500000[0m
[ALPHA_X13_BURST13] [1;36mentry=18:14:25@64483.00000000[0m [1;32mx13[0m [1;36m#47[0m [1;31mBUY[0m tension=[1;32m1.49668335[0m hold=[1;36m6[0ms sec=[1;36m6[0m [0m| exit=64478.10000000 [1;32mconf=0.9835[0m [1;36mexit_time=18:14:31[0m [1;31mpnl=-1.18531000 bps=-0.75989020 pct=-0.00759890% total=-1.18618[0m
[BETA_X5] mode=OFF radar_adj=0 mom= conf=0
[ALPHA_X13_BURST13] mode=OFF radar_adj=0 mom= conf=0
[BETA_X5] [1;36m18:14:38[0m [1;33mx5[0m [1;36m#45[0m SKIP tension=[1;36m0.00000000[0m [0m| momentum_too_small [1;31mconf=0.3385[0m
[BETA_X5] mode=OFF radar_adj=0 mom= conf=0
[ALPHA_X13_BURST13] [1;36m18:14:42[0m [1;32mx13[0m [1;36m#48[0m SKIP tension=[1;36m0.00000834[0m [0m| momentum_too_small [1;31mconf=0.0[0m
[ALPHA_X13_BURST13] mode=OFF radar_adj=0 mom= conf=0
[BETA_X5] [1;36m18:14:46[0m [1;33mx5[0m [1;36m#46[0m SKIP tension=[1;36m0.19229330[0m [0m| direction_unclear [1;31mconf=0.3099[0m
[BETA_X5] mode=OFF radar_adj=0 mom= conf=0
[ALPHA_X13_BURST13] [1;36m18:14:50[0m [1;32mx13[0m [1;36m#49[0m SKIP tension=[1;36m0.64252075[0m [0m| wall_not_collapsed
[ALPHA_X13_BURST13] mode=OFF radar_adj=0 mom= conf=0
[BETA_X5] [1;36m18:14:53[0m [1;33mx5[0m [1;36m#47[0m SKIP tension=[1;36m0.00000000[0m [0m| momentum_too_small [1;31mconf=0.3385[0m
[BETA_X5] mode=OFF radar_adj=0 mom= conf=0
[ALPHA_X13_BURST13] [1;36m18:14:58[0m [1;32mx13[0m [1;36m#50[0m SKIP tension=[1;33m0.95784805[0m [0m| wall_not_collapsed
[ALPHA_X13_BURST13] mode=OFF radar_adj=0 mom= conf=0
[BETA_X5] [1;36m18:15:01[0m [1;33mx5[0m [1;36m#48[0m SKIP tension=[1;36m0.55206511[0m [0m| wall_not_collapsed
[BETA_X5] mode=OFF radar_adj=0 mom= conf=0
[ALPHA_X13_BURST13] [1;36m18:15:12[0m [1;32mx13[0m [1;36m#51[0m SKIP [1;33m| tension_stale age=9076ms>800ms (NUAGE)[0m
[ALPHA_X13_BURST13] mode=OFF radar_adj=0 mom= conf=0
[ALPHA_X13_BURST13] [1;36m18:15:20[0m [1;32mx13[0m [1;36m#52[0m SKIP tension=[1;36m0.00004579[0m [0m| momentum_too_small [1;31mconf=0.0001[0m
[ALPHA_X13_BURST13] mode=OFF radar_adj=0 mom= conf=0
[BETA_X5] [1;36mentry=18:15:13@64476.40000000[0m [1;33mx5[0m [1;36m#49[0m [1;33mSELL[0m tension=[1;32m1.07308054[0m hold=[1;36m11[0ms sec=[1;36m11[0m [0m| exit=64476.40000000 [1;32mconf=0.967[0m [1;36mexit_time=18:15:24[0m [1;33mpnl=-0.00000000 bps=-0.00000000 pct=-0.00000000% total=-1.18618[0m
[BETA_X5] mode=OFF radar_adj=0 mom= conf=0
[ALPHA_X13_BURST13] [1;36m18:15:29[0m [1;32mx13[0m [1;36m#53[0m SKIP tension=[1;36m0.00000000[0m [0m| momentum_too_small [1;31mconf=0.3222[0m
[ALPHA_X13_BURST13] mode=OFF radar_adj=0 mom= conf=0
[BETA_X5] [1;36m18:15:33[0m [1;33mx5[0m [1;36m#50[0m SKIP tension=[1;36m0.39044672[0m [0m| wall_not_collapsed
[BETA_X5] mode=OFF radar_adj=0 mom= conf=0
[ALPHA_X13_BURST13] [1;36m18:15:38[0m [1;32mx13[0m [1;36m#54[0m SKIP tension=[1;36m0.00362866[0m [0m| momentum_too_small [1;31mconf=0.0056[0m
[ALPHA_X13_BURST13] mode=OFF radar_adj=0 mom= conf=0
[BETA_X5] [1;36m18:15:41[0m [1;33mx5[0m [1;36m#51[0m SKIP tension=[1;36m0.00002749[0m [0m| momentum_too_small [1;31mconf=0.0[0m
[BETA_X5] mode=OFF radar_adj=0 mom= conf=0
[ALPHA_X13_BURST13] [1;36m18:15:46[0m [1;32mx13[0m [1;36m#55[0m SKIP [1;33m| tension_stale age=3567ms>800ms (NUAGE)[0m
[BETA_X5] [1;36m18:15:49[0m [1;33mx5[0m [1;36m#52[0m SKIP tension=[1;36m0.00005768[0m [0m| momentum_too_small [1;31mconf=0.0001[0m
[ALPHA_X13_BURST13] mode=OFF radar_adj=0 mom= conf=0
[BETA_X5] mode=OFF radar_adj=0 mom= conf=0
[ALPHA_X13_BURST13] [1;36m18:15:55[0m [1;32mx13[0m [1;36m#56[0m SKIP [1;33m| tension_stale age=4845ms>800ms (NUAGE)[0m
[BETA_X5] [1;36m18:15:57[0m [1;33mx5[0m [1;36m#53[0m SKIP tension=[1;36m0.00007486[0m [0m| momentum_too_small [1;31mconf=0.0001[0m
[ALPHA_X13_BURST13] mode=OFF radar_adj=0 mom= conf=0
[BETA_X5] mode=OFF radar_adj=0 mom= conf=0
[ALPHA_X13_BURST13] [1;36m18:16:05[0m [1;32mx13[0m [1;36m#57[0m SKIP tension=[1;32m1.04683666[0m [0m| duo no_trigger
[BETA_X5] [1;36m18:16:05[0m [1;33mx5[0m [1;36m#54[0m SKIP tension=[1;36m0.39127429[0m [0m| wall_not_collapsed
[BETA_X5] mode=OFF radar_adj=0 mom= conf=0
[ALPHA_X13_BURST13] mode=OFF radar_adj=0 mom= conf=0
[BETA_X5] [1;36m18:16:12[0m [1;33mx5[0m [1;36m#55[0m SKIP tension=[1;36m0.00007551[0m [0m| momentum_too_small [1;31mconf=0.0001[0m
[ALPHA_X13_BURST13] [1;36m18:16:13[0m [1;32mx13[0m [1;36m#58[0m SKIP tension=[1;36m0.00007551[0m [0m| momentum_too_small [1;31mconf=0.0001[0m
[BETA_X5] mode=OFF radar_adj=0 mom= conf=0
[ALPHA_X13_BURST13] mode=OFF radar_adj=0 mom= conf=0
[BETA_X5] [1;36m18:16:21[0m [1;33mx5[0m [1;36m#56[0m SKIP tension=[1;36m0.00344395[0m [0m| momentum_too_small [1;31mconf=0.0056[0m
[ALPHA_X13_BURST13] [1;36m18:16:21[0m [1;32mx13[0m [1;36m#59[0m SKIP tension=[1;36m0.00000000[0m [0m| momentum_too_small [1;31mconf=0.3463[0m
[BETA_X5] mode=OFF radar_adj=0 mom= conf=0
[ALPHA_X13_BURST13] mode=OFF radar_adj=0 mom= conf=0
[BETA_X5] [1;36m18:16:29[0m [1;33mx5[0m [1;36m#57[0m SKIP tension=[1;36m0.00105968[0m [0m| momentum_too_small [1;31mconf=0.0017[0m
[ALPHA_X13_BURST13] [1;36m18:16:29[0m [1;32mx13[0m [1;36m#60[0m SKIP tension=[1;36m0.00105214[0m [0m| momentum_too_small [1;31mconf=0.0017[0m
[BETA_X5] mode=OFF radar_adj=0 mom= conf=0
[ALPHA_X13_BURST13] mode=OFF radar_adj=0 mom= conf=0
[BETA_X5] [1;36m18:16:37[0m [1;33mx5[0m [1;36m#58[0m SKIP tension=[1;36m0.21332068[0m [0m| wall_not_collapsed
[ALPHA_X13_BURST13] [1;36m18:16:37[0m [1;32mx13[0m [1;36m#61[0m SKIP tension=[1;36m0.21331803[0m [0m| wall_not_collapsed
[BETA_X5] mode=OFF radar_adj=0 mom= conf=0
[ALPHA_X13_BURST13] mode=OFF radar_adj=0 mom= conf=0
[BETA_X5] [1;36m18:16:45[0m [1;33mx5[0m [1;36m#59[0m SKIP tension=[1;36m0.00005507[0m [0m| momentum_too_small [1;31mconf=0.0001[0m
[ALPHA_X13_BURST13] [1;36m18:16:46[0m [1;32mx13[0m [1;36m#62[0m SKIP tension=[1;36m0.00005507[0m [0m| momentum_too_small [1;31mconf=0.0001[0m
[BETA_X5] mode=OFF radar_adj=0 mom= conf=0
[ALPHA_X13_BURST13] mode=OFF radar_adj=0 mom= conf=0
[BETA_X5] [1;36m18:16:53[0m [1;33mx5[0m [1;36m#60[0m SKIP tension=[1;36m0.00005507[0m [0m| momentum_too_small [1;31mconf=0.0001[0m
[ALPHA_X13_BURST13] [1;36m18:16:54[0m [1;32mx13[0m [1;36m#63[0m SKIP tension=[1;36m0.00005507[0m [0m| momentum_too_small [1;31mconf=0.0001[0m
[BETA_X5] mode=OFF radar_adj=0 mom= conf=0
[ALPHA_X13_BURST13] mode=OFF radar_adj=0 mom= conf=0
[BETA_X5] [1;36m18:17:02[0m [1;33mx5[0m [1;36m#61[0m SKIP tension=[1;36m0.00005679[0m [0m| momentum_too_small [1;31mconf=0.0001[0m
[ALPHA_X13_BURST13] [1;36m18:17:02[0m [1;32mx13[0m [1;36m#64[0m SKIP tension=[1;36m0.00005679[0m [0m| momentum_too_small [1;31mconf=0.0001[0m
[BETA_X5] mode=OFF radar_adj=0 mom= conf=0
[ALPHA_X13_BURST13] mode=OFF radar_adj=0 mom= conf=0
[BETA_X5] [1;36m18:17:10[0m [1;33mx5[0m [1;36m#62[0m SKIP tension=[1;33m0.87461853[0m [0m| wall_not_collapsed
[ALPHA_X13_BURST13] [1;36m18:17:10[0m [1;32mx13[0m [1;36m#65[0m SKIP tension=[1;36m0.03410625[0m [0m| direction_unclear [1;31mconf=0.056[0m
[BETA_X5] mode=OFF radar_adj=0 mom= conf=0
[ALPHA_X13_BURST13] mode=OFF radar_adj=0 mom= conf=0
[BETA_X5] [1;36m18:17:17[0m [1;33mx5[0m [1;36m#63[0m SKIP tension=[1;36m0.27890560[0m [0m| wall_not_collapsed
[ALPHA_X13_BURST13] [1;36m18:17:19[0m [1;32mx13[0m [1;36m#66[0m SKIP tension=[1;36m0.27899100[0m [0m| wall_not_collapsed
[BETA_X5] mode=OFF radar_adj=0 mom= conf=0
[ALPHA_X13_BURST13] mode=OFF radar_adj=0 mom= conf=0
[BETA_X5] [1;36m18:17:25[0m [1;33mx5[0m [1;36m#64[0m SKIP tension=[1;36m0.29110243[0m [0m| wall_not_collapsed
[BETA_X5] mode=OFF radar_adj=0 mom= conf=0
[ALPHA_X13_BURST13] [1;36m18:17:29[0m [1;32mx13[0m [1;36m#67[0m SKIP tension=[1;32m1.03942489[0m [0m| duo no_trigger
[ALPHA_X13_BURST13] mode=OFF radar_adj=0 mom= conf=0
[BETA_X5] [1;36m18:17:33[0m [1;33mx5[0m [1;36m#65[0m SKIP tension=[1;36m0.06084015[0m [0m| direction_unclear [1;31mconf=0.0988[0m
[BETA_X5] mode=OFF radar_adj=0 mom= conf=0
[ALPHA_X13_BURST13] [1;36m18:17:37[0m [1;32mx13[0m [1;36m#68[0m SKIP tension=[1;36m0.00000658[0m [0m| momentum_too_small [1;31mconf=0.0[0m
[ALPHA_X13_BURST13] mode=OFF radar_adj=0 mom= conf=0
[BETA_X5] [1;36m18:17:40[0m [1;33mx5[0m [1;36m#66[0m SKIP tension=[1;36m0.00003847[0m [0m| momentum_too_small [1;31mconf=0.0001[0m
[BETA_X5] mode=OFF radar_adj=0 mom= conf=0
[BETA_X5] [1;36m18:17:48[0m [1;33mx5[0m [1;36m#67[0m SKIP tension=[1;36m0.00004313[0m [0m| momentum_too_small [1;31mconf=0.0001[0m
[BETA_X5] mode=OFF radar_adj=0 mom= conf=0
[ALPHA_X13_BURST13] [1;36m18:17:52[0m [1;32mx13[0m [1;36m#69[0m SKIP [1;33m| tension_stale age=1905ms>800ms (NUAGE)[0m
[ALPHA_X13_BURST13] mode=OFF radar_adj=0 mom= conf=0
[ALPHA_X13_BURST13] [1;36m18:18:00[0m [1;32mx13[0m [1;36m#70[0m SKIP tension=[1;36m0.50869634[0m [0m| wall_not_collapsed
[ALPHA_X13_BURST13] mode=OFF radar_adj=0 mom= conf=0
[BETA_X5] shockwave beta->alpha until_cycle=78
[BETA_X5] [1;33mSWARM shockwave[0m [0m| beta -> neighbor (fluid_exit_inversion)[0m
[ALPHA_X13_BURST13] [1;36m18:18:08[0m [1;32mx13[0m [1;36m#71[0m SKIP tension=[1;36m0.00000000[0m [0m| momentum_too_small [1;31mconf=0.3303[0m
[BETA_X5] [1;36mentry=18:18:00@64498.60000000[0m [1;33mx5[0m [1;36m#68[0m [1;31mSELL[0m tension=[1;32m1.27418918[0m hold=[1;36m7[0ms sec=[1;36m7[0m [0m| exit=64499.60000000 [1;32mconf=0.9564[0m [1;36mexit_time=18:18:07[0m [1;31mpnl=-0.00760000 bps=-0.15504212 pct=-0.00155042% total=-1.19378[0m
[ALPHA_X13_BURST13] mode=OFF radar_adj=0 mom= conf=0
[BETA_X5] mode=OFF radar_adj=0 mom= conf=0
[ALPHA_X13_BURST13] [1;36m18:18:16[0m [1;32mx13[0m [1;36m#72[0m SKIP tension=[1;36m0.06066139[0m [0m| direction_unclear [1;31mconf=0.0897[0m
[ALPHA_X13_BURST13] mode=OFF radar_adj=0 mom= conf=0
[BETA_X5] [1;36m18:18:19[0m [1;33mx5[0m [1;36m#69[0m SKIP tension=[1;36m0.00010543[0m [0m| momentum_too_small [1;31mconf=0.0002[0m
[BETA_X5] mode=OFF radar_adj=0 mom= conf=0
[ALPHA_X13_BURST13] [1;36m18:18:25[0m [1;32mx13[0m [1;36m#73[0m SKIP tension=[1;36m0.00005857[0m [0m| momentum_too_small [1;31mconf=0.0001[0m
[ALPHA_X13_BURST13] mode=OFF radar_adj=0 mom= conf=0
[BETA_X5] [1;36m18:18:28[0m [1;33mx5[0m [1;36m#70[0m SKIP tension=[1;36m0.00006832[0m [0m| momentum_too_small [1;31mconf=0.0001[0m
[BETA_X5] mode=OFF radar_adj=0 mom= conf=0
[ALPHA_X13_BURST13] [1;36m18:18:32[0m [1;32mx13[0m [1;36m#74[0m SKIP tension=[1;36m0.27845902[0m [0m| wall_not_collapsed
[ALPHA_X13_BURST13] mode=OFF radar_adj=0 mom= conf=0
[BETA_X5] [1;36m18:18:36[0m [1;33mx5[0m [1;36m#71[0m SKIP tension=[1;36m0.00057066[0m [0m| momentum_too_small [1;31mconf=0.0008[0m
[BETA_X5] mode=OFF radar_adj=0 mom= conf=0
[ALPHA_X13_BURST13] [1;36m18:18:41[0m [1;32mx13[0m [1;36m#75[0m SKIP tension=[1;36m0.00005063[0m [0m| momentum_too_small [1;31mconf=0.0001[0m
[BETA_X5] [1;36m18:18:43[0m [1;33mx5[0m [1;36m#72[0m SKIP tension=[1;36m0.22425980[0m [0m| wall_not_collapsed
[ALPHA_X13_BURST13] mode=OFF radar_adj=0 mom= conf=0
[BETA_X5] mode=OFF radar_adj=0 mom= conf=0
[ALPHA_X13_BURST13] [1;36m18:18:50[0m [1;32mx13[0m [1;36m#76[0m SKIP tension=[1;36m0.00007337[0m [0m| momentum_too_small [1;31mconf=0.0001[0m
[ALPHA_X13_BURST13] mode=OFF radar_adj=0 mom= conf=0
[ALPHA_X13_BURST13] [1;36m18:18:58[0m [1;32mx13[0m [1;36m#77[0m SKIP tension=[1;36m0.00001539[0m [0m| momentum_too_small [1;31mconf=0.0[0m
[ALPHA_X13_BURST13] mode=OFF radar_adj=0 mom= conf=0
[BETA_X5] shockwave beta->alpha until_cycle=83
[BETA_X5] [1;33mSWARM shockwave[0m [0m| beta -> neighbor (shock_inversion_stop)[0m
[BETA_X5] [1;36mCycle 73[0m [1;32mSOFT anomaly[0m [1;33m| pnl_abs=0.10716000 > 0.02500000[0m
[BETA_X5] [1;36mentry=18:18:55@64494.20000000[0m [1;33mx5[0m [1;36m#73[0m [1;31mSELL[0m tension=[1;32m1.00454524[0m hold=[1;36m6[0ms sec=[1;36m6[0m [0m| exit=64508.30000000 [1;32mconf=0.8634[0m [1;36mexit_time=18:19:01[0m [1;31mpnl=-0.10716000 bps=-2.18624310 pct=-0.02186243% total=-1.3009400000000002[0m
[BETA_X5] mode=OFF radar_adj=0 mom= conf=0
[ALPHA_X13_BURST13] [1;36m18:19:06[0m [1;32mx13[0m [1;36m#78[0m SKIP tension=[1;36m0.00000000[0m [0m| momentum_too_small [1;31mconf=0.2537[0m
[ALPHA_X13_BURST13] mode=OFF radar_adj=0 mom= conf=0
[BETA_X5] [1;36m18:19:12[0m [1;33mx5[0m [1;36m#74[0m SKIP tension=[1;36m0.19489944[0m [0m| direction_unclear [1;31mconf=0.2801[0m
[ALPHA_X13_BURST13] [1;36m18:19:14[0m [1;32mx13[0m [1;36m#79[0m SKIP tension=[1;36m0.00000000[0m [0m| momentum_too_small [1;31mconf=0.2537[0m
[BETA_X5] mode=OFF radar_adj=0 mom= conf=0
[ALPHA_X13_BURST13] mode=OFF radar_adj=0 mom= conf=0
[BETA_X5] [1;36m18:19:20[0m [1;33mx5[0m [1;36m#75[0m SKIP tension=[1;36m0.09622126[0m [0m| direction_unclear [1;31mconf=0.1456[0m
[ALPHA_X13_BURST13] [1;36m18:19:22[0m [1;32mx13[0m [1;36m#80[0m SKIP tension=[1;36m0.00000528[0m [0m| momentum_too_small [1;31mconf=0.0[0m
[BETA_X5] mode=OFF radar_adj=0 mom= conf=0
[ALPHA_X13_BURST13] mode=OFF radar_adj=0 mom= conf=0
[BETA_X5] [1;36m18:19:29[0m [1;33mx5[0m [1;36m#76[0m SKIP tension=[1;36m0.00000805[0m [0m| momentum_too_small [1;31mconf=0.0[0m
[ALPHA_X13_BURST13] [1;36m18:19:30[0m [1;32mx13[0m [1;36m#81[0m SKIP tension=[1;36m0.00004707[0m [0m| momentum_too_small [1;31mconf=0.0001[0m
[BETA_X5] mode=OFF radar_adj=0 mom= conf=0
[ALPHA_X13_BURST13] mode=OFF radar_adj=0 mom= conf=0
[BETA_X5] [1;36m18:19:36[0m [1;33mx5[0m [1;36m#77[0m SKIP tension=[1;36m0.83821430[0m [0m| wall_not_collapsed
[ALPHA_X13_BURST13] [1;36m18:19:39[0m [1;32mx13[0m [1;36m#82[0m SKIP tension=[1;36m0.00001660[0m [0m| momentum_too_small [1;31mconf=0.0[0m
[BETA_X5] mode=OFF radar_adj=0 mom= conf=0
[ALPHA_X13_BURST13] mode=OFF radar_adj=0 mom= conf=0
[ALPHA_X13_BURST13] [1;36m18:19:47[0m [1;32mx13[0m [1;36m#83[0m SKIP tension=[1;36m0.00000000[0m [0m| momentum_too_small [1;31mconf=0.3269[0m
[ALPHA_X13_BURST13] mode=OFF radar_adj=0 mom= conf=0
[ALPHA_X13_BURST13] [1;36m18:19:55[0m [1;32mx13[0m [1;36m#84[0m SKIP tension=[1;36m0.00000000[0m [0m| momentum_too_small [1;31mconf=0.3385[0m
[ALPHA_X13_BURST13] mode=OFF radar_adj=0 mom= conf=0
[ALPHA_X13_BURST13] [1;36m18:20:04[0m [1;32mx13[0m [1;36m#85[0m SKIP tension=[1;36m0.00098294[0m [0m| momentum_too_small [1;31mconf=0.0016[0m
[ALPHA_X13_BURST13] mode=OFF radar_adj=0 mom= conf=0
[ALPHA_X13_BURST13] [1;36m18:20:12[0m [1;32mx13[0m [1;36m#86[0m SKIP tension=[1;36m0.09643909[0m [0m| direction_unclear [1;31mconf=0.1606[0m
[ALPHA_X13_BURST13] mode=OFF radar_adj=0 mom= conf=0
[ALPHA_X13_BURST13] [1;36m18:20:20[0m [1;32mx13[0m [1;36m#87[0m SKIP tension=[1;36m0.35124957[0m [0m| wall_not_collapsed
[ALPHA_X13_BURST13] mode=OFF radar_adj=0 mom= conf=0
[ALPHA_X13_BURST13] [1;36m18:20:29[0m [1;32mx13[0m [1;36m#88[0m SKIP tension=[1;36m0.32008956[0m [0m| wall_not_collapsed
[ALPHA_X13_BURST13] mode=OFF radar_adj=0 mom= conf=0
[ALPHA_X13_BURST13] [1;36m18:20:38[0m [1;32mx13[0m [1;36m#89[0m SKIP tension=[1;36m0.00006283[0m [0m| momentum_too_small [1;31mconf=0.0001[0m
[ALPHA_X13_BURST13] mode=OFF radar_adj=0 mom= conf=0
[ALPHA_X13_BURST13] [1;36m18:20:47[0m [1;32mx13[0m [1;36m#90[0m SKIP tension=[1;36m0.00126167[0m [0m| momentum_too_small [1;31mconf=0.002[0m
[ALPHA_X13_BURST13] mode=OFF radar_adj=0 mom= conf=0
[ALPHA_X13_BURST13] [1;36m18:20:56[0m [1;32mx13[0m [1;36m#91[0m SKIP tension=[1;32m1.10296572[0m [0m| duo stale_state
[ALPHA_X13_BURST13] mode=OFF radar_adj=0 mom= conf=0
[ALPHA_X13_BURST13] [1;36m18:21:05[0m [1;32mx13[0m [1;36m#92[0m SKIP tension=[1;36m0.00004501[0m [0m| momentum_too_small [1;31mconf=0.0001[0m
[ALPHA_X13_BURST13] mode=OFF radar_adj=0 mom= conf=0
[ALPHA_X13_BURST13] [1;36m18:21:13[0m [1;32mx13[0m [1;36m#93[0m SKIP tension=[1;36m0.00000862[0m [0m| momentum_too_small [1;31mconf=0.0[0m
[ALPHA_X13_BURST13] mode=OFF radar_adj=0 mom= conf=0
[ALPHA_X13_BURST13] [1;36m18:21:22[0m [1;32mx13[0m [1;36m#94[0m SKIP tension=[1;36m0.00000000[0m [0m| momentum_too_small [1;31mconf=0.3378[0m
[ALPHA_X13_BURST13] mode=OFF radar_adj=0 mom= conf=0
[ALPHA_X13_BURST13] [1;36m18:21:31[0m [1;32mx13[0m [1;36m#95[0m SKIP tension=[1;36m0.30380519[0m [0m| wall_not_collapsed
[ALPHA_X13_BURST13] mode=OFF radar_adj=0 mom= conf=0
[ALPHA_X13_BURST13] [1;36m18:21:40[0m [1;32mx13[0m [1;36m#96[0m SKIP tension=[1;33m0.96637473[0m [0m| wall_not_collapsed
[ALPHA_X13_BURST13] mode=OFF radar_adj=0 mom= conf=0
[ALPHA_X13_BURST13] [1;36m18:21:48[0m [1;32mx13[0m [1;36m#97[0m SKIP tension=[1;36m0.00000000[0m [0m| momentum_too_small [1;31mconf=0.3219[0m
[ALPHA_X13_BURST13] mode=OFF radar_adj=0 mom= conf=0
[ALPHA_X13_BURST13] [1;36m18:21:57[0m [1;32mx13[0m [1;36m#98[0m SKIP tension=[1;36m0.00000000[0m [0m| momentum_too_small [1;31mconf=0.3188[0m
[ALPHA_X13_BURST13] mode=OFF radar_adj=0 mom= conf=0
[ALPHA_X13_BURST13] [1;36m18:22:12[0m [1;32mx13[0m [1;36m#99[0m SKIP [1;33m| tension_stale age=154396ms>800ms (NUAGE)[0m
[ALPHA_X13_BURST13] [1;31mSTOP file detected (STOP_ALPHA). Stopping safely at cycle 100.[0m
[ALPHA_X13_BURST13] [1;32mDone.[0m
[ALPHA_X13_BURST13] [1;36mLog: runs/NUAGE_SMOKE_1807Z_ALPHA_X13_BURST13.csv[0m
[ALPHA_X13_BURST13] [1;32mSuccessful order-cycles: 1[0m
[ALPHA_X13_BURST13] [1;32mDernier cycle #100:[0m [1;31mpnl=-1.18531000 bps=-0.75989020 pct=-0.00759890%[0m
