[BETA_X5] [1;36m--- ACE777 STRICT CLONE FUTURES TESTNET ---[0m
[BETA_X5] [1;32mV8 Resonance ON:[0m [1;36mimpulse_thr=0.96 dt_ms=64 aspiration=1.618@37.8deg void_lock=TRUE shock_exit=TRUE[0m
[BETA_X5] [1;32mV8 Tension ON:[0m [1;36mwall_drop=6.5% dt_ms=64 filter=0.85 depth=20[0m
[BETA_X5] [1;36mSymbol=BTCUSDT[0m [1;32mLeverage=5[0m [1;36mBuyUSDT=200 Orders=TRUE[0m
[ALPHA_X13_BURST13] [1;36m--- ACE777 STRICT CLONE FUTURES TESTNET ---[0m
[ALPHA_X13_BURST13] [1;36mLeverage ramp ON:[0m [1;36mstart=13 end=13 cycles=180[0m
[ALPHA_X13_BURST13] [1;32mV8 Resonance ON:[0m [1;36mimpulse_thr=0.96 dt_ms=64 aspiration=1.618@37.8deg void_lock=TRUE shock_exit=TRUE[0m
[ALPHA_X13_BURST13] [1;32mV8 Tension ON:[0m [1;36mwall_drop=6.5% dt_ms=64 filter=0.85 depth=20[0m
[ALPHA_X13_BURST13] [1;36mSymbol=BTCUSDT[0m [1;32mLeverage=13[0m [1;36mBuyUSDT=800 Orders=TRUE[0m
[BETA_X5] mode=OFF radar_adj=0 mom= conf=0
[ALPHA_X13_BURST13] mode=OFF radar_adj=0 mom= conf=0
[BETA_X5] [1;36m15:03:33[0m [1;33mx5[0m [1;36m#1[0m SKIP tension=[1;36m0.00001340[0m [0m| momentum_too_small [1;31mconf=0.0[0m
[ALPHA_X13_BURST13] [1;36m15:03:35[0m [1;32mx13[0m [1;36m#1[0m SKIP tension=[1;36m0.00000000[0m [0m| momentum_too_small [1;31mconf=0.2935[0m
[BETA_X5] mode=OFF radar_adj=0 mom= conf=0
[ALPHA_X13_BURST13] mode=OFF radar_adj=0 mom= conf=0
[BETA_X5] [1;36m15:03:41[0m [1;33mx5[0m [1;36m#2[0m SKIP tension=[1;36m0.00000000[0m [0m| momentum_too_small [1;31mconf=0.3374[0m
[ALPHA_X13_BURST13] [1;36m15:03:44[0m [1;32mx13[0m [1;36m#2[0m SKIP tension=[1;36m0.00004828[0m [0m| momentum_too_small [1;31mconf=0.0001[0m
[BETA_X5] mode=OFF radar_adj=0 mom= conf=0
[ALPHA_X13_BURST13] mode=OFF radar_adj=0 mom= conf=0
[BETA_X5] [1;36m15:03:50[0m [1;33mx5[0m [1;36m#3[0m SKIP tension=[1;36m0.00000000[0m [0m| momentum_too_small [1;31mconf=0.2986[0m
[BETA_X5] mode=OFF radar_adj=0 mom= conf=0
[ALPHA_X13_BURST13] [1;36m15:03:53[0m [1;32mx13[0m [1;36m#3[0m SKIP tension=[1;36m0.00000000[0m [0m| momentum_too_small [1;31mconf=0.2986[0m
[ALPHA_X13_BURST13] mode=OFF radar_adj=0 mom= conf=0
[BETA_X5] [1;36m15:03:58[0m [1;33mx5[0m [1;36m#4[0m SKIP tension=[1;36m0.22648625[0m [0m| wall_not_collapsed
[ALPHA_X13_BURST13] [1;36m15:04:00[0m [1;32mx13[0m [1;36m#4[0m SKIP tension=[1;36m0.00003014[0m [0m| momentum_too_small [1;31mconf=0.0[0m
[BETA_X5] mode=OFF radar_adj=0 mom= conf=0
[ALPHA_X13_BURST13] mode=OFF radar_adj=0 mom= conf=0
[BETA_X5] [1;36m15:04:06[0m [1;33mx5[0m [1;36m#5[0m SKIP tension=[1;36m0.22665695[0m [0m| wall_not_collapsed
[BETA_X5] mode=OFF radar_adj=0 mom= conf=0
[ALPHA_X13_BURST13] [1;36m15:04:08[0m [1;32mx13[0m [1;36m#5[0m SKIP tension=[1;36m0.00000000[0m [0m| momentum_too_small [1;31mconf=0.3449[0m
[ALPHA_X13_BURST13] mode=OFF radar_adj=0 mom= conf=0
[BETA_X5] [1;36m15:04:13[0m [1;33mx5[0m [1;36m#6[0m SKIP tension=[1;36m0.84132716[0m [0m| wall_not_collapsed
[BETA_X5] mode=OFF radar_adj=0 mom= conf=0
[ALPHA_X13_BURST13] [1;36m15:04:16[0m [1;32mx13[0m [1;36m#6[0m SKIP tension=[1;36m0.00123996[0m [0m| momentum_too_small [1;31mconf=0.002[0m
[ALPHA_X13_BURST13] mode=OFF radar_adj=0 mom= conf=0
[BETA_X5] [1;36m15:04:21[0m [1;33mx5[0m [1;36m#7[0m SKIP tension=[1;36m0.56813458[0m [0m| wall_not_collapsed
[BETA_X5] mode=OFF radar_adj=0 mom= conf=0
[ALPHA_X13_BURST13] [1;36m15:04:25[0m [1;32mx13[0m [1;36m#7[0m SKIP tension=[1;32m1.94468259[0m [0m| duo no_state
[ALPHA_X13_BURST13] mode=OFF radar_adj=0 mom= conf=0
[ALPHA_X13_BURST13] [1;36m15:04:33[0m [1;32mx13[0m [1;36m#8[0m SKIP tension=[1;32m1.96974458[0m [0m| duo no_state
[ALPHA_X13_BURST13] mode=OFF radar_adj=0 mom= conf=0
[BETA_X5] shockwave beta->alpha until_cycle=18
[BETA_X5] [1;33mSWARM shockwave[0m [0m| beta -> neighbor (shock_inversion_stop)[0m
[BETA_X5] [1;36mCycle 8[0m [1;32mSOFT anomaly[0m [1;33m| pnl_abs=0.03263000 > 0.02500000[0m
[ALPHA_X13_BURST13] [1;36m15:04:42[0m [1;32mx13[0m [1;36m#9[0m SKIP [1;33m| tension_stale age=980ms>800ms (NUAGE)[0m
[BETA_X5] [1;36mentry=15:04:34@64265.00000000[0m [1;33mx5[0m [1;36m#8[0m [1;31mSELL[0m tension=[1;31m7.91915947[0m hold=[1;36m7[0ms sec=[1;36m7[0m [0m| exit=64266.30000000 [1;32mconf=0.9232[0m [1;36mexit_time=15:04:41[0m [1;31mpnl=-0.03263000 bps=-0.20228740 pct=-0.00202287% total=-0.03263[0m
[ALPHA_X13_BURST13] mode=OFF radar_adj=0 mom= conf=0
[BETA_X5] mode=OFF radar_adj=0 mom= conf=0
[ALPHA_X13_BURST13] [1;36m15:04:51[0m [1;32mx13[0m [1;36m#10[0m SKIP [1;33m| tension_stale age=7090ms>800ms (NUAGE)[0m
[ALPHA_X13_BURST13] mode=OFF radar_adj=0 mom= conf=0
[ALPHA_X13_BURST13] [1;36m15:05:00[0m [1;32mx13[0m [1;36m#11[0m SKIP tension=[1;32m1.02773675[0m [0m| duo no_trigger
[BETA_X5] shockwave beta->alpha until_cycle=19
[BETA_X5] [1;33mSWARM shockwave[0m [0m| beta -> neighbor (fluid_exit_inversion)[0m
[ALPHA_X13_BURST13] mode=OFF radar_adj=0 mom= conf=0
[BETA_X5] [1;36mCycle 9[0m [1;32mSOFT anomaly[0m [1;33m| pnl_abs=0.13756000 > 0.02500000[0m
[BETA_X5] [1;36mentry=15:04:55@64262.40000000[0m [1;33mx5[0m [1;36m#9[0m [1;31mSELL[0m tension=[1;31m2.09921945[0m hold=[1;36m8[0ms sec=[1;36m8[0m [0m| exit=64280.50000000 [1;32mconf=0.9096[0m [1;36mexit_time=15:05:03[0m [1;31mpnl=-0.13756000 bps=-2.81657703 pct=-0.02816577% total=-0.17018999999999998[0m
[BETA_X5] mode=OFF radar_adj=0 mom= conf=0
[ALPHA_X13_BURST13] [1;36m15:05:08[0m [1;32mx13[0m [1;36m#12[0m SKIP [1;33m| tension_stale age=2194ms>800ms (NUAGE)[0m
[ALPHA_X13_BURST13] mode=OFF radar_adj=0 mom= conf=0
[BETA_X5] [1;36m15:05:12[0m [1;33mx5[0m [1;36m#10[0m SKIP tension=[1;36m0.00054524[0m [0m| momentum_too_small [1;31mconf=0.0007[0m
[BETA_X5] mode=OFF radar_adj=0 mom= conf=0
[ALPHA_X13_BURST13] [1;36m15:05:16[0m [1;32mx13[0m [1;36m#13[0m SKIP tension=[1;36m0.00030775[0m [0m| momentum_too_small [1;31mconf=0.0003[0m
[ALPHA_X13_BURST13] mode=OFF radar_adj=0 mom= conf=0
[ALPHA_X13_BURST13] [1;36m15:05:24[0m [1;32mx13[0m [1;36m#14[0m SKIP tension=[1;36m0.00115175[0m [0m| momentum_too_small [1;31mconf=0.0017[0m
[ALPHA_X13_BURST13] mode=OFF radar_adj=0 mom= conf=0
[ALPHA_X13_BURST13] [1;36m15:05:32[0m [1;32mx13[0m [1;36m#15[0m SKIP tension=[1;36m0.59663283[0m [0m| wall_not_collapsed
[BETA_X5] [1;36mCycle 11[0m [1;32mSOFT anomaly[0m [1;33m| pnl_abs=0.06840000 > 0.02500000[0m
[BETA_X5] [1;36mentry=15:05:25@64281.30000000[0m [1;33mx5[0m [1;36m#11[0m [1;32mSELL[0m tension=[1;32m1.21273399[0m hold=[1;36m7[0ms sec=[1;36m7[0m [0m| exit=64272.30000000 [1;32mconf=0.8542[0m [1;36mexit_time=15:05:32[0m [1;32mpnl=0.06840000 bps=1.40009614 pct=0.01400096% total=-0.10178999999999998[0m
[ALPHA_X13_BURST13] mode=OFF radar_adj=0 mom= conf=0
[BETA_X5] mode=OFF radar_adj=0 mom= conf=0
[ALPHA_X13_BURST13] [1;36m15:05:41[0m [1;32mx13[0m [1;36m#16[0m SKIP tension=[1;36m0.00048134[0m [0m| momentum_too_small [1;31mconf=0.0006[0m
[BETA_X5] [1;36m15:05:42[0m [1;33mx5[0m [1;36m#12[0m SKIP tension=[1;36m0.70813192[0m [0m| wall_not_collapsed
[ALPHA_X13_BURST13] mode=OFF radar_adj=0 mom= conf=0
[BETA_X5] mode=OFF radar_adj=0 mom= conf=0
[ALPHA_X13_BURST13] [1;36m15:05:50[0m [1;32mx13[0m [1;36m#17[0m SKIP tension=[1;36m0.01099749[0m [0m| direction_unclear [1;31mconf=0.0124[0m
[BETA_X5] [1;36m15:05:50[0m [1;33mx5[0m [1;36m#13[0m SKIP tension=[1;36m0.00006619[0m [0m| momentum_too_small [1;31mconf=0.0001[0m
[ALPHA_X13_BURST13] mode=OFF radar_adj=0 mom= conf=0
[BETA_X5] mode=OFF radar_adj=0 mom= conf=0
[BETA_X5] [1;36m15:05:58[0m [1;33mx5[0m [1;36m#14[0m SKIP tension=[1;36m0.00003831[0m [0m| momentum_too_small [1;31mconf=0.0001[0m
[ALPHA_X13_BURST13] [1;36m15:05:58[0m [1;32mx13[0m [1;36m#18[0m SKIP tension=[1;36m0.00003831[0m [0m| momentum_too_small [1;31mconf=0.0001[0m
[BETA_X5] mode=OFF radar_adj=0 mom= conf=0
[ALPHA_X13_BURST13] mode=OFF radar_adj=0 mom= conf=0
[BETA_X5] [1;36m15:06:06[0m [1;33mx5[0m [1;36m#15[0m SKIP tension=[1;36m0.00000000[0m [0m| momentum_too_small [1;31mconf=0.3303[0m
[ALPHA_X13_BURST13] [1;36m15:06:06[0m [1;32mx13[0m [1;36m#19[0m SKIP tension=[1;36m0.00000000[0m [0m| momentum_too_small [1;31mconf=0.3105[0m
[ALPHA_X13_BURST13] mode=OFF radar_adj=0 mom= conf=0
[BETA_X5] mode=OFF radar_adj=0 mom= conf=0
[ALPHA_X13_BURST13] [1;36m15:06:15[0m [1;32mx13[0m [1;36m#20[0m SKIP tension=[1;36m0.00001061[0m [0m| momentum_too_small [1;31mconf=0.0[0m
[BETA_X5] [1;36m15:06:16[0m [1;33mx5[0m [1;36m#16[0m SKIP tension=[1;36m0.00001061[0m [0m| momentum_too_small [1;31mconf=0.0[0m
[BETA_X5] mode=OFF radar_adj=0 mom= conf=0
[ALPHA_X13_BURST13] mode=OFF radar_adj=0 mom= conf=0
[ALPHA_X13_BURST13] [1;36m15:06:26[0m [1;32mx13[0m [1;36m#21[0m SKIP [1;33m| tension_stale age=8464ms>800ms (NUAGE)[0m
[ALPHA_X13_BURST13] mode=OFF radar_adj=0 mom= conf=0
[ALPHA_X13_BURST13] [1;36m15:06:35[0m [1;32mx13[0m [1;36m#22[0m SKIP tension=[1;36m0.00004635[0m [0m| momentum_too_small [1;31mconf=0.0001[0m
[BETA_X5] [1;36mCycle 17[0m [1;32mSOFT anomaly[0m [1;33m| pnl_abs=0.09375000 > 0.02500000[0m
[BETA_X5] [1;36mentry=15:06:29@64243.70000000[0m [1;33mx5[0m [1;36m#17[0m [1;32mSELL[0m tension=[1;31m2.11113275[0m hold=[1;36m7[0ms sec=[1;36m7[0m [0m| exit=64236.20000000 [1;33mconf=0.615[0m [1;36mexit_time=15:06:36[0m [1;32mpnl=0.09375000 bps=1.16742965 pct=0.01167430% total=-0.008039999999999978[0m
[ALPHA_X13_BURST13] mode=OFF radar_adj=0 mom= conf=0
[BETA_X5] mode=OFF radar_adj=0 mom= conf=0
[ALPHA_X13_BURST13] [1;36m15:06:44[0m [1;32mx13[0m [1;36m#23[0m SKIP tension=[1;36m0.00106542[0m [0m| momentum_too_small [1;31mconf=0.0016[0m
[ALPHA_X13_BURST13] mode=OFF radar_adj=0 mom= conf=0
[ALPHA_X13_BURST13] [1;36m15:06:53[0m [1;32mx13[0m [1;36m#24[0m SKIP tension=[1;36m0.30707004[0m [0m| wall_not_collapsed
[ALPHA_X13_BURST13] mode=OFF radar_adj=0 mom= conf=0
[BETA_X5] [1;36mentry=15:06:52@64236.20000000[0m [1;33mx5[0m [1;36m#18[0m [1;32mSELL[0m tension=[1;31m4.28752641[0m hold=[1;36m7[0ms sec=[1;36m7[0m [0m| exit=64233.40000000 [1;32mconf=0.999[0m [1;36mexit_time=15:06:59[0m [1;32mpnl=0.02128000 bps=0.43589129 pct=0.00435891% total=0.013240000000000023[0m
[ALPHA_X13_BURST13] [1;36m15:07:01[0m [1;32mx13[0m [1;36m#25[0m SKIP tension=[1;36m0.00089660[0m [0m| momentum_too_small [1;31mconf=0.0014[0m
[BETA_X5] mode=OFF radar_adj=0 mom= conf=0
[ALPHA_X13_BURST13] mode=OFF radar_adj=0 mom= conf=0
[BETA_X5] [1;36m15:07:08[0m [1;33mx5[0m [1;36m#19[0m SKIP tension=[1;32m1.10848376[0m [0m| tactic long vs short
[ALPHA_X13_BURST13] [1;36m15:07:10[0m [1;32mx13[0m [1;36m#26[0m SKIP tension=[1;32m1.10841800[0m [0m| duo no_trigger
[BETA_X5] mode=OFF radar_adj=0 mom= conf=0
[ALPHA_X13_BURST13] mode=OFF radar_adj=0 mom= conf=0
[BETA_X5] [1;36m15:07:17[0m [1;33mx5[0m [1;36m#20[0m SKIP tension=[1;36m0.00010822[0m [0m| momentum_too_small [1;31mconf=0.0001[0m
[ALPHA_X13_BURST13] [1;36m15:07:19[0m [1;32mx13[0m [1;36m#27[0m SKIP tension=[1;36m0.00001760[0m [0m| momentum_too_small [1;31mconf=0.0[0m
[BETA_X5] mode=OFF radar_adj=0 mom= conf=0
[ALPHA_X13_BURST13] mode=OFF radar_adj=0 mom= conf=0
[ALPHA_X13_BURST13] [1;36m15:07:29[0m [1;32mx13[0m [1;36m#28[0m SKIP [1;33m| tension_stale age=10810ms>800ms (NUAGE)[0m
[ALPHA_X13_BURST13] mode=OFF radar_adj=0 mom= conf=0
[ALPHA_X13_BURST13] [1;36m15:07:39[0m [1;32mx13[0m [1;36m#29[0m SKIP tension=[1;36m0.77050322[0m [0m| wall_not_collapsed
[BETA_X5] [1;36mCycle 21[0m [1;32mSOFT anomaly[0m [1;33m| pnl_abs=0.13984000 > 0.02500000[0m
[BETA_X5] [1;36mentry=15:07:31@64236.20000000[0m [1;33mx5[0m [1;36m#21[0m [1;32mSELL[0m tension=[1;31m4.93239936[0m hold=[1;36m8[0ms sec=[1;36m8[0m [0m| exit=64217.80000000 [1;32mconf=0.9981[0m [1;36mexit_time=15:07:40[0m [1;32mpnl=0.13984000 bps=2.86442847 pct=0.02864428% total=0.15308000000000002[0m
[ALPHA_X13_BURST13] mode=OFF radar_adj=0 mom= conf=0
[BETA_X5] mode=OFF radar_adj=0 mom= conf=0
[ALPHA_X13_BURST13] [1;36m15:07:49[0m [1;32mx13[0m [1;36m#30[0m SKIP tension=[1;36m0.00000000[0m [0m| momentum_too_small [1;31mconf=0.3197[0m
[BETA_X5] [1;36m15:07:51[0m [1;33mx5[0m [1;36m#22[0m SKIP tension=[1;36m0.00002420[0m [0m| momentum_too_small [1;31mconf=0.0[0m
[ALPHA_X13_BURST13] mode=OFF radar_adj=0 mom= conf=0
[BETA_X5] mode=OFF radar_adj=0 mom= conf=0
[ALPHA_X13_BURST13] [1;36m15:07:58[0m [1;32mx13[0m [1;36m#31[0m SKIP tension=[1;36m0.00000000[0m [0m| momentum_too_small [1;31mconf=0.319[0m
[BETA_X5] [1;36m15:08:00[0m [1;33mx5[0m [1;36m#23[0m SKIP tension=[1;36m0.31124081[0m [0m| wall_not_collapsed
[ALPHA_X13_BURST13] mode=OFF radar_adj=0 mom= conf=0
[BETA_X5] mode=OFF radar_adj=0 mom= conf=0
[ALPHA_X13_BURST13] [1;36m15:08:09[0m [1;32mx13[0m [1;36m#32[0m SKIP tension=[1;36m0.00044240[0m [0m| momentum_too_small [1;31mconf=0.0006[0m
[BETA_X5] [1;36m15:08:09[0m [1;33mx5[0m [1;36m#24[0m SKIP tension=[1;36m0.00227570[0m [0m| momentum_too_small [1;31mconf=0.0033[0m
[BETA_X5] mode=OFF radar_adj=0 mom= conf=0
[ALPHA_X13_BURST13] mode=OFF radar_adj=0 mom= conf=0
[BETA_X5] [1;36m15:08:18[0m [1;33mx5[0m [1;36m#25[0m SKIP tension=[1;36m0.00000923[0m [0m| momentum_too_small [1;31mconf=0.0[0m
[ALPHA_X13_BURST13] [1;36m15:08:18[0m [1;32mx13[0m [1;36m#33[0m SKIP tension=[1;36m0.00000814[0m [0m| momentum_too_small [1;31mconf=0.0[0m
[ALPHA_X13_BURST13] mode=OFF radar_adj=0 mom= conf=0
[BETA_X5] mode=OFF radar_adj=0 mom= conf=0
[ALPHA_X13_BURST13] [1;36m15:08:29[0m [1;32mx13[0m [1;36m#34[0m SKIP [1;33m| tension_stale age=9097ms>800ms (NUAGE)[0m
[ALPHA_X13_BURST13] mode=OFF radar_adj=0 mom= conf=0
[BETA_X5] [1;36m15:08:32[0m [1;33mx5[0m [1;36m#26[0m SKIP tension=[1;36m0.00000000[0m [0m| momentum_too_small [1;31mconf=0.3394[0m
[BETA_X5] mode=OFF radar_adj=0 mom= conf=0
[ALPHA_X13_BURST13] [1;36m15:08:39[0m [1;32mx13[0m [1;36m#35[0m SKIP [1;33m| tension_stale age=6079ms>800ms (NUAGE)[0m
[BETA_X5] [1;36m15:08:42[0m [1;33mx5[0m [1;36m#27[0m SKIP tension=[1;36m0.47541930[0m [0m| wall_not_collapsed
[ALPHA_X13_BURST13] mode=OFF radar_adj=0 mom= conf=0
[BETA_X5] mode=OFF radar_adj=0 mom= conf=0
[ALPHA_X13_BURST13] [1;36m15:08:49[0m [1;32mx13[0m [1;36m#36[0m SKIP tension=[1;36m0.00000000[0m [0m| momentum_too_small [1;31mconf=0.2669[0m
[ALPHA_X13_BURST13] mode=OFF radar_adj=0 mom= conf=0
[BETA_X5] [1;36mCycle 28[0m [1;32mSOFT anomaly[0m [1;33m| pnl_abs=0.14364000 > 0.02500000[0m
[BETA_X5] [1;36mentry=15:08:57@64243.90000000[0m [1;33mx5[0m [1;36m#28[0m [1;32mSELL[0m tension=[1;32m1.37805324[0m hold=[1;36m7[0ms sec=[1;36m7[0m [0m| exit=64225.00000000 [1;33mconf=0.7627[0m [1;36mexit_time=15:09:04[0m [1;32mpnl=0.14364000 bps=2.94191355 pct=0.02941914% total=0.29672[0m
[BETA_X5] mode=OFF radar_adj=0 mom= conf=0
[ALPHA_X13_BURST13] [1;36m15:09:10[0m [1;32mx13[0m [1;36m#37[0m SKIP [1;33m| tension_stale age=1628ms>800ms (NUAGE)[0m
[ALPHA_X13_BURST13] mode=OFF radar_adj=0 mom= conf=0
[BETA_X5] [1;36m15:09:16[0m [1;33mx5[0m [1;36m#29[0m SKIP tension=[1;36m0.00002994[0m [0m| momentum_too_small [1;31mconf=0.0[0m
[BETA_X5] mode=OFF radar_adj=0 mom= conf=0
[ALPHA_X13_BURST13] [1;36m15:09:21[0m [1;32mx13[0m [1;36m#38[0m SKIP tension=[1;36m0.00000000[0m [0m| momentum_too_small [1;31mconf=0.1833[0m
[BETA_X5] [1;36m15:09:24[0m [1;33mx5[0m [1;36m#30[0m SKIP tension=[1;36m0.00001605[0m [0m| momentum_too_small [1;31mconf=0.0[0m
[ALPHA_X13_BURST13] mode=OFF radar_adj=0 mom= conf=0
[BETA_X5] mode=OFF radar_adj=0 mom= conf=0
[ALPHA_X13_BURST13] [1;36m15:09:32[0m [1;32mx13[0m [1;36m#39[0m SKIP [1;33m| tension_stale age=6482ms>800ms (NUAGE)[0m
[BETA_X5] [1;36m15:09:33[0m [1;33mx5[0m [1;36m#31[0m SKIP tension=[1;36m0.00000000[0m [0m| momentum_too_small [1;31mconf=0.2727[0m
[ALPHA_X13_BURST13] mode=OFF radar_adj=0 mom= conf=0
[BETA_X5] mode=OFF radar_adj=0 mom= conf=0
[BETA_X5] [1;36mCycle 32[0m [1;32mSOFT anomaly[0m [1;33m| pnl_abs=0.09044000 > 0.02500000[0m
[BETA_X5] [1;36mentry=15:09:47@64281.30000000[0m [1;33mx5[0m [1;36m#32[0m [1;32mSELL[0m tension=[1;31m4.80582901[0m hold=[1;36m7[0ms sec=[1;36m7[0m [0m| exit=64269.40000000 [1;33mconf=0.7073[0m [1;36mexit_time=15:09:54[0m [1;32mpnl=0.09044000 bps=1.85123823 pct=0.01851238% total=0.38716[0m
[BETA_X5] mode=OFF radar_adj=0 mom= conf=0
[BETA_X5] [1;36mentry=15:10:10@64273.40000000[0m [1;33mx5[0m [1;36m#33[0m [1;33mSELL[0m tension=[1;31m4.93564624[0m hold=[1;36m7[0ms sec=[1;36m7[0m [0m| exit=64273.40000000 [1;32mconf=0.9864[0m [1;36mexit_time=15:10:17[0m [1;33mpnl=-0.00000000 bps=-0.00000000 pct=-0.00000000% total=0.38716[0m
[BETA_X5] mode=OFF radar_adj=0 mom= conf=0
[BETA_X5] [1;36m15:10:28[0m [1;33mx5[0m [1;36m#34[0m SKIP tension=[1;36m0.00020816[0m [0m| momentum_too_small [1;31mconf=0.0003[0m
[BETA_X5] mode=OFF radar_adj=0 mom= conf=0
[BETA_X5] [1;36m15:10:36[0m [1;33mx5[0m [1;36m#35[0m SKIP tension=[1;36m0.00000000[0m [0m| momentum_too_small [1;31mconf=0.3231[0m
[BETA_X5] mode=OFF radar_adj=0 mom= conf=0
[BETA_X5] [1;36m15:10:45[0m [1;33mx5[0m [1;36m#36[0m SKIP tension=[1;36m0.00096145[0m [0m| momentum_too_small [1;31mconf=0.0012[0m
[BETA_X5] mode=OFF radar_adj=0 mom= conf=0
[ALPHA_X13_BURST13] [1;36m--- ACE777 STRICT CLONE FUTURES TESTNET ---[0m
[ALPHA_X13_BURST13] [1;36mLeverage ramp ON:[0m [1;36mstart=13 end=13 cycles=180[0m
[ALPHA_X13_BURST13] [1;32mV8 Resonance ON:[0m [1;36mimpulse_thr=0.96 dt_ms=64 aspiration=1.618@37.8deg void_lock=TRUE shock_exit=TRUE[0m
[ALPHA_X13_BURST13] [1;32mV8 Tension ON:[0m [1;36mwall_drop=6.5% dt_ms=64 filter=0.85 depth=20[0m
[ALPHA_X13_BURST13] [1;36mSymbol=BTCUSDT[0m [1;32mLeverage=13[0m [1;36mBuyUSDT=800 Orders=TRUE[0m
[ALPHA_X13_BURST13] [1;36m--- ACE777 STRICT CLONE FUTURES TESTNET ---[0m
[ALPHA_X13_BURST13] [1;36mLeverage ramp ON:[0m [1;36mstart=13 end=13 cycles=180[0m
[ALPHA_X13_BURST13] [1;32mV8 Resonance ON:[0m [1;36mimpulse_thr=0.96 dt_ms=64 aspiration=1.618@37.8deg void_lock=TRUE shock_exit=TRUE[0m
[ALPHA_X13_BURST13] [1;32mV8 Tension ON:[0m [1;36mwall_drop=6.5% dt_ms=64 filter=0.85 depth=20[0m
[ALPHA_X13_BURST13] [1;36mSymbol=BTCUSDT[0m [1;32mLeverage=13[0m [1;36mBuyUSDT=800 Orders=TRUE[0m
[ALPHA_X13_BURST13] mode=OFF radar_adj=0 mom= conf=0
[ALPHA_X13_BURST13] mode=OFF radar_adj=0 mom= conf=0
[BETA_X5] shockwave beta->alpha until_cycle=47
[BETA_X5] [1;33mSWARM shockwave[0m [0m| beta -> neighbor (shock_inversion_stop)[0m
[BETA_X5] [1;36mCycle 37[0m [1;32mSOFT anomaly[0m [1;33m| pnl_abs=0.29000000 > 0.02500000[0m
[BETA_X5] [1;36mentry=15:10:58@64258.10000000[0m [1;33mx5[0m [1;36m#37[0m [1;31mSELL[0m tension=[1;32m1.47240277[0m hold=[1;36m9[0ms sec=[1;36m9[0m [0m| exit=64281.30000000 [1;33mconf=0.7686[0m [1;36mexit_time=15:11:07[0m [1;31mpnl=-0.29000000 bps=-3.61043977 pct=-0.03610440% total=0.09716000000000002[0m
[BETA_X5] mode=OFF radar_adj=0 mom= conf=0
[ALPHA_X13_BURST13] [1;36m15:11:14[0m [1;32mx13[0m [1;36m#1[0m SKIP [1;33m| tension_stale age=2474ms>800ms (NUAGE)[0m
[ALPHA_X13_BURST13] [1;36m15:11:14[0m [1;32mx13[0m [1;36m#1[0m SKIP [1;33m| tension_stale age=2474ms>800ms (NUAGE)[0m
[ALPHA_X13_BURST13] mode=OFF radar_adj=0 mom= conf=0
[ALPHA_X13_BURST13] mode=OFF radar_adj=0 mom= conf=0
[BETA_X5] [1;36m15:11:19[0m [1;33mx5[0m [1;36m#38[0m SKIP tension=[1;31m2.72831960[0m [0m| tactic short vs long
[BETA_X5] mode=OFF radar_adj=0 mom= conf=0
[ALPHA_X13_BURST13] [1;36m15:11:25[0m [1;32mx13[0m [1;36m#2[0m SKIP tension=[1;36m0.00730923[0m [0m| direction_unclear [1;31mconf=0.0072[0m
[ALPHA_X13_BURST13] [1;36m15:11:25[0m [1;32mx13[0m [1;36m#2[0m SKIP tension=[1;36m0.00730923[0m [0m| direction_unclear [1;31mconf=0.0072[0m
[ALPHA_X13_BURST13] mode=OFF radar_adj=0 mom= conf=0
[ALPHA_X13_BURST13] mode=OFF radar_adj=0 mom= conf=0
[BETA_X5] [1;36m15:11:28[0m [1;33mx5[0m [1;36m#39[0m SKIP tension=[1;36m0.00000000[0m [0m| momentum_too_small [1;31mconf=0.269[0m
[BETA_X5] mode=OFF radar_adj=0 mom= conf=0
[ALPHA_X13_BURST13] [1;36m15:11:34[0m [1;32mx13[0m [1;36m#3[0m SKIP tension=[1;36m0.00000000[0m [0m| momentum_too_small [1;31mconf=0.2152[0m
[ALPHA_X13_BURST13] [1;36m15:11:34[0m [1;32mx13[0m [1;36m#3[0m SKIP tension=[1;36m0.00000000[0m [0m| momentum_too_small [1;31mconf=0.2152[0m
[BETA_X5] [1;36m15:11:37[0m [1;33mx5[0m [1;36m#40[0m SKIP tension=[1;36m0.00795782[0m [0m| momentum_too_small [1;31mconf=0.0107[0m
[ALPHA_X13_BURST13] mode=OFF radar_adj=0 mom= conf=0
[ALPHA_X13_BURST13] mode=OFF radar_adj=0 mom= conf=0
[BETA_X5] mode=OFF radar_adj=0 mom= conf=0
[ALPHA_X13_BURST13] [1;36m15:11:44[0m [1;32mx13[0m [1;36m#4[0m SKIP tension=[1;36m0.00001919[0m [0m| momentum_too_small [1;31mconf=0.0[0m
[ALPHA_X13_BURST13] [1;36m15:11:44[0m [1;32mx13[0m [1;36m#4[0m SKIP tension=[1;36m0.00001919[0m [0m| momentum_too_small [1;31mconf=0.0[0m
[BETA_X5] [1;36m15:11:46[0m [1;33mx5[0m [1;36m#41[0m SKIP tension=[1;36m0.00001595[0m [0m| momentum_too_small [1;31mconf=0.0[0m
[ALPHA_X13_BURST13] mode=OFF radar_adj=0 mom= conf=0
[ALPHA_X13_BURST13] mode=OFF radar_adj=0 mom= conf=0
[BETA_X5] mode=OFF radar_adj=0 mom= conf=0
[ALPHA_X13_BURST13] [1;36m15:11:53[0m [1;32mx13[0m [1;36m#5[0m SKIP tension=[1;36m0.01142489[0m [0m| direction_unclear [1;31mconf=0.0117[0m
[ALPHA_X13_BURST13] [1;36m15:11:53[0m [1;32mx13[0m [1;36m#5[0m SKIP tension=[1;36m0.01142489[0m [0m| direction_unclear [1;31mconf=0.0117[0m
[BETA_X5] [1;36m15:11:55[0m [1;33mx5[0m [1;36m#42[0m SKIP tension=[1;36m0.00620592[0m [0m| momentum_too_small [1;31mconf=0.0085[0m
[ALPHA_X13_BURST13] mode=OFF radar_adj=0 mom= conf=0
[ALPHA_X13_BURST13] mode=OFF radar_adj=0 mom= conf=0
[BETA_X5] mode=OFF radar_adj=0 mom= conf=0
[ALPHA_X13_BURST13] [1;36m15:12:02[0m [1;32mx13[0m [1;36m#6[0m SKIP tension=[1;36m0.00004305[0m [0m| spread_too_wide [1;31mconf=0.0[0m
[ALPHA_X13_BURST13] [1;36m15:12:02[0m [1;32mx13[0m [1;36m#6[0m SKIP tension=[1;36m0.00004305[0m [0m| spread_too_wide [1;31mconf=0.0[0m
[BETA_X5] [1;36m15:12:03[0m [1;33mx5[0m [1;36m#43[0m SKIP tension=[1;36m0.00662760[0m [0m| momentum_too_small [1;31mconf=0.0083[0m
[ALPHA_X13_BURST13] mode=OFF radar_adj=0 mom= conf=0
[ALPHA_X13_BURST13] mode=OFF radar_adj=0 mom= conf=0
[BETA_X5] mode=OFF radar_adj=0 mom= conf=0
[ALPHA_X13_BURST13] [1;36m15:12:12[0m [1;32mx13[0m [1;36m#7[0m SKIP tension=[1;36m0.01003580[0m [0m| direction_unclear [1;31mconf=0.013[0m
[ALPHA_X13_BURST13] [1;36m15:12:12[0m [1;32mx13[0m [1;36m#7[0m SKIP tension=[1;36m0.01003580[0m [0m| direction_unclear [1;31mconf=0.013[0m
[BETA_X5] [1;36m15:12:12[0m [1;33mx5[0m [1;36m#44[0m SKIP tension=[1;36m0.00001123[0m [0m| momentum_too_small [1;31mconf=0.0[0m
[BETA_X5] mode=OFF radar_adj=0 mom= conf=0
[ALPHA_X13_BURST13] mode=OFF radar_adj=0 mom= conf=0
[ALPHA_X13_BURST13] mode=OFF radar_adj=0 mom= conf=0
[BETA_X5] [1;36m15:12:22[0m [1;33mx5[0m [1;36m#45[0m SKIP tension=[1;36m0.00004706[0m [0m| momentum_too_small [1;31mconf=0.0001[0m
[ALPHA_X13_BURST13] [1;36m15:12:22[0m [1;32mx13[0m [1;36m#8[0m SKIP tension=[1;36m0.00004706[0m [0m| momentum_too_small [1;31mconf=0.0001[0m
[ALPHA_X13_BURST13] [1;36m15:12:22[0m [1;32mx13[0m [1;36m#8[0m SKIP tension=[1;36m0.00004706[0m [0m| momentum_too_small [1;31mconf=0.0001[0m
[BETA_X5] mode=OFF radar_adj=0 mom= conf=0
[ALPHA_X13_BURST13] mode=OFF radar_adj=0 mom= conf=0
[ALPHA_X13_BURST13] mode=OFF radar_adj=0 mom= conf=0
[ALPHA_X13_BURST13] [1;36m15:12:31[0m [1;32mx13[0m [1;36m#9[0m SKIP tension=[1;36m0.01245075[0m [0m| direction_unclear [1;31mconf=0.0205[0m
[ALPHA_X13_BURST13] [1;36m15:12:31[0m [1;32mx13[0m [1;36m#9[0m SKIP tension=[1;36m0.01245075[0m [0m| direction_unclear [1;31mconf=0.0205[0m
[ALPHA_X13_BURST13] mode=OFF radar_adj=0 mom= conf=0
[ALPHA_X13_BURST13] mode=OFF radar_adj=0 mom= conf=0
[ALPHA_X13_BURST13] [1;36m15:12:46[0m [1;32mx13[0m [1;36m#10[0m SKIP tension=[1;31m6.13530612[0m [0m| duo no_trigger
[ALPHA_X13_BURST13] [1;36m15:12:46[0m [1;32mx13[0m [1;36m#10[0m SKIP tension=[1;31m6.13530612[0m [0m| duo no_trigger
[ALPHA_X13_BURST13] mode=OFF radar_adj=0 mom= conf=0
[ALPHA_X13_BURST13] mode=OFF radar_adj=0 mom= conf=0
[BETA_X5] [1;36mCycle 46[0m [1;32mSOFT anomaly[0m [1;33m| pnl_abs=0.09120000 > 0.02500000[0m
[BETA_X5] [1;36mentry=15:12:42@64248.70000000[0m [1;33mx5[0m [1;36m#46[0m [1;32mSELL[0m tension=[1;31m6.31024902[0m hold=[1;36m10[0ms sec=[1;36m10[0m [0m| exit=64236.70000000 [1;32mconf=0.9737[0m [1;36mexit_time=15:12:52[0m [1;32mpnl=0.09120000 bps=1.86774207 pct=0.01867742% total=0.18836000000000003[0m
[ALPHA_X13_BURST13] [1;36m15:12:56[0m [1;32mx13[0m [1;36m#11[0m SKIP tension=[1;36m0.00012189[0m [0m| momentum_too_small [1;31mconf=0.0001[0m
[ALPHA_X13_BURST13] [1;36m15:12:56[0m [1;32mx13[0m [1;36m#11[0m SKIP tension=[1;36m0.00012189[0m [0m| momentum_too_small [1;31mconf=0.0001[0m
[BETA_X5] mode=OFF radar_adj=0 mom= conf=0
[ALPHA_X13_BURST13] mode=OFF radar_adj=0 mom= conf=0
[ALPHA_X13_BURST13] mode=OFF radar_adj=0 mom= conf=0
[BETA_X5] [1;36m15:13:03[0m [1;33mx5[0m [1;36m#47[0m SKIP tension=[1;36m0.00000000[0m [0m| momentum_too_small [1;31mconf=0.272[0m
[ALPHA_X13_BURST13] [1;36m15:13:05[0m [1;32mx13[0m [1;36m#12[0m SKIP tension=[1;36m0.00429336[0m [0m| momentum_too_small [1;31mconf=0.0062[0m
[ALPHA_X13_BURST13] [1;36m15:13:05[0m [1;32mx13[0m [1;36m#12[0m SKIP tension=[1;36m0.00429336[0m [0m| momentum_too_small [1;31mconf=0.0062[0m
[BETA_X5] mode=OFF radar_adj=0 mom= conf=0
[ALPHA_X13_BURST13] mode=OFF radar_adj=0 mom= conf=0
[ALPHA_X13_BURST13] mode=OFF radar_adj=0 mom= conf=0
[BETA_X5] [1;36m15:13:11[0m [1;33mx5[0m [1;36m#48[0m SKIP tension=[1;36m0.00311014[0m [0m| momentum_too_small [1;31mconf=0.0048[0m
[BETA_X5] mode=OFF radar_adj=0 mom= conf=0
[ALPHA_X13_BURST13] [1;36m15:13:15[0m [1;32mx13[0m [1;36m#13[0m SKIP tension=[1;31m4.89073212[0m [0m| duo no_trigger
[ALPHA_X13_BURST13] [1;36m15:13:15[0m [1;32mx13[0m [1;36m#13[0m SKIP tension=[1;31m4.89073212[0m [0m| duo no_trigger
[ALPHA_X13_BURST13] mode=OFF radar_adj=0 mom= conf=0
[ALPHA_X13_BURST13] mode=OFF radar_adj=0 mom= conf=0
[ALPHA_X13_BURST13] [1;36m15:13:30[0m [1;32mx13[0m [1;36m#14[0m SKIP tension=[1;36m0.00032705[0m [0m| momentum_too_small [1;31mconf=0.0005[0m
[ALPHA_X13_BURST13] [1;36m15:13:30[0m [1;32mx13[0m [1;36m#14[0m SKIP tension=[1;36m0.00032705[0m [0m| momentum_too_small [1;31mconf=0.0005[0m
[BETA_X5] shockwave beta->alpha until_cycle=59
[BETA_X5] [1;33mSWARM shockwave[0m [0m| beta -> neighbor (fluid_exit_inversion)[0m
[BETA_X5] [1;36mCycle 49[0m [1;32mSOFT anomaly[0m [1;33m| pnl_abs=0.03648000 > 0.02500000[0m
[ALPHA_X13_BURST13] mode=OFF radar_adj=0 mom= conf=0
[ALPHA_X13_BURST13] mode=OFF radar_adj=0 mom= conf=0
[BETA_X5] [1;36mentry=15:13:25@64235.50000000[0m [1;33mx5[0m [1;36m#49[0m [1;31mSELL[0m tension=[1;31m8.57679694[0m hold=[1;36m8[0ms sec=[1;36m8[0m [0m| exit=64240.30000000 [1;32mconf=0.9786[0m [1;36mexit_time=15:13:33[0m [1;31mpnl=-0.03648000 bps=-0.74725035 pct=-0.00747250% total=0.15188000000000001[0m
[BETA_X5] mode=OFF radar_adj=0 mom= conf=0
[ALPHA_X13_BURST13] [1;36m15:13:41[0m [1;32mx13[0m [1;36m#15[0m SKIP tension=[1;36m0.10155871[0m [0m| direction_unclear [1;31mconf=0.1288[0m
[ALPHA_X13_BURST13] [1;36m15:13:41[0m [1;32mx13[0m [1;36m#15[0m SKIP tension=[1;36m0.10155871[0m [0m| direction_unclear [1;31mconf=0.1288[0m
[ALPHA_X13_BURST13] mode=OFF radar_adj=0 mom= conf=0
[ALPHA_X13_BURST13] mode=OFF radar_adj=0 mom= conf=0
[BETA_X5] [1;36m15:13:45[0m [1;33mx5[0m [1;36m#50[0m SKIP tension=[1;36m0.15893827[0m [0m| direction_unclear [1;31mconf=0.2329[0m
[BETA_X5] mode=OFF radar_adj=0 mom= conf=0
[ALPHA_X13_BURST13] [1;36m15:13:51[0m [1;32mx13[0m [1;36m#16[0m SKIP tension=[1;36m0.04883872[0m [0m| direction_unclear [1;31mconf=0.0079[0m
[ALPHA_X13_BURST13] [1;36m15:13:51[0m [1;32mx13[0m [1;36m#16[0m SKIP tension=[1;36m0.04883872[0m [0m| direction_unclear [1;31mconf=0.0079[0m
[ALPHA_X13_BURST13] mode=OFF radar_adj=0 mom= conf=0
[ALPHA_X13_BURST13] mode=OFF radar_adj=0 mom= conf=0
[BETA_X5] [1;36m15:13:55[0m [1;33mx5[0m [1;36m#51[0m SKIP tension=[1;36m0.00000000[0m [0m| momentum_too_small [1;31mconf=0.3408[0m
[BETA_X5] mode=OFF radar_adj=0 mom= conf=0
[ALPHA_X13_BURST13] [1;36m15:14:00[0m [1;32mx13[0m [1;36m#17[0m SKIP tension=[1;36m0.00021509[0m [0m| momentum_too_small [1;31mconf=0.0004[0m
[ALPHA_X13_BURST13] [1;36m15:14:00[0m [1;32mx13[0m [1;36m#17[0m SKIP tension=[1;36m0.00021509[0m [0m| momentum_too_small [1;31mconf=0.0004[0m
[BETA_X5] [1;36m15:14:04[0m [1;33mx5[0m [1;36m#52[0m SKIP [0m| Mode Écoute: spread=0.82540000 volat=26.52070188 (attente froid)
[ALPHA_X13_BURST13] mode=OFF radar_adj=0 mom= conf=0
[ALPHA_X13_BURST13] mode=OFF radar_adj=0 mom= conf=0
[BETA_X5] mode=OFF radar_adj=0 mom= conf=0
[ALPHA_X13_BURST13] [1;36m15:14:10[0m [1;32mx13[0m [1;36m#18[0m SKIP tension=[1;36m0.00001110[0m [0m| momentum_too_small [1;31mconf=0.0[0m
[ALPHA_X13_BURST13] [1;36m15:14:10[0m [1;32mx13[0m [1;36m#18[0m SKIP tension=[1;36m0.00001110[0m [0m| momentum_too_small [1;31mconf=0.0[0m
[ALPHA_X13_BURST13] mode=OFF radar_adj=0 mom= conf=0
[ALPHA_X13_BURST13] mode=OFF radar_adj=0 mom= conf=0
[ALPHA_X13_BURST13] [1;36m15:14:19[0m [1;32mx13[0m [1;36m#19[0m SKIP tension=[1;36m0.00079625[0m [0m| momentum_too_small [1;31mconf=0.0012[0m
[ALPHA_X13_BURST13] [1;36m15:14:19[0m [1;32mx13[0m [1;36m#19[0m SKIP tension=[1;36m0.00079625[0m [0m| momentum_too_small [1;31mconf=0.0012[0m
[ALPHA_X13_BURST13] mode=OFF radar_adj=0 mom= conf=0
[ALPHA_X13_BURST13] mode=OFF radar_adj=0 mom= conf=0
[BETA_X5] [1;36mCycle 53[0m [1;32mSOFT anomaly[0m [1;33m| pnl_abs=0.03268000 > 0.02500000[0m
[BETA_X5] [1;36mentry=15:14:17@64202.90000000[0m [1;33mx5[0m [1;36m#53[0m [1;32mSELL[0m tension=[1;32m1.60521108[0m hold=[1;36m7[0ms sec=[1;36m7[0m [0m| exit=64198.60000000 [1;32mconf=0.9299[0m [1;36mexit_time=15:14:25[0m [1;32mpnl=0.03268000 bps=0.66975168 pct=0.00669752% total=0.18456[0m
[ALPHA_X13_BURST13] [1;36m15:14:29[0m [1;32mx13[0m [1;36m#20[0m SKIP tension=[1;33m0.86717037[0m [0m| wall_not_collapsed
[ALPHA_X13_BURST13] [1;36m15:14:29[0m [1;32mx13[0m [1;36m#20[0m SKIP tension=[1;33m0.86717037[0m [0m| wall_not_collapsed
[BETA_X5] mode=OFF radar_adj=0 mom= conf=0
[ALPHA_X13_BURST13] mode=OFF radar_adj=0 mom= conf=0
[ALPHA_X13_BURST13] mode=OFF radar_adj=0 mom= conf=0
[BETA_X5] [1;36m15:14:36[0m [1;33mx5[0m [1;36m#54[0m SKIP tension=[1;36m0.00001314[0m [0m| momentum_too_small [1;31mconf=0.0[0m
[ALPHA_X13_BURST13] [1;36m15:14:38[0m [1;32mx13[0m [1;36m#21[0m SKIP tension=[1;36m0.00001051[0m [0m| momentum_too_small [1;31mconf=0.0[0m
[ALPHA_X13_BURST13] [1;36m15:14:38[0m [1;32mx13[0m [1;36m#21[0m SKIP tension=[1;36m0.00001051[0m [0m| momentum_too_small [1;31mconf=0.0[0m
[BETA_X5] mode=OFF radar_adj=0 mom= conf=0
[ALPHA_X13_BURST13] mode=OFF radar_adj=0 mom= conf=0
[ALPHA_X13_BURST13] mode=OFF radar_adj=0 mom= conf=0
[BETA_X5] [1;36m15:14:46[0m [1;33mx5[0m [1;36m#55[0m SKIP tension=[1;36m0.00000000[0m [0m| momentum_too_small [1;31mconf=0.3452[0m
[ALPHA_X13_BURST13] [1;36m15:14:49[0m [1;32mx13[0m [1;36m#22[0m SKIP tension=[1;36m0.00429192[0m [0m| momentum_too_small [1;31mconf=0.007[0m
[ALPHA_X13_BURST13] [1;36m15:14:49[0m [1;32mx13[0m [1;36m#22[0m SKIP tension=[1;36m0.00429192[0m [0m| momentum_too_small [1;31mconf=0.007[0m
[BETA_X5] mode=OFF radar_adj=0 mom= conf=0
[ALPHA_X13_BURST13] mode=OFF radar_adj=0 mom= conf=0
[ALPHA_X13_BURST13] mode=OFF radar_adj=0 mom= conf=0
[BETA_X5] [1;36m15:14:55[0m [1;33mx5[0m [1;36m#56[0m SKIP tension=[1;36m0.00000000[0m [0m| momentum_too_small [1;31mconf=0.3452[0m
[BETA_X5] mode=OFF radar_adj=0 mom= conf=0
[ALPHA_X13_BURST13] [1;36m15:14:57[0m [1;32mx13[0m [1;36m#23[0m SKIP tension=[1;36m0.34671920[0m [0m| wall_not_collapsed
[ALPHA_X13_BURST13] [1;36m15:14:57[0m [1;32mx13[0m [1;36m#23[0m SKIP tension=[1;36m0.34671920[0m [0m| wall_not_collapsed
[ALPHA_X13_BURST13] mode=OFF radar_adj=0 mom= conf=0
[ALPHA_X13_BURST13] mode=OFF radar_adj=0 mom= conf=0
[BETA_X5] [1;36m15:15:03[0m [1;33mx5[0m [1;36m#57[0m SKIP tension=[1;36m0.00001726[0m [0m| momentum_too_small [1;31mconf=0.0[0m
[BETA_X5] mode=OFF radar_adj=0 mom= conf=0
[ALPHA_X13_BURST13] [1;36m15:15:06[0m [1;32mx13[0m [1;36m#24[0m SKIP tension=[1;36m0.38001973[0m [0m| wall_not_collapsed
[ALPHA_X13_BURST13] [1;36m15:15:06[0m [1;32mx13[0m [1;36m#24[0m SKIP tension=[1;36m0.38001973[0m [0m| wall_not_collapsed
[ALPHA_X13_BURST13] mode=OFF radar_adj=0 mom= conf=0
[ALPHA_X13_BURST13] mode=OFF radar_adj=0 mom= conf=0
[BETA_X5] [1;36m15:15:12[0m [1;33mx5[0m [1;36m#58[0m SKIP tension=[1;36m0.00247483[0m [0m| momentum_too_small [1;31mconf=0.0041[0m
[BETA_X5] mode=OFF radar_adj=0 mom= conf=0
[ALPHA_X13_BURST13] [1;36m15:15:15[0m [1;32mx13[0m [1;36m#25[0m SKIP tension=[1;36m0.32280626[0m [0m| wall_not_collapsed
[ALPHA_X13_BURST13] [1;36m15:15:15[0m [1;32mx13[0m [1;36m#25[0m SKIP tension=[1;36m0.32280626[0m [0m| wall_not_collapsed
[ALPHA_X13_BURST13] mode=OFF radar_adj=0 mom= conf=0
[ALPHA_X13_BURST13] mode=OFF radar_adj=0 mom= conf=0
[BETA_X5] [1;36m15:15:20[0m [1;33mx5[0m [1;36m#59[0m SKIP tension=[1;36m0.38058609[0m [0m| wall_not_collapsed
[BETA_X5] mode=OFF radar_adj=0 mom= conf=0
[ALPHA_X13_BURST13] [1;36m15:15:23[0m [1;32mx13[0m [1;36m#26[0m SKIP tension=[1;36m0.00000000[0m [0m| momentum_too_small [1;31mconf=0.3398[0m
[ALPHA_X13_BURST13] [1;36m15:15:23[0m [1;32mx13[0m [1;36m#26[0m SKIP tension=[1;36m0.00000000[0m [0m| momentum_too_small [1;31mconf=0.3398[0m
[ALPHA_X13_BURST13] mode=OFF radar_adj=0 mom= conf=0
[ALPHA_X13_BURST13] mode=OFF radar_adj=0 mom= conf=0
[ALPHA_X13_BURST13] [1;36m15:15:33[0m [1;32mx13[0m [1;36m#27[0m SKIP tension=[1;31m7.47324545[0m [0m| duo no_trigger
[ALPHA_X13_BURST13] [1;36m15:15:33[0m [1;32mx13[0m [1;36m#27[0m SKIP tension=[1;31m7.47324545[0m [0m| duo no_trigger
[ALPHA_X13_BURST13] mode=OFF radar_adj=0 mom= conf=0
[ALPHA_X13_BURST13] mode=OFF radar_adj=0 mom= conf=0
[ALPHA_X13_BURST13] [1;36m15:15:41[0m [1;32mx13[0m [1;36m#28[0m SKIP tension=[1;36m0.00001838[0m [0m| momentum_too_small [1;31mconf=0.0[0m
[ALPHA_X13_BURST13] [1;36m15:15:41[0m [1;32mx13[0m [1;36m#28[0m SKIP tension=[1;36m0.00001838[0m [0m| momentum_too_small [1;31mconf=0.0[0m
[ALPHA_X13_BURST13] mode=OFF radar_adj=0 mom= conf=0
[ALPHA_X13_BURST13] mode=OFF radar_adj=0 mom= conf=0
[BETA_X5] [1;36mentry=15:15:37@64174.90000000[0m [1;33mx5[0m [1;36m#60[0m [1;33mSELL[0m tension=[1;31m7.47325022[0m hold=[1;36m6[0ms sec=[1;36m6[0m [0m| exit=64174.90000000 [1;32mconf=0.9854[0m [1;36mexit_time=15:15:43[0m [1;33mpnl=-0.00000000 bps=-0.00000000 pct=-0.00000000% total=0.18456[0m
[BETA_X5] mode=OFF radar_adj=0 mom= conf=0
[ALPHA_X13_BURST13] [1;36m15:15:49[0m [1;32mx13[0m [1;36m#29[0m SKIP tension=[1;36m0.00000000[0m [0m| momentum_too_small [1;31mconf=0.3166[0m
[ALPHA_X13_BURST13] [1;36m15:15:49[0m [1;32mx13[0m [1;36m#29[0m SKIP tension=[1;36m0.00000000[0m [0m| momentum_too_small [1;31mconf=0.3166[0m
[ALPHA_X13_BURST13] mode=OFF radar_adj=0 mom= conf=0
[ALPHA_X13_BURST13] mode=OFF radar_adj=0 mom= conf=0
[BETA_X5] [1;36m15:15:53[0m [1;33mx5[0m [1;36m#61[0m SKIP tension=[1;36m0.00000000[0m [0m| momentum_too_small [1;31mconf=0.333[0m
[BETA_X5] mode=OFF radar_adj=0 mom= conf=0
[ALPHA_X13_BURST13] [1;36m15:15:58[0m [1;32mx13[0m [1;36m#30[0m SKIP tension=[1;36m0.00000709[0m [0m| momentum_too_small [1;31mconf=0.0[0m
[ALPHA_X13_BURST13] [1;36m15:15:58[0m [1;32mx13[0m [1;36m#30[0m SKIP tension=[1;36m0.00000709[0m [0m| momentum_too_small [1;31mconf=0.0[0m
[ALPHA_X13_BURST13] mode=OFF radar_adj=0 mom= conf=0
[ALPHA_X13_BURST13] mode=OFF radar_adj=0 mom= conf=0
[BETA_X5] [1;36m15:16:03[0m [1;33mx5[0m [1;36m#62[0m SKIP tension=[1;36m0.81973806[0m [0m| wall_not_collapsed
[BETA_X5] mode=OFF radar_adj=0 mom= conf=0
[ALPHA_X13_BURST13] [1;36m15:16:06[0m [1;32mx13[0m [1;36m#31[0m SKIP tension=[1;36m0.00001488[0m [0m| momentum_too_small [1;31mconf=0.0[0m
[ALPHA_X13_BURST13] [1;36m15:16:06[0m [1;32mx13[0m [1;36m#31[0m SKIP tension=[1;36m0.00001488[0m [0m| momentum_too_small [1;31mconf=0.0[0m
[ALPHA_X13_BURST13] mode=OFF radar_adj=0 mom= conf=0
[ALPHA_X13_BURST13] mode=OFF radar_adj=0 mom= conf=0
[BETA_X5] [1;36m15:16:10[0m [1;33mx5[0m [1;36m#63[0m SKIP tension=[1;36m0.07010705[0m [0m| direction_unclear [1;31mconf=0.1085[0m
[BETA_X5] mode=OFF radar_adj=0 mom= conf=0
[ALPHA_X13_BURST13] [1;36m15:16:14[0m [1;32mx13[0m [1;36m#32[0m SKIP tension=[1;36m0.39694708[0m [0m| wall_not_collapsed
[ALPHA_X13_BURST13] [1;36m15:16:14[0m [1;32mx13[0m [1;36m#32[0m SKIP tension=[1;36m0.39694708[0m [0m| wall_not_collapsed
[ALPHA_X13_BURST13] mode=OFF radar_adj=0 mom= conf=0
[ALPHA_X13_BURST13] mode=OFF radar_adj=0 mom= conf=0
[BETA_X5] [1;36m15:16:17[0m [1;33mx5[0m [1;36m#64[0m SKIP tension=[1;36m0.78446682[0m [0m| wall_not_collapsed
[BETA_X5] mode=OFF radar_adj=0 mom= conf=0
[ALPHA_X13_BURST13] [1;36m15:16:23[0m [1;32mx13[0m [1;36m#33[0m SKIP tension=[1;36m0.11954187[0m [0m| direction_unclear [1;31mconf=0.012[0m
[ALPHA_X13_BURST13] [1;36m15:16:23[0m [1;32mx13[0m [1;36m#33[0m SKIP tension=[1;36m0.11954187[0m [0m| direction_unclear [1;31mconf=0.012[0m
[ALPHA_X13_BURST13] mode=OFF radar_adj=0 mom= conf=0
[ALPHA_X13_BURST13] mode=OFF radar_adj=0 mom= conf=0
[ALPHA_X13_BURST13] [1;36m15:16:32[0m [1;32mx13[0m [1;36m#34[0m SKIP tension=[1;31m3.66322982[0m [0m| duo no_trigger
[ALPHA_X13_BURST13] [1;36m15:16:32[0m [1;32mx13[0m [1;36m#34[0m SKIP tension=[1;31m3.66322982[0m [0m| duo no_trigger
[ALPHA_X13_BURST13] mode=OFF radar_adj=0 mom= conf=0
[ALPHA_X13_BURST13] mode=OFF radar_adj=0 mom= conf=0
[BETA_X5] [1;36mentry=15:16:29@64182.50000000[0m [1;33mx5[0m [1;36m#65[0m [1;32mSELL[0m tension=[1;32m1.33448917[0m hold=[1;36m6[0ms sec=[1;36m6[0m [0m| exit=64179.90000000 [1;32mconf=0.9513[0m [1;36mexit_time=15:16:36[0m [1;32mpnl=0.01976000 bps=0.40509485 pct=0.00405095% total=0.20432[0m
[ALPHA_X13_BURST13] [1;36m15:16:40[0m [1;32mx13[0m [1;36m#35[0m SKIP tension=[1;36m0.27807795[0m [0m| wall_not_collapsed
[ALPHA_X13_BURST13] [1;36m15:16:40[0m [1;32mx13[0m [1;36m#35[0m SKIP tension=[1;36m0.27807795[0m [0m| wall_not_collapsed
[BETA_X5] mode=OFF radar_adj=0 mom= conf=0
[ALPHA_X13_BURST13] mode=OFF radar_adj=0 mom= conf=0
[ALPHA_X13_BURST13] mode=OFF radar_adj=0 mom= conf=0
[BETA_X5] [1;36m15:16:45[0m [1;33mx5[0m [1;36m#66[0m SKIP tension=[1;36m0.19896369[0m [0m| direction_unclear [1;31mconf=0.3281[0m
[BETA_X5] mode=OFF radar_adj=0 mom= conf=0
[ALPHA_X13_BURST13] [1;36m15:16:48[0m [1;32mx13[0m [1;36m#36[0m SKIP tension=[1;36m0.00007820[0m [0m| momentum_too_small [1;31mconf=0.0001[0m
[ALPHA_X13_BURST13] [1;36m15:16:48[0m [1;32mx13[0m [1;36m#36[0m SKIP tension=[1;36m0.00007820[0m [0m| momentum_too_small [1;31mconf=0.0001[0m
[ALPHA_X13_BURST13] mode=OFF radar_adj=0 mom= conf=0
[ALPHA_X13_BURST13] mode=OFF radar_adj=0 mom= conf=0
[ALPHA_X13_BURST13] [1;36m15:16:57[0m [1;32mx13[0m [1;36m#37[0m SKIP tension=[1;36m0.00000000[0m [0m| momentum_too_small [1;31mconf=0.3132[0m
[ALPHA_X13_BURST13] [1;36m15:16:57[0m [1;32mx13[0m [1;36m#37[0m SKIP tension=[1;36m0.00000000[0m [0m| momentum_too_small [1;31mconf=0.3132[0m
[ALPHA_X13_BURST13] mode=OFF radar_adj=0 mom= conf=0
[ALPHA_X13_BURST13] mode=OFF radar_adj=0 mom= conf=0
[BETA_X5] [1;36mentry=15:16:57@64181.40000000[0m [1;33mx5[0m [1;36m#67[0m [1;33mSELL[0m tension=[1;31m3.66331013[0m hold=[1;36m6[0ms sec=[1;36m6[0m [0m| exit=64181.40000000 [1;32mconf=0.9474[0m [1;36mexit_time=15:17:03[0m [1;33mpnl=-0.00000000 bps=-0.00000000 pct=-0.00000000% total=0.20432[0m
[ALPHA_X13_BURST13] [1;36m15:17:05[0m [1;32mx13[0m [1;36m#38[0m SKIP tension=[1;36m0.00000000[0m [0m| momentum_too_small [1;31mconf=0.3132[0m
[ALPHA_X13_BURST13] [1;36m15:17:05[0m [1;32mx13[0m [1;36m#38[0m SKIP tension=[1;36m0.00000000[0m [0m| momentum_too_small [1;31mconf=0.3132[0m
[BETA_X5] mode=OFF radar_adj=0 mom= conf=0
[ALPHA_X13_BURST13] mode=OFF radar_adj=0 mom= conf=0
[ALPHA_X13_BURST13] mode=OFF radar_adj=0 mom= conf=0
[ALPHA_X13_BURST13] [1;36m15:17:15[0m [1;32mx13[0m [1;36m#39[0m SKIP tension=[1;31m6.17752315[0m [0m| duo no_trigger
[ALPHA_X13_BURST13] [1;36m15:17:15[0m [1;32mx13[0m [1;36m#39[0m SKIP tension=[1;31m6.17752315[0m [0m| duo no_trigger
[ALPHA_X13_BURST13] mode=OFF radar_adj=0 mom= conf=0
[ALPHA_X13_BURST13] mode=OFF radar_adj=0 mom= conf=0
[ALPHA_X13_BURST13] [1;36m15:17:23[0m [1;32mx13[0m [1;36m#40[0m SKIP tension=[1;36m0.49133406[0m [0m| wall_not_collapsed
[ALPHA_X13_BURST13] [1;36m15:17:23[0m [1;32mx13[0m [1;36m#40[0m SKIP tension=[1;36m0.49133406[0m [0m| wall_not_collapsed
[BETA_X5] shockwave beta->alpha until_cycle=78
[BETA_X5] [1;33mSWARM shockwave[0m [0m| beta -> neighbor (shock_inversion_stop)[0m
[BETA_X5] [1;36mCycle 68[0m [1;32mSOFT anomaly[0m [1;33m| pnl_abs=0.15500000 > 0.02500000[0m
[BETA_X5] [1;36mentry=15:17:18@64186.80000000[0m [1;33mx5[0m [1;36m#68[0m [1;31mSELL[0m tension=[1;31m6.10756669[0m hold=[1;36m6[0ms sec=[1;36m6[0m [0m| exit=64196.80000000 [1;32mconf=0.8802[0m [1;36mexit_time=15:17:24[0m [1;31mpnl=-0.15500000 bps=-1.55795273 pct=-0.01557953% total=0.04932[0m
[ALPHA_X13_BURST13] mode=OFF radar_adj=0 mom= conf=0
[ALPHA_X13_BURST13] mode=OFF radar_adj=0 mom= conf=0
[BETA_X5] mode=OFF radar_adj=0 mom= conf=0
[ALPHA_X13_BURST13] [1;36m15:17:32[0m [1;32mx13[0m [1;36m#41[0m SKIP tension=[1;36m0.01181138[0m [0m| direction_unclear [1;31mconf=0.019[0m
[ALPHA_X13_BURST13] [1;36m15:17:32[0m [1;32mx13[0m [1;36m#41[0m SKIP tension=[1;36m0.01181138[0m [0m| direction_unclear [1;31mconf=0.019[0m
[BETA_X5] [1;36m15:17:34[0m [1;33mx5[0m [1;36m#69[0m SKIP tension=[1;36m0.00000402[0m [0m| momentum_too_small [1;31mconf=0.0[0m
[ALPHA_X13_BURST13] mode=OFF radar_adj=0 mom= conf=0
[ALPHA_X13_BURST13] mode=OFF radar_adj=0 mom= conf=0
[BETA_X5] mode=OFF radar_adj=0 mom= conf=0
[ALPHA_X13_BURST13] [1;36m15:17:40[0m [1;32mx13[0m [1;36m#42[0m SKIP tension=[1;36m0.00002797[0m [0m| momentum_too_small [1;31mconf=0.0[0m
[ALPHA_X13_BURST13] [1;36m15:17:40[0m [1;32mx13[0m [1;36m#42[0m SKIP tension=[1;36m0.00002797[0m [0m| momentum_too_small [1;31mconf=0.0[0m
[BETA_X5] [1;36m15:17:41[0m [1;33mx5[0m [1;36m#70[0m SKIP tension=[1;36m0.00006526[0m [0m| momentum_too_small [1;31mconf=0.0001[0m
[ALPHA_X13_BURST13] mode=OFF radar_adj=0 mom= conf=0
[ALPHA_X13_BURST13] mode=OFF radar_adj=0 mom= conf=0
[BETA_X5] mode=OFF radar_adj=0 mom= conf=0
[ALPHA_X13_BURST13] [1;36m15:17:48[0m [1;32mx13[0m [1;36m#43[0m SKIP tension=[1;36m0.00004575[0m [0m| momentum_too_small [1;31mconf=0.0001[0m
[ALPHA_X13_BURST13] [1;36m15:17:48[0m [1;32mx13[0m [1;36m#43[0m SKIP tension=[1;36m0.00004575[0m [0m| momentum_too_small [1;31mconf=0.0001[0m
[BETA_X5] [1;36m15:17:50[0m [1;33mx5[0m [1;36m#71[0m SKIP tension=[1;36m0.00005810[0m [0m| momentum_too_small [1;31mconf=0.0001[0m
[ALPHA_X13_BURST13] mode=OFF radar_adj=0 mom= conf=0
[ALPHA_X13_BURST13] mode=OFF radar_adj=0 mom= conf=0
