[BETA_X5] [1;36m--- ACE777 STRICT CLONE FUTURES TESTNET ---[0m
[BETA_X5] [1;32mV8 Resonance ON:[0m [1;36mimpulse_thr=0.96 dt_ms=64 aspiration=1.618@37.8deg void_lock=TRUE shock_exit=TRUE[0m
[BETA_X5] [1;32mV8 Tension ON:[0m [1;36mwall_drop=6.5% dt_ms=64 filter=0.85 depth=20[0m
[BETA_X5] [1;36mSymbol=BTCUSDT[0m [1;32mLeverage=5[0m [1;36mBuyUSDT=200 Orders=TRUE[0m
[ALPHA_X13_BURST13] [1;36m--- ACE777 STRICT CLONE FUTURES TESTNET ---[0m
[ALPHA_X13_BURST13] [1;36mLeverage ramp ON:[0m [1;36mstart=13 end=13 cycles=180[0m
[ALPHA_X13_BURST13] [1;32mV8 Resonance ON:[0m [1;36mimpulse_thr=0.96 dt_ms=64 aspiration=1.618@37.8deg void_lock=TRUE shock_exit=TRUE[0m
[ALPHA_X13_BURST13] [1;32mV8 Tension ON:[0m [1;36mwall_drop=6.5% dt_ms=64 filter=0.85 depth=20[0m
[ALPHA_X13_BURST13] [1;36mSymbol=BTCUSDT[0m [1;32mLeverage=13[0m [1;36mBuyUSDT=800 Orders=TRUE[0m
[BETA_X5] mode=OFF radar_adj=0 mom= conf=0
[ALPHA_X13_BURST13] mode=OFF radar_adj=0 mom= conf=0
[BETA_X5] [1;36m10:53:18[0m [1;33mx5[0m [1;36m#1[0m SKIP tension=[1;31m2.49781314[0m [0m| spread_too_wide [1;33mconf=0.5[0m
[ALPHA_X13_BURST13] [1;36m10:53:20[0m [1;32mx13[0m [1;36m#1[0m SKIP tension=[1;31m8.97873608[0m [0m| duo no_state
[BETA_X5] mode=OFF radar_adj=0 mom= conf=0
[ALPHA_X13_BURST13] mode=OFF radar_adj=0 mom= conf=0
[ALPHA_X13_BURST13] [1;36m10:53:29[0m [1;32mx13[0m [1;36m#2[0m SKIP tension=[1;36m0.00611398[0m [0m| direction_unclear [1;31mconf=0.0082[0m
[ALPHA_X13_BURST13] mode=OFF radar_adj=0 mom= conf=0
[BETA_X5] shockwave beta->alpha until_cycle=12
[BETA_X5] [1;33mSWARM shockwave[0m [0m| beta -> neighbor (shock_inversion_stop)[0m
[ALPHA_X13_BURST13] [1;36m10:53:38[0m [1;32mx13[0m [1;36m#3[0m SKIP tension=[1;36m0.00000000[0m [0m| momentum_too_small [1;31mconf=0.2793[0m
[BETA_X5] [1;36mCycle 2[0m [1;32mSOFT anomaly[0m [1;33m| pnl_abs=0.16906000 > 0.02500000[0m
[BETA_X5] [1;36mentry=10:53:30@62782.40000000[0m [1;33mx5[0m [1;36m#2[0m [1;31mSELL[0m tension=[1;31m10.25856767[0m hold=[1;36m7[0ms sec=[1;36m7[0m [0m| exit=62793.10000000 [1;32mconf=0.9781[0m [1;36mexit_time=10:53:37[0m [1;31mpnl=-0.16906000 bps=-1.70429929 pct=-0.01704299% total=-0.16906[0m
[ALPHA_X13_BURST13] mode=OFF radar_adj=0 mom= conf=0
[BETA_X5] mode=OFF radar_adj=0 mom= conf=0
[ALPHA_X13_BURST13] [1;36m10:53:47[0m [1;32mx13[0m [1;36m#4[0m SKIP tension=[1;36m0.00736227[0m [0m| spread_too_wide [1;31mconf=0.0061[0m
[ALPHA_X13_BURST13] mode=OFF radar_adj=0 mom= conf=0
[ALPHA_X13_BURST13] [1;36m10:53:57[0m [1;32mx13[0m [1;36m#5[0m SKIP tension=[1;36m0.00211930[0m [0m| spread_too_wide [1;31mconf=0.0018[0m
[BETA_X5] shockwave beta->alpha until_cycle=13
[BETA_X5] [1;33mSWARM shockwave[0m [0m| beta -> neighbor (shock_inversion_stop)[0m
[ALPHA_X13_BURST13] mode=OFF radar_adj=0 mom= conf=0
[BETA_X5] [1;36mCycle 3[0m [1;32mSOFT anomaly[0m [1;33m| pnl_abs=0.12246000 > 0.02500000[0m
[BETA_X5] [1;36mentry=10:53:52@62793.10000000[0m [1;33mx5[0m [1;36m#3[0m [1;31mSELL[0m tension=[1;31m4.08503098[0m hold=[1;36m6[0ms sec=[1;36m6[0m [0m| exit=62808.80000000 [1;33mconf=0.5266[0m [1;36mexit_time=10:54:00[0m [1;31mpnl=-0.12246000 bps=-2.50027471 pct=-0.02500275% total=-0.29152[0m
[BETA_X5] mode=OFF radar_adj=0 mom= conf=0
[ALPHA_X13_BURST13] [1;36m10:54:06[0m [1;32mx13[0m [1;36m#6[0m SKIP tension=[1;36m0.00158288[0m [0m| spread_too_wide [1;31mconf=0.0013[0m
[ALPHA_X13_BURST13] mode=OFF radar_adj=0 mom= conf=0
[BETA_X5] [1;36m10:54:13[0m [1;33mx5[0m [1;36m#4[0m SKIP tension=[1;36m0.00498658[0m [0m| momentum_too_small [1;31mconf=0.0078[0m
[BETA_X5] mode=OFF radar_adj=0 mom= conf=0
[ALPHA_X13_BURST13] [1;36m10:54:18[0m [1;32mx13[0m [1;36m#7[0m SKIP tension=[1;31m4.08613460[0m [0m| spread_too_wide [1;33mconf=0.5[0m
[ALPHA_X13_BURST13] mode=OFF radar_adj=0 mom= conf=0
[ALPHA_X13_BURST13] [1;36m10:54:28[0m [1;32mx13[0m [1;36m#8[0m SKIP tension=[1;36m0.03221186[0m [0m| direction_unclear [1;31mconf=0.0482[0m
[ALPHA_X13_BURST13] mode=OFF radar_adj=0 mom= conf=0
[BETA_X5] shockwave beta->alpha until_cycle=15
[BETA_X5] [1;33mSWARM shockwave[0m [0m| beta -> neighbor (shock_inversion_stop)[0m
[BETA_X5] [1;36mentry=10:54:26@62793.10000000[0m [1;33mx5[0m [1;36m#5[0m [1;31mSELL[0m tension=[1;31m8.58093885[0m hold=[1;36m7[0ms sec=[1;36m7[0m [0m| exit=62794.10000000 [1;32mconf=0.9264[0m [1;36mexit_time=10:54:33[0m [1;31mpnl=-0.00780000 bps=-0.15925317 pct=-0.00159253% total=-0.29932[0m
[ALPHA_X13_BURST13] [1;36m10:54:37[0m [1;32mx13[0m [1;36m#9[0m SKIP tension=[1;36m0.00309890[0m [0m| spread_too_wide [1;31mconf=0.0026[0m
[BETA_X5] mode=OFF radar_adj=0 mom= conf=0
[ALPHA_X13_BURST13] mode=OFF radar_adj=0 mom= conf=0
[BETA_X5] [1;36m10:54:43[0m [1;33mx5[0m [1;36m#6[0m SKIP tension=[1;36m0.00000000[0m [0m| momentum_too_small [1;31mconf=0.2522[0m
[ALPHA_X13_BURST13] [1;36m10:54:45[0m [1;32mx13[0m [1;36m#10[0m SKIP tension=[1;36m0.00146784[0m [0m| spread_too_wide [1;31mconf=0.0012[0m
[BETA_X5] mode=OFF radar_adj=0 mom= conf=0
[ALPHA_X13_BURST13] mode=OFF radar_adj=0 mom= conf=0
[BETA_X5] [1;36m10:54:51[0m [1;33mx5[0m [1;36m#7[0m SKIP tension=[1;36m0.00000000[0m [0m| momentum_too_small [1;31mconf=0.2414[0m
[BETA_X5] mode=OFF radar_adj=0 mom= conf=0
[ALPHA_X13_BURST13] [1;36m10:54:54[0m [1;32mx13[0m [1;36m#11[0m SKIP tension=[1;36m0.01806672[0m [0m| spread_too_wide [1;31mconf=0.0151[0m
[ALPHA_X13_BURST13] mode=OFF radar_adj=0 mom= conf=0
[BETA_X5] [1;36m10:54:59[0m [1;33mx5[0m [1;36m#8[0m SKIP tension=[1;36m0.00682977[0m [0m| momentum_too_small [1;31mconf=0.0075[0m
[BETA_X5] mode=OFF radar_adj=0 mom= conf=0
[ALPHA_X13_BURST13] [1;36m10:55:02[0m [1;32mx13[0m [1;36m#12[0m SKIP tension=[1;36m0.00000000[0m [0m| spread_too_wide [1;31mconf=0.0[0m
[ALPHA_X13_BURST13] mode=OFF radar_adj=0 mom= conf=0
[ALPHA_X13_BURST13] [1;36m10:55:11[0m [1;32mx13[0m [1;36m#13[0m SKIP tension=[1;36m0.00000000[0m [0m| momentum_too_small [1;31mconf=0.3221[0m
[ALPHA_X13_BURST13] mode=OFF radar_adj=0 mom= conf=0
[BETA_X5] [1;36mCycle 9[0m [1;32mSOFT anomaly[0m [1;33m| pnl_abs=0.09750000 > 0.02500000[0m
[BETA_X5] [1;36mentry=10:55:11@62806.60000000[0m [1;33mx5[0m [1;36m#9[0m [1;32mSELL[0m tension=[1;31m6.14714012[0m hold=[1;36m6[0ms sec=[1;36m6[0m [0m| exit=62794.10000000 [1;33mconf=0.5435[0m [1;36mexit_time=10:55:18[0m [1;32mpnl=0.09750000 bps=1.99023669 pct=0.01990237% total=-0.20181999999999997[0m
[ALPHA_X13_BURST13] [1;36m10:55:20[0m [1;32mx13[0m [1;36m#14[0m SKIP tension=[1;36m0.00330037[0m [0m| spread_too_wide [1;31mconf=0.0028[0m
[BETA_X5] mode=OFF radar_adj=0 mom= conf=0
[ALPHA_X13_BURST13] mode=OFF radar_adj=0 mom= conf=0
[ALPHA_X13_BURST13] [1;36m10:55:28[0m [1;32mx13[0m [1;36m#15[0m SKIP tension=[1;36m0.00000000[0m [0m| spread_too_wide [1;31mconf=0.0[0m
[BETA_X5] [1;36m10:55:29[0m [1;33mx5[0m [1;36m#10[0m SKIP tension=[1;36m0.00000000[0m [0m| momentum_too_small [1;31mconf=0.1937[0m
[ALPHA_X13_BURST13] mode=OFF radar_adj=0 mom= conf=0
[BETA_X5] mode=OFF radar_adj=0 mom= conf=0
[ALPHA_X13_BURST13] [1;36m10:55:38[0m [1;32mx13[0m [1;36m#16[0m SKIP tension=[1;36m0.00398846[0m [0m| momentum_too_small [1;31mconf=0.0035[0m
[ALPHA_X13_BURST13] mode=OFF radar_adj=0 mom= conf=0
[ALPHA_X13_BURST13] [1;36m10:55:47[0m [1;32mx13[0m [1;36m#17[0m SKIP tension=[1;36m0.00000000[0m [0m| momentum_too_small [1;31mconf=0.2146[0m
[ALPHA_X13_BURST13] mode=OFF radar_adj=0 mom= conf=0
[BETA_X5] shockwave beta->alpha until_cycle=21
[BETA_X5] [1;33mSWARM shockwave[0m [0m| beta -> neighbor (shock_inversion_stop)[0m
[BETA_X5] [1;36mCycle 11[0m [1;32mSOFT anomaly[0m [1;33m| pnl_abs=0.31369000 > 0.02500000[0m
[BETA_X5] [1;36mentry=10:55:44@62793.10000000[0m [1;33mx5[0m [1;36m#11[0m [1;31mSELL[0m tension=[1;31m6.14929559[0m hold=[1;36m7[0ms sec=[1;36m7[0m [0m| exit=62817.80000000 [1;33mconf=0.6131[0m [1;36mexit_time=10:55:51[0m [1;31mpnl=-0.31369000 bps=-3.93355321 pct=-0.03933553% total=-0.51551[0m
[BETA_X5] mode=OFF radar_adj=0 mom= conf=0
[ALPHA_X13_BURST13] [1;36m10:55:56[0m [1;32mx13[0m [1;36m#18[0m SKIP tension=[1;36m0.00000000[0m [0m| spread_too_wide [1;31mconf=0.0[0m
[ALPHA_X13_BURST13] mode=OFF radar_adj=0 mom= conf=0
[BETA_X5] [1;36m10:56:01[0m [1;33mx5[0m [1;36m#12[0m SKIP tension=[1;36m0.00684448[0m [0m| momentum_too_small [1;31mconf=0.0101[0m
[BETA_X5] mode=OFF radar_adj=0 mom= conf=0
[ALPHA_X13_BURST13] [1;36m10:56:05[0m [1;32mx13[0m [1;36m#19[0m SKIP tension=[1;36m0.00000000[0m [0m| spread_too_wide [1;31mconf=0.0[0m
[ALPHA_X13_BURST13] mode=OFF radar_adj=0 mom= conf=0
[BETA_X5] [1;36m10:56:09[0m [1;33mx5[0m [1;36m#13[0m SKIP tension=[1;36m0.00811712[0m [0m| momentum_too_small [1;31mconf=0.013[0m
[BETA_X5] mode=OFF radar_adj=0 mom= conf=0
[ALPHA_X13_BURST13] [1;36m10:56:14[0m [1;32mx13[0m [1;36m#20[0m SKIP tension=[1;36m0.64979826[0m [0m| spread_too_wide [1;33mconf=0.5[0m
[ALPHA_X13_BURST13] mode=OFF radar_adj=0 mom= conf=0
[BETA_X5] [1;36m10:56:17[0m [1;33mx5[0m [1;36m#14[0m SKIP tension=[1;36m0.00000000[0m [0m| momentum_too_small [1;31mconf=0.2525[0m
[BETA_X5] mode=OFF radar_adj=0 mom= conf=0
[ALPHA_X13_BURST13] [1;36m10:56:22[0m [1;32mx13[0m [1;36m#21[0m SKIP tension=[1;36m0.00000000[0m [0m| spread_too_wide [1;31mconf=0.0[0m
[ALPHA_X13_BURST13] mode=OFF radar_adj=0 mom= conf=0
[ALPHA_X13_BURST13] [1;36m10:56:31[0m [1;32mx13[0m [1;36m#22[0m SKIP tension=[1;33m0.93757148[0m [0m| wall_not_collapsed
[ALPHA_X13_BURST13] mode=OFF radar_adj=0 mom= conf=0
[BETA_X5] [1;36mentry=10:56:30@62800.00000000[0m [1;33mx5[0m [1;36m#15[0m [1;33mSELL[0m tension=[1;32m1.04441879[0m hold=[1;36m6[0ms sec=[1;36m6[0m [0m| exit=62800.00000000 [1;33mconf=0.5515[0m [1;36mexit_time=10:56:36[0m [1;33mpnl=-0.00000000 bps=-0.00000000 pct=-0.00000000% total=-0.51551[0m
[ALPHA_X13_BURST13] [1;36m10:56:39[0m [1;32mx13[0m [1;36m#23[0m SKIP tension=[1;36m0.00000000[0m [0m| momentum_too_small [1;31mconf=0.3416[0m
[BETA_X5] mode=OFF radar_adj=0 mom= conf=0
[ALPHA_X13_BURST13] mode=OFF radar_adj=0 mom= conf=0
[BETA_X5] [1;36m10:56:47[0m [1;33mx5[0m [1;36m#16[0m SKIP tension=[1;36m0.00000000[0m [0m| momentum_too_small [1;31mconf=0.3416[0m
[ALPHA_X13_BURST13] [1;36m10:56:49[0m [1;32mx13[0m [1;36m#24[0m SKIP tension=[1;36m0.00001004[0m [0m| momentum_too_small [1;31mconf=0.0[0m
[BETA_X5] mode=OFF radar_adj=0 mom= conf=0
[ALPHA_X13_BURST13] mode=OFF radar_adj=0 mom= conf=0
[BETA_X5] [1;36m10:56:55[0m [1;33mx5[0m [1;36m#17[0m SKIP tension=[1;36m0.00000000[0m [0m| momentum_too_small [1;31mconf=0.2007[0m
[ALPHA_X13_BURST13] [1;36m10:56:58[0m [1;32mx13[0m [1;36m#25[0m SKIP tension=[1;36m0.00695096[0m [0m| direction_unclear [1;31mconf=0.008[0m
[BETA_X5] mode=OFF radar_adj=0 mom= conf=0
[ALPHA_X13_BURST13] mode=OFF radar_adj=0 mom= conf=0
[BETA_X5] [1;36m10:57:04[0m [1;33mx5[0m [1;36m#18[0m SKIP tension=[1;36m0.00000000[0m [0m| momentum_too_small [1;31mconf=0.2403[0m
[ALPHA_X13_BURST13] [1;36m10:57:06[0m [1;32mx13[0m [1;36m#26[0m SKIP tension=[1;36m0.02484878[0m [0m| direction_unclear [1;31mconf=0.024[0m
[BETA_X5] mode=OFF radar_adj=0 mom= conf=0
[ALPHA_X13_BURST13] mode=OFF radar_adj=0 mom= conf=0
[BETA_X5] [1;36m10:57:12[0m [1;33mx5[0m [1;36m#19[0m SKIP tension=[1;36m0.02121762[0m [0m| direction_unclear [1;31mconf=0.0184[0m
[BETA_X5] mode=OFF radar_adj=0 mom= conf=0
[ALPHA_X13_BURST13] [1;36m10:57:15[0m [1;32mx13[0m [1;36m#27[0m SKIP tension=[1;36m0.00769950[0m [0m| direction_unclear [1;31mconf=0.0069[0m
[ALPHA_X13_BURST13] mode=OFF radar_adj=0 mom= conf=0
[ALPHA_X13_BURST13] [1;36m10:57:24[0m [1;32mx13[0m [1;36m#28[0m SKIP tension=[1;36m0.01161282[0m [0m| direction_unclear [1;31mconf=0.0136[0m
[ALPHA_X13_BURST13] mode=OFF radar_adj=0 mom= conf=0
[ALPHA_X13_BURST13] [1;36m10:57:34[0m [1;32mx13[0m [1;36m#29[0m SKIP [1;33m| tension_stale age=1026ms>800ms (NUAGE)[0m
[BETA_X5] [1;36mCycle 20[0m [1;32mSOFT anomaly[0m [1;33m| pnl_abs=0.04212000 > 0.02500000[0m
[BETA_X5] [1;36mentry=10:57:25@62793.10000000[0m [1;33mx5[0m [1;36m#20[0m [1;32mSELL[0m tension=[1;31m8.64638679[0m hold=[1;36m10[0ms sec=[1;36m10[0m [0m| exit=62787.70000000 [1;33mconf=0.7035[0m [1;36mexit_time=10:57:35[0m [1;32mpnl=0.04212000 bps=0.85996710 pct=0.00859967% total=-0.47339000000000003[0m
[ALPHA_X13_BURST13] mode=OFF radar_adj=0 mom= conf=0
[BETA_X5] mode=OFF radar_adj=0 mom= conf=0
[ALPHA_X13_BURST13] [1;36m10:57:43[0m [1;32mx13[0m [1;36m#30[0m SKIP [1;33m| tension_stale age=4769ms>800ms (NUAGE)[0m
[ALPHA_X13_BURST13] mode=OFF radar_adj=0 mom= conf=0
[BETA_X5] shockwave beta->alpha until_cycle=31
[BETA_X5] [1;33mSWARM shockwave[0m [0m| beta -> neighbor (shock_inversion_stop)[0m
[BETA_X5] [1;36mCycle 21[0m [1;32mSOFT anomaly[0m [1;33m| pnl_abs=0.08658000 > 0.02500000[0m
[BETA_X5] [1;36mentry=10:57:49@62796.60000000[0m [1;33mx5[0m [1;36m#21[0m [1;31mSELL[0m tension=[1;32m1.60514401[0m hold=[1;36m7[0ms sec=[1;36m7[0m [0m| exit=62807.70000000 [1;33mconf=0.7751[0m [1;36mexit_time=10:57:56[0m [1;31mpnl=-0.08658000 bps=-1.76761162 pct=-0.01767612% total=-0.5599700000000001[0m
[BETA_X5] mode=OFF radar_adj=0 mom= conf=0
[ALPHA_X13_BURST13] [1;36mCycle 31[0m [1;32mSOFT anomaly[0m [1;33m| pnl_abs=3.75912000 > 0.02500000[0m
[ALPHA_X13_BURST13] [1;36mentry=10:57:56@62782.80000000[0m [1;32mx13[0m [1;36m#31[0m [1;32mBUY[0m tension=[1;32m1.52505193[0m hold=[1;36m7[0ms sec=[1;36m7[0m [0m| exit=62805.50000000 [1;32mconf=0.998[0m [1;36mexit_time=10:58:03[0m [1;32mpnl=3.75912000 bps=3.61563995 pct=0.03615640% total=3.1991499999999995[0m
[BETA_X5] [1;36m10:58:06[0m [1;33mx5[0m [1;36m#22[0m SKIP tension=[1;36m0.03923446[0m [0m| direction_unclear [1;31mconf=0.0624[0m
[ALPHA_X13_BURST13] mode=OFF radar_adj=0 mom= conf=0
[BETA_X5] mode=OFF radar_adj=0 mom= conf=0
[ALPHA_X13_BURST13] [1;36m10:58:14[0m [1;32mx13[0m [1;36m#32[0m SKIP [1;33m| tension_stale age=6149ms>800ms (NUAGE)[0m
[ALPHA_X13_BURST13] mode=OFF radar_adj=0 mom= conf=0
[ALPHA_X13_BURST13] [1;36m10:58:22[0m [1;32mx13[0m [1;36m#33[0m SKIP tension=[1;36m0.00004112[0m [0m| momentum_too_small [1;31mconf=0.0001[0m
[ALPHA_X13_BURST13] mode=OFF radar_adj=0 mom= conf=0
[BETA_X5] [1;36mCycle 23[0m [1;32mSOFT anomaly[0m [1;33m| pnl_abs=0.03666000 > 0.02500000[0m
[BETA_X5] [1;36mentry=10:58:18@62810.00000000[0m [1;33mx5[0m [1;36m#23[0m [1;32mSELL[0m tension=[1;32m1.47499718[0m hold=[1;36m7[0ms sec=[1;36m7[0m [0m| exit=62805.30000000 [1;32mconf=0.9503[0m [1;36mexit_time=10:58:25[0m [1;32mpnl=0.03666000 bps=0.74828849 pct=0.00748288% total=3.23581[0m
[BETA_X5] mode=OFF radar_adj=0 mom= conf=0
[ALPHA_X13_BURST13] [1;36m10:58:31[0m [1;32mx13[0m [1;36m#34[0m SKIP tension=[1;36m0.00000970[0m [0m| momentum_too_small [1;31mconf=0.0[0m
[ALPHA_X13_BURST13] mode=OFF radar_adj=0 mom= conf=0
[BETA_X5] [1;36m10:58:34[0m [1;33mx5[0m [1;36m#24[0m SKIP tension=[1;36m0.00000874[0m [0m| momentum_too_small [1;31mconf=0.0[0m
[BETA_X5] mode=OFF radar_adj=0 mom= conf=0
[ALPHA_X13_BURST13] [1;36m10:58:39[0m [1;32mx13[0m [1;36m#35[0m SKIP tension=[1;36m0.00001609[0m [0m| momentum_too_small [1;31mconf=0.0[0m
[ALPHA_X13_BURST13] mode=OFF radar_adj=0 mom= conf=0
[BETA_X5] [1;36m10:58:42[0m [1;33mx5[0m [1;36m#25[0m SKIP tension=[1;36m0.04907734[0m [0m| direction_unclear [1;31mconf=0.0695[0m
[BETA_X5] mode=OFF radar_adj=0 mom= conf=0
[ALPHA_X13_BURST13] [1;36m10:58:48[0m [1;32mx13[0m [1;36m#36[0m SKIP tension=[1;36m0.44882785[0m [0m| wall_not_collapsed
[BETA_X5] [1;36m10:58:50[0m [1;33mx5[0m [1;36m#26[0m SKIP tension=[1;36m0.00004963[0m [0m| momentum_too_small [1;31mconf=0.0001[0m
[ALPHA_X13_BURST13] mode=OFF radar_adj=0 mom= conf=0
[BETA_X5] mode=OFF radar_adj=0 mom= conf=0
[ALPHA_X13_BURST13] [1;36m10:58:57[0m [1;32mx13[0m [1;36m#37[0m SKIP [1;33m| tension_stale age=5093ms>800ms (NUAGE)[0m
[BETA_X5] [1;36m10:58:59[0m [1;33mx5[0m [1;36m#27[0m SKIP [0m| Mode Écoute: spread=2.40390000 volat=37.56063438 (attente froid)
[ALPHA_X13_BURST13] mode=OFF radar_adj=0 mom= conf=0
[BETA_X5] mode=OFF radar_adj=0 mom= conf=0
[ALPHA_X13_BURST13] [1;36m10:59:06[0m [1;32mx13[0m [1;36m#38[0m SKIP tension=[1;36m0.74366496[0m [0m| wall_not_collapsed
[BETA_X5] [1;36m10:59:07[0m [1;33mx5[0m [1;36m#28[0m SKIP tension=[1;36m0.00000000[0m [0m| momentum_too_small [1;31mconf=0.2553[0m
[ALPHA_X13_BURST13] mode=OFF radar_adj=0 mom= conf=0
[BETA_X5] mode=OFF radar_adj=0 mom= conf=0
[ALPHA_X13_BURST13] [1;36m10:59:15[0m [1;32mx13[0m [1;36m#39[0m SKIP tension=[1;36m0.00000000[0m [0m| momentum_too_small [1;31mconf=0.2553[0m
[BETA_X5] [1;36m10:59:16[0m [1;33mx5[0m [1;36m#29[0m SKIP tension=[1;36m0.00000000[0m [0m| momentum_too_small [1;31mconf=0.2553[0m
[ALPHA_X13_BURST13] mode=OFF radar_adj=0 mom= conf=0
[BETA_X5] mode=OFF radar_adj=0 mom= conf=0
[ALPHA_X13_BURST13] [1;36m10:59:23[0m [1;32mx13[0m [1;36m#40[0m SKIP tension=[1;36m0.00004574[0m [0m| momentum_too_small [1;31mconf=0.0001[0m
[BETA_X5] [1;36m10:59:24[0m [1;33mx5[0m [1;36m#30[0m SKIP tension=[1;36m0.00312756[0m [0m| momentum_too_small [1;31mconf=0.0038[0m
[ALPHA_X13_BURST13] mode=OFF radar_adj=0 mom= conf=0
[BETA_X5] mode=OFF radar_adj=0 mom= conf=0
[BETA_X5] [1;36m10:59:32[0m [1;33mx5[0m [1;36m#31[0m SKIP tension=[1;36m0.00000000[0m [0m| momentum_too_small [1;31mconf=0.256[0m
[ALPHA_X13_BURST13] [1;36m10:59:32[0m [1;32mx13[0m [1;36m#41[0m SKIP tension=[1;36m0.00000000[0m [0m| momentum_too_small [1;31mconf=0.256[0m
[BETA_X5] mode=OFF radar_adj=0 mom= conf=0
[ALPHA_X13_BURST13] mode=OFF radar_adj=0 mom= conf=0
[BETA_X5] [1;36m10:59:40[0m [1;33mx5[0m [1;36m#32[0m SKIP tension=[1;33m0.89074005[0m [0m| wall_not_collapsed
[ALPHA_X13_BURST13] [1;36m10:59:41[0m [1;32mx13[0m [1;36m#42[0m SKIP tension=[1;36m0.00004681[0m [0m| momentum_too_small [1;31mconf=0.0001[0m
[BETA_X5] mode=OFF radar_adj=0 mom= conf=0
[ALPHA_X13_BURST13] mode=OFF radar_adj=0 mom= conf=0
[ALPHA_X13_BURST13] [1;36m10:59:50[0m [1;32mx13[0m [1;36m#43[0m SKIP [1;33m| tension_stale age=8439ms>800ms (NUAGE)[0m
[ALPHA_X13_BURST13] mode=OFF radar_adj=0 mom= conf=0
[ALPHA_X13_BURST13] [1;36m11:00:00[0m [1;32mx13[0m [1;36m#44[0m SKIP [1;33m| tension_stale age=2449ms>800ms (NUAGE)[0m
[BETA_X5] [1;36mCycle 33[0m [1;32mSOFT anomaly[0m [1;33m| pnl_abs=0.05148000 > 0.02500000[0m
[BETA_X5] [1;36mentry=10:59:53@62800.20000000[0m [1;33mx5[0m [1;36m#33[0m [1;32mSELL[0m tension=[1;32m1.36464334[0m hold=[1;36m7[0ms sec=[1;36m7[0m [0m| exit=62793.60000000 [1;32mconf=0.8915[0m [1;36mexit_time=11:00:00[0m [1;32mpnl=0.05148000 bps=1.05095207 pct=0.01050952% total=3.2872899999999996[0m
[ALPHA_X13_BURST13] mode=OFF radar_adj=0 mom= conf=0
[BETA_X5] mode=OFF radar_adj=0 mom= conf=0
[ALPHA_X13_BURST13] [1;36m11:00:09[0m [1;32mx13[0m [1;36m#45[0m SKIP tension=[1;36m0.00024684[0m [0m| momentum_too_small [1;31mconf=0.0002[0m
[BETA_X5] [1;36m11:00:10[0m [1;33mx5[0m [1;36m#34[0m SKIP tension=[1;36m0.00194618[0m [0m| momentum_too_small [1;31mconf=0.0026[0m
[ALPHA_X13_BURST13] mode=OFF radar_adj=0 mom= conf=0
[BETA_X5] mode=OFF radar_adj=0 mom= conf=0
[ALPHA_X13_BURST13] [1;36m11:00:17[0m [1;32mx13[0m [1;36m#46[0m SKIP tension=[1;36m0.07413848[0m [0m| direction_unclear [1;31mconf=0.1233[0m
[BETA_X5] [1;36m11:00:18[0m [1;33mx5[0m [1;36m#35[0m SKIP tension=[1;36m0.06536127[0m [0m| direction_unclear [1;31mconf=0.1087[0m
[ALPHA_X13_BURST13] mode=OFF radar_adj=0 mom= conf=0
[BETA_X5] mode=OFF radar_adj=0 mom= conf=0
[ALPHA_X13_BURST13] [1;36m11:00:28[0m [1;32mx13[0m [1;36m#47[0m SKIP [1;33m| tension_stale age=8369ms>800ms (NUAGE)[0m
[ALPHA_X13_BURST13] mode=OFF radar_adj=0 mom= conf=0
[ALPHA_X13_BURST13] [1;36m11:00:37[0m [1;32mx13[0m [1;36m#48[0m SKIP tension=[1;36m0.00198341[0m [0m| momentum_too_small [1;31mconf=0.003[0m
[BETA_X5] [1;36mCycle 36[0m [1;32mSOFT anomaly[0m [1;33m| pnl_abs=0.07332000 > 0.02500000[0m
[BETA_X5] [1;36mentry=11:00:31@62781.20000000[0m [1;33mx5[0m [1;36m#36[0m [1;32mSELL[0m tension=[1;31m5.12477236[0m hold=[1;36m6[0ms sec=[1;36m6[0m [0m| exit=62771.80000000 [1;32mconf=0.9044[0m [1;36mexit_time=11:00:38[0m [1;32mpnl=0.07332000 bps=1.49726351 pct=0.01497264% total=3.36061[0m
[ALPHA_X13_BURST13] mode=OFF radar_adj=0 mom= conf=0
[BETA_X5] mode=OFF radar_adj=0 mom= conf=0
[ALPHA_X13_BURST13] [1;36m11:00:45[0m [1;32mx13[0m [1;36m#49[0m SKIP tension=[1;36m0.00006727[0m [0m| momentum_too_small [1;31mconf=0.0001[0m
[BETA_X5] [1;36m11:00:48[0m [1;33mx5[0m [1;36m#37[0m SKIP [0m| Mode Écoute: spread=1.52910000 volat=23.89242672 (attente froid)
[ALPHA_X13_BURST13] mode=OFF radar_adj=0 mom= conf=0
[BETA_X5] mode=OFF radar_adj=0 mom= conf=0
[ALPHA_X13_BURST13] [1;36m11:00:55[0m [1;32mx13[0m [1;36m#50[0m SKIP tension=[1;36m0.00002013[0m [0m| momentum_too_small [1;31mconf=0.0[0m
[ALPHA_X13_BURST13] mode=OFF radar_adj=0 mom= conf=0
[BETA_X5] [1;36mCycle 38[0m [1;32mSOFT anomaly[0m [1;33m| pnl_abs=0.03354000 > 0.02500000[0m
[BETA_X5] [1;36mentry=11:01:01@62771.80000000[0m [1;33mx5[0m [1;36m#38[0m [1;32mSELL[0m tension=[1;32m1.66921032[0m hold=[1;36m10[0ms sec=[1;36m10[0m [0m| exit=62767.50000000 [1;32mconf=0.8845[0m [1;36mexit_time=11:01:11[0m [1;32mpnl=0.03354000 bps=0.68502098 pct=0.00685021% total=3.39415[0m
[BETA_X5] mode=OFF radar_adj=0 mom= conf=0
[ALPHA_X13_BURST13] shockwave alpha->beta until_cycle=61
[ALPHA_X13_BURST13] [1;33mSWARM shockwave[0m [0m| alpha -> neighbor (fluid_exit_inversion)[0m
[ALPHA_X13_BURST13] [1;36mCycle 51[0m [1;32mSOFT anomaly[0m [1;33m| pnl_abs=0.38088000 > 0.02500000[0m
[ALPHA_X13_BURST13] [1;36mentry=11:01:10@62769.80000000[0m [1;32mx13[0m [1;36m#51[0m [1;31mBUY[0m tension=[1;32m1.78528168[0m hold=[1;36m7[0ms sec=[1;36m7[0m [0m| exit=62767.50000000 [1;32mconf=0.8616[0m [1;36mexit_time=11:01:17[0m [1;31mpnl=-0.38088000 bps=-0.36641825 pct=-0.00366418% total=3.01327[0m
[BETA_X5] [1;36m11:01:21[0m [1;33mx5[0m [1;36m#39[0m SKIP tension=[1;31m4.90979618[0m [0m| spread_too_wide [1;33mconf=0.5[0m
[ALPHA_X13_BURST13] mode=OFF radar_adj=0 mom= conf=0
[BETA_X5] mode=OFF radar_adj=0 mom= conf=0
[BETA_X5] [1;36m11:01:29[0m [1;33mx5[0m [1;36m#40[0m SKIP tension=[1;36m0.00003048[0m [0m| spread_too_wide [1;31mconf=0.0[0m
[BETA_X5] mode=OFF radar_adj=0 mom= conf=0
[BETA_X5] [1;36m11:01:37[0m [1;33mx5[0m [1;36m#41[0m SKIP tension=[1;36m0.00002032[0m [0m| spread_too_wide [1;31mconf=0.0[0m
[BETA_X5] mode=OFF radar_adj=0 mom= conf=0
[BETA_X5] [1;36m11:01:46[0m [1;33mx5[0m [1;36m#42[0m SKIP tension=[1;36m0.00005388[0m [0m| spread_too_wide [1;31mconf=0.0[0m
[BETA_X5] mode=OFF radar_adj=0 mom= conf=0
[BETA_X5] [1;36m11:01:55[0m [1;33mx5[0m [1;36m#43[0m SKIP tension=[1;36m0.00002997[0m [0m| spread_too_wide [1;31mconf=0.0[0m
[BETA_X5] mode=OFF radar_adj=0 mom= conf=0
[BETA_X5] [1;36m11:02:04[0m [1;33mx5[0m [1;36m#44[0m SKIP tension=[1;31m4.36115195[0m [0m| spread_too_wide [1;33mconf=0.5[0m
[BETA_X5] mode=OFF radar_adj=0 mom= conf=0
[BETA_X5] [1;36mentry=11:02:17@62730.10000000[0m [1;33mx5[0m [1;36m#45[0m [1;32mSELL[0m tension=[1;31m2.67703725[0m hold=[1;36m7[0ms sec=[1;36m7[0m [0m| exit=62730.00000000 [1;32mconf=0.998[0m [1;36mexit_time=11:02:24[0m [1;32mpnl=0.00078000 bps=0.01594131 pct=0.00015941% total=3.0140499999999997[0m
[BETA_X5] mode=OFF radar_adj=0 mom= conf=0
[BETA_X5] [1;36m11:02:35[0m [1;33mx5[0m [1;36m#46[0m SKIP tension=[1;36m0.00000000[0m [0m| momentum_too_small [1;31mconf=0.3458[0m
[BETA_X5] mode=OFF radar_adj=0 mom= conf=0
[ALPHA_X13_BURST13] [1;36m--- ACE777 STRICT CLONE FUTURES TESTNET ---[0m
[ALPHA_X13_BURST13] [1;36mLeverage ramp ON:[0m [1;36mstart=13 end=13 cycles=180[0m
[ALPHA_X13_BURST13] [1;32mV8 Resonance ON:[0m [1;36mimpulse_thr=0.96 dt_ms=64 aspiration=1.618@37.8deg void_lock=TRUE shock_exit=TRUE[0m
[ALPHA_X13_BURST13] [1;32mV8 Tension ON:[0m [1;36mwall_drop=6.5% dt_ms=64 filter=0.85 depth=20[0m
[ALPHA_X13_BURST13] [1;36mSymbol=BTCUSDT[0m [1;32mLeverage=13[0m [1;36mBuyUSDT=800 Orders=TRUE[0m
[ALPHA_X13_BURST13] [1;36m--- ACE777 STRICT CLONE FUTURES TESTNET ---[0m
[ALPHA_X13_BURST13] [1;36mLeverage ramp ON:[0m [1;36mstart=13 end=13 cycles=180[0m
[ALPHA_X13_BURST13] [1;32mV8 Resonance ON:[0m [1;36mimpulse_thr=0.96 dt_ms=64 aspiration=1.618@37.8deg void_lock=TRUE shock_exit=TRUE[0m
[ALPHA_X13_BURST13] [1;32mV8 Tension ON:[0m [1;36mwall_drop=6.5% dt_ms=64 filter=0.85 depth=20[0m
[ALPHA_X13_BURST13] [1;36mSymbol=BTCUSDT[0m [1;32mLeverage=13[0m [1;36mBuyUSDT=800 Orders=TRUE[0m
[BETA_X5] [1;36m11:02:44[0m [1;33mx5[0m [1;36m#47[0m SKIP tension=[1;36m0.00003202[0m [0m| momentum_too_small [1;31mconf=0.0[0m
[BETA_X5] mode=OFF radar_adj=0 mom= conf=0
[ALPHA_X13_BURST13] mode=OFF radar_adj=0 mom= conf=0
[ALPHA_X13_BURST13] mode=OFF radar_adj=0 mom= conf=0
[BETA_X5] [1;36m11:02:53[0m [1;33mx5[0m [1;36m#48[0m SKIP tension=[1;36m0.00000000[0m [0m| momentum_too_small [1;31mconf=0.3012[0m
[ALPHA_X13_BURST13] [1;36m11:02:55[0m [1;32mx13[0m [1;36m#1[0m SKIP tension=[1;36m0.00000000[0m [0m| momentum_too_small [1;31mconf=0.3012[0m
[ALPHA_X13_BURST13] [1;36m11:02:55[0m [1;32mx13[0m [1;36m#1[0m SKIP tension=[1;36m0.00000000[0m [0m| momentum_too_small [1;31mconf=0.3012[0m
[BETA_X5] mode=OFF radar_adj=0 mom= conf=0
[ALPHA_X13_BURST13] mode=OFF radar_adj=0 mom= conf=0
[ALPHA_X13_BURST13] mode=OFF radar_adj=0 mom= conf=0
[BETA_X5] [1;36m11:03:01[0m [1;33mx5[0m [1;36m#49[0m SKIP tension=[1;36m0.00114303[0m [0m| momentum_too_small [1;31mconf=0.0016[0m
[ALPHA_X13_BURST13] [1;36m11:03:03[0m [1;32mx13[0m [1;36m#2[0m SKIP tension=[1;36m0.00000000[0m [0m| momentum_too_small [1;31mconf=0.3012[0m
[ALPHA_X13_BURST13] [1;36m11:03:03[0m [1;32mx13[0m [1;36m#2[0m SKIP tension=[1;36m0.00000000[0m [0m| momentum_too_small [1;31mconf=0.3012[0m
[BETA_X5] mode=OFF radar_adj=0 mom= conf=0
[ALPHA_X13_BURST13] mode=OFF radar_adj=0 mom= conf=0
[ALPHA_X13_BURST13] mode=OFF radar_adj=0 mom= conf=0
[BETA_X5] [1;36m11:03:10[0m [1;33mx5[0m [1;36m#50[0m SKIP tension=[1;36m0.02389050[0m [0m| direction_unclear [1;31mconf=0.0397[0m
[ALPHA_X13_BURST13] [1;36m11:03:12[0m [1;32mx13[0m [1;36m#3[0m SKIP tension=[1;36m0.00000000[0m [0m| momentum_too_small [1;31mconf=0.3493[0m
[ALPHA_X13_BURST13] [1;36m11:03:12[0m [1;32mx13[0m [1;36m#3[0m SKIP tension=[1;36m0.00000000[0m [0m| momentum_too_small [1;31mconf=0.3493[0m
[BETA_X5] mode=OFF radar_adj=0 mom= conf=0
[ALPHA_X13_BURST13] mode=OFF radar_adj=0 mom= conf=0
[ALPHA_X13_BURST13] mode=OFF radar_adj=0 mom= conf=0
[BETA_X5] [1;36m11:03:19[0m [1;33mx5[0m [1;36m#51[0m SKIP tension=[1;36m0.00007319[0m [0m| momentum_too_small [1;31mconf=0.0001[0m
[BETA_X5] mode=OFF radar_adj=0 mom= conf=0
[ALPHA_X13_BURST13] [1;36m11:03:22[0m [1;32mx13[0m [1;36m#4[0m SKIP tension=[1;36m0.00004214[0m [0m| momentum_too_small [1;31mconf=0.0001[0m
[ALPHA_X13_BURST13] [1;36m11:03:22[0m [1;32mx13[0m [1;36m#4[0m SKIP tension=[1;36m0.00004214[0m [0m| momentum_too_small [1;31mconf=0.0001[0m
[ALPHA_X13_BURST13] mode=OFF radar_adj=0 mom= conf=0
[ALPHA_X13_BURST13] mode=OFF radar_adj=0 mom= conf=0
[BETA_X5] [1;36m11:03:28[0m [1;33mx5[0m [1;36m#52[0m SKIP tension=[1;36m0.00007097[0m [0m| momentum_too_small [1;31mconf=0.0001[0m
[BETA_X5] mode=OFF radar_adj=0 mom= conf=0
[ALPHA_X13_BURST13] [1;36m11:03:32[0m [1;32mx13[0m [1;36m#5[0m SKIP tension=[1;36m0.00000000[0m [0m| momentum_too_small [1;31mconf=0.3458[0m
[ALPHA_X13_BURST13] [1;36m11:03:32[0m [1;32mx13[0m [1;36m#5[0m SKIP tension=[1;36m0.00000000[0m [0m| momentum_too_small [1;31mconf=0.3458[0m
[ALPHA_X13_BURST13] mode=OFF radar_adj=0 mom= conf=0
[ALPHA_X13_BURST13] mode=OFF radar_adj=0 mom= conf=0
[BETA_X5] [1;36m11:03:37[0m [1;33mx5[0m [1;36m#53[0m SKIP tension=[1;36m0.00004963[0m [0m| momentum_too_small [1;31mconf=0.0001[0m
[BETA_X5] mode=OFF radar_adj=0 mom= conf=0
[ALPHA_X13_BURST13] [1;36m11:03:41[0m [1;32mx13[0m [1;36m#6[0m SKIP tension=[1;36m0.00003303[0m [0m| momentum_too_small [1;31mconf=0.0001[0m
[ALPHA_X13_BURST13] [1;36m11:03:41[0m [1;32mx13[0m [1;36m#6[0m SKIP tension=[1;36m0.00003303[0m [0m| momentum_too_small [1;31mconf=0.0001[0m
[ALPHA_X13_BURST13] mode=OFF radar_adj=0 mom= conf=0
[ALPHA_X13_BURST13] mode=OFF radar_adj=0 mom= conf=0
[BETA_X5] [1;36m11:03:45[0m [1;33mx5[0m [1;36m#54[0m SKIP tension=[1;36m0.00004234[0m [0m| momentum_too_small [1;31mconf=0.0001[0m
[BETA_X5] mode=OFF radar_adj=0 mom= conf=0
[ALPHA_X13_BURST13] [1;36m11:03:49[0m [1;32mx13[0m [1;36m#7[0m SKIP tension=[1;36m0.00000000[0m [0m| momentum_too_small [1;31mconf=0.3437[0m
[ALPHA_X13_BURST13] [1;36m11:03:49[0m [1;32mx13[0m [1;36m#7[0m SKIP tension=[1;36m0.00000000[0m [0m| momentum_too_small [1;31mconf=0.3437[0m
[ALPHA_X13_BURST13] mode=OFF radar_adj=0 mom= conf=0
[ALPHA_X13_BURST13] mode=OFF radar_adj=0 mom= conf=0
[BETA_X5] [1;36m11:03:54[0m [1;33mx5[0m [1;36m#55[0m SKIP tension=[1;36m0.00000000[0m [0m| momentum_too_small [1;31mconf=0.3374[0m
[BETA_X5] mode=OFF radar_adj=0 mom= conf=0
[ALPHA_X13_BURST13] [1;36m11:03:58[0m [1;32mx13[0m [1;36m#8[0m SKIP tension=[1;36m0.00000000[0m [0m| momentum_too_small [1;31mconf=0.3367[0m
[ALPHA_X13_BURST13] [1;36m11:03:58[0m [1;32mx13[0m [1;36m#8[0m SKIP tension=[1;36m0.00000000[0m [0m| momentum_too_small [1;31mconf=0.3367[0m
[ALPHA_X13_BURST13] mode=OFF radar_adj=0 mom= conf=0
[ALPHA_X13_BURST13] mode=OFF radar_adj=0 mom= conf=0
[ALPHA_X13_BURST13] [1;36m11:04:07[0m [1;32mx13[0m [1;36m#9[0m SKIP tension=[1;36m0.00000000[0m [0m| momentum_too_small [1;31mconf=0.3458[0m
[ALPHA_X13_BURST13] [1;36m11:04:07[0m [1;32mx13[0m [1;36m#9[0m SKIP tension=[1;36m0.00000000[0m [0m| momentum_too_small [1;31mconf=0.3458[0m
[ALPHA_X13_BURST13] mode=OFF radar_adj=0 mom= conf=0
[ALPHA_X13_BURST13] mode=OFF radar_adj=0 mom= conf=0
[BETA_X5] shockwave beta->alpha until_cycle=66
[BETA_X5] [1;33mSWARM shockwave[0m [0m| beta -> neighbor (shock_inversion_stop)[0m
[BETA_X5] [1;36mentry=11:04:07@62717.00000000[0m [1;33mx5[0m [1;36m#56[0m [1;31mSELL[0m tension=[1;32m1.44282789[0m hold=[1;36m6[0ms sec=[1;36m6[0m [0m| exit=62718.30000000 [1;32mconf=0.9283[0m [1;36mexit_time=11:04:13[0m [1;31mpnl=-0.01014000 bps=-0.20728032 pct=-0.00207280% total=3.00391[0m
[ALPHA_X13_BURST13] [1;36m11:04:15[0m [1;32mx13[0m [1;36m#10[0m SKIP tension=[1;36m0.00000000[0m [0m| momentum_too_small [1;31mconf=0.3458[0m
[ALPHA_X13_BURST13] [1;36m11:04:15[0m [1;32mx13[0m [1;36m#10[0m SKIP tension=[1;36m0.00000000[0m [0m| momentum_too_small [1;31mconf=0.3458[0m
[BETA_X5] mode=OFF radar_adj=0 mom= conf=0
[ALPHA_X13_BURST13] mode=OFF radar_adj=0 mom= conf=0
[ALPHA_X13_BURST13] mode=OFF radar_adj=0 mom= conf=0
[BETA_X5] [1;36m11:04:24[0m [1;33mx5[0m [1;36m#57[0m SKIP tension=[1;36m0.00001687[0m [0m| momentum_too_small [1;31mconf=0.0[0m
[ALPHA_X13_BURST13] [1;36m11:04:24[0m [1;32mx13[0m [1;36m#11[0m SKIP tension=[1;36m0.00001687[0m [0m| momentum_too_small [1;31mconf=0.0[0m
[ALPHA_X13_BURST13] [1;36m11:04:24[0m [1;32mx13[0m [1;36m#11[0m SKIP tension=[1;36m0.00001687[0m [0m| momentum_too_small [1;31mconf=0.0[0m
[BETA_X5] mode=OFF radar_adj=0 mom= conf=0
[ALPHA_X13_BURST13] mode=OFF radar_adj=0 mom= conf=0
[ALPHA_X13_BURST13] mode=OFF radar_adj=0 mom= conf=0
[ALPHA_X13_BURST13] [1;36m11:04:33[0m [1;32mx13[0m [1;36m#12[0m SKIP [1;33m| tension_stale age=7639ms>800ms (NUAGE)[0m
[ALPHA_X13_BURST13] [1;36m11:04:33[0m [1;32mx13[0m [1;36m#12[0m SKIP [1;33m| tension_stale age=7639ms>800ms (NUAGE)[0m
[ALPHA_X13_BURST13] mode=OFF radar_adj=0 mom= conf=0
[ALPHA_X13_BURST13] mode=OFF radar_adj=0 mom= conf=0
[ALPHA_X13_BURST13] [1;36m11:04:42[0m [1;32mx13[0m [1;36m#13[0m SKIP tension=[1;36m0.00247672[0m [0m| momentum_too_small [1;31mconf=0.0037[0m
[ALPHA_X13_BURST13] [1;36m11:04:42[0m [1;32mx13[0m [1;36m#13[0m SKIP tension=[1;36m0.00247672[0m [0m| momentum_too_small [1;31mconf=0.0037[0m
[ALPHA_X13_BURST13] mode=OFF radar_adj=0 mom= conf=0
[ALPHA_X13_BURST13] mode=OFF radar_adj=0 mom= conf=0
[BETA_X5] [1;36mCycle 58[0m [1;32mSOFT anomaly[0m [1;33m| pnl_abs=0.03744000 > 0.02500000[0m
[ALPHA_X13_BURST13] [1;36m11:04:50[0m [1;32mx13[0m [1;36m#14[0m SKIP tension=[1;36m0.00000000[0m [0m| momentum_too_small [1;31mconf=0.3123[0m
[ALPHA_X13_BURST13] [1;36m11:04:50[0m [1;32mx13[0m [1;36m#14[0m SKIP tension=[1;36m0.00000000[0m [0m| momentum_too_small [1;31mconf=0.3123[0m
[BETA_X5] [1;36mentry=11:04:36@62718.30000000[0m [1;33mx5[0m [1;36m#58[0m [1;32mSELL[0m tension=[1;32m1.56066562[0m hold=[1;36m13[0ms sec=[1;36m13[0m [0m| exit=62713.50000000 [1;32mconf=0.988[0m [1;36mexit_time=11:04:49[0m [1;32mpnl=0.03744000 bps=0.76532687 pct=0.00765327% total=3.04135[0m
[ALPHA_X13_BURST13] mode=OFF radar_adj=0 mom= conf=0
[ALPHA_X13_BURST13] mode=OFF radar_adj=0 mom= conf=0
[BETA_X5] mode=OFF radar_adj=0 mom= conf=0
[ALPHA_X13_BURST13] [1;36m11:04:59[0m [1;32mx13[0m [1;36m#15[0m SKIP tension=[1;36m0.00000886[0m [0m| momentum_too_small [1;31mconf=0.0[0m
[ALPHA_X13_BURST13] [1;36m11:04:59[0m [1;32mx13[0m [1;36m#15[0m SKIP tension=[1;36m0.00000886[0m [0m| momentum_too_small [1;31mconf=0.0[0m
[BETA_X5] [1;36m11:05:00[0m [1;33mx5[0m [1;36m#59[0m SKIP tension=[1;36m0.00001882[0m [0m| momentum_too_small [1;31mconf=0.0[0m
[BETA_X5] mode=OFF radar_adj=0 mom= conf=0
[ALPHA_X13_BURST13] mode=OFF radar_adj=0 mom= conf=0
[ALPHA_X13_BURST13] mode=OFF radar_adj=0 mom= conf=0
[BETA_X5] [1;36m11:05:08[0m [1;33mx5[0m [1;36m#60[0m SKIP tension=[1;36m0.00047591[0m [0m| momentum_too_small [1;31mconf=0.0007[0m
[ALPHA_X13_BURST13] [1;36m11:05:08[0m [1;32mx13[0m [1;36m#16[0m SKIP tension=[1;36m0.00047591[0m [0m| momentum_too_small [1;31mconf=0.0007[0m
[ALPHA_X13_BURST13] [1;36m11:05:08[0m [1;32mx13[0m [1;36m#16[0m SKIP tension=[1;36m0.00047591[0m [0m| momentum_too_small [1;31mconf=0.0007[0m
[BETA_X5] mode=OFF radar_adj=0 mom= conf=0
[ALPHA_X13_BURST13] mode=OFF radar_adj=0 mom= conf=0
[ALPHA_X13_BURST13] mode=OFF radar_adj=0 mom= conf=0
[BETA_X5] [1;36m11:05:16[0m [1;33mx5[0m [1;36m#61[0m SKIP tension=[1;36m0.00000000[0m [0m| momentum_too_small [1;31mconf=0.3081[0m
[ALPHA_X13_BURST13] [1;36m11:05:16[0m [1;32mx13[0m [1;36m#17[0m SKIP tension=[1;36m0.00000000[0m [0m| momentum_too_small [1;31mconf=0.3081[0m
[ALPHA_X13_BURST13] [1;36m11:05:16[0m [1;32mx13[0m [1;36m#17[0m SKIP tension=[1;36m0.00000000[0m [0m| momentum_too_small [1;31mconf=0.3081[0m
[BETA_X5] mode=OFF radar_adj=0 mom= conf=0
[ALPHA_X13_BURST13] mode=OFF radar_adj=0 mom= conf=0
[ALPHA_X13_BURST13] mode=OFF radar_adj=0 mom= conf=0
[BETA_X5] [1;36m11:05:24[0m [1;33mx5[0m [1;36m#62[0m SKIP tension=[1;36m0.00052054[0m [0m| momentum_too_small [1;31mconf=0.0008[0m
[ALPHA_X13_BURST13] [1;36m11:05:25[0m [1;32mx13[0m [1;36m#18[0m SKIP tension=[1;36m0.00003041[0m [0m| momentum_too_small [1;31mconf=0.0[0m
[ALPHA_X13_BURST13] [1;36m11:05:25[0m [1;32mx13[0m [1;36m#18[0m SKIP tension=[1;36m0.00003041[0m [0m| momentum_too_small [1;31mconf=0.0[0m
[BETA_X5] mode=OFF radar_adj=0 mom= conf=0
[ALPHA_X13_BURST13] mode=OFF radar_adj=0 mom= conf=0
[ALPHA_X13_BURST13] mode=OFF radar_adj=0 mom= conf=0
[ALPHA_X13_BURST13] [1;36m11:05:34[0m [1;32mx13[0m [1;36m#19[0m SKIP tension=[1;32m1.84131446[0m [0m| duo no_trigger
[ALPHA_X13_BURST13] [1;36m11:05:34[0m [1;32mx13[0m [1;36m#19[0m SKIP tension=[1;32m1.84131446[0m [0m| duo no_trigger
[ALPHA_X13_BURST13] mode=OFF radar_adj=0 mom= conf=0
[ALPHA_X13_BURST13] mode=OFF radar_adj=0 mom= conf=0
[ALPHA_X13_BURST13] [1;36m11:05:44[0m [1;32mx13[0m [1;36m#20[0m SKIP tension=[1;36m0.00003899[0m [0m| momentum_too_small [1;31mconf=0.0001[0m
[ALPHA_X13_BURST13] [1;36m11:05:44[0m [1;32mx13[0m [1;36m#20[0m SKIP tension=[1;36m0.00003899[0m [0m| momentum_too_small [1;31mconf=0.0001[0m
[BETA_X5] [1;36mentry=11:05:37@62712.00000000[0m [1;33mx5[0m [1;36m#63[0m [1;32mSELL[0m tension=[1;32m1.84129493[0m hold=[1;36m6[0ms sec=[1;36m6[0m [0m| exit=62711.10000000 [1;32mconf=0.9412[0m [1;36mexit_time=11:05:44[0m [1;32mpnl=0.00702000 bps=0.14351320 pct=0.00143513% total=3.04837[0m
[ALPHA_X13_BURST13] mode=OFF radar_adj=0 mom= conf=0
[ALPHA_X13_BURST13] mode=OFF radar_adj=0 mom= conf=0
[BETA_X5] mode=OFF radar_adj=0 mom= conf=0
[ALPHA_X13_BURST13] [1;36m11:05:52[0m [1;32mx13[0m [1;36m#21[0m SKIP tension=[1;36m0.00000000[0m [0m| momentum_too_small [1;31mconf=0.3019[0m
[ALPHA_X13_BURST13] [1;36m11:05:52[0m [1;32mx13[0m [1;36m#21[0m SKIP tension=[1;36m0.00000000[0m [0m| momentum_too_small [1;31mconf=0.3019[0m
[BETA_X5] [1;36m11:05:54[0m [1;33mx5[0m [1;36m#64[0m SKIP tension=[1;36m0.00000000[0m [0m| momentum_too_small [1;31mconf=0.3259[0m
[ALPHA_X13_BURST13] mode=OFF radar_adj=0 mom= conf=0
[ALPHA_X13_BURST13] mode=OFF radar_adj=0 mom= conf=0
[BETA_X5] mode=OFF radar_adj=0 mom= conf=0
[ALPHA_X13_BURST13] [1;36m11:06:01[0m [1;32mx13[0m [1;36m#22[0m SKIP tension=[1;36m0.00000000[0m [0m| momentum_too_small [1;31mconf=0.3019[0m
[ALPHA_X13_BURST13] [1;36m11:06:01[0m [1;32mx13[0m [1;36m#22[0m SKIP tension=[1;36m0.00000000[0m [0m| momentum_too_small [1;31mconf=0.3019[0m
[BETA_X5] [1;36m11:06:02[0m [1;33mx5[0m [1;36m#65[0m SKIP tension=[1;36m0.00000000[0m [0m| momentum_too_small [1;31mconf=0.3259[0m
[ALPHA_X13_BURST13] mode=OFF radar_adj=0 mom= conf=0
[ALPHA_X13_BURST13] mode=OFF radar_adj=0 mom= conf=0
[BETA_X5] mode=OFF radar_adj=0 mom= conf=0
[ALPHA_X13_BURST13] [1;36m11:06:09[0m [1;32mx13[0m [1;36m#23[0m SKIP tension=[1;36m0.00423926[0m [0m| momentum_too_small [1;31mconf=0.007[0m
[ALPHA_X13_BURST13] [1;36m11:06:09[0m [1;32mx13[0m [1;36m#23[0m SKIP tension=[1;36m0.00423926[0m [0m| momentum_too_small [1;31mconf=0.007[0m
[BETA_X5] [1;36m11:06:10[0m [1;33mx5[0m [1;36m#66[0m SKIP tension=[1;36m0.00413446[0m [0m| momentum_too_small [1;31mconf=0.0068[0m
[ALPHA_X13_BURST13] mode=OFF radar_adj=0 mom= conf=0
[ALPHA_X13_BURST13] mode=OFF radar_adj=0 mom= conf=0
[BETA_X5] mode=OFF radar_adj=0 mom= conf=0
[ALPHA_X13_BURST13] [1;36m11:06:17[0m [1;32mx13[0m [1;36m#24[0m SKIP tension=[1;36m0.00004166[0m [0m| momentum_too_small [1;31mconf=0.0001[0m
[ALPHA_X13_BURST13] [1;36m11:06:17[0m [1;32mx13[0m [1;36m#24[0m SKIP tension=[1;36m0.00004166[0m [0m| momentum_too_small [1;31mconf=0.0001[0m
[BETA_X5] [1;36m11:06:18[0m [1;33mx5[0m [1;36m#67[0m SKIP tension=[1;36m0.00000000[0m [0m| momentum_too_small [1;31mconf=0.3455[0m
[ALPHA_X13_BURST13] mode=OFF radar_adj=0 mom= conf=0
[ALPHA_X13_BURST13] mode=OFF radar_adj=0 mom= conf=0
[BETA_X5] mode=OFF radar_adj=0 mom= conf=0
[ALPHA_X13_BURST13] [1;36m11:06:26[0m [1;32mx13[0m [1;36m#25[0m SKIP tension=[1;36m0.00000000[0m [0m| momentum_too_small [1;31mconf=0.3409[0m
[ALPHA_X13_BURST13] [1;36m11:06:26[0m [1;32mx13[0m [1;36m#25[0m SKIP tension=[1;36m0.00000000[0m [0m| momentum_too_small [1;31mconf=0.3409[0m
[BETA_X5] [1;36m11:06:26[0m [1;33mx5[0m [1;36m#68[0m SKIP tension=[1;36m0.59169540[0m [0m| wall_not_collapsed
[BETA_X5] mode=OFF radar_adj=0 mom= conf=0
[ALPHA_X13_BURST13] mode=OFF radar_adj=0 mom= conf=0
[ALPHA_X13_BURST13] mode=OFF radar_adj=0 mom= conf=0
[BETA_X5] [1;36m11:06:35[0m [1;33mx5[0m [1;36m#69[0m SKIP tension=[1;36m0.00000000[0m [0m| momentum_too_small [1;31mconf=0.3455[0m
[ALPHA_X13_BURST13] [1;36m11:06:35[0m [1;32mx13[0m [1;36m#26[0m SKIP tension=[1;36m0.00000000[0m [0m| momentum_too_small [1;31mconf=0.3455[0m
[ALPHA_X13_BURST13] [1;36m11:06:35[0m [1;32mx13[0m [1;36m#26[0m SKIP tension=[1;36m0.00000000[0m [0m| momentum_too_small [1;31mconf=0.3455[0m
[BETA_X5] mode=OFF radar_adj=0 mom= conf=0
[ALPHA_X13_BURST13] mode=OFF radar_adj=0 mom= conf=0
[ALPHA_X13_BURST13] mode=OFF radar_adj=0 mom= conf=0
[BETA_X5] [1;36m11:06:42[0m [1;33mx5[0m [1;36m#70[0m SKIP tension=[1;36m0.00004448[0m [0m| momentum_too_small [1;31mconf=0.0001[0m
[ALPHA_X13_BURST13] [1;36m11:06:43[0m [1;32mx13[0m [1;36m#27[0m SKIP tension=[1;36m0.00001729[0m [0m| momentum_too_small [1;31mconf=0.0[0m
[ALPHA_X13_BURST13] [1;36m11:06:43[0m [1;32mx13[0m [1;36m#27[0m SKIP tension=[1;36m0.00001729[0m [0m| momentum_too_small [1;31mconf=0.0[0m
[BETA_X5] mode=OFF radar_adj=0 mom= conf=0
[ALPHA_X13_BURST13] mode=OFF radar_adj=0 mom= conf=0
[ALPHA_X13_BURST13] mode=OFF radar_adj=0 mom= conf=0
[BETA_X5] [1;36m11:06:51[0m [1;33mx5[0m [1;36m#71[0m SKIP tension=[1;36m0.00003338[0m [0m| momentum_too_small [1;31mconf=0.0001[0m
[ALPHA_X13_BURST13] [1;36m11:06:51[0m [1;32mx13[0m [1;36m#28[0m SKIP tension=[1;36m0.00001729[0m [0m| momentum_too_small [1;31mconf=0.0[0m
[ALPHA_X13_BURST13] [1;36m11:06:51[0m [1;32mx13[0m [1;36m#28[0m SKIP tension=[1;36m0.00001729[0m [0m| momentum_too_small [1;31mconf=0.0[0m
[BETA_X5] mode=OFF radar_adj=0 mom= conf=0
[ALPHA_X13_BURST13] mode=OFF radar_adj=0 mom= conf=0
[ALPHA_X13_BURST13] mode=OFF radar_adj=0 mom= conf=0
[BETA_X5] [1;36m11:06:59[0m [1;33mx5[0m [1;36m#72[0m SKIP tension=[1;36m0.00887136[0m [0m| momentum_too_small [1;31mconf=0.0142[0m
[ALPHA_X13_BURST13] [1;36m11:07:01[0m [1;32mx13[0m [1;36m#29[0m SKIP tension=[1;36m0.68023768[0m [0m| wall_not_collapsed
[ALPHA_X13_BURST13] [1;36m11:07:01[0m [1;32mx13[0m [1;36m#29[0m SKIP tension=[1;36m0.68023768[0m [0m| wall_not_collapsed
[BETA_X5] mode=OFF radar_adj=0 mom= conf=0
[ALPHA_X13_BURST13] mode=OFF radar_adj=0 mom= conf=0
[ALPHA_X13_BURST13] mode=OFF radar_adj=0 mom= conf=0
[BETA_X5] [1;36m11:07:07[0m [1;33mx5[0m [1;36m#73[0m SKIP tension=[1;36m0.00000000[0m [0m| momentum_too_small [1;31mconf=0.3333[0m
[ALPHA_X13_BURST13] [1;36m11:07:09[0m [1;32mx13[0m [1;36m#30[0m SKIP tension=[1;33m0.92408399[0m [0m| wall_not_collapsed
[ALPHA_X13_BURST13] [1;36m11:07:09[0m [1;32mx13[0m [1;36m#30[0m SKIP tension=[1;33m0.92408399[0m [0m| wall_not_collapsed
[BETA_X5] mode=OFF radar_adj=0 mom= conf=0
[ALPHA_X13_BURST13] mode=OFF radar_adj=0 mom= conf=0
[ALPHA_X13_BURST13] mode=OFF radar_adj=0 mom= conf=0
[BETA_X5] [1;36m11:07:15[0m [1;33mx5[0m [1;36m#74[0m SKIP tension=[1;36m0.00000456[0m [0m| momentum_too_small [1;31mconf=0.0[0m
[ALPHA_X13_BURST13] [1;36m11:07:17[0m [1;32mx13[0m [1;36m#31[0m SKIP tension=[1;36m0.00006988[0m [0m| momentum_too_small [1;31mconf=0.0001[0m
[ALPHA_X13_BURST13] [1;36m11:07:17[0m [1;32mx13[0m [1;36m#31[0m SKIP tension=[1;36m0.00006988[0m [0m| momentum_too_small [1;31mconf=0.0001[0m
[BETA_X5] mode=OFF radar_adj=0 mom= conf=0
[ALPHA_X13_BURST13] mode=OFF radar_adj=0 mom= conf=0
[ALPHA_X13_BURST13] mode=OFF radar_adj=0 mom= conf=0
[BETA_X5] [1;36m11:07:23[0m [1;33mx5[0m [1;36m#75[0m SKIP tension=[1;33m0.89442701[0m [0m| wall_not_collapsed
[ALPHA_X13_BURST13] [1;36m11:07:25[0m [1;32mx13[0m [1;36m#32[0m SKIP tension=[1;36m0.00008396[0m [0m| momentum_too_small [1;31mconf=0.0001[0m
[ALPHA_X13_BURST13] [1;36m11:07:25[0m [1;32mx13[0m [1;36m#32[0m SKIP tension=[1;36m0.00008396[0m [0m| momentum_too_small [1;31mconf=0.0001[0m
[BETA_X5] mode=OFF radar_adj=0 mom= conf=0
[ALPHA_X13_BURST13] mode=OFF radar_adj=0 mom= conf=0
[ALPHA_X13_BURST13] mode=OFF radar_adj=0 mom= conf=0
[BETA_X5] [1;36m11:07:31[0m [1;33mx5[0m [1;36m#76[0m SKIP tension=[1;36m0.00614184[0m [0m| momentum_too_small [1;31mconf=0.0093[0m
[ALPHA_X13_BURST13] [1;36m11:07:34[0m [1;32mx13[0m [1;36m#33[0m SKIP tension=[1;36m0.00000000[0m [0m| momentum_too_small [1;31mconf=0.3266[0m
[ALPHA_X13_BURST13] [1;36m11:07:34[0m [1;32mx13[0m [1;36m#33[0m SKIP tension=[1;36m0.00000000[0m [0m| momentum_too_small [1;31mconf=0.3266[0m
[BETA_X5] mode=OFF radar_adj=0 mom= conf=0
[ALPHA_X13_BURST13] mode=OFF radar_adj=0 mom= conf=0
[ALPHA_X13_BURST13] mode=OFF radar_adj=0 mom= conf=0
[BETA_X5] [1;36m11:07:40[0m [1;33mx5[0m [1;36m#77[0m SKIP tension=[1;36m0.00000000[0m [0m| momentum_too_small [1;31mconf=0.3179[0m
[ALPHA_X13_BURST13] [1;36m11:07:42[0m [1;32mx13[0m [1;36m#34[0m SKIP tension=[1;36m0.00000000[0m [0m| momentum_too_small [1;31mconf=0.3179[0m
[ALPHA_X13_BURST13] [1;36m11:07:42[0m [1;32mx13[0m [1;36m#34[0m SKIP tension=[1;36m0.00000000[0m [0m| momentum_too_small [1;31mconf=0.3179[0m
[BETA_X5] mode=OFF radar_adj=0 mom= conf=0
[ALPHA_X13_BURST13] mode=OFF radar_adj=0 mom= conf=0
[ALPHA_X13_BURST13] mode=OFF radar_adj=0 mom= conf=0
[BETA_X5] [1;36m11:07:48[0m [1;33mx5[0m [1;36m#78[0m SKIP tension=[1;36m0.74069656[0m [0m| wall_not_collapsed
[ALPHA_X13_BURST13] [1;36m11:07:51[0m [1;32mx13[0m [1;36m#35[0m SKIP tension=[1;36m0.00000000[0m [0m| momentum_too_small [1;31mconf=0.349[0m
[ALPHA_X13_BURST13] [1;36m11:07:51[0m [1;32mx13[0m [1;36m#35[0m SKIP tension=[1;36m0.00000000[0m [0m| momentum_too_small [1;31mconf=0.349[0m
[BETA_X5] mode=OFF radar_adj=0 mom= conf=0
[ALPHA_X13_BURST13] mode=OFF radar_adj=0 mom= conf=0
[ALPHA_X13_BURST13] mode=OFF radar_adj=0 mom= conf=0
[BETA_X5] [1;36m11:07:57[0m [1;33mx5[0m [1;36m#79[0m SKIP tension=[1;36m0.48685994[0m [0m| wall_not_collapsed
[ALPHA_X13_BURST13] [1;36m11:08:00[0m [1;32mx13[0m [1;36m#36[0m SKIP tension=[1;32m1.63915694[0m [0m| duo no_trigger
[ALPHA_X13_BURST13] [1;36m11:08:00[0m [1;32mx13[0m [1;36m#36[0m SKIP tension=[1;32m1.63915694[0m [0m| duo no_trigger
[BETA_X5] mode=OFF radar_adj=0 mom= conf=0
[ALPHA_X13_BURST13] mode=OFF radar_adj=0 mom= conf=0
[ALPHA_X13_BURST13] mode=OFF radar_adj=0 mom= conf=0
[BETA_X5] [1;36m11:08:06[0m [1;33mx5[0m [1;36m#80[0m SKIP tension=[1;36m0.00118418[0m [0m| momentum_too_small [1;31mconf=0.0018[0m
[BETA_X5] [1;31mSTOP file detected (STOP_BETA). Stopping safely at cycle 81.[0m
[BETA_X5] [1;32mDone.[0m
[BETA_X5] [1;36mLog: runs/NUAGE_V2.1_SMOKE_15M_BETA_X5.csv[0m
[BETA_X5] [1;32mSuccessful order-cycles: 16[0m
[BETA_X5] [1;32mDernier cycle #81:[0m [1;32mpnl=0.00702000 bps=0.14351320 pct=0.00143513%[0m
[ALPHA_X13_BURST13] [1;36m11:08:08[0m [1;32mx13[0m [1;36m#37[0m SKIP tension=[1;36m0.00000000[0m [0m| momentum_too_small [1;31mconf=0.3165[0m
[ALPHA_X13_BURST13] [1;36m11:08:08[0m [1;32mx13[0m [1;36m#37[0m SKIP tension=[1;36m0.00000000[0m [0m| momentum_too_small [1;31mconf=0.3165[0m
[ALPHA_X13_BURST13] [1;31mSTOP file detected (STOP_ALPHA). Stopping safely at cycle 38.[0m
[ALPHA_X13_BURST13] [1;31mSTOP file detected (STOP_ALPHA). Stopping safely at cycle 38.[0m
[ALPHA_X13_BURST13] [1;32mDone.[0m
[ALPHA_X13_BURST13] [1;32mDone.[0m
[ALPHA_X13_BURST13] [1;36mLog: runs/NUAGE_V2.1_SMOKE_15M_ALPHA_X13_BURST13.csv[0m
[ALPHA_X13_BURST13] [1;36mLog: runs/NUAGE_V2.1_SMOKE_15M_ALPHA_X13_BURST13.csv[0m
[ALPHA_X13_BURST13] [1;32mSuccessful order-cycles: 0[0m
[ALPHA_X13_BURST13] [1;32mSuccessful order-cycles: 0[0m
