2026-07-20T22:50:23Z PROCESS_EXIT unit=ALPHA_X13_BURST13 wrapper=912 genesis=918 how=exit why=nonzero_rc_1 rc=1
2026-07-21T02:22:14Z PROCESS_EXIT unit=BETA_X5 wrapper=747 genesis=750 how=exit0 why=clean_end_or_self_exit_0 rc=0
2026-07-21T02:22:17Z PROCESS_EXIT unit=ALPHA_X13_BURST13 wrapper=78600 genesis=78606 how=exit0 why=clean_end_or_self_exit_0 rc=0
2026-07-21T08:03:23Z PROCESS_EXIT unit=ALPHA_X13_BURST13 wrapper=40068 genesis=40073 how=exit why=nonzero_rc_1 rc=1
2026-07-21T08:37:41Z PROCESS_EXIT unit=ALPHA_X13_BURST13 wrapper=87139 genesis=87144 how=exit why=nonzero_rc_1 rc=1
2026-07-21T09:32:45Z PROCESS_EXIT unit=BETA_X5 wrapper=39929 genesis=39937 how=exit why=nonzero_rc_1 rc=1
2026-07-21T10:01:19Z PROCESS_EXIT unit=ALPHA_X13_BURST13 wrapper=97619 genesis=97626 how=exit why=nonzero_rc_1 rc=1
2026-07-21T10:34:54Z PROCESS_EXIT unit=ALPHA_X13_BURST13 wrapper=46012 genesis=46018 how=exit0 why=clean_end_or_self_exit_0 rc=0
2026-07-21T13:56:47Z PROCESS_EXIT unit=ALPHA_X13_BURST13 wrapper=60187 genesis=60194 how=signal why=killed_by_signal_15 rc=143
2026-07-21T14:40:09Z PROCESS_EXIT unit=BETA_X5 wrapper=60039 genesis=60046 how=signal why=killed_by_signal_15 rc=143
2026-07-21T14:40:13Z PROCESS_EXIT unit=ALPHA_X13_BURST13 wrapper=82578 genesis=82585 how=signal why=killed_by_signal_15 rc=143
2026-07-21T18:50:25Z PROCESS_EXIT unit=BETA_X5 wrapper=81331 genesis=81336 how=signal why=killed_by_signal_15 rc=143
2026-07-21T18:50:27Z PROCESS_EXIT unit=ALPHA_X13_BURST13 wrapper=81469 genesis=81475 how=signal why=killed_by_signal_15 rc=143
2026-07-21T23:04:13Z PROCESS_EXIT unit=ALPHA_X13_BURST13 wrapper=81700 genesis=81706 how=exit0 why=clean_end_or_self_exit_0 rc=0
2026-07-21T23:04:13Z PROCESS_EXIT unit=BETA_X5 wrapper=81579 genesis=81586 how=signal why=killed_by_signal_15 rc=143
2026-07-22T10:41:51Z PROCESS_EXIT unit=BETA_X5 wrapper=28703 genesis=28711 how=exit0 why=clean_end_or_self_exit_0 rc=0
2026-07-22T10:41:53Z PROCESS_EXIT unit=ALPHA_X13_BURST13 wrapper=28824 genesis=28831 how=exit0 why=clean_end_or_self_exit_0 rc=0
2026-07-22T14:21:56Z PROCESS_EXIT unit=ALPHA_X13_BURST13 wrapper=50494 genesis=50503 how=signal why=killed_by_signal_15 rc=143
2026-07-22T14:22:49Z PROCESS_EXIT unit=ALPHA_X13_BURST13 wrapper=90837 genesis=90843 how=exit0 why=clean_end_or_self_exit_0 rc=0
2026-07-22T14:22:55Z PROCESS_EXIT unit=BETA_X5 wrapper=50372 genesis=50378 how=exit0 why=clean_end_or_self_exit_0 rc=0
2026-07-22T14:23:37Z PROCESS_EXIT unit=ALPHA_X13_BURST13 wrapper=91826 genesis=91830 how=exit0 why=clean_end_or_self_exit_0 rc=0
2026-07-22T14:25:10Z PROCESS_EXIT unit=ALPHA_X13_BURST13 wrapper=92033 genesis=92039 how=exit0 why=clean_end_or_self_exit_0 rc=0
2026-07-22T14:26:43Z PROCESS_EXIT unit=ALPHA_X13_BURST13 wrapper=92246 genesis=92253 how=exit0 why=clean_end_or_self_exit_0 rc=0
2026-07-22T14:28:23Z PROCESS_EXIT unit=ALPHA_X13_BURST13 wrapper=92500 genesis=92506 how=exit0 why=clean_end_or_self_exit_0 rc=0
2026-07-22T18:48:07Z PROCESS_EXIT unit=BETA_X5 wrapper=94005 genesis=94011 how=signal why=killed_by_signal_15 rc=143
2026-07-22T18:48:07Z PROCESS_EXIT unit=ALPHA_X13_BURST13 wrapper=94132 genesis=94138 how=exit0 why=clean_end_or_self_exit_0 rc=0
2026-07-23T00:01:58Z PROCESS_EXIT unit=BETA_X5 wrapper=8535 genesis=8539 how=exit0 why=clean_end_or_self_exit_0 rc=0
2026-07-23T00:02:03Z PROCESS_EXIT unit=ALPHA_X13_BURST13 wrapper=8657 genesis=8662 how=signal why=killed_by_signal_15 rc=143
2026-07-23T10:37:35Z PROCESS_EXIT unit=BETA_X5 wrapper=57573 genesis=57581 how=signal why=killed_by_signal_15 rc=143
2026-07-23T10:37:37Z PROCESS_EXIT unit=ALPHA_X13_BURST13 wrapper=57706 genesis=57713 how=exit0 why=clean_end_or_self_exit_0 rc=0
2026-07-23T15:20:48Z PROCESS_EXIT unit=BETA_X5 wrapper=68146 genesis=68152 how=signal why=killed_by_signal_15 rc=143
2026-07-23T15:20:50Z PROCESS_EXIT unit=ALPHA_X13_BURST13 wrapper=68282 genesis=68288 how=exit0 why=clean_end_or_self_exit_0 rc=0
2026-07-23T16:57:08Z PROCESS_EXIT unit=ALPHA_X13_BURST13 wrapper=20614 genesis=20623 how=exit0 why=clean_end_or_self_exit_0 rc=0
2026-07-23T16:57:31Z PROCESS_EXIT unit=BETA_X5 wrapper=20470 genesis=20475 how=exit0 why=clean_end_or_self_exit_0 rc=0
2026-07-23T19:45:38Z PROCESS_EXIT unit=ALPHA_X13_BURST13 wrapper=52221 genesis=52227 how=exit0 why=clean_end_or_self_exit_0 rc=0
2026-07-23T19:45:58Z PROCESS_EXIT unit=BETA_X5 wrapper=52084 genesis=52091 how=exit0 why=clean_end_or_self_exit_0 rc=0
2026-07-24T00:31:24Z PROCESS_EXIT unit=BETA_X5 wrapper=58381 genesis=58387 how=signal why=killed_by_signal_15 rc=143
2026-07-24T00:31:25Z PROCESS_EXIT unit=ALPHA_X13_BURST13 wrapper=58519 genesis=58526 how=exit0 why=clean_end_or_self_exit_0 rc=0
2026-07-24T12:20:15Z PROCESS_EXIT unit=BETA_X5 wrapper=71835 genesis=71842 how=signal why=killed_by_signal_15 rc=143
2026-07-24T12:20:19Z PROCESS_EXIT unit=ALPHA_X13_BURST13 wrapper=71972 genesis=71976 how=signal why=killed_by_signal_15 rc=143
2026-07-27T10:10:32Z PROCESS_EXIT unit=BETA_X5 wrapper=74231 genesis=74237 how=signal why=killed_by_signal_15 rc=143
2026-07-27T10:10:35Z PROCESS_EXIT unit=ALPHA_X13_BURST13 wrapper=74368 genesis=74376 how=exit0 why=clean_end_or_self_exit_0 rc=0
2026-07-27T19:36:57Z PROCESS_EXIT unit=ALPHA_X13_BURST13 wrapper=28566 genesis=28574 how=exit0 why=clean_end_or_self_exit_0 rc=0
2026-07-27T19:36:59Z PROCESS_EXIT unit=BETA_X5 wrapper=28432 genesis=28437 how=signal why=killed_by_signal_15 rc=143
2026-07-28T04:27:54Z PROCESS_EXIT unit=BETA_X5 wrapper=22596 genesis=22601 how=signal why=killed_by_signal_15 rc=143
2026-07-28T04:27:58Z PROCESS_EXIT unit=ALPHA_X13_BURST13 wrapper=22734 genesis=22740 how=signal why=killed_by_signal_15 rc=143
2026-07-28T12:08:41Z PROCESS_EXIT unit=BETA_X5 wrapper=35283 genesis=35290 how=exit0 why=clean_end_or_self_exit_0 rc=0
2026-07-28T12:08:50Z PROCESS_EXIT unit=ALPHA_X13_BURST13 wrapper=35428 genesis=35434 how=exit0 why=clean_end_or_self_exit_0 rc=0
2026-07-28T15:35:28Z PROCESS_EXIT unit=ALPHA_X13_BURST13 wrapper=85550 genesis=85557 how=exit0 why=clean_end_or_self_exit_0 rc=0
2026-07-28T15:35:42Z PROCESS_EXIT unit=BETA_X5 wrapper=85413 genesis=85420 how=exit0 why=clean_end_or_self_exit_0 rc=0
2026-07-29T12:11:57Z PROCESS_EXIT unit=BETA_X5 wrapper=7813 genesis=7819 how=exit0 why=clean_end_or_self_exit_0 rc=0
2026-07-29T12:12:01Z PROCESS_EXIT unit=ALPHA_X13_BURST13 wrapper=7952 genesis=7959 how=exit0 why=clean_end_or_self_exit_0 rc=0
2026-07-29T20:01:52Z PROCESS_EXIT unit=ALPHA_X13_BURST13 how=pipe_run_unit why=rc_0 rc=0
2026-07-29T20:02:35Z PROCESS_EXIT unit=BETA_X5 how=pipe_run_unit why=rc_0 rc=0
2026-07-30T00:13:35Z PROCESS_EXIT unit=ALPHA_X13_BURST13 how=pipe_run_unit why=rc_0 rc=0
2026-07-30T00:13:39Z PROCESS_EXIT unit=BETA_X5 how=pipe_run_unit why=rc_0 rc=0
2026-07-30T10:22:20Z PROCESS_EXIT unit=BETA_X5 how=pipe_run_unit why=rc_0 rc=0
2026-07-30T10:22:43Z PROCESS_EXIT unit=ALPHA_X13_BURST13 how=pipe_run_unit why=rc_0 rc=0
2026-07-30T17:58:17Z PROCESS_EXIT unit=BETA_X5 wrapper=79810 genesis=79815 how=exit0 why=clean_end_or_self_exit_0 rc=0
2026-07-30T17:58:20Z PROCESS_EXIT unit=ALPHA_X13_BURST13 wrapper=79945 genesis=79952 how=exit0 why=clean_end_or_self_exit_0 rc=0
2026-07-30T19:38:27Z PROCESS_EXIT unit=ALPHA_X13_BURST13 wrapper=9072 genesis=9078 how=exit0 why=clean_end_or_self_exit_0 rc=0
2026-07-30T19:38:59Z PROCESS_EXIT unit=BETA_X5 wrapper=8949 genesis=8957 how=exit0 why=clean_end_or_self_exit_0 rc=0
2026-07-30T21:36:37Z PROCESS_EXIT unit=BETA_X5 wrapper=43350 genesis=43357 how=exit0 why=clean_end_or_self_exit_0 rc=0
2026-07-30T21:36:37Z PROCESS_EXIT unit=ALPHA_X13_BURST13 wrapper=43471 genesis=43476 how=exit0 why=clean_end_or_self_exit_0 rc=0
2026-07-31T00:13:22Z PROCESS_EXIT unit=BETA_X5 wrapper=33887 genesis=33893 how=signal why=killed_by_signal_15 rc=143
2026-07-31T00:13:26Z PROCESS_EXIT unit=ALPHA_X13_BURST13 wrapper=34023 genesis=34030 how=signal why=killed_by_signal_15 rc=143
2026-07-31T09:15:54Z PROCESS_EXIT unit=BETA_X5 wrapper=2049 genesis=2056 how=signal why=killed_by_signal_15 rc=143
2026-07-31T09:15:58Z PROCESS_EXIT unit=ALPHA_X13_BURST13 wrapper=2184 genesis=2189 how=signal why=killed_by_signal_15 rc=143
2026-07-31T13:01:27Z PROCESS_EXIT unit=BETA_X5 wrapper=57536 genesis=57544 how=exit0 why=clean_end_or_self_exit_0 rc=0
2026-07-31T13:01:28Z PROCESS_EXIT unit=ALPHA_X13_BURST13 wrapper=57671 genesis=57680 how=exit0 why=clean_end_or_self_exit_0 rc=0
2026-07-31T18:07:15Z PROCESS_EXIT unit=BETA_X5 wrapper=14746 genesis=14752 how=signal why=killed_by_signal_15 rc=143
2026-07-31T18:07:19Z PROCESS_EXIT unit=ALPHA_X13_BURST13 wrapper=14876 genesis=14884 how=signal why=killed_by_signal_15 rc=143
2026-07-31T18:20:26Z PROCESS_EXIT unit=BETA_X5 wrapper=68248 genesis=68254 how=exit why=nonzero_rc_1 rc=1
2026-07-31T18:20:46Z PROCESS_EXIT unit=BETA_X5 wrapper=69196 genesis=69202 how=exit why=nonzero_rc_1 rc=1
2026-07-31T18:21:34Z PROCESS_EXIT unit=BETA_X5 wrapper=71641 genesis=71648 how=exit why=nonzero_rc_1 rc=1
2026-07-31T18:22:22Z PROCESS_EXIT unit=BETA_X5 wrapper=74069 genesis=74075 how=exit why=nonzero_rc_1 rc=1
2026-07-31T18:23:10Z PROCESS_EXIT unit=BETA_X5 wrapper=76640 genesis=76646 how=exit why=nonzero_rc_1 rc=1
2026-07-31T18:23:59Z PROCESS_EXIT unit=BETA_X5 wrapper=79075 genesis=79081 how=exit why=nonzero_rc_1 rc=1
2026-07-31T18:24:47Z PROCESS_EXIT unit=BETA_X5 wrapper=81570 genesis=81576 how=exit why=nonzero_rc_1 rc=1
2026-07-31T18:25:35Z PROCESS_EXIT unit=BETA_X5 wrapper=84059 genesis=84065 how=exit why=nonzero_rc_1 rc=1
2026-07-31T18:26:23Z PROCESS_EXIT unit=BETA_X5 wrapper=86353 genesis=86359 how=exit why=nonzero_rc_1 rc=1
2026-07-31T18:27:12Z PROCESS_EXIT unit=ALPHA_X13_BURST13 wrapper=68347 genesis=68351 how=exit0 why=clean_end_or_self_exit_0 rc=0
2026-07-31T18:38:21Z PROCESS_EXIT unit=BETA_X5 wrapper=90171 genesis=90178 how=exit why=nonzero_rc_1 rc=1
2026-07-31T18:38:42Z PROCESS_EXIT unit=BETA_X5 wrapper=91162 genesis=91167 how=exit why=nonzero_rc_1 rc=1
2026-07-31T18:39:30Z PROCESS_EXIT unit=BETA_X5 wrapper=93630 genesis=93637 how=exit why=nonzero_rc_1 rc=1
2026-07-31T18:40:18Z PROCESS_EXIT unit=BETA_X5 wrapper=95972 genesis=95977 how=exit why=nonzero_rc_1 rc=1
2026-07-31T18:41:06Z PROCESS_EXIT unit=BETA_X5 wrapper=98380 genesis=98387 how=exit why=nonzero_rc_1 rc=1
2026-07-31T18:41:55Z PROCESS_EXIT unit=BETA_X5 wrapper=1169 genesis=1175 how=exit why=nonzero_rc_1 rc=1
2026-07-31T18:42:43Z PROCESS_EXIT unit=BETA_X5 wrapper=3561 genesis=3566 how=exit why=nonzero_rc_1 rc=1
2026-07-31T18:43:31Z PROCESS_EXIT unit=BETA_X5 wrapper=6019 genesis=6024 how=exit why=nonzero_rc_1 rc=1
2026-07-31T18:44:19Z PROCESS_EXIT unit=BETA_X5 wrapper=8393 genesis=8398 how=exit why=nonzero_rc_1 rc=1
2026-07-31T18:45:04Z PROCESS_EXIT unit=ALPHA_X13_BURST13 wrapper=90269 genesis=90274 how=exit0 why=clean_end_or_self_exit_0 rc=0
2026-07-31T19:00:11Z PROCESS_EXIT unit=BETA_X5 wrapper=12402 genesis=12407 how=exit why=nonzero_rc_1 rc=1
2026-07-31T19:00:31Z PROCESS_EXIT unit=BETA_X5 wrapper=13392 genesis=13398 how=exit why=nonzero_rc_1 rc=1
2026-07-31T19:01:16Z PROCESS_EXIT unit=BETA_X5 wrapper=15856 genesis=15863 how=exit why=nonzero_rc_1 rc=1
2026-07-31T19:02:04Z PROCESS_EXIT unit=BETA_X5 wrapper=18264 genesis=18271 how=exit why=nonzero_rc_1 rc=1
2026-07-31T19:02:53Z PROCESS_EXIT unit=BETA_X5 wrapper=20726 genesis=20731 how=exit why=nonzero_rc_1 rc=1
2026-07-31T19:03:41Z PROCESS_EXIT unit=BETA_X5 wrapper=23115 genesis=23121 how=exit why=nonzero_rc_1 rc=1
2026-07-31T19:04:29Z PROCESS_EXIT unit=BETA_X5 wrapper=25624 genesis=25632 how=exit why=nonzero_rc_1 rc=1
2026-07-31T19:05:17Z PROCESS_EXIT unit=BETA_X5 wrapper=28064 genesis=28071 how=exit why=nonzero_rc_1 rc=1
2026-07-31T19:06:05Z PROCESS_EXIT unit=BETA_X5 wrapper=30592 genesis=30598 how=exit why=nonzero_rc_1 rc=1
2026-07-31T19:06:54Z PROCESS_EXIT unit=ALPHA_X13_BURST13 wrapper=12500 genesis=12505 how=exit0 why=clean_end_or_self_exit_0 rc=0
2026-08-01T11:52:45Z PROCESS_EXIT unit=BETA_X5 wrapper=58282 genesis=58289 how=signal why=killed_by_signal_15 rc=143
2026-08-01T11:52:48Z PROCESS_EXIT unit=ALPHA_X13_BURST13 wrapper=58407 genesis=58413 how=signal why=killed_by_signal_15 rc=143
2026-08-01T18:13:31Z PROCESS_EXIT unit=BETA_X5 wrapper=75043 genesis=75047 how=signal why=killed_by_signal_15 rc=143
2026-08-01T18:13:32Z PROCESS_EXIT unit=ALPHA_X13_BURST13 wrapper=75169 genesis=75177 how=exit0 why=clean_end_or_self_exit_0 rc=0
2026-08-02T00:04:52Z PROCESS_EXIT unit=BETA_X5 wrapper=15680 genesis=15687 how=signal why=killed_by_signal_15 rc=143
2026-08-02T00:04:56Z PROCESS_EXIT unit=ALPHA_X13_BURST13 wrapper=15804 genesis=15811 how=signal why=killed_by_signal_15 rc=143
2026-08-02T10:02:45Z PROCESS_EXIT unit=ALPHA_X13_BURST13 wrapper=57069 genesis=57077 how=signal why=killed_by_signal_15 rc=143
2026-08-02T10:02:46Z PROCESS_EXIT unit=BETA_X5 wrapper=56945 genesis=56952 how=exit0 why=clean_end_or_self_exit_0 rc=0
2026-08-02T18:05:37Z PROCESS_EXIT unit=BETA_X5 wrapper=19321 genesis=19328 how=signal why=killed_by_signal_15 rc=143
2026-08-02T18:05:41Z PROCESS_EXIT unit=ALPHA_X13_BURST13 wrapper=19455 genesis=19461 how=signal why=killed_by_signal_15 rc=143
2026-08-02T19:53:42Z PROCESS_EXIT unit=BETA_X5 wrapper=93491 genesis=93496 how=exit0 why=clean_end_or_self_exit_0 rc=0
2026-08-02T19:54:03Z PROCESS_EXIT unit=ALPHA_X13_BURST13 wrapper=93623 genesis=93632 how=exit0 why=clean_end_or_self_exit_0 rc=0
2026-08-12T16:01:36Z PROCESS_EXIT unit=BETA_X5 wrapper=7382 genesis=7389 how=exit0 why=clean_end_or_self_exit_0 rc=0
2026-08-12T16:01:37Z PROCESS_EXIT unit=ALPHA_X13_BURST13 wrapper=7485 genesis=7490 how=exit0 why=clean_end_or_self_exit_0 rc=0
2026-08-12T16:33:30Z PROCESS_EXIT unit=ALPHA_X13_BURST13 how=pipe_run_unit why=rc_1 rc=1
2026-08-12T16:59:09Z PROCESS_EXIT unit=BETA_X5 how=pipe_run_unit why=rc_0 rc=0
2026-08-12T17:18:15Z PROCESS_EXIT unit=ALPHA_X13_BURST13 how=pipe_run_unit why=rc_1 rc=1
2026-08-12T21:00:01Z PROCESS_EXIT unit=BETA_X5 how=pipe_run_unit why=rc_0 rc=0
2026-08-12T22:12:00Z PROCESS_EXIT unit=BETA_X5 how=pipe_run_unit why=rc_0 rc=0
2026-08-12T22:12:05Z PROCESS_EXIT unit=ALPHA_X13_BURST13 how=pipe_run_unit why=rc_0 rc=0
2026-08-12T22:20:19Z PROCESS_EXIT unit=BETA_X5 how=pipe_run_unit why=rc_1 rc=1
2026-08-12T22:23:45Z PROCESS_EXIT unit=ALPHA_X13_BURST13 how=pipe_run_unit why=rc_1 rc=1
2026-08-12T22:38:32Z PROCESS_EXIT unit=ALPHA_X13_BURST13 how=pipe_run_unit why=rc_1 rc=1
2026-08-12T22:41:16Z PROCESS_EXIT unit=BETA_X5 how=pipe_run_unit why=rc_1 rc=1
2026-08-12T23:12:27Z PROCESS_EXIT unit=ALPHA_X13_BURST13 how=pipe_run_unit why=rc_0 rc=0
2026-08-12T23:12:28Z PROCESS_EXIT unit=BETA_X5 how=pipe_run_unit why=rc_0 rc=0
2026-08-12T23:43:57Z PROCESS_EXIT unit=BETA_X5 how=pipe_run_unit why=rc_1 rc=1
2026-08-12T23:49:16Z PROCESS_EXIT unit=ALPHA_X13_BURST13 how=pipe_run_unit why=rc_1 rc=1
2026-08-12T23:57:58Z PROCESS_EXIT unit=ALPHA_X13_BURST13 how=pipe_run_unit why=rc_1 rc=1
2026-08-13T00:03:04Z PROCESS_EXIT unit=BETA_X5 how=pipe_run_unit why=rc_1 rc=1
2026-08-13T00:15:01Z PROCESS_EXIT unit=ALPHA_X13_BURST13 how=pipe_run_unit why=rc_1 rc=1
2026-08-13T00:17:50Z PROCESS_EXIT unit=BETA_X5 how=pipe_run_unit why=rc_1 rc=1
2026-08-13T00:40:49Z PROCESS_EXIT unit=BETA_X5 how=pipe_run_unit why=rc_1 rc=1
2026-08-13T00:42:52Z PROCESS_EXIT unit=ALPHA_X13_BURST13 how=pipe_run_unit why=rc_1 rc=1
2026-08-13T00:50:56Z PROCESS_EXIT unit=ALPHA_X13_BURST13 how=pipe_run_unit why=rc_1 rc=1
2026-08-13T07:17:11Z PROCESS_EXIT unit=ALPHA_X13_BURST13 how=pipe_run_unit why=rc_1 rc=1
2026-08-13T07:18:21Z PROCESS_EXIT unit=BETA_X5 how=pipe_run_unit why=rc_1 rc=1
2026-08-13T07:28:24Z PROCESS_EXIT unit=ALPHA_X13_BURST13 how=pipe_run_unit why=rc_1 rc=1
2026-08-13T09:09:59Z PROCESS_EXIT unit=ALPHA_X13_BURST13 how=pipe_run_unit why=rc_1 rc=1
2026-08-13T12:22:10Z PROCESS_EXIT unit=BETA_X5 how=pipe_run_unit why=rc_0 rc=0
2026-08-13T12:46:07Z PROCESS_EXIT unit=ALPHA_X13_BURST13 how=pipe_run_unit why=rc_1 rc=1
2026-08-13T15:45:01Z PROCESS_EXIT unit=BETA_X5 how=pipe_run_unit why=rc_0 rc=0
2026-08-13T15:54:44Z PROCESS_EXIT unit=ALPHA_X13_BURST13 how=pipe_run_unit why=rc_0 rc=0
2026-08-13T15:55:19Z PROCESS_EXIT unit=BETA_X5 how=pipe_run_unit why=rc_0 rc=0
2026-08-13T16:39:44Z PROCESS_EXIT unit=ALPHA_X13_BURST13 how=pipe_run_unit why=rc_1 rc=1
2026-08-13T16:44:47Z PROCESS_EXIT unit=BETA_X5 how=pipe_run_unit why=rc_1 rc=1
2026-08-13T17:11:16Z PROCESS_EXIT unit=ALPHA_X13_BURST13 how=pipe_run_unit why=rc_1 rc=1
2026-08-13T17:16:56Z PROCESS_EXIT unit=BETA_X5 how=pipe_run_unit why=rc_1 rc=1
2026-08-13T17:30:28Z PROCESS_EXIT unit=ALPHA_X13_BURST13 how=pipe_run_unit why=rc_1 rc=1
2026-08-13T17:34:20Z PROCESS_EXIT unit=BETA_X5 how=pipe_run_unit why=rc_1 rc=1
2026-08-13T17:42:43Z PROCESS_EXIT unit=ALPHA_X13_BURST13 how=pipe_run_unit why=rc_1 rc=1
2026-08-13T17:46:38Z PROCESS_EXIT unit=BETA_X5 how=pipe_run_unit why=rc_1 rc=1
2026-08-13T18:08:38Z PROCESS_EXIT unit=ALPHA_X13_BURST13 how=pipe_run_unit why=rc_1 rc=1
2026-08-13T18:12:29Z PROCESS_EXIT unit=BETA_X5 how=pipe_run_unit why=rc_1 rc=1
2026-08-13T18:25:42Z PROCESS_EXIT unit=ALPHA_X13_BURST13 how=pipe_run_unit why=rc_1 rc=1
2026-08-13T20:37:09Z PROCESS_EXIT unit=BETA_X5 how=pipe_run_unit why=rc_0 rc=0
2026-08-14T07:49:10Z PROCESS_EXIT unit=ALPHA_X13_BURST13 how=pipe_run_unit why=rc_1 rc=1
2026-08-14T08:49:29Z PROCESS_EXIT unit=BETA_X5 how=pipe_run_unit why=rc_1 rc=1
2026-08-14T08:52:26Z PROCESS_EXIT unit=ALPHA_X13_BURST13 how=pipe_run_unit why=rc_1 rc=1
2026-08-14T09:25:05Z PROCESS_EXIT unit=ALPHA_X13_BURST13 how=pipe_run_unit why=rc_1 rc=1
2026-08-14T09:29:20Z PROCESS_EXIT unit=BETA_X5 how=pipe_run_unit why=rc_1 rc=1
2026-08-14T09:31:17Z PROCESS_EXIT unit=ALPHA_X13_BURST13 how=pipe_run_unit why=rc_0 rc=0
2026-08-14T09:31:20Z PROCESS_EXIT unit=BETA_X5 how=pipe_run_unit why=rc_0 rc=0
2026-08-14T10:52:17Z PROCESS_EXIT unit=BETA_X5 how=pipe_run_unit why=rc_0 rc=0
2026-08-14T10:52:22Z PROCESS_EXIT unit=ALPHA_X13_BURST13 how=pipe_run_unit why=rc_0 rc=0
2026-08-14T12:06:24Z PROCESS_EXIT unit=ALPHA_X13_BURST13 how=pipe_run_unit why=rc_1 rc=1
2026-08-14T12:07:27Z PROCESS_EXIT unit=BETA_X5 how=pipe_run_unit why=rc_1 rc=1
2026-08-14T12:14:25Z PROCESS_EXIT unit=ALPHA_X13_BURST13 how=pipe_run_unit why=rc_1 rc=1
2026-08-14T12:17:27Z PROCESS_EXIT unit=BETA_X5 how=pipe_run_unit why=rc_1 rc=1
2026-08-14T12:37:58Z PROCESS_EXIT unit=ALPHA_X13_BURST13 how=pipe_run_unit why=rc_1 rc=1
2026-08-14T12:40:34Z PROCESS_EXIT unit=BETA_X5 how=pipe_run_unit why=rc_1 rc=1
2026-08-14T12:48:18Z PROCESS_EXIT unit=BETA_X5 how=pipe_run_unit why=rc_143 rc=143
2026-08-14T12:48:19Z PROCESS_EXIT unit=ALPHA_X13_BURST13 how=pipe_run_unit why=rc_143 rc=143
2026-08-14T15:57:00Z PROCESS_EXIT unit=ALPHA_X13_BURST13 how=pipe_run_unit why=rc_0 rc=0
2026-08-14T15:57:05Z PROCESS_EXIT unit=BETA_X5 how=pipe_run_unit why=rc_0 rc=0
2026-08-14T19:35:46Z PROCESS_EXIT unit=ALPHA_X13_BURST13 how=pipe_run_unit why=rc_0 rc=0
2026-08-14T19:35:48Z PROCESS_EXIT unit=BETA_X5 how=pipe_run_unit why=rc_0 rc=0
2026-08-14T19:53:47Z PROCESS_EXIT unit=ALPHA_X13_BURST13 how=pipe_run_unit why=rc_0 rc=0
2026-08-14T19:53:48Z PROCESS_EXIT unit=BETA_X5 how=pipe_run_unit why=rc_0 rc=0
2026-08-14T20:24:29Z PROCESS_EXIT unit=BETA_X5 how=pipe_run_unit why=rc_0 rc=0
2026-08-14T20:24:32Z PROCESS_EXIT unit=ALPHA_X13_BURST13 how=pipe_run_unit why=rc_0 rc=0
2026-08-15T05:44:43Z PROCESS_EXIT unit=ALPHA_X13_BURST13 how=pipe_run_unit why=rc_0 rc=0
2026-08-15T05:44:46Z PROCESS_EXIT unit=BETA_X5 how=pipe_run_unit why=rc_0 rc=0
2026-08-15T13:39:11Z PROCESS_EXIT unit=BETA_X5 how=pipe_run_unit why=rc_0 rc=0
2026-08-15T13:39:12Z PROCESS_EXIT unit=ALPHA_X13_BURST13 how=pipe_run_unit why=rc_0 rc=0
2026-08-15T21:50:03Z PROCESS_EXIT unit=ALPHA_X13_BURST13 how=pipe_run_unit why=rc_0 rc=0
2026-08-15T21:50:25Z PROCESS_EXIT unit=BETA_X5 how=pipe_run_unit why=rc_0 rc=0
2026-08-16T10:02:32Z PROCESS_EXIT unit=ALPHA_X13_BURST13 how=pipe_run_unit why=rc_0 rc=0
2026-08-16T10:02:39Z PROCESS_EXIT unit=BETA_X5 how=pipe_run_unit why=rc_0 rc=0
2026-08-16T14:54:13Z PROCESS_EXIT unit=ALPHA_X13_BURST13 how=pipe_run_unit why=rc_0 rc=0
2026-08-16T14:54:30Z PROCESS_EXIT unit=BETA_X5 how=pipe_run_unit why=rc_0 rc=0
2026-08-16T15:04:03Z PROCESS_EXIT unit=BETA_X5 how=pipe_run_unit why=rc_0 rc=0
2026-08-16T15:04:08Z PROCESS_EXIT unit=ALPHA_X13_BURST13 how=pipe_run_unit why=rc_0 rc=0
2026-08-16T17:19:03Z PROCESS_EXIT unit=ALPHA_X13_BURST13 how=pipe_run_unit why=rc_0 rc=0
2026-08-16T17:20:50Z PROCESS_EXIT unit=BETA_X5 how=pipe_run_unit why=rc_0 rc=0
2026-08-16T17:39:33Z PROCESS_EXIT unit=ALPHA_X13_BURST13 how=pipe_run_unit why=rc_0 rc=0
2026-08-16T17:40:28Z PROCESS_EXIT unit=BETA_X5 how=pipe_run_unit why=rc_0 rc=0
2026-08-16T18:21:54Z PROCESS_EXIT unit=ALPHA_X13_BURST13 how=pipe_run_unit why=rc_0 rc=0
2026-08-16T18:22:20Z PROCESS_EXIT unit=BETA_X5 how=pipe_run_unit why=rc_0 rc=0
2026-08-16T18:43:46Z PROCESS_EXIT unit=ALPHA_X13_BURST13 how=pipe_run_unit why=rc_0 rc=0
2026-08-16T18:43:47Z PROCESS_EXIT unit=BETA_X5 how=pipe_run_unit why=rc_0 rc=0
2026-08-17T11:40:15Z PROCESS_EXIT unit=BETA_X5 how=pipe_run_unit why=rc_0 rc=0
2026-08-17T11:40:18Z PROCESS_EXIT unit=ALPHA_X13_BURST13 how=pipe_run_unit why=rc_0 rc=0
2026-08-17T19:20:54Z PROCESS_EXIT unit=ALPHA_X13_BURST13 how=pipe_run_unit why=rc_0 rc=0
2026-08-17T19:21:08Z PROCESS_EXIT unit=BETA_X5 how=pipe_run_unit why=rc_0 rc=0
2026-08-17T21:50:58Z PROCESS_EXIT unit=ALPHA_X13_BURST13 how=pipe_run_unit why=rc_0 rc=0
2026-08-17T21:51:05Z PROCESS_EXIT unit=BETA_X5 how=pipe_run_unit why=rc_0 rc=0
2026-08-18T00:40:56Z PROCESS_EXIT unit=ALPHA_X13_BURST13 how=pipe_run_unit why=rc_0 rc=0
2026-08-18T00:41:10Z PROCESS_EXIT unit=BETA_X5 how=pipe_run_unit why=rc_0 rc=0
2026-08-18T04:20:36Z PROCESS_EXIT unit=ALPHA_X13_BURST13 how=pipe_run_unit why=rc_0 rc=0
2026-08-18T04:20:40Z PROCESS_EXIT unit=BETA_X5 how=pipe_run_unit why=rc_0 rc=0
2026-08-18T19:31:27Z PROCESS_EXIT unit=BETA_X5 how=pipe_run_unit why=rc_0 rc=0
2026-08-18T19:33:11Z PROCESS_EXIT unit=ALPHA_X13_BURST13 how=pipe_run_unit why=rc_0 rc=0
2026-08-19T20:57:00Z PROCESS_EXIT unit=ALPHA_X13_BURST13 how=pipe_run_unit why=rc_0 rc=0
2026-08-19T20:57:04Z PROCESS_EXIT unit=BETA_X5 how=pipe_run_unit why=rc_0 rc=0
2026-08-20T14:32:44Z PROCESS_EXIT unit=ALPHA_X13_BURST13 how=pipe_run_unit why=rc_0 rc=0
2026-08-20T14:32:50Z PROCESS_EXIT unit=BETA_X5 how=pipe_run_unit why=rc_0 rc=0
2026-08-20T19:11:26Z PROCESS_EXIT unit=ALPHA_X13_BURST13 how=pipe_run_unit why=rc_0 rc=0
2026-08-20T19:13:12Z PROCESS_EXIT unit=BETA_X5 how=pipe_run_unit why=rc_0 rc=0
2026-08-20T19:41:51Z PROCESS_EXIT unit=ALPHA_X13_BURST13 how=pipe_run_unit why=rc_0 rc=0
2026-08-20T19:42:04Z PROCESS_EXIT unit=BETA_X5 how=pipe_run_unit why=rc_0 rc=0
2026-08-21T09:40:52Z PROCESS_EXIT unit=ALPHA_X13_BURST13 how=pipe_run_unit why=rc_0 rc=0
2026-08-21T09:40:53Z PROCESS_EXIT unit=BETA_X5 how=pipe_run_unit why=rc_0 rc=0
2026-08-21T09:40:54Z PROCESS_EXIT unit=BETA_X5 how=pipe_run_unit why=rc_0 rc=0
2026-08-21T09:40:54Z PROCESS_EXIT unit=ALPHA_X13_BURST13 how=pipe_run_unit why=rc_0 rc=0
2026-08-21T09:40:55Z PROCESS_EXIT unit=ALPHA_X13_BURST13 how=pipe_run_unit why=rc_0 rc=0
2026-08-21T09:41:02Z PROCESS_EXIT unit=BETA_X5 how=pipe_run_unit why=rc_0 rc=0
2026-08-21T10:37:17Z PROCESS_EXIT unit=ALPHA_X13_BURST13 how=pipe_run_unit why=rc_0 rc=0
2026-08-21T10:37:23Z PROCESS_EXIT unit=BETA_X5 how=pipe_run_unit why=rc_0 rc=0
2026-08-21T13:33:50Z PROCESS_EXIT unit=ALPHA_X13_BURST13 how=pipe_run_unit why=rc_0 rc=0
2026-08-21T13:34:06Z PROCESS_EXIT unit=BETA_X5 how=pipe_run_unit why=rc_0 rc=0
2026-08-21T17:48:44Z PROCESS_EXIT unit=BETA_X5 how=pipe_run_unit why=rc_0 rc=0
2026-08-21T17:48:45Z PROCESS_EXIT unit=ALPHA_X13_BURST13 how=pipe_run_unit why=rc_0 rc=0
2026-08-21T19:42:26Z PROCESS_EXIT unit=BETA_X5 how=pipe_run_unit why=rc_0 rc=0
2026-08-21T19:42:26Z PROCESS_EXIT unit=ALPHA_X13_BURST13 how=pipe_run_unit why=rc_0 rc=0
