=== 2026-08-04T18:53Z journal_soir ===
tab 1 of window id 310
wrote /Users/christophe/ace777-test-day1/Index_Maison/CONSOLE_GENERALE.md
wrote /Users/christophe/ace777-test-day1/Index_Maison/Journal_2026-08-04.md
sync-block CONSOLE_GENERALE.md: [Errno 1] Operation not permitted: '/Users/christophe/Documents/Obsidian_ACE777/CONSOLE_GENERALE.md'
sync-block Index_Maison/CONSOLE_GENERALE.md: [Errno 1] Operation not permitted: '/Users/christophe/Documents/Obsidian_ACE777/Index_Maison/CONSOLE_GENERALE.md'
sync /Users/christophe/Documents/Obsidian_ACE777/Cahier/Journal_2026-08-04.md
sync /Users/christophe/Documents/Obsidian_ACE777/Index_Maison/Journal_2026-08-04.md
sync-block PLAN_DE_VOL.md: [Errno 1] Operation not permitted: '/Users/christophe/Documents/Obsidian_ACE777/PLAN_DE_VOL.md'
sync-block AUTO_PROCESSUS.md: [Errno 1] Operation not permitted: '/Users/christophe/Documents/Obsidian_ACE777/AUTO_PROCESSUS.md'
spawned Terminal sync fallback
memoire skip 09_MEMOIRE_COLLAB.md: [Errno 1] Operation not permitted: '/Users/christophe/Documents/Obsidian_ACE777/Swarm_Bus/09_MEMOIRE_COLLAB.md'
memoire skip MEMOIRE_COLLAB.md: [Errno 1] Operation not permitted: '/Users/christophe/Documents/Obsidian_ACE777/Index_Maison/MEMOIRE_COLLAB.md'
AUTO vault copy skip: [Errno 1] Operation not permitted: '/Users/christophe/Documents/Obsidian_ACE777/AUTO_PROCESSUS.md'
synced -> /Users/christophe/Documents/Obsidian_ACE777
THERMO_OK climate=ok score=84
THERMO_LIVE /Users/christophe/ace777-test-day1/Index_Maison/thermo/live.json
FUNDING now=4.3e-05 avg30=5.781e-05 prevMonth=6.043e-05
| 2026-08-04T1854Z | journal_soir | ★ | journal | snapshot soir auto |
OK
