=== Fusion vault unique 20260728T2101Z ===
OK 2e vault désactivé (.obsidian → backup)
OK Projet_2 → Assistant_Vocal (tout le contenu gardé)
=== VERIFY ===
-rw-r--r--@ 1 christophe  staff  881 Jul 28 22:48 /Users/christophe/Documents/Obsidian_ACE777/AGORA.md
-rw-r--r--@ 1 christophe  staff  2056 Jul 28 22:48 /Users/christophe/Documents/Obsidian_ACE777/Swarm_Bus/09_MEMOIRE_COLLAB.md
total 880
drwxr-xr-x  24 christophe  staff     768 Jul 28 23:01 .
drwxr-xr-x@ 23 christophe  staff     736 Jul 28 23:01 ..
-rw-r--r--@  1 christophe  staff    4837 Jul 19 08:58 .env
-rw-r--r--   1 christophe  staff    5968 Jul 18 23:21 .env.example
-rw-r--r--   1 christophe  staff      60 Jul 15 10:37 .gitignore
-rw-r--r--@  1 christophe  staff     706 Jul 28 22:57 00_AGORA_EST_ICI.md
-rw-r--r--   1 christophe  staff     380 Jul 28 23:01 00_LIRE_MOI.md
-rw-r--r--@  1 christophe  staff       0 Jul 28 22:54 2026-07-28.md
-rw-r--r--@  1 christophe  staff     998 Jul 28 22:57 AGORA_COPIE_LIS_LE_PARENT.md
drwxr-xr-x@  3 christophe  staff      96 Jul 28 22:55 Cahier
-rw-r--r--   1 christophe  staff  132169 Jul 15 10:37 Cargo.lock
-rw-r--r--   1 christophe  staff    1168 Jul 15 10:37 Cargo.toml
-rw-r--r--   1 christophe  staff  243816 Jul 15 10:37 EXPORT_POUR_GEMINI.md
-rw-r--r--   1 christophe  staff    7517 Jul 15 10:37 EXPORT_SETUP_IA.md
-rw-r--r--@  1 christophe  staff     381 Jul 23 18:36 LIRE_ICI.md
-rw-r--r--@  1 christophe  staff    6246 Jul 18 21:11 REPRISE_SESSION.md
-rw-r--r--@  1 christophe  staff      39 Jul 28 22:55 Untitled.base
drwxr-xr-x   3 christophe  staff      96 Jul 15 10:37 config
-rwxr-xr-x   1 christophe  staff    1774 Jul 15 10:37 launch_cortana.sh
OK un seul vault (.obsidian absent dans Assistant_Vocal)
OK plus de Projet_2 comme vault
DONE — rouvre Obsidian → coffre Obsidian_ACE777
EXIT:0
