=== Tue Jul 28 22:06:37 UTC 2026 GARAGE Phase E ===
SRC=/Users/christophe/Documents/Obsidian_ACE777_LIGHT
OK ancien gros -> /Users/christophe/Obsidian_BACKUPS_HORS_VAULT/Obsidian_ACE777_ARCHIVE_LOURD_20260728T2206Z
OK /Users/christophe/Documents/Obsidian_ACE777_LIGHT -> Obsidian_ACE777
/Users/christophe/ace777-test-day1/Index_Maison/scripts/garage_phase_E.sh: line 49: {vault}: command not found
/Users/christophe/ace777-test-day1/Index_Maison/scripts/garage_phase_E.sh: line 49: /Users/christophe/crypto-voice-assistant-core/: is a directory
/Users/christophe/ace777-test-day1/Index_Maison/scripts/garage_phase_E.sh: line 49: /Users/christophe/Assistant_Vocal_HORS_VAULT/: is a directory
/Users/christophe/ace777-test-day1/Index_Maison/scripts/garage_phase_E.sh: line 49: /Users/christophe/Obsidian_BACKUPS_HORS_VAULT/: is a directory
/Users/christophe/ace777-test-day1/Index_Maison/scripts/garage_phase_E.sh: line 49: /Users/christophe/ace777-test-day1/: is a directory
/Users/christophe/ace777-test-day1/Index_Maison/scripts/garage_phase_E.sh: line 49: .env: command not found
/Users/christophe/ace777-test-day1/Index_Maison/scripts/garage_phase_E.sh: line 49: target/: No such file or directory
/Users/christophe/ace777-test-day1/Index_Maison/scripts/garage_phase_E.sh: line 49: Obsidian_ACE777: command not found
obsidian.json /Users/christophe/Documents/Obsidian_ACE777
notes OK
--- VERIFY ---
480K	/Users/christophe/Documents/Obsidian_ACE777
/Users/christophe/Documents/Obsidian_ACE777/AGORA.md
/Users/christophe/Documents/Obsidian_ACE777/COUTUMES_AGORA.md
/Users/christophe/Documents/Obsidian_ACE777/OU_EST_QUOI.md
{'vaults': {'ace777': {'path': '/Users/christophe/Documents/Obsidian_ACE777', 'ts': 1785276400495, 'open': True}}}
DONE_GARAGE
