OUT _backup_vault_merge_obsidian_fix
OUT _backup_vault_merge_20260728T2100Z
OUT _backup_vault_merge_20260728T2101Z
OUT .obsidian_corrompu
OUT .smart-connections_STOPPED
 23M	/Users/christophe/Documents/Obsidian_ACE777/Projet_1_Nuage_Actuel
ignore ['Assistant_Vocal/', 'Assistant_Vocal', '_backup_vault_merge_*/', '*.lock', '**/target/', '**/node_modules/', 'Cargo.lock', '*.bin', '*.wasm', 'Projet_1_Nuage_Actuel/', 'Projet_3_Goldman_Boy/', 'Projet_4_Historique_Backups/', '_Cerveau/', 'Hulk/', 'Cahier/', 'Prototypes/']
--- AFTER ---
 24M	/Users/christophe/Documents/Obsidian_ACE777
  0B	/Users/christophe/Documents/Obsidian_ACE777/Untitled.md
4.0K	/Users/christophe/Documents/Obsidian_ACE777/00_SI_OBSIDIAN_SAUTE.md
4.0K	/Users/christophe/Documents/Obsidian_ACE777/AGORA.md
4.0K	/Users/christophe/Documents/Obsidian_ACE777/Assistant_Vocal
4.0K	/Users/christophe/Documents/Obsidian_ACE777/Projet_4_Historique_Backups
4.0K	/Users/christophe/Documents/Obsidian_ACE777/Welcome.md
8.0K	/Users/christophe/Documents/Obsidian_ACE777/.DS_Store
8.0K	/Users/christophe/Documents/Obsidian_ACE777/ACE777-Constitution.md
8.0K	/Users/christophe/Documents/Obsidian_ACE777/Veille_secteur
 20K	/Users/christophe/Documents/Obsidian_ACE777/.obsidian
 40K	/Users/christophe/Documents/Obsidian_ACE777/Projet_3_Goldman_Boy
 44K	/Users/christophe/Documents/Obsidian_ACE777/Index_Maison
 84K	/Users/christophe/Documents/Obsidian_ACE777/Swarm_Bus
 96K	/Users/christophe/Documents/Obsidian_ACE777/Prototypes
 96K	/Users/christophe/Documents/Obsidian_ACE777/_Cerveau
136K	/Users/christophe/Documents/Obsidian_ACE777/Cahier
232K	/Users/christophe/Documents/Obsidian_ACE777/Hulk
 23M	/Users/christophe/Documents/Obsidian_ACE777/Projet_1_Nuage_Actuel
    1006
DONE_FIX3
