=== Tue Jul 28 21:41:52 UTC 2026 fix2 black screen ===
--- contenu vault (top) ---
total 56
drwxr-xr-x@ 25 christophe  staff   800 Jul 28 23:40 .
drwx------@ 10 christophe  staff   320 Jul 15 09:58 ..
-rw-r--r--@  1 christophe  staff  6148 Jul 26 14:54 .DS_Store
drwxr-xr-x   6 christophe  staff   192 Jul 28 23:38 .obsidian
drwxr-xr-x   7 christophe  staff   224 Jul 17 07:33 .obsidian_corrompu
drwxr-xr-x@  3 christophe  staff    96 Jul 15 13:45 .smart-connections_STOPPED
-rw-r--r--   1 christophe  staff   412 Jul 28 23:38 00_SI_OBSIDIAN_SAUTE.md
-rw-r--r--   1 christophe  staff  5713 Jul 19 08:44 ACE777-Constitution.md
-rw-r--r--@  1 christophe  staff   881 Jul 28 22:48 AGORA.md
drwxr-xr-x  23 christophe  staff   736 Jul 28 23:38 Assistant_Vocal
drwxr-xr-x@ 30 christophe  staff   960 Jul 27 21:55 Cahier
drwxr-xr-x@  5 christophe  staff   160 Jul 26 18:37 Hulk
drwxr-xr-x@  8 christophe  staff   256 Jul 28 22:48 Index_Maison
drwxr-xr-x  84 christophe  staff  2688 Jul 15 16:59 Projet_1_Nuage_Actuel
drwxr-xr-x   5 christophe  staff   160 Jul 15 10:37 Projet_3_Goldman_Boy
drwxr-xr-x   3 christophe  staff    96 Jul 15 16:59 Projet_4_Historique_Backups
drwxr-xr-x@  3 christophe  staff    96 Jul 26 14:56 Prototypes
drwxr-xr-x@ 16 christophe  staff   512 Jul 28 22:48 Swarm_Bus
-rw-r--r--   1 christophe  staff     0 Jul 15 11:04 Untitled.md
drwxr-xr-x@  4 christophe  staff   128 Jul 23 18:49 Veille_secteur
-rw-r--r--   1 christophe  staff   204 Jul 15 09:58 Welcome.md
drwxr-xr-x  11 christophe  staff   352 Jul 18 22:07 _Cerveau
drwxr-xr-x@  2 christophe  staff    64 Jul 28 23:00 _backup_vault_merge_20260728T2100Z
drwxr-xr-x   3 christophe  staff    96 Jul 28 23:01 _backup_vault_merge_20260728T2101Z
drwxr-xr-x   3 christophe  staff    96 Jul 28 23:38 _backup_vault_merge_obsidian_fix
--- sizes ---
  0B	/Users/christophe/Documents/Obsidian_ACE777/Untitled.md
  0B	/Users/christophe/Documents/Obsidian_ACE777/_backup_vault_merge_20260728T2100Z
4.0K	/Users/christophe/Documents/Obsidian_ACE777/00_SI_OBSIDIAN_SAUTE.md
4.0K	/Users/christophe/Documents/Obsidian_ACE777/AGORA.md
4.0K	/Users/christophe/Documents/Obsidian_ACE777/Projet_4_Historique_Backups
4.0K	/Users/christophe/Documents/Obsidian_ACE777/Welcome.md
8.0K	/Users/christophe/Documents/Obsidian_ACE777/ACE777-Constitution.md
8.0K	/Users/christophe/Documents/Obsidian_ACE777/Veille_secteur
 24K	/Users/christophe/Documents/Obsidian_ACE777/_backup_vault_merge_20260728T2101Z
 40K	/Users/christophe/Documents/Obsidian_ACE777/Projet_3_Goldman_Boy
 44K	/Users/christophe/Documents/Obsidian_ACE777/Index_Maison
 84K	/Users/christophe/Documents/Obsidian_ACE777/Swarm_Bus
 96K	/Users/christophe/Documents/Obsidian_ACE777/Prototypes
 96K	/Users/christophe/Documents/Obsidian_ACE777/_Cerveau
136K	/Users/christophe/Documents/Obsidian_ACE777/Cahier
232K	/Users/christophe/Documents/Obsidian_ACE777/Hulk
 23M	/Users/christophe/Documents/Obsidian_ACE777/Projet_1_Nuage_Actuel
681M	/Users/christophe/Documents/Obsidian_ACE777/Assistant_Vocal
3.9G	/Users/christophe/Documents/Obsidian_ACE777/_backup_vault_merge_obsidian_fix
OK Assistant_Vocal -> /Users/christophe/Assistant_Vocal_HORS_VAULT/contenu
OK community-plugins disabled
OK core graph/canvas/backlink OFF
OK app.json
OK no theme/snippets
OK caches GPU/Shader/Code cleared
OK Preferences touched
OK argv.json disable-gpu
--- sizes AFTER ---
3.9G	/Users/christophe/Documents/Obsidian_ACE777
4.0K	/Users/christophe/Documents/Obsidian_ACE777/Assistant_Vocal
4.0K	/Users/christophe/Documents/Obsidian_ACE777/Projet_4_Historique_Backups
4.0K	/Users/christophe/Documents/Obsidian_ACE777/Welcome.md
8.0K	/Users/christophe/Documents/Obsidian_ACE777/ACE777-Constitution.md
8.0K	/Users/christophe/Documents/Obsidian_ACE777/Veille_secteur
 24K	/Users/christophe/Documents/Obsidian_ACE777/_backup_vault_merge_20260728T2101Z
 40K	/Users/christophe/Documents/Obsidian_ACE777/Projet_3_Goldman_Boy
 44K	/Users/christophe/Documents/Obsidian_ACE777/Index_Maison
 84K	/Users/christophe/Documents/Obsidian_ACE777/Swarm_Bus
 96K	/Users/christophe/Documents/Obsidian_ACE777/Prototypes
 96K	/Users/christophe/Documents/Obsidian_ACE777/_Cerveau
136K	/Users/christophe/Documents/Obsidian_ACE777/Cahier
232K	/Users/christophe/Documents/Obsidian_ACE777/Hulk
 23M	/Users/christophe/Documents/Obsidian_ACE777/Projet_1_Nuage_Actuel
3.9G	/Users/christophe/Documents/Obsidian_ACE777/_backup_vault_merge_obsidian_fix
   22473
OK AGORA allégé
DONE_FIX2
Rouvre Obsidian MAINTENANT (une seule fenêtre).
