=== Tue Jul 28 21:53:12 UTC 2026 PHASE B ===
--- from workspace ---
CP MEMOIRE_COLLAB.md
CP 00_PLAN_RAPATRIEMENT.md
CP Suivi_Info/COMPTES.md
CP Suivi_Info/00_LIRE_MOI.md
CP Evaluations/07_ruujss_hmm_market_regimes.md
CP Evaluations/02_leverage_effect_ssrn.md
CP Evaluations/09_ridark_polymarket_sniper.md
CP Evaluations/10_undefinedki_graph_judge.md
CP Evaluations/01_macro_synergy_combine_layers.md
CP Evaluations/06_slash1sol_ai_one_sentence_quant.md
CP Evaluations/11_milkroad_ms_ai_supply_chain.md
CP Evaluations/08_raoulgmi_liquidity_mindset.md
CP Evaluations/03_polymarket_kropanchik_heisenbug.md
CP Evaluations/04_rebellio_12_ta_skills.md
CP Evaluations/05_0xSomni_agents_as_graphs.md
CP A_Mon_Attention/ATTENTION_VOCALE.md
CP A_Mon_Attention/2026-07-28_MilkRoad_MS_AI_supply_chain.md
CP A_Mon_Attention/INDEX.md
CP A_Mon_Attention/00_LIRE_MOI.md
CP 00_INDICATEURS_V1.md
CP 00_LIRE_MOI.md
CP 01_TABLEAU_VIVANT.md
--- from gros vault (si plus récent) ---
AGORA+mem OK
--- VERIFY ---
148K	/Users/christophe/Documents/Obsidian_ACE777_LIGHT
      33
      22
00_INDICATEURS_V1.md
00_LIRE_MOI.md
00_PLAN_RAPATRIEMENT.md
01_TABLEAU_VIVANT.md
A_Mon_Attention
Evaluations
MEMOIRE_COLLAB.md
Suivi_Info
00_LIRE_MOI.md
COMPTES.md
00_LIRE_MOI.md
2026-07-28_MilkRoad_MS_AI_supply_chain.md
ATTENTION_VOCALE.md
INDEX.md
      11
DONE_B
Rouvre Obsidian LIGHT — reste 2-3 min sur AGORA.
