=== Tue Jul 28 21:56:17 UTC 2026 PHASE D notes filtrées ===
CP root/ACE777-Constitution.md
CP root/Welcome.md
CP root/00_SI_OBSIDIAN_SAUTE.md
CP Cahier/05_Idees_a_tester.md
CP Cahier/21_VEILLE_EXTERNE_HERMES_OMH_HERDR_TONBI_ROAN.md
CP Cahier/04_Cortana_plus_tard.md
CP Cahier/11_ACE_securite.md
CP Cahier/14_AUDIT_TROIS_JAMBES_SWARM.md
CP Cahier/15_REVUE_CRITIQUE_PROTOTYPE_SWARM.md
CP Cahier/19_HULK_DEDUP_HINTS.md
CP Cahier/02_Hulk_journal.md
CP Cahier/18_HULK_V15_GATES.md
CP Cahier/08_Cours_setup_pour_Qwen.md
CP Cahier/07_Concepts_physique_et_swarm.md
CP Cahier/20_TABLEAU_UTILE_RETENU.md
CP Cahier/01_Etat_du_projet.md
CP Cahier/03_ACE_lecons_molettes.md
CP Cahier/04_Cortana_bot_vocal.md
CP Cahier/06_Qwen_vision_analyse.md
CP Cahier/04b_Cortana_comment_relancer.md
CP Cahier/22_COMPARAISON_ACE_8H_VS_HULK.md
CP Cahier/Comment_nourrir_ce_cahier.md
CP Cahier/17_HULK_SCORE_CAMPAGNE.md
CP Cahier/09_Plan_agent_Twitter_Obsidian.md
CP Cahier/13_ACE_stack_et_molettes.md
CP Cahier/10_ACE_mode_emploi.md
CP Cahier/Journal_2026-07-27.md
CP Cahier/12_ACE_commandes.md
CP Cahier/00_Accueil.md
CP Cahier/Journal_2026-07-23.md
CP Cahier/16_CONFRONTATION_HULK_QWEN.md
CP Hulk/00_INDEX.md
CP Hulk/docs/PLAN_VEILLE_SECTEUR.md
CP Hulk/docs/CONFRONTATION.md
CP Hulk/docs/VEILLE_QWEN.md
CP Hulk/docs/PROTOCOLE_GHOST.md
CP Hulk/docs/PLAN.md
CP Hulk/docs/TRACKS_SEPARES.md
CP Hulk/docs/PROTOCOLE_FANTOME.md
CP Hulk/runs/DIGEST_LATEST.md
CP Hulk/runs/HULK_SCORE_LATEST.md
CP Hulk/runs/VEILLE_QWEN_NOTES.md
CP Veille_secteur/INDEX.md
CP Veille_secteur/2026-07-23_modele.md
mem OK
--- VERIFY ---
472K	/Users/christophe/Documents/Obsidian_ACE777_LIGHT
      96
      91
size_kb=472
DONE_D
