=== Tue Jul 28 21:54:22 UTC 2026 PHASE C Swarm_Bus ===
KEEP 00_LIRE_MOI.md
CP 01_ETAT_GLOBAL.md
CP 02_ACE_SESSION.md
CP 03_HULK_SCORE.md
CP 03_HULK_SIGNAL.md
CP 04_CMP_ACE8H_HULK.md
CP 05_VEILLE_SECTEUR.md
CP 06_DECISION.md
CP 06_PARLIAMENT_VOTE.md
CP 07_PUNK_VEILLE.md
CP 08_LECONS.md
KEEP 09_MEMOIRE_COLLAB.md
KEEP 10_ATTENTION_VOCALE.md
CP Punk/CHECK_LATEST.md
CP Punk/CHECK_20260728T1110Z.md
CP Punk/CHECK_20260728T1107Z.md
CP Punk/CHECK_20260728T0634Z.md
CP Punk/CHECK_20260727T2149Z.md
CP Punk/CHECK_20260727T2146Z.md
CP Punk/CHECK_20260727T2145Z.md
CP Punk/CHECK_20260727T2138Z.md
mem logged
--- VERIFY ---
220K	/Users/christophe/Documents/Obsidian_ACE777_LIGHT
      51
00_LIRE_MOI.md
01_ETAT_GLOBAL.md
02_ACE_SESSION.md
03_HULK_SCORE.md
03_HULK_SIGNAL.md
04_CMP_ACE8H_HULK.md
05_VEILLE_SECTEUR.md
06_DECISION.md
06_PARLIAMENT_VOTE.md
07_PUNK_VEILLE.md
08_LECONS.md
09_MEMOIRE_COLLAB.md
10_ATTENTION_VOCALE.md
Punk
       8
DONE_C
